============================= test session starts ==============================
platform darwin -- Python 3.13.7, pytest-9.0.2, pluggy-1.6.0 -- /Users/carl/Repos/Projects/deriva-ml-refactor-dataset/.venv/bin/python
cachedir: .pytest_cache
rootdir: /Users/carl/Repos/Projects/deriva-ml-refactor-dataset
configfile: pyproject.toml
plugins: anyio-4.12.1, mock-3.15.1, hydra-core-1.3.2, cov-7.0.0
collecting ... collected 21 items

tests/dataset/test_catalog_dataset_functions.py::TestDataset::test_dataset_elements PASSED [  4%]
tests/dataset/test_catalog_dataset_functions.py::TestDataset::test_dataset_creation PASSED [  9%]
tests/dataset/test_catalog_dataset_functions.py::TestDataset::test_dataset_find PASSED [ 14%]
tests/dataset/test_catalog_dataset_functions.py::TestDataset::test_dataset_add_delete PASSED [ 19%]
tests/dataset/test_catalog_dataset_functions.py::TestDataset::test_dataset_spec PASSED [ 23%]
tests/dataset/test_catalog_dataset_functions.py::TestDataset::test_dataset_execution PASSED [ 28%]
tests/dataset/test_dataset_version.py::TestDatasetVersion::test_dataset_version_simple PASSED [ 33%]
tests/dataset/test_dataset_version.py::TestDatasetVersion::test_dataset_version_history PASSED [ 38%]
tests/dataset/test_dataset_version.py::TestDatasetVersion::test_dataset_version PASSED [ 42%]
tests/dataset/test_datasets.py::TestDataset::test_dataset_elements PASSED [ 47%]
tests/dataset/test_datasets.py::TestDataset::test_dataset_creation PASSED [ 52%]
tests/dataset/test_datasets.py::TestDataset::test_nested_datasets PASSED [ 57%]
tests/dataset/test_datasets.py::TestDataset::test_dataset_add_delete PASSED [ 61%]
tests/dataset/test_datasets.py::TestDataset::test_dataset_spec PASSED    [ 66%]
tests/dataset/test_datasets.py::TestDataset::test_dataset_members PASSED [ 71%]
tests/dataset/test_datasets.py::TestDataset::test_dataset_execution PASSED [ 76%]
tests/dataset/test_download.py::TestDatasetDownload::test_bag_dataset_find PASSED [ 80%]
tests/dataset/test_download.py::TestDatasetDownload::test_dataset_download_nested FAILED [ 85%]
tests/dataset/test_download.py::TestDatasetDownload::test_dataset_download_recurse FAILED [ 90%]
tests/dataset/test_download.py::TestDatasetDownload::test_dataset_download_versions FAILED [ 95%]
tests/dataset/test_download.py::TestDatasetDownload::test_dataset_download_schemas PASSED [100%]

=================================== FAILURES ===================================
_______________ TestDatasetDownload.test_dataset_download_nested _______________

self = <tests.dataset.test_download.TestDatasetDownload object at 0x113924190>
dataset_test = <tests.test_utils.MLDatasetCatalog object at 0x1162e6d50>
tmp_path = PosixPath('/private/var/folders/0k/27qzm97x3t7g3j1m6ksf_9f40000gn/T/pytest-of-carl/pytest-270/test_dataset_download_nested0')

    def test_dataset_download_nested(self, dataset_test, tmp_path):
        hostname = dataset_test.catalog.hostname
        catalog_id = dataset_test.catalog.catalog_id
        ml_instance = DerivaML(hostname, catalog_id, working_dir=tmp_path, use_minid=False)
        dataset_description = dataset_test.dataset_description
    
        current_version = dataset_description.dataset.current_version
        dataset_spec = DatasetSpec(rid=dataset_description.dataset.dataset_rid, version=current_version)
        ic(dataset_spec)
>       self.compare_datasets(ml_instance, dataset_test, dataset_spec)

tests/dataset/test_download.py:119: 
_ _ _ _ _ _ _ _ _ _ _ _ _ _ _ _ _ _ _ _ _ _ _ _ _ _ _ _ _ _ _ _ _ _ _ _ _ _ _ _ 

self = <tests.dataset.test_download.TestDatasetDownload object at 0x113924190>
ml_instance = <deriva_ml.core.base.DerivaML object at 0x115bb0500>
dataset = <tests.test_utils.MLDatasetCatalog object at 0x1162e6d50>
dataset_spec = DatasetSpec(rid='4P4', version=DatasetVersion(major=1, minor=1, patch=0), materialize=True, description='')
recurse = False

    def compare_datasets(
        self, ml_instance: DerivaML, dataset: MLDatasetCatalog, dataset_spec: DatasetSpec, recurse=False
    ):
        reference_datasets = self.list_datasets(dataset.dataset_description)
        versioned_dataset = ml_instance.lookup_dataset(dataset=dataset_spec.rid)
        bag = versioned_dataset.download_dataset_bag(version=dataset_spec.version, use_minid=False)
        # Check to see if all of the files have been downloaded.
        files = [Path(r["Filename"]) for r in bag.get_table_as_dict("Image")]
        for f in files:
            assert f.exists()
        # Check to make sure that all of the datasets are present.
        assert {r for r in bag.model.bag_rids.keys()} == {r.dataset_rid for r in reference_datasets}
    
        # Now look at each dataset to see if they line up.
        ic("checking elements")
        for ds in reference_datasets:
            dataset_bag = bag.model.lookup_dataset(ds.dataset_rid)  # Get nested bag from the dataset.
            snapshot_ds = ml_instance.lookup_dataset(dataset=ds.dataset_rid)
            catalog_elements = snapshot_ds.list_dataset_members(version=dataset_spec.version, recurse=recurse)
            del catalog_elements["File"]  # Files is not in the bag.
            bag_elements = dataset_bag.list_dataset_members(recurse=recurse)
            ic(dataset_bag, dataset_bag.description)
            ic(snapshot_ds, snapshot_ds.description)
            ic(snapshot_ds.dataset_history())
            ic(list(bag.dataset_history()))
            assert len(catalog_elements) == len(bag_elements)  # Files is not in the bag.
    
    
            for t, members in catalog_elements.items():
                bag_members = bag_elements[t]
                bag_members.sort(key=lambda x: x["RID"])
                members.sort(key=lambda x: x["RID"])
                assert len(members) == len(bag_elements[t])
                if t == "Dataset":
                    ic([ ml_instance.lookup_dataset(m["RID"]) for m in members])
                    ic([ dataset_bag.model.lookup_dataset(m["RID"]) for m in bag_members])
                for m, bm in zip(members, bag_members):
                    skip_keys = ["Description", "RMT", "RCT", "RCB", "RMB", "Filename", "Acquisition_Date",
                                 "Acquisition_Time"]
                    # For Dataset table entries, also skip Version since it can differ between
                    # the catalog snapshot and the bag
                    if t == "Dataset":
                        skip_keys.append("Version")
                    m = {k: v for k, v in m.items() if k not in skip_keys}
                    bm = {k: v for k, v in bm.items() if k not in skip_keys}
>                   assert m == bm
E                   AssertionError: assert {'RID': '4PM', 'Deleted': False} == {'RID': '4PC', 'Deleted': False}
E                     
E                     Common items:
E                     {'Deleted': False}
E                     Differing items:
E                     {'RID': '4PM'} != {'RID': '4PC'}
E                     
E                     Full diff:
E                       {
E                           'Deleted': False,
E                     -     'RID': '4PC',
E                     ?               ^
E                     +     'RID': '4PM',
E                     ?               ^
E                       }

tests/dataset/test_download.py:72: AssertionError
---------------------------- Captured stdout setup -----------------------------

--- Starting test ---
🚀 Created demo catalog 428
Setting up catalog with datasets for testing... Path is /Users/carl/Repos/Projects/deriva-ml-refactor-dataset/.venv/bin/pytest
Resetting demo catalog
Resetting history...
Path is /Users/carl/Repos/Projects/deriva-ml-refactor-dataset/.venv/bin/pytest
---------------------------- Captured stderr setup -----------------------------
Traceback (most recent call last):
  File "/Users/carl/Repos/Projects/deriva-ml-refactor-dataset/.venv/bin/deriva-acl-config", line 4, in <module>
    from deriva.config.acl_config import main
  File "/Users/carl/Repos/Projects/deriva-ml-refactor-dataset/.venv/lib/python3.13/site-packages/deriva/config/acl_config.py", line 4, in <module>
    from deriva.core import ErmrestCatalog, AttrDict, ermrest_model, get_credential, __version__ as VERSION, \
        format_exception, urlquote
  File "/Users/carl/Repos/Projects/deriva-ml-refactor-dataset/.venv/lib/python3.13/site-packages/deriva/core/__init__.py", line 3, in <module>
    from deriva.core.utils.core_utils import *
  File "/Users/carl/Repos/Projects/deriva-ml-refactor-dataset/.venv/lib/python3.13/site-packages/deriva/core/utils/core_utils.py", line 15, in <module>
    from distutils import util as du_util
ModuleNotFoundError: No module named 'distutils'
------------------------------ Captured log setup ------------------------------
WARNING  deriva_ml:workflow.py:174 File /Users/carl/Repos/Projects/deriva-ml-refactor-dataset/.venv/bin/pytest has been modified since last commit. Consider commiting before executing
WARNING  deriva_ml:workflow.py:174 File /Users/carl/Repos/Projects/deriva-ml-refactor-dataset/.venv/bin/pytest has been modified since last commit. Consider commiting before executing
----------------------------- Captured stderr call -----------------------------
[38;5;247mic[39m[38;5;245m|[39m[38;5;245m [39m[38;5;247mtest_download[39m[38;5;245m.[39m[38;5;247mpy[39m[38;5;245m:[39m[38;5;36m118[39m[38;5;245m [39m[38;5;100min[39m[38;5;245m [39m[38;5;247mtest_dataset_download_nested[39m[38;5;245m([39m[38;5;245m)[39m
[38;5;245m    [39m[38;5;247mdataset_spec[39m[38;5;245m:[39m[38;5;245m [39m[38;5;245m{[39m[38;5;36m'[39m[38;5;36mdescription[39m[38;5;36m'[39m[38;5;245m:[39m[38;5;245m [39m[38;5;36m'[39m[38;5;36m'[39m[38;5;245m,[39m
[38;5;245m                   [39m[38;5;36m'[39m[38;5;36mmaterialize[39m[38;5;36m'[39m[38;5;245m:[39m[38;5;245m [39m[38;5;100mTrue[39m[38;5;245m,[39m
[38;5;245m                   [39m[38;5;36m'[39m[38;5;36mrid[39m[38;5;36m'[39m[38;5;245m:[39m[38;5;245m [39m[38;5;36m'[39m[38;5;36m4P4[39m[38;5;36m'[39m[38;5;245m,[39m
[38;5;245m                   [39m[38;5;36m'[39m[38;5;36mversion[39m[38;5;36m'[39m[38;5;245m:[39m[38;5;245m [39m[38;5;245m{[39m[38;5;36m'[39m[38;5;36mmajor[39m[38;5;36m'[39m[38;5;245m:[39m[38;5;245m [39m[38;5;36m1[39m[38;5;245m,[39m[38;5;245m [39m[38;5;36m'[39m[38;5;36mminor[39m[38;5;36m'[39m[38;5;245m:[39m[38;5;245m [39m[38;5;36m1[39m[38;5;245m,[39m[38;5;245m [39m[38;5;36m'[39m[38;5;36mpatch[39m[38;5;36m'[39m[38;5;245m:[39m[38;5;245m [39m[38;5;36m0[39m[38;5;245m}[39m[38;5;245m}[39m
[38;5;247mic[39m[38;5;245m|[39m[38;5;245m [39m[38;5;247mtest_download[39m[38;5;245m.[39m[38;5;247mpy[39m[38;5;245m:[39m[38;5;36m41[39m[38;5;245m [39m[38;5;100min[39m[38;5;245m [39m[38;5;247mcompare_datasets[39m[38;5;245m([39m[38;5;245m)[39m[38;5;245m-[39m[38;5;245m [39m[38;5;36m'[39m[38;5;36mchecking elements[39m[38;5;36m'[39m
[38;5;247mic[39m[38;5;245m|[39m[38;5;245m [39m[38;5;247mtest_download[39m[38;5;245m.[39m[38;5;247mpy[39m[38;5;245m:[39m[38;5;36m48[39m[38;5;245m [39m[38;5;100min[39m[38;5;245m [39m[38;5;247mcompare_datasets[39m[38;5;245m([39m[38;5;245m)[39m
[38;5;245m    [39m[38;5;247mdataset_bag[39m[38;5;245m:[39m[38;5;245m [39m[38;5;245m<[39m[38;5;247mderiva_ml[39m[38;5;245m.[39m[38;5;247mDataset[39m[38;5;245m [39m[38;5;32mobject[39m[38;5;245m [39m[38;5;247mat[39m[38;5;245m [39m[38;5;36m0x116061270[39m[38;5;245m:[39m[38;5;245m [39m[38;5;247mrid[39m[38;5;245m=[39m[38;5;36m'[39m[38;5;36m4PC[39m[38;5;36m'[39m[38;5;245m,[39m[38;5;245m [39m[38;5;247mversion[39m[38;5;245m=[39m[38;5;36m'[39m[38;5;36m1.2.0[39m[38;5;36m'[39m[38;5;245m,[39m[38;5;245m [39m[38;5;247mtypes[39m[38;5;245m=[39m[38;5;245m[[39m[38;5;36m'[39m[38;5;36mTraining[39m[38;5;36m'[39m[38;5;245m][39m[38;5;245m>[39m
[38;5;245m    [39m[38;5;247mdataset_bag[39m[38;5;245m.[39m[38;5;247mdescription[39m[38;5;245m:[39m[38;5;245m [39m[38;5;36m'[39m[38;5;36mA dataset that is nested[39m[38;5;36m'[39m
[38;5;247mic[39m[38;5;245m|[39m[38;5;245m [39m[38;5;247mtest_download[39m[38;5;245m.[39m[38;5;247mpy[39m[38;5;245m:[39m[38;5;36m49[39m[38;5;245m [39m[38;5;100min[39m[38;5;245m [39m[38;5;247mcompare_datasets[39m[38;5;245m([39m[38;5;245m)[39m
[38;5;245m    [39m[38;5;247msnapshot_ds[39m[38;5;245m:[39m[38;5;245m [39m[38;5;245m<[39m[38;5;247mderiva_ml[39m[38;5;245m.[39m[38;5;247mDataset[39m[38;5;245m [39m[38;5;32mobject[39m[38;5;245m [39m[38;5;247mat[39m[38;5;245m [39m[38;5;36m0x1176fc550[39m[38;5;245m:[39m[38;5;245m [39m[38;5;247mrid[39m[38;5;245m=[39m[38;5;36m'[39m[38;5;36m4PC[39m[38;5;36m'[39m[38;5;245m,[39m[38;5;245m [39m[38;5;247mversion[39m[38;5;245m=[39m[38;5;36m'[39m[38;5;36m1.2.0[39m[38;5;36m'[39m[38;5;245m,[39m[38;5;245m [39m[38;5;247mtypes[39m[38;5;245m=[39m[38;5;245m[[39m[38;5;36m'[39m[38;5;36mTraining[39m[38;5;36m'[39m[38;5;245m][39m[38;5;245m>[39m
[38;5;245m    [39m[38;5;247msnapshot_ds[39m[38;5;245m.[39m[38;5;247mdescription[39m[38;5;245m:[39m[38;5;245m [39m[38;5;36m'[39m[38;5;36mA dataset that is nested[39m[38;5;36m'[39m
[38;5;247mic[39m[38;5;245m|[39m[38;5;245m [39m[38;5;247mtest_download[39m[38;5;245m.[39m[38;5;247mpy[39m[38;5;245m:[39m[38;5;36m50[39m[38;5;245m [39m[38;5;100min[39m[38;5;245m [39m[38;5;247mcompare_datasets[39m[38;5;245m([39m[38;5;245m)[39m
[38;5;245m    [39m[38;5;247msnapshot_ds[39m[38;5;245m.[39m[38;5;247mdataset_history[39m[38;5;245m([39m[38;5;245m)[39m[38;5;245m:[39m[38;5;245m [39m[38;5;245m[[39m[38;5;247mDatasetHistory[39m[38;5;245m([39m[38;5;247mdataset_version[39m[38;5;245m=[39m[38;5;247mDatasetVersion[39m[38;5;245m([39m[38;5;247mmajor[39m[38;5;245m=[39m[38;5;36m1[39m[38;5;245m,[39m[38;5;245m [39m[38;5;247mminor[39m[38;5;245m=[39m[38;5;36m0[39m[38;5;245m,[39m[38;5;245m [39m[38;5;247mpatch[39m[38;5;245m=[39m[38;5;36m0[39m[38;5;245m)[39m[38;5;245m,[39m[38;5;245m [39m[38;5;247mdataset_rid[39m[38;5;245m=[39m[38;5;36m'[39m[38;5;36m4PC[39m[38;5;36m'[39m[38;5;245m,[39m[38;5;245m [39m[38;5;247mversion_rid[39m[38;5;245m=[39m[38;5;36m'[39m[38;5;36m4PG[39m[38;5;36m'[39m[38;5;245m,[39m[38;5;245m [39m[38;5;247mexecution_rid[39m[38;5;245m=[39m[38;5;36m'[39m[38;5;36m4NC[39m[38;5;36m'[39m[38;5;245m,[39m[38;5;245m [39m[38;5;247mdescription[39m[38;5;245m=[39m[38;5;36m'[39m[38;5;36mInitial dataset creation.[39m[38;5;36m'[39m[38;5;245m,[39m[38;5;245m [39m[38;5;247mminid[39m[38;5;245m=[39m[38;5;100mNone[39m[38;5;245m,[39m[38;5;245m [39m[38;5;247msnapshot[39m[38;5;245m=[39m[38;5;36m'[39m[38;5;36m34F-NN09-X1KW[39m[38;5;36m'[39m[38;5;245m)[39m[38;5;245m,[39m
[38;5;245m                                    [39m[38;5;247mDatasetHistory[39m[38;5;245m([39m[38;5;247mdataset_version[39m[38;5;245m=[39m[38;5;247mDatasetVersion[39m[38;5;245m([39m[38;5;247mmajor[39m[38;5;245m=[39m[38;5;36m1[39m[38;5;245m,[39m[38;5;245m [39m[38;5;247mminor[39m[38;5;245m=[39m[38;5;36m1[39m[38;5;245m,[39m[38;5;245m [39m[38;5;247mpatch[39m[38;5;245m=[39m[38;5;36m0[39m[38;5;245m)[39m[38;5;245m,[39m[38;5;245m [39m[38;5;247mdataset_rid[39m[38;5;245m=[39m[38;5;36m'[39m[38;5;36m4PC[39m[38;5;36m'[39m[38;5;245m,[39m[38;5;245m [39m[38;5;247mversion_rid[39m[38;5;245m=[39m[38;5;36m'[39m[38;5;36m4QR[39m[38;5;36m'[39m[38;5;245m,[39m[38;5;245m [39m[38;5;247mexecution_rid[39m[38;5;245m=[39m[38;5;100mNone[39m[38;5;245m,[39m[38;5;245m [39m[38;5;247mdescription[39m[38;5;245m=[39m[38;5;36m'[39m[38;5;36mAdded by create_datasets[39m[38;5;36m'[39m[38;5;245m,[39m[38;5;245m [39m[38;5;247mminid[39m[38;5;245m=[39m[38;5;100mNone[39m[38;5;245m,[39m[38;5;245m [39m[38;5;247msnapshot[39m[38;5;245m=[39m[38;5;36m'[39m[38;5;36m34F-NN0B-EJW2[39m[38;5;36m'[39m[38;5;245m)[39m[38;5;245m,[39m
[38;5;245m                                    [39m[38;5;247mDatasetHistory[39m[38;5;245m([39m[38;5;247mdataset_version[39m[38;5;245m=[39m[38;5;247mDatasetVersion[39m[38;5;245m([39m[38;5;247mmajor[39m[38;5;245m=[39m[38;5;36m1[39m[38;5;245m,[39m[38;5;245m [39m[38;5;247mminor[39m[38;5;245m=[39m[38;5;36m2[39m[38;5;245m,[39m[38;5;245m [39m[38;5;247mpatch[39m[38;5;245m=[39m[38;5;36m0[39m[38;5;245m)[39m[38;5;245m,[39m[38;5;245m [39m[38;5;247mdataset_rid[39m[38;5;245m=[39m[38;5;36m'[39m[38;5;36m4PC[39m[38;5;36m'[39m[38;5;245m,[39m[38;5;245m [39m[38;5;247mversion_rid[39m[38;5;245m=[39m[38;5;36m'[39m[38;5;36m4SP[39m[38;5;36m'[39m[38;5;245m,[39m[38;5;245m [39m[38;5;247mexecution_rid[39m[38;5;245m=[39m[38;5;100mNone[39m[38;5;245m,[39m[38;5;245m [39m[38;5;247mdescription[39m[38;5;245m=[39m[38;5;36m'[39m[38;5;36mAdded by create_datasets[39m[38;5;36m'[39m[38;5;245m,[39m[38;5;245m [39m[38;5;247mminid[39m[38;5;245m=[39m[38;5;100mNone[39m[38;5;245m,[39m[38;5;245m [39m[38;5;247msnapshot[39m[38;5;245m=[39m[38;5;36m'[39m[38;5;36m34F-NN0F-027T[39m[38;5;36m'[39m[38;5;245m)[39m[38;5;245m][39m
[38;5;247mic[39m[38;5;245m|[39m[38;5;245m [39m[38;5;247mtest_download[39m[38;5;245m.[39m[38;5;247mpy[39m[38;5;245m:[39m[38;5;36m51[39m[38;5;245m [39m[38;5;100min[39m[38;5;245m [39m[38;5;247mcompare_datasets[39m[38;5;245m([39m[38;5;245m)[39m
[38;5;245m    [39m[38;5;32mlist[39m[38;5;245m([39m[38;5;247mbag[39m[38;5;245m.[39m[38;5;247mdataset_history[39m[38;5;245m([39m[38;5;245m)[39m[38;5;245m)[39m[38;5;245m:[39m[38;5;245m [39m[38;5;245m[[39m[38;5;247mDatasetHistory[39m[38;5;245m([39m[38;5;247mdataset_version[39m[38;5;245m=[39m[38;5;247mDatasetVersion[39m[38;5;245m([39m[38;5;247mmajor[39m[38;5;245m=[39m[38;5;36m1[39m[38;5;245m,[39m[38;5;245m [39m[38;5;247mminor[39m[38;5;245m=[39m[38;5;36m0[39m[38;5;245m,[39m[38;5;245m [39m[38;5;247mpatch[39m[38;5;245m=[39m[38;5;36m0[39m[38;5;245m)[39m[38;5;245m,[39m[38;5;245m [39m[38;5;247mdataset_rid[39m[38;5;245m=[39m[38;5;36m'[39m[38;5;36m4P4[39m[38;5;36m'[39m[38;5;245m,[39m[38;5;245m [39m[38;5;247mversion_rid[39m[38;5;245m=[39m[38;5;36m'[39m[38;5;36m4P8[39m[38;5;36m'[39m[38;5;245m,[39m[38;5;245m [39m[38;5;247mexecution_rid[39m[38;5;245m=[39m[38;5;36m'[39m[38;5;36m4NC[39m[38;5;36m'[39m[38;5;245m,[39m[38;5;245m [39m[38;5;247mdescription[39m[38;5;245m=[39m[38;5;36m'[39m[38;5;36mInitial dataset creation.[39m[38;5;36m'[39m[38;5;245m,[39m[38;5;245m [39m[38;5;247mminid[39m[38;5;245m=[39m[38;5;36m'[39m[38;5;36m'[39m[38;5;245m,[39m[38;5;245m [39m[38;5;247msnapshot[39m[38;5;245m=[39m[38;5;36m'[39m[38;5;36m34F-NN09-QYAJ[39m[38;5;36m'[39m[38;5;245m)[39m[38;5;245m][39m
[38;5;247mic[39m[38;5;245m|[39m[38;5;245m [39m[38;5;247mtest_download[39m[38;5;245m.[39m[38;5;247mpy[39m[38;5;245m:[39m[38;5;36m61[39m[38;5;245m [39m[38;5;100min[39m[38;5;245m [39m[38;5;247mcompare_datasets[39m[38;5;245m([39m[38;5;245m)[39m
[38;5;245m    [39m[38;5;245m[[39m[38;5;245m [39m[38;5;247mml_instance[39m[38;5;245m.[39m[38;5;247mlookup_dataset[39m[38;5;245m([39m[38;5;247mm[39m[38;5;245m[[39m[38;5;36m"[39m[38;5;36mRID[39m[38;5;36m"[39m[38;5;245m][39m[38;5;245m)[39m[38;5;245m [39m[38;5;100mfor[39m[38;5;245m [39m[38;5;247mm[39m[38;5;245m [39m[38;5;100min[39m[38;5;245m [39m[38;5;247mmembers[39m[38;5;245m][39m[38;5;245m:[39m[38;5;245m [39m[38;5;245m[[39m[38;5;245m<[39m[38;5;247mderiva_ml[39m[38;5;245m.[39m[38;5;247mDataset[39m[38;5;245m [39m[38;5;32mobject[39m[38;5;245m [39m[38;5;247mat[39m[38;5;245m [39m[38;5;36m0x116fda950[39m[38;5;245m:[39m[38;5;245m [39m[38;5;247mrid[39m[38;5;245m=[39m[38;5;36m'[39m[38;5;36m4PM[39m[38;5;36m'[39m[38;5;245m,[39m[38;5;245m [39m[38;5;247mversion[39m[38;5;245m=[39m[38;5;36m'[39m[38;5;36m1.3.0[39m[38;5;36m'[39m[38;5;245m,[39m[38;5;245m [39m[38;5;247mtypes[39m[38;5;245m=[39m[38;5;245m[[39m[38;5;245m][39m[38;5;245m>[39m[38;5;245m,[39m
[38;5;245m                                                               [39m[38;5;245m<[39m[38;5;247mderiva_ml[39m[38;5;245m.[39m[38;5;247mDataset[39m[38;5;245m [39m[38;5;32mobject[39m[38;5;245m [39m[38;5;247mat[39m[38;5;245m [39m[38;5;36m0x1170151d0[39m[38;5;245m:[39m[38;5;245m [39m[38;5;247mrid[39m[38;5;245m=[39m[38;5;36m'[39m[38;5;36m4Q0[39m[38;5;36m'[39m[38;5;245m,[39m[38;5;245m [39m[38;5;247mversion[39m[38;5;245m=[39m[38;5;36m'[39m[38;5;36m1.3.0[39m[38;5;36m'[39m[38;5;245m,[39m[38;5;245m [39m[38;5;247mtypes[39m[38;5;245m=[39m[38;5;245m[[39m[38;5;245m][39m[38;5;245m>[39m[38;5;245m][39m
[38;5;247mic[39m[38;5;245m|[39m[38;5;245m [39m[38;5;247mtest_download[39m[38;5;245m.[39m[38;5;247mpy[39m[38;5;245m:[39m[38;5;36m62[39m[38;5;245m [39m[38;5;100min[39m[38;5;245m [39m[38;5;247mcompare_datasets[39m[38;5;245m([39m[38;5;245m)[39m
[38;5;245m    [39m[38;5;245m[[39m[38;5;245m [39m[38;5;247mdataset_bag[39m[38;5;245m.[39m[38;5;247mmodel[39m[38;5;245m.[39m[38;5;247mlookup_dataset[39m[38;5;245m([39m[38;5;247mm[39m[38;5;245m[[39m[38;5;36m"[39m[38;5;36mRID[39m[38;5;36m"[39m[38;5;245m][39m[38;5;245m)[39m[38;5;245m [39m[38;5;100mfor[39m[38;5;245m [39m[38;5;247mm[39m[38;5;245m [39m[38;5;100min[39m[38;5;245m [39m[38;5;247mbag_members[39m[38;5;245m][39m[38;5;245m:[39m[38;5;245m [39m[38;5;245m[[39m[38;5;245m<[39m[38;5;247mderiva_ml[39m[38;5;245m.[39m[38;5;247mDataset[39m[38;5;245m [39m[38;5;32mobject[39m[38;5;245m [39m[38;5;247mat[39m[38;5;245m [39m[38;5;36m0x11738f2f0[39m[38;5;245m:[39m[38;5;245m [39m[38;5;247mrid[39m[38;5;245m=[39m[38;5;36m'[39m[38;5;36m4PC[39m[38;5;36m'[39m[38;5;245m,[39m[38;5;245m [39m[38;5;247mversion[39m[38;5;245m=[39m[38;5;36m'[39m[38;5;36m1.2.0[39m[38;5;36m'[39m[38;5;245m,[39m[38;5;245m [39m[38;5;247mtypes[39m[38;5;245m=[39m[38;5;245m[[39m[38;5;36m'[39m[38;5;36mTraining[39m[38;5;36m'[39m[38;5;245m][39m[38;5;245m>[39m[38;5;245m,[39m
[38;5;245m                                                                         [39m[38;5;245m<[39m[38;5;247mderiva_ml[39m[38;5;245m.[39m[38;5;247mDataset[39m[38;5;245m [39m[38;5;32mobject[39m[38;5;245m [39m[38;5;247mat[39m[38;5;245m [39m[38;5;36m0x11738f110[39m[38;5;245m:[39m[38;5;245m [39m[38;5;247mrid[39m[38;5;245m=[39m[38;5;36m'[39m[38;5;36m4PC[39m[38;5;36m'[39m[38;5;245m,[39m[38;5;245m [39m[38;5;247mversion[39m[38;5;245m=[39m[38;5;36m'[39m[38;5;36m1.2.0[39m[38;5;36m'[39m[38;5;245m,[39m[38;5;245m [39m[38;5;247mtypes[39m[38;5;245m=[39m[38;5;245m[[39m[38;5;36m'[39m[38;5;36mTraining[39m[38;5;36m'[39m[38;5;245m][39m[38;5;245m>[39m[38;5;245m][39m
--------------------------- Captured stdout teardown ---------------------------
Deleting demo catalog

--- Ending test ---
______________ TestDatasetDownload.test_dataset_download_recurse _______________

self = <tests.dataset.test_download.TestDatasetDownload object at 0x1138f4d60>
dataset_test = <tests.test_utils.MLDatasetCatalog object at 0x1160206b0>
tmp_path = PosixPath('/private/var/folders/0k/27qzm97x3t7g3j1m6ksf_9f40000gn/T/pytest-of-carl/pytest-270/test_dataset_download_recurse0')

    def test_dataset_download_recurse(self, dataset_test, tmp_path):
        hostname = dataset_test.catalog.hostname
        catalog_id = dataset_test.catalog.catalog_id
        ml_instance = DerivaML(hostname, catalog_id, working_dir=tmp_path, use_minid=False)
        dataset_description = dataset_test.dataset_description
        reference_datasets = dataset_test.list_datasets(dataset_description)
    
        current_version = dataset_description.dataset.current_version
        dataset_spec = DatasetSpec(rid=dataset_description.dataset.dataset_rid, version=current_version)
        bag = ml_instance.download_dataset_bag(dataset_spec)
    
        for dataset in reference_datasets:
            reference_members = dataset_test.collect_rids(dataset)
            member_rids = {dataset.dataset.dataset_rid}
            dataset_bag = bag.model.lookup_dataset(dataset.dataset.dataset_rid)
>           for member_type, dataset_members in dataset_bag.list_dataset_members(recurse=True).items():
                                                ^^^^^^^^^^^^^^^^^^^^^^^^^^^^^^^^^^^^^^^^^^^^^^

tests/dataset/test_download.py:136: 
_ _ _ _ _ _ _ _ _ _ _ _ _ _ _ _ _ _ _ _ _ _ _ _ _ _ _ _ _ _ _ _ _ _ _ _ _ _ _ _ 
src/deriva_ml/dataset/dataset_bag.py:271: in list_dataset_members
    for k, v in nested_dataset.list_dataset_members(recurse=recurse).items():
                ^^^^^^^^^^^^^^^^^^^^^^^^^^^^^^^^^^^^^^^^^^^^^^^^^^^^
src/deriva_ml/dataset/dataset_bag.py:271: in list_dataset_members
    for k, v in nested_dataset.list_dataset_members(recurse=recurse).items():
                ^^^^^^^^^^^^^^^^^^^^^^^^^^^^^^^^^^^^^^^^^^^^^^^^^^^^
src/deriva_ml/dataset/dataset_bag.py:271: in list_dataset_members
    for k, v in nested_dataset.list_dataset_members(recurse=recurse).items():
                ^^^^^^^^^^^^^^^^^^^^^^^^^^^^^^^^^^^^^^^^^^^^^^^^^^^^
src/deriva_ml/dataset/dataset_bag.py:271: in list_dataset_members
    for k, v in nested_dataset.list_dataset_members(recurse=recurse).items():
                ^^^^^^^^^^^^^^^^^^^^^^^^^^^^^^^^^^^^^^^^^^^^^^^^^^^^
src/deriva_ml/dataset/dataset_bag.py:271: in list_dataset_members
    for k, v in nested_dataset.list_dataset_members(recurse=recurse).items():
                ^^^^^^^^^^^^^^^^^^^^^^^^^^^^^^^^^^^^^^^^^^^^^^^^^^^^
src/deriva_ml/dataset/dataset_bag.py:271: in list_dataset_members
    for k, v in nested_dataset.list_dataset_members(recurse=recurse).items():
                ^^^^^^^^^^^^^^^^^^^^^^^^^^^^^^^^^^^^^^^^^^^^^^^^^^^^
src/deriva_ml/dataset/dataset_bag.py:271: in list_dataset_members
    for k, v in nested_dataset.list_dataset_members(recurse=recurse).items():
                ^^^^^^^^^^^^^^^^^^^^^^^^^^^^^^^^^^^^^^^^^^^^^^^^^^^^
src/deriva_ml/dataset/dataset_bag.py:271: in list_dataset_members
    for k, v in nested_dataset.list_dataset_members(recurse=recurse).items():
                ^^^^^^^^^^^^^^^^^^^^^^^^^^^^^^^^^^^^^^^^^^^^^^^^^^^^
src/deriva_ml/dataset/dataset_bag.py:271: in list_dataset_members
    for k, v in nested_dataset.list_dataset_members(recurse=recurse).items():
                ^^^^^^^^^^^^^^^^^^^^^^^^^^^^^^^^^^^^^^^^^^^^^^^^^^^^
src/deriva_ml/dataset/dataset_bag.py:271: in list_dataset_members
    for k, v in nested_dataset.list_dataset_members(recurse=recurse).items():
                ^^^^^^^^^^^^^^^^^^^^^^^^^^^^^^^^^^^^^^^^^^^^^^^^^^^^
src/deriva_ml/dataset/dataset_bag.py:271: in list_dataset_members
    for k, v in nested_dataset.list_dataset_members(recurse=recurse).items():
                ^^^^^^^^^^^^^^^^^^^^^^^^^^^^^^^^^^^^^^^^^^^^^^^^^^^^
src/deriva_ml/dataset/dataset_bag.py:271: in list_dataset_members
    for k, v in nested_dataset.list_dataset_members(recurse=recurse).items():
                ^^^^^^^^^^^^^^^^^^^^^^^^^^^^^^^^^^^^^^^^^^^^^^^^^^^^
src/deriva_ml/dataset/dataset_bag.py:271: in list_dataset_members
    for k, v in nested_dataset.list_dataset_members(recurse=recurse).items():
                ^^^^^^^^^^^^^^^^^^^^^^^^^^^^^^^^^^^^^^^^^^^^^^^^^^^^
src/deriva_ml/dataset/dataset_bag.py:271: in list_dataset_members
    for k, v in nested_dataset.list_dataset_members(recurse=recurse).items():
                ^^^^^^^^^^^^^^^^^^^^^^^^^^^^^^^^^^^^^^^^^^^^^^^^^^^^
src/deriva_ml/dataset/dataset_bag.py:271: in list_dataset_members
    for k, v in nested_dataset.list_dataset_members(recurse=recurse).items():
                ^^^^^^^^^^^^^^^^^^^^^^^^^^^^^^^^^^^^^^^^^^^^^^^^^^^^
src/deriva_ml/dataset/dataset_bag.py:271: in list_dataset_members
    for k, v in nested_dataset.list_dataset_members(recurse=recurse).items():
                ^^^^^^^^^^^^^^^^^^^^^^^^^^^^^^^^^^^^^^^^^^^^^^^^^^^^
src/deriva_ml/dataset/dataset_bag.py:271: in list_dataset_members
    for k, v in nested_dataset.list_dataset_members(recurse=recurse).items():
                ^^^^^^^^^^^^^^^^^^^^^^^^^^^^^^^^^^^^^^^^^^^^^^^^^^^^
src/deriva_ml/dataset/dataset_bag.py:271: in list_dataset_members
    for k, v in nested_dataset.list_dataset_members(recurse=recurse).items():
                ^^^^^^^^^^^^^^^^^^^^^^^^^^^^^^^^^^^^^^^^^^^^^^^^^^^^
src/deriva_ml/dataset/dataset_bag.py:271: in list_dataset_members
    for k, v in nested_dataset.list_dataset_members(recurse=recurse).items():
                ^^^^^^^^^^^^^^^^^^^^^^^^^^^^^^^^^^^^^^^^^^^^^^^^^^^^
src/deriva_ml/dataset/dataset_bag.py:271: in list_dataset_members
    for k, v in nested_dataset.list_dataset_members(recurse=recurse).items():
                ^^^^^^^^^^^^^^^^^^^^^^^^^^^^^^^^^^^^^^^^^^^^^^^^^^^^
src/deriva_ml/dataset/dataset_bag.py:271: in list_dataset_members
    for k, v in nested_dataset.list_dataset_members(recurse=recurse).items():
                ^^^^^^^^^^^^^^^^^^^^^^^^^^^^^^^^^^^^^^^^^^^^^^^^^^^^
src/deriva_ml/dataset/dataset_bag.py:271: in list_dataset_members
    for k, v in nested_dataset.list_dataset_members(recurse=recurse).items():
                ^^^^^^^^^^^^^^^^^^^^^^^^^^^^^^^^^^^^^^^^^^^^^^^^^^^^
src/deriva_ml/dataset/dataset_bag.py:271: in list_dataset_members
    for k, v in nested_dataset.list_dataset_members(recurse=recurse).items():
                ^^^^^^^^^^^^^^^^^^^^^^^^^^^^^^^^^^^^^^^^^^^^^^^^^^^^
src/deriva_ml/dataset/dataset_bag.py:271: in list_dataset_members
    for k, v in nested_dataset.list_dataset_members(recurse=recurse).items():
                ^^^^^^^^^^^^^^^^^^^^^^^^^^^^^^^^^^^^^^^^^^^^^^^^^^^^
src/deriva_ml/dataset/dataset_bag.py:271: in list_dataset_members
    for k, v in nested_dataset.list_dataset_members(recurse=recurse).items():
                ^^^^^^^^^^^^^^^^^^^^^^^^^^^^^^^^^^^^^^^^^^^^^^^^^^^^
src/deriva_ml/dataset/dataset_bag.py:271: in list_dataset_members
    for k, v in nested_dataset.list_dataset_members(recurse=recurse).items():
                ^^^^^^^^^^^^^^^^^^^^^^^^^^^^^^^^^^^^^^^^^^^^^^^^^^^^
src/deriva_ml/dataset/dataset_bag.py:271: in list_dataset_members
    for k, v in nested_dataset.list_dataset_members(recurse=recurse).items():
                ^^^^^^^^^^^^^^^^^^^^^^^^^^^^^^^^^^^^^^^^^^^^^^^^^^^^
src/deriva_ml/dataset/dataset_bag.py:271: in list_dataset_members
    for k, v in nested_dataset.list_dataset_members(recurse=recurse).items():
                ^^^^^^^^^^^^^^^^^^^^^^^^^^^^^^^^^^^^^^^^^^^^^^^^^^^^
src/deriva_ml/dataset/dataset_bag.py:271: in list_dataset_members
    for k, v in nested_dataset.list_dataset_members(recurse=recurse).items():
                ^^^^^^^^^^^^^^^^^^^^^^^^^^^^^^^^^^^^^^^^^^^^^^^^^^^^
src/deriva_ml/dataset/dataset_bag.py:271: in list_dataset_members
    for k, v in nested_dataset.list_dataset_members(recurse=recurse).items():
                ^^^^^^^^^^^^^^^^^^^^^^^^^^^^^^^^^^^^^^^^^^^^^^^^^^^^
src/deriva_ml/dataset/dataset_bag.py:271: in list_dataset_members
    for k, v in nested_dataset.list_dataset_members(recurse=recurse).items():
                ^^^^^^^^^^^^^^^^^^^^^^^^^^^^^^^^^^^^^^^^^^^^^^^^^^^^
src/deriva_ml/dataset/dataset_bag.py:271: in list_dataset_members
    for k, v in nested_dataset.list_dataset_members(recurse=recurse).items():
                ^^^^^^^^^^^^^^^^^^^^^^^^^^^^^^^^^^^^^^^^^^^^^^^^^^^^
src/deriva_ml/dataset/dataset_bag.py:271: in list_dataset_members
    for k, v in nested_dataset.list_dataset_members(recurse=recurse).items():
                ^^^^^^^^^^^^^^^^^^^^^^^^^^^^^^^^^^^^^^^^^^^^^^^^^^^^
src/deriva_ml/dataset/dataset_bag.py:271: in list_dataset_members
    for k, v in nested_dataset.list_dataset_members(recurse=recurse).items():
                ^^^^^^^^^^^^^^^^^^^^^^^^^^^^^^^^^^^^^^^^^^^^^^^^^^^^
src/deriva_ml/dataset/dataset_bag.py:271: in list_dataset_members
    for k, v in nested_dataset.list_dataset_members(recurse=recurse).items():
                ^^^^^^^^^^^^^^^^^^^^^^^^^^^^^^^^^^^^^^^^^^^^^^^^^^^^
src/deriva_ml/dataset/dataset_bag.py:271: in list_dataset_members
    for k, v in nested_dataset.list_dataset_members(recurse=recurse).items():
                ^^^^^^^^^^^^^^^^^^^^^^^^^^^^^^^^^^^^^^^^^^^^^^^^^^^^
src/deriva_ml/dataset/dataset_bag.py:271: in list_dataset_members
    for k, v in nested_dataset.list_dataset_members(recurse=recurse).items():
                ^^^^^^^^^^^^^^^^^^^^^^^^^^^^^^^^^^^^^^^^^^^^^^^^^^^^
src/deriva_ml/dataset/dataset_bag.py:271: in list_dataset_members
    for k, v in nested_dataset.list_dataset_members(recurse=recurse).items():
                ^^^^^^^^^^^^^^^^^^^^^^^^^^^^^^^^^^^^^^^^^^^^^^^^^^^^
src/deriva_ml/dataset/dataset_bag.py:271: in list_dataset_members
    for k, v in nested_dataset.list_dataset_members(recurse=recurse).items():
                ^^^^^^^^^^^^^^^^^^^^^^^^^^^^^^^^^^^^^^^^^^^^^^^^^^^^
src/deriva_ml/dataset/dataset_bag.py:271: in list_dataset_members
    for k, v in nested_dataset.list_dataset_members(recurse=recurse).items():
                ^^^^^^^^^^^^^^^^^^^^^^^^^^^^^^^^^^^^^^^^^^^^^^^^^^^^
src/deriva_ml/dataset/dataset_bag.py:271: in list_dataset_members
    for k, v in nested_dataset.list_dataset_members(recurse=recurse).items():
                ^^^^^^^^^^^^^^^^^^^^^^^^^^^^^^^^^^^^^^^^^^^^^^^^^^^^
src/deriva_ml/dataset/dataset_bag.py:271: in list_dataset_members
    for k, v in nested_dataset.list_dataset_members(recurse=recurse).items():
                ^^^^^^^^^^^^^^^^^^^^^^^^^^^^^^^^^^^^^^^^^^^^^^^^^^^^
src/deriva_ml/dataset/dataset_bag.py:271: in list_dataset_members
    for k, v in nested_dataset.list_dataset_members(recurse=recurse).items():
                ^^^^^^^^^^^^^^^^^^^^^^^^^^^^^^^^^^^^^^^^^^^^^^^^^^^^
src/deriva_ml/dataset/dataset_bag.py:271: in list_dataset_members
    for k, v in nested_dataset.list_dataset_members(recurse=recurse).items():
                ^^^^^^^^^^^^^^^^^^^^^^^^^^^^^^^^^^^^^^^^^^^^^^^^^^^^
src/deriva_ml/dataset/dataset_bag.py:271: in list_dataset_members
    for k, v in nested_dataset.list_dataset_members(recurse=recurse).items():
                ^^^^^^^^^^^^^^^^^^^^^^^^^^^^^^^^^^^^^^^^^^^^^^^^^^^^
src/deriva_ml/dataset/dataset_bag.py:271: in list_dataset_members
    for k, v in nested_dataset.list_dataset_members(recurse=recurse).items():
                ^^^^^^^^^^^^^^^^^^^^^^^^^^^^^^^^^^^^^^^^^^^^^^^^^^^^
src/deriva_ml/dataset/dataset_bag.py:271: in list_dataset_members
    for k, v in nested_dataset.list_dataset_members(recurse=recurse).items():
                ^^^^^^^^^^^^^^^^^^^^^^^^^^^^^^^^^^^^^^^^^^^^^^^^^^^^
src/deriva_ml/dataset/dataset_bag.py:271: in list_dataset_members
    for k, v in nested_dataset.list_dataset_members(recurse=recurse).items():
                ^^^^^^^^^^^^^^^^^^^^^^^^^^^^^^^^^^^^^^^^^^^^^^^^^^^^
src/deriva_ml/dataset/dataset_bag.py:271: in list_dataset_members
    for k, v in nested_dataset.list_dataset_members(recurse=recurse).items():
                ^^^^^^^^^^^^^^^^^^^^^^^^^^^^^^^^^^^^^^^^^^^^^^^^^^^^
src/deriva_ml/dataset/dataset_bag.py:271: in list_dataset_members
    for k, v in nested_dataset.list_dataset_members(recurse=recurse).items():
                ^^^^^^^^^^^^^^^^^^^^^^^^^^^^^^^^^^^^^^^^^^^^^^^^^^^^
src/deriva_ml/dataset/dataset_bag.py:271: in list_dataset_members
    for k, v in nested_dataset.list_dataset_members(recurse=recurse).items():
                ^^^^^^^^^^^^^^^^^^^^^^^^^^^^^^^^^^^^^^^^^^^^^^^^^^^^
src/deriva_ml/dataset/dataset_bag.py:271: in list_dataset_members
    for k, v in nested_dataset.list_dataset_members(recurse=recurse).items():
                ^^^^^^^^^^^^^^^^^^^^^^^^^^^^^^^^^^^^^^^^^^^^^^^^^^^^
src/deriva_ml/dataset/dataset_bag.py:271: in list_dataset_members
    for k, v in nested_dataset.list_dataset_members(recurse=recurse).items():
                ^^^^^^^^^^^^^^^^^^^^^^^^^^^^^^^^^^^^^^^^^^^^^^^^^^^^
src/deriva_ml/dataset/dataset_bag.py:271: in list_dataset_members
    for k, v in nested_dataset.list_dataset_members(recurse=recurse).items():
                ^^^^^^^^^^^^^^^^^^^^^^^^^^^^^^^^^^^^^^^^^^^^^^^^^^^^
src/deriva_ml/dataset/dataset_bag.py:271: in list_dataset_members
    for k, v in nested_dataset.list_dataset_members(recurse=recurse).items():
                ^^^^^^^^^^^^^^^^^^^^^^^^^^^^^^^^^^^^^^^^^^^^^^^^^^^^
src/deriva_ml/dataset/dataset_bag.py:271: in list_dataset_members
    for k, v in nested_dataset.list_dataset_members(recurse=recurse).items():
                ^^^^^^^^^^^^^^^^^^^^^^^^^^^^^^^^^^^^^^^^^^^^^^^^^^^^
src/deriva_ml/dataset/dataset_bag.py:271: in list_dataset_members
    for k, v in nested_dataset.list_dataset_members(recurse=recurse).items():
                ^^^^^^^^^^^^^^^^^^^^^^^^^^^^^^^^^^^^^^^^^^^^^^^^^^^^
src/deriva_ml/dataset/dataset_bag.py:271: in list_dataset_members
    for k, v in nested_dataset.list_dataset_members(recurse=recurse).items():
                ^^^^^^^^^^^^^^^^^^^^^^^^^^^^^^^^^^^^^^^^^^^^^^^^^^^^
src/deriva_ml/dataset/dataset_bag.py:271: in list_dataset_members
    for k, v in nested_dataset.list_dataset_members(recurse=recurse).items():
                ^^^^^^^^^^^^^^^^^^^^^^^^^^^^^^^^^^^^^^^^^^^^^^^^^^^^
src/deriva_ml/dataset/dataset_bag.py:271: in list_dataset_members
    for k, v in nested_dataset.list_dataset_members(recurse=recurse).items():
                ^^^^^^^^^^^^^^^^^^^^^^^^^^^^^^^^^^^^^^^^^^^^^^^^^^^^
src/deriva_ml/dataset/dataset_bag.py:271: in list_dataset_members
    for k, v in nested_dataset.list_dataset_members(recurse=recurse).items():
                ^^^^^^^^^^^^^^^^^^^^^^^^^^^^^^^^^^^^^^^^^^^^^^^^^^^^
src/deriva_ml/dataset/dataset_bag.py:271: in list_dataset_members
    for k, v in nested_dataset.list_dataset_members(recurse=recurse).items():
                ^^^^^^^^^^^^^^^^^^^^^^^^^^^^^^^^^^^^^^^^^^^^^^^^^^^^
src/deriva_ml/dataset/dataset_bag.py:271: in list_dataset_members
    for k, v in nested_dataset.list_dataset_members(recurse=recurse).items():
                ^^^^^^^^^^^^^^^^^^^^^^^^^^^^^^^^^^^^^^^^^^^^^^^^^^^^
src/deriva_ml/dataset/dataset_bag.py:271: in list_dataset_members
    for k, v in nested_dataset.list_dataset_members(recurse=recurse).items():
                ^^^^^^^^^^^^^^^^^^^^^^^^^^^^^^^^^^^^^^^^^^^^^^^^^^^^
src/deriva_ml/dataset/dataset_bag.py:271: in list_dataset_members
    for k, v in nested_dataset.list_dataset_members(recurse=recurse).items():
                ^^^^^^^^^^^^^^^^^^^^^^^^^^^^^^^^^^^^^^^^^^^^^^^^^^^^
src/deriva_ml/dataset/dataset_bag.py:271: in list_dataset_members
    for k, v in nested_dataset.list_dataset_members(recurse=recurse).items():
                ^^^^^^^^^^^^^^^^^^^^^^^^^^^^^^^^^^^^^^^^^^^^^^^^^^^^
src/deriva_ml/dataset/dataset_bag.py:271: in list_dataset_members
    for k, v in nested_dataset.list_dataset_members(recurse=recurse).items():
                ^^^^^^^^^^^^^^^^^^^^^^^^^^^^^^^^^^^^^^^^^^^^^^^^^^^^
src/deriva_ml/dataset/dataset_bag.py:271: in list_dataset_members
    for k, v in nested_dataset.list_dataset_members(recurse=recurse).items():
                ^^^^^^^^^^^^^^^^^^^^^^^^^^^^^^^^^^^^^^^^^^^^^^^^^^^^
src/deriva_ml/dataset/dataset_bag.py:271: in list_dataset_members
    for k, v in nested_dataset.list_dataset_members(recurse=recurse).items():
                ^^^^^^^^^^^^^^^^^^^^^^^^^^^^^^^^^^^^^^^^^^^^^^^^^^^^
src/deriva_ml/dataset/dataset_bag.py:271: in list_dataset_members
    for k, v in nested_dataset.list_dataset_members(recurse=recurse).items():
                ^^^^^^^^^^^^^^^^^^^^^^^^^^^^^^^^^^^^^^^^^^^^^^^^^^^^
src/deriva_ml/dataset/dataset_bag.py:271: in list_dataset_members
    for k, v in nested_dataset.list_dataset_members(recurse=recurse).items():
                ^^^^^^^^^^^^^^^^^^^^^^^^^^^^^^^^^^^^^^^^^^^^^^^^^^^^
src/deriva_ml/dataset/dataset_bag.py:271: in list_dataset_members
    for k, v in nested_dataset.list_dataset_members(recurse=recurse).items():
                ^^^^^^^^^^^^^^^^^^^^^^^^^^^^^^^^^^^^^^^^^^^^^^^^^^^^
src/deriva_ml/dataset/dataset_bag.py:271: in list_dataset_members
    for k, v in nested_dataset.list_dataset_members(recurse=recurse).items():
                ^^^^^^^^^^^^^^^^^^^^^^^^^^^^^^^^^^^^^^^^^^^^^^^^^^^^
src/deriva_ml/dataset/dataset_bag.py:271: in list_dataset_members
    for k, v in nested_dataset.list_dataset_members(recurse=recurse).items():
                ^^^^^^^^^^^^^^^^^^^^^^^^^^^^^^^^^^^^^^^^^^^^^^^^^^^^
src/deriva_ml/dataset/dataset_bag.py:271: in list_dataset_members
    for k, v in nested_dataset.list_dataset_members(recurse=recurse).items():
                ^^^^^^^^^^^^^^^^^^^^^^^^^^^^^^^^^^^^^^^^^^^^^^^^^^^^
src/deriva_ml/dataset/dataset_bag.py:271: in list_dataset_members
    for k, v in nested_dataset.list_dataset_members(recurse=recurse).items():
                ^^^^^^^^^^^^^^^^^^^^^^^^^^^^^^^^^^^^^^^^^^^^^^^^^^^^
src/deriva_ml/dataset/dataset_bag.py:271: in list_dataset_members
    for k, v in nested_dataset.list_dataset_members(recurse=recurse).items():
                ^^^^^^^^^^^^^^^^^^^^^^^^^^^^^^^^^^^^^^^^^^^^^^^^^^^^
src/deriva_ml/dataset/dataset_bag.py:271: in list_dataset_members
    for k, v in nested_dataset.list_dataset_members(recurse=recurse).items():
                ^^^^^^^^^^^^^^^^^^^^^^^^^^^^^^^^^^^^^^^^^^^^^^^^^^^^
src/deriva_ml/dataset/dataset_bag.py:271: in list_dataset_members
    for k, v in nested_dataset.list_dataset_members(recurse=recurse).items():
                ^^^^^^^^^^^^^^^^^^^^^^^^^^^^^^^^^^^^^^^^^^^^^^^^^^^^
src/deriva_ml/dataset/dataset_bag.py:271: in list_dataset_members
    for k, v in nested_dataset.list_dataset_members(recurse=recurse).items():
                ^^^^^^^^^^^^^^^^^^^^^^^^^^^^^^^^^^^^^^^^^^^^^^^^^^^^
src/deriva_ml/dataset/dataset_bag.py:271: in list_dataset_members
    for k, v in nested_dataset.list_dataset_members(recurse=recurse).items():
                ^^^^^^^^^^^^^^^^^^^^^^^^^^^^^^^^^^^^^^^^^^^^^^^^^^^^
src/deriva_ml/dataset/dataset_bag.py:271: in list_dataset_members
    for k, v in nested_dataset.list_dataset_members(recurse=recurse).items():
                ^^^^^^^^^^^^^^^^^^^^^^^^^^^^^^^^^^^^^^^^^^^^^^^^^^^^
src/deriva_ml/dataset/dataset_bag.py:271: in list_dataset_members
    for k, v in nested_dataset.list_dataset_members(recurse=recurse).items():
                ^^^^^^^^^^^^^^^^^^^^^^^^^^^^^^^^^^^^^^^^^^^^^^^^^^^^
src/deriva_ml/dataset/dataset_bag.py:271: in list_dataset_members
    for k, v in nested_dataset.list_dataset_members(recurse=recurse).items():
                ^^^^^^^^^^^^^^^^^^^^^^^^^^^^^^^^^^^^^^^^^^^^^^^^^^^^
src/deriva_ml/dataset/dataset_bag.py:271: in list_dataset_members
    for k, v in nested_dataset.list_dataset_members(recurse=recurse).items():
                ^^^^^^^^^^^^^^^^^^^^^^^^^^^^^^^^^^^^^^^^^^^^^^^^^^^^
src/deriva_ml/dataset/dataset_bag.py:271: in list_dataset_members
    for k, v in nested_dataset.list_dataset_members(recurse=recurse).items():
                ^^^^^^^^^^^^^^^^^^^^^^^^^^^^^^^^^^^^^^^^^^^^^^^^^^^^
src/deriva_ml/dataset/dataset_bag.py:271: in list_dataset_members
    for k, v in nested_dataset.list_dataset_members(recurse=recurse).items():
                ^^^^^^^^^^^^^^^^^^^^^^^^^^^^^^^^^^^^^^^^^^^^^^^^^^^^
src/deriva_ml/dataset/dataset_bag.py:271: in list_dataset_members
    for k, v in nested_dataset.list_dataset_members(recurse=recurse).items():
                ^^^^^^^^^^^^^^^^^^^^^^^^^^^^^^^^^^^^^^^^^^^^^^^^^^^^
src/deriva_ml/dataset/dataset_bag.py:271: in list_dataset_members
    for k, v in nested_dataset.list_dataset_members(recurse=recurse).items():
                ^^^^^^^^^^^^^^^^^^^^^^^^^^^^^^^^^^^^^^^^^^^^^^^^^^^^
src/deriva_ml/dataset/dataset_bag.py:271: in list_dataset_members
    for k, v in nested_dataset.list_dataset_members(recurse=recurse).items():
                ^^^^^^^^^^^^^^^^^^^^^^^^^^^^^^^^^^^^^^^^^^^^^^^^^^^^
src/deriva_ml/dataset/dataset_bag.py:271: in list_dataset_members
    for k, v in nested_dataset.list_dataset_members(recurse=recurse).items():
                ^^^^^^^^^^^^^^^^^^^^^^^^^^^^^^^^^^^^^^^^^^^^^^^^^^^^
src/deriva_ml/dataset/dataset_bag.py:271: in list_dataset_members
    for k, v in nested_dataset.list_dataset_members(recurse=recurse).items():
                ^^^^^^^^^^^^^^^^^^^^^^^^^^^^^^^^^^^^^^^^^^^^^^^^^^^^
src/deriva_ml/dataset/dataset_bag.py:271: in list_dataset_members
    for k, v in nested_dataset.list_dataset_members(recurse=recurse).items():
                ^^^^^^^^^^^^^^^^^^^^^^^^^^^^^^^^^^^^^^^^^^^^^^^^^^^^
src/deriva_ml/dataset/dataset_bag.py:271: in list_dataset_members
    for k, v in nested_dataset.list_dataset_members(recurse=recurse).items():
                ^^^^^^^^^^^^^^^^^^^^^^^^^^^^^^^^^^^^^^^^^^^^^^^^^^^^
src/deriva_ml/dataset/dataset_bag.py:271: in list_dataset_members
    for k, v in nested_dataset.list_dataset_members(recurse=recurse).items():
                ^^^^^^^^^^^^^^^^^^^^^^^^^^^^^^^^^^^^^^^^^^^^^^^^^^^^
src/deriva_ml/dataset/dataset_bag.py:271: in list_dataset_members
    for k, v in nested_dataset.list_dataset_members(recurse=recurse).items():
                ^^^^^^^^^^^^^^^^^^^^^^^^^^^^^^^^^^^^^^^^^^^^^^^^^^^^
src/deriva_ml/dataset/dataset_bag.py:271: in list_dataset_members
    for k, v in nested_dataset.list_dataset_members(recurse=recurse).items():
                ^^^^^^^^^^^^^^^^^^^^^^^^^^^^^^^^^^^^^^^^^^^^^^^^^^^^
src/deriva_ml/dataset/dataset_bag.py:271: in list_dataset_members
    for k, v in nested_dataset.list_dataset_members(recurse=recurse).items():
                ^^^^^^^^^^^^^^^^^^^^^^^^^^^^^^^^^^^^^^^^^^^^^^^^^^^^
src/deriva_ml/dataset/dataset_bag.py:271: in list_dataset_members
    for k, v in nested_dataset.list_dataset_members(recurse=recurse).items():
                ^^^^^^^^^^^^^^^^^^^^^^^^^^^^^^^^^^^^^^^^^^^^^^^^^^^^
src/deriva_ml/dataset/dataset_bag.py:271: in list_dataset_members
    for k, v in nested_dataset.list_dataset_members(recurse=recurse).items():
                ^^^^^^^^^^^^^^^^^^^^^^^^^^^^^^^^^^^^^^^^^^^^^^^^^^^^
src/deriva_ml/dataset/dataset_bag.py:271: in list_dataset_members
    for k, v in nested_dataset.list_dataset_members(recurse=recurse).items():
                ^^^^^^^^^^^^^^^^^^^^^^^^^^^^^^^^^^^^^^^^^^^^^^^^^^^^
src/deriva_ml/dataset/dataset_bag.py:271: in list_dataset_members
    for k, v in nested_dataset.list_dataset_members(recurse=recurse).items():
                ^^^^^^^^^^^^^^^^^^^^^^^^^^^^^^^^^^^^^^^^^^^^^^^^^^^^
src/deriva_ml/dataset/dataset_bag.py:271: in list_dataset_members
    for k, v in nested_dataset.list_dataset_members(recurse=recurse).items():
                ^^^^^^^^^^^^^^^^^^^^^^^^^^^^^^^^^^^^^^^^^^^^^^^^^^^^
src/deriva_ml/dataset/dataset_bag.py:271: in list_dataset_members
    for k, v in nested_dataset.list_dataset_members(recurse=recurse).items():
                ^^^^^^^^^^^^^^^^^^^^^^^^^^^^^^^^^^^^^^^^^^^^^^^^^^^^
src/deriva_ml/dataset/dataset_bag.py:271: in list_dataset_members
    for k, v in nested_dataset.list_dataset_members(recurse=recurse).items():
                ^^^^^^^^^^^^^^^^^^^^^^^^^^^^^^^^^^^^^^^^^^^^^^^^^^^^
src/deriva_ml/dataset/dataset_bag.py:271: in list_dataset_members
    for k, v in nested_dataset.list_dataset_members(recurse=recurse).items():
                ^^^^^^^^^^^^^^^^^^^^^^^^^^^^^^^^^^^^^^^^^^^^^^^^^^^^
src/deriva_ml/dataset/dataset_bag.py:271: in list_dataset_members
    for k, v in nested_dataset.list_dataset_members(recurse=recurse).items():
                ^^^^^^^^^^^^^^^^^^^^^^^^^^^^^^^^^^^^^^^^^^^^^^^^^^^^
src/deriva_ml/dataset/dataset_bag.py:271: in list_dataset_members
    for k, v in nested_dataset.list_dataset_members(recurse=recurse).items():
                ^^^^^^^^^^^^^^^^^^^^^^^^^^^^^^^^^^^^^^^^^^^^^^^^^^^^
src/deriva_ml/dataset/dataset_bag.py:271: in list_dataset_members
    for k, v in nested_dataset.list_dataset_members(recurse=recurse).items():
                ^^^^^^^^^^^^^^^^^^^^^^^^^^^^^^^^^^^^^^^^^^^^^^^^^^^^
src/deriva_ml/dataset/dataset_bag.py:271: in list_dataset_members
    for k, v in nested_dataset.list_dataset_members(recurse=recurse).items():
                ^^^^^^^^^^^^^^^^^^^^^^^^^^^^^^^^^^^^^^^^^^^^^^^^^^^^
src/deriva_ml/dataset/dataset_bag.py:271: in list_dataset_members
    for k, v in nested_dataset.list_dataset_members(recurse=recurse).items():
                ^^^^^^^^^^^^^^^^^^^^^^^^^^^^^^^^^^^^^^^^^^^^^^^^^^^^
src/deriva_ml/dataset/dataset_bag.py:271: in list_dataset_members
    for k, v in nested_dataset.list_dataset_members(recurse=recurse).items():
                ^^^^^^^^^^^^^^^^^^^^^^^^^^^^^^^^^^^^^^^^^^^^^^^^^^^^
src/deriva_ml/dataset/dataset_bag.py:271: in list_dataset_members
    for k, v in nested_dataset.list_dataset_members(recurse=recurse).items():
                ^^^^^^^^^^^^^^^^^^^^^^^^^^^^^^^^^^^^^^^^^^^^^^^^^^^^
src/deriva_ml/dataset/dataset_bag.py:271: in list_dataset_members
    for k, v in nested_dataset.list_dataset_members(recurse=recurse).items():
                ^^^^^^^^^^^^^^^^^^^^^^^^^^^^^^^^^^^^^^^^^^^^^^^^^^^^
src/deriva_ml/dataset/dataset_bag.py:271: in list_dataset_members
    for k, v in nested_dataset.list_dataset_members(recurse=recurse).items():
                ^^^^^^^^^^^^^^^^^^^^^^^^^^^^^^^^^^^^^^^^^^^^^^^^^^^^
src/deriva_ml/dataset/dataset_bag.py:271: in list_dataset_members
    for k, v in nested_dataset.list_dataset_members(recurse=recurse).items():
                ^^^^^^^^^^^^^^^^^^^^^^^^^^^^^^^^^^^^^^^^^^^^^^^^^^^^
src/deriva_ml/dataset/dataset_bag.py:271: in list_dataset_members
    for k, v in nested_dataset.list_dataset_members(recurse=recurse).items():
                ^^^^^^^^^^^^^^^^^^^^^^^^^^^^^^^^^^^^^^^^^^^^^^^^^^^^
src/deriva_ml/dataset/dataset_bag.py:271: in list_dataset_members
    for k, v in nested_dataset.list_dataset_members(recurse=recurse).items():
                ^^^^^^^^^^^^^^^^^^^^^^^^^^^^^^^^^^^^^^^^^^^^^^^^^^^^
src/deriva_ml/dataset/dataset_bag.py:271: in list_dataset_members
    for k, v in nested_dataset.list_dataset_members(recurse=recurse).items():
                ^^^^^^^^^^^^^^^^^^^^^^^^^^^^^^^^^^^^^^^^^^^^^^^^^^^^
src/deriva_ml/dataset/dataset_bag.py:271: in list_dataset_members
    for k, v in nested_dataset.list_dataset_members(recurse=recurse).items():
                ^^^^^^^^^^^^^^^^^^^^^^^^^^^^^^^^^^^^^^^^^^^^^^^^^^^^
src/deriva_ml/dataset/dataset_bag.py:271: in list_dataset_members
    for k, v in nested_dataset.list_dataset_members(recurse=recurse).items():
                ^^^^^^^^^^^^^^^^^^^^^^^^^^^^^^^^^^^^^^^^^^^^^^^^^^^^
src/deriva_ml/dataset/dataset_bag.py:271: in list_dataset_members
    for k, v in nested_dataset.list_dataset_members(recurse=recurse).items():
                ^^^^^^^^^^^^^^^^^^^^^^^^^^^^^^^^^^^^^^^^^^^^^^^^^^^^
src/deriva_ml/dataset/dataset_bag.py:271: in list_dataset_members
    for k, v in nested_dataset.list_dataset_members(recurse=recurse).items():
                ^^^^^^^^^^^^^^^^^^^^^^^^^^^^^^^^^^^^^^^^^^^^^^^^^^^^
src/deriva_ml/dataset/dataset_bag.py:271: in list_dataset_members
    for k, v in nested_dataset.list_dataset_members(recurse=recurse).items():
                ^^^^^^^^^^^^^^^^^^^^^^^^^^^^^^^^^^^^^^^^^^^^^^^^^^^^
src/deriva_ml/dataset/dataset_bag.py:271: in list_dataset_members
    for k, v in nested_dataset.list_dataset_members(recurse=recurse).items():
                ^^^^^^^^^^^^^^^^^^^^^^^^^^^^^^^^^^^^^^^^^^^^^^^^^^^^
src/deriva_ml/dataset/dataset_bag.py:271: in list_dataset_members
    for k, v in nested_dataset.list_dataset_members(recurse=recurse).items():
                ^^^^^^^^^^^^^^^^^^^^^^^^^^^^^^^^^^^^^^^^^^^^^^^^^^^^
src/deriva_ml/dataset/dataset_bag.py:271: in list_dataset_members
    for k, v in nested_dataset.list_dataset_members(recurse=recurse).items():
                ^^^^^^^^^^^^^^^^^^^^^^^^^^^^^^^^^^^^^^^^^^^^^^^^^^^^
src/deriva_ml/dataset/dataset_bag.py:271: in list_dataset_members
    for k, v in nested_dataset.list_dataset_members(recurse=recurse).items():
                ^^^^^^^^^^^^^^^^^^^^^^^^^^^^^^^^^^^^^^^^^^^^^^^^^^^^
src/deriva_ml/dataset/dataset_bag.py:271: in list_dataset_members
    for k, v in nested_dataset.list_dataset_members(recurse=recurse).items():
                ^^^^^^^^^^^^^^^^^^^^^^^^^^^^^^^^^^^^^^^^^^^^^^^^^^^^
src/deriva_ml/dataset/dataset_bag.py:271: in list_dataset_members
    for k, v in nested_dataset.list_dataset_members(recurse=recurse).items():
                ^^^^^^^^^^^^^^^^^^^^^^^^^^^^^^^^^^^^^^^^^^^^^^^^^^^^
src/deriva_ml/dataset/dataset_bag.py:271: in list_dataset_members
    for k, v in nested_dataset.list_dataset_members(recurse=recurse).items():
                ^^^^^^^^^^^^^^^^^^^^^^^^^^^^^^^^^^^^^^^^^^^^^^^^^^^^
src/deriva_ml/dataset/dataset_bag.py:271: in list_dataset_members
    for k, v in nested_dataset.list_dataset_members(recurse=recurse).items():
                ^^^^^^^^^^^^^^^^^^^^^^^^^^^^^^^^^^^^^^^^^^^^^^^^^^^^
src/deriva_ml/dataset/dataset_bag.py:271: in list_dataset_members
    for k, v in nested_dataset.list_dataset_members(recurse=recurse).items():
                ^^^^^^^^^^^^^^^^^^^^^^^^^^^^^^^^^^^^^^^^^^^^^^^^^^^^
src/deriva_ml/dataset/dataset_bag.py:271: in list_dataset_members
    for k, v in nested_dataset.list_dataset_members(recurse=recurse).items():
                ^^^^^^^^^^^^^^^^^^^^^^^^^^^^^^^^^^^^^^^^^^^^^^^^^^^^
src/deriva_ml/dataset/dataset_bag.py:271: in list_dataset_members
    for k, v in nested_dataset.list_dataset_members(recurse=recurse).items():
                ^^^^^^^^^^^^^^^^^^^^^^^^^^^^^^^^^^^^^^^^^^^^^^^^^^^^
src/deriva_ml/dataset/dataset_bag.py:271: in list_dataset_members
    for k, v in nested_dataset.list_dataset_members(recurse=recurse).items():
                ^^^^^^^^^^^^^^^^^^^^^^^^^^^^^^^^^^^^^^^^^^^^^^^^^^^^
src/deriva_ml/dataset/dataset_bag.py:271: in list_dataset_members
    for k, v in nested_dataset.list_dataset_members(recurse=recurse).items():
                ^^^^^^^^^^^^^^^^^^^^^^^^^^^^^^^^^^^^^^^^^^^^^^^^^^^^
src/deriva_ml/dataset/dataset_bag.py:271: in list_dataset_members
    for k, v in nested_dataset.list_dataset_members(recurse=recurse).items():
                ^^^^^^^^^^^^^^^^^^^^^^^^^^^^^^^^^^^^^^^^^^^^^^^^^^^^
src/deriva_ml/dataset/dataset_bag.py:271: in list_dataset_members
    for k, v in nested_dataset.list_dataset_members(recurse=recurse).items():
                ^^^^^^^^^^^^^^^^^^^^^^^^^^^^^^^^^^^^^^^^^^^^^^^^^^^^
src/deriva_ml/dataset/dataset_bag.py:271: in list_dataset_members
    for k, v in nested_dataset.list_dataset_members(recurse=recurse).items():
                ^^^^^^^^^^^^^^^^^^^^^^^^^^^^^^^^^^^^^^^^^^^^^^^^^^^^
src/deriva_ml/dataset/dataset_bag.py:271: in list_dataset_members
    for k, v in nested_dataset.list_dataset_members(recurse=recurse).items():
                ^^^^^^^^^^^^^^^^^^^^^^^^^^^^^^^^^^^^^^^^^^^^^^^^^^^^
src/deriva_ml/dataset/dataset_bag.py:271: in list_dataset_members
    for k, v in nested_dataset.list_dataset_members(recurse=recurse).items():
                ^^^^^^^^^^^^^^^^^^^^^^^^^^^^^^^^^^^^^^^^^^^^^^^^^^^^
src/deriva_ml/dataset/dataset_bag.py:271: in list_dataset_members
    for k, v in nested_dataset.list_dataset_members(recurse=recurse).items():
                ^^^^^^^^^^^^^^^^^^^^^^^^^^^^^^^^^^^^^^^^^^^^^^^^^^^^
src/deriva_ml/dataset/dataset_bag.py:271: in list_dataset_members
    for k, v in nested_dataset.list_dataset_members(recurse=recurse).items():
                ^^^^^^^^^^^^^^^^^^^^^^^^^^^^^^^^^^^^^^^^^^^^^^^^^^^^
src/deriva_ml/dataset/dataset_bag.py:271: in list_dataset_members
    for k, v in nested_dataset.list_dataset_members(recurse=recurse).items():
                ^^^^^^^^^^^^^^^^^^^^^^^^^^^^^^^^^^^^^^^^^^^^^^^^^^^^
src/deriva_ml/dataset/dataset_bag.py:271: in list_dataset_members
    for k, v in nested_dataset.list_dataset_members(recurse=recurse).items():
                ^^^^^^^^^^^^^^^^^^^^^^^^^^^^^^^^^^^^^^^^^^^^^^^^^^^^
src/deriva_ml/dataset/dataset_bag.py:271: in list_dataset_members
    for k, v in nested_dataset.list_dataset_members(recurse=recurse).items():
                ^^^^^^^^^^^^^^^^^^^^^^^^^^^^^^^^^^^^^^^^^^^^^^^^^^^^
src/deriva_ml/dataset/dataset_bag.py:271: in list_dataset_members
    for k, v in nested_dataset.list_dataset_members(recurse=recurse).items():
                ^^^^^^^^^^^^^^^^^^^^^^^^^^^^^^^^^^^^^^^^^^^^^^^^^^^^
src/deriva_ml/dataset/dataset_bag.py:271: in list_dataset_members
    for k, v in nested_dataset.list_dataset_members(recurse=recurse).items():
                ^^^^^^^^^^^^^^^^^^^^^^^^^^^^^^^^^^^^^^^^^^^^^^^^^^^^
src/deriva_ml/dataset/dataset_bag.py:271: in list_dataset_members
    for k, v in nested_dataset.list_dataset_members(recurse=recurse).items():
                ^^^^^^^^^^^^^^^^^^^^^^^^^^^^^^^^^^^^^^^^^^^^^^^^^^^^
src/deriva_ml/dataset/dataset_bag.py:271: in list_dataset_members
    for k, v in nested_dataset.list_dataset_members(recurse=recurse).items():
                ^^^^^^^^^^^^^^^^^^^^^^^^^^^^^^^^^^^^^^^^^^^^^^^^^^^^
src/deriva_ml/dataset/dataset_bag.py:271: in list_dataset_members
    for k, v in nested_dataset.list_dataset_members(recurse=recurse).items():
                ^^^^^^^^^^^^^^^^^^^^^^^^^^^^^^^^^^^^^^^^^^^^^^^^^^^^
src/deriva_ml/dataset/dataset_bag.py:271: in list_dataset_members
    for k, v in nested_dataset.list_dataset_members(recurse=recurse).items():
                ^^^^^^^^^^^^^^^^^^^^^^^^^^^^^^^^^^^^^^^^^^^^^^^^^^^^
src/deriva_ml/dataset/dataset_bag.py:271: in list_dataset_members
    for k, v in nested_dataset.list_dataset_members(recurse=recurse).items():
                ^^^^^^^^^^^^^^^^^^^^^^^^^^^^^^^^^^^^^^^^^^^^^^^^^^^^
src/deriva_ml/dataset/dataset_bag.py:271: in list_dataset_members
    for k, v in nested_dataset.list_dataset_members(recurse=recurse).items():
                ^^^^^^^^^^^^^^^^^^^^^^^^^^^^^^^^^^^^^^^^^^^^^^^^^^^^
src/deriva_ml/dataset/dataset_bag.py:271: in list_dataset_members
    for k, v in nested_dataset.list_dataset_members(recurse=recurse).items():
                ^^^^^^^^^^^^^^^^^^^^^^^^^^^^^^^^^^^^^^^^^^^^^^^^^^^^
src/deriva_ml/dataset/dataset_bag.py:271: in list_dataset_members
    for k, v in nested_dataset.list_dataset_members(recurse=recurse).items():
                ^^^^^^^^^^^^^^^^^^^^^^^^^^^^^^^^^^^^^^^^^^^^^^^^^^^^
src/deriva_ml/dataset/dataset_bag.py:271: in list_dataset_members
    for k, v in nested_dataset.list_dataset_members(recurse=recurse).items():
                ^^^^^^^^^^^^^^^^^^^^^^^^^^^^^^^^^^^^^^^^^^^^^^^^^^^^
src/deriva_ml/dataset/dataset_bag.py:271: in list_dataset_members
    for k, v in nested_dataset.list_dataset_members(recurse=recurse).items():
                ^^^^^^^^^^^^^^^^^^^^^^^^^^^^^^^^^^^^^^^^^^^^^^^^^^^^
src/deriva_ml/dataset/dataset_bag.py:271: in list_dataset_members
    for k, v in nested_dataset.list_dataset_members(recurse=recurse).items():
                ^^^^^^^^^^^^^^^^^^^^^^^^^^^^^^^^^^^^^^^^^^^^^^^^^^^^
src/deriva_ml/dataset/dataset_bag.py:271: in list_dataset_members
    for k, v in nested_dataset.list_dataset_members(recurse=recurse).items():
                ^^^^^^^^^^^^^^^^^^^^^^^^^^^^^^^^^^^^^^^^^^^^^^^^^^^^
src/deriva_ml/dataset/dataset_bag.py:271: in list_dataset_members
    for k, v in nested_dataset.list_dataset_members(recurse=recurse).items():
                ^^^^^^^^^^^^^^^^^^^^^^^^^^^^^^^^^^^^^^^^^^^^^^^^^^^^
src/deriva_ml/dataset/dataset_bag.py:271: in list_dataset_members
    for k, v in nested_dataset.list_dataset_members(recurse=recurse).items():
                ^^^^^^^^^^^^^^^^^^^^^^^^^^^^^^^^^^^^^^^^^^^^^^^^^^^^
src/deriva_ml/dataset/dataset_bag.py:271: in list_dataset_members
    for k, v in nested_dataset.list_dataset_members(recurse=recurse).items():
                ^^^^^^^^^^^^^^^^^^^^^^^^^^^^^^^^^^^^^^^^^^^^^^^^^^^^
src/deriva_ml/dataset/dataset_bag.py:271: in list_dataset_members
    for k, v in nested_dataset.list_dataset_members(recurse=recurse).items():
                ^^^^^^^^^^^^^^^^^^^^^^^^^^^^^^^^^^^^^^^^^^^^^^^^^^^^
src/deriva_ml/dataset/dataset_bag.py:271: in list_dataset_members
    for k, v in nested_dataset.list_dataset_members(recurse=recurse).items():
                ^^^^^^^^^^^^^^^^^^^^^^^^^^^^^^^^^^^^^^^^^^^^^^^^^^^^
src/deriva_ml/dataset/dataset_bag.py:271: in list_dataset_members
    for k, v in nested_dataset.list_dataset_members(recurse=recurse).items():
                ^^^^^^^^^^^^^^^^^^^^^^^^^^^^^^^^^^^^^^^^^^^^^^^^^^^^
src/deriva_ml/dataset/dataset_bag.py:271: in list_dataset_members
    for k, v in nested_dataset.list_dataset_members(recurse=recurse).items():
                ^^^^^^^^^^^^^^^^^^^^^^^^^^^^^^^^^^^^^^^^^^^^^^^^^^^^
src/deriva_ml/dataset/dataset_bag.py:271: in list_dataset_members
    for k, v in nested_dataset.list_dataset_members(recurse=recurse).items():
                ^^^^^^^^^^^^^^^^^^^^^^^^^^^^^^^^^^^^^^^^^^^^^^^^^^^^
src/deriva_ml/dataset/dataset_bag.py:271: in list_dataset_members
    for k, v in nested_dataset.list_dataset_members(recurse=recurse).items():
                ^^^^^^^^^^^^^^^^^^^^^^^^^^^^^^^^^^^^^^^^^^^^^^^^^^^^
src/deriva_ml/dataset/dataset_bag.py:271: in list_dataset_members
    for k, v in nested_dataset.list_dataset_members(recurse=recurse).items():
                ^^^^^^^^^^^^^^^^^^^^^^^^^^^^^^^^^^^^^^^^^^^^^^^^^^^^
src/deriva_ml/dataset/dataset_bag.py:271: in list_dataset_members
    for k, v in nested_dataset.list_dataset_members(recurse=recurse).items():
                ^^^^^^^^^^^^^^^^^^^^^^^^^^^^^^^^^^^^^^^^^^^^^^^^^^^^
src/deriva_ml/dataset/dataset_bag.py:271: in list_dataset_members
    for k, v in nested_dataset.list_dataset_members(recurse=recurse).items():
                ^^^^^^^^^^^^^^^^^^^^^^^^^^^^^^^^^^^^^^^^^^^^^^^^^^^^
src/deriva_ml/dataset/dataset_bag.py:271: in list_dataset_members
    for k, v in nested_dataset.list_dataset_members(recurse=recurse).items():
                ^^^^^^^^^^^^^^^^^^^^^^^^^^^^^^^^^^^^^^^^^^^^^^^^^^^^
src/deriva_ml/dataset/dataset_bag.py:271: in list_dataset_members
    for k, v in nested_dataset.list_dataset_members(recurse=recurse).items():
                ^^^^^^^^^^^^^^^^^^^^^^^^^^^^^^^^^^^^^^^^^^^^^^^^^^^^
src/deriva_ml/dataset/dataset_bag.py:271: in list_dataset_members
    for k, v in nested_dataset.list_dataset_members(recurse=recurse).items():
                ^^^^^^^^^^^^^^^^^^^^^^^^^^^^^^^^^^^^^^^^^^^^^^^^^^^^
src/deriva_ml/dataset/dataset_bag.py:271: in list_dataset_members
    for k, v in nested_dataset.list_dataset_members(recurse=recurse).items():
                ^^^^^^^^^^^^^^^^^^^^^^^^^^^^^^^^^^^^^^^^^^^^^^^^^^^^
src/deriva_ml/dataset/dataset_bag.py:271: in list_dataset_members
    for k, v in nested_dataset.list_dataset_members(recurse=recurse).items():
                ^^^^^^^^^^^^^^^^^^^^^^^^^^^^^^^^^^^^^^^^^^^^^^^^^^^^
src/deriva_ml/dataset/dataset_bag.py:271: in list_dataset_members
    for k, v in nested_dataset.list_dataset_members(recurse=recurse).items():
                ^^^^^^^^^^^^^^^^^^^^^^^^^^^^^^^^^^^^^^^^^^^^^^^^^^^^
src/deriva_ml/dataset/dataset_bag.py:271: in list_dataset_members
    for k, v in nested_dataset.list_dataset_members(recurse=recurse).items():
                ^^^^^^^^^^^^^^^^^^^^^^^^^^^^^^^^^^^^^^^^^^^^^^^^^^^^
src/deriva_ml/dataset/dataset_bag.py:271: in list_dataset_members
    for k, v in nested_dataset.list_dataset_members(recurse=recurse).items():
                ^^^^^^^^^^^^^^^^^^^^^^^^^^^^^^^^^^^^^^^^^^^^^^^^^^^^
src/deriva_ml/dataset/dataset_bag.py:271: in list_dataset_members
    for k, v in nested_dataset.list_dataset_members(recurse=recurse).items():
                ^^^^^^^^^^^^^^^^^^^^^^^^^^^^^^^^^^^^^^^^^^^^^^^^^^^^
src/deriva_ml/dataset/dataset_bag.py:271: in list_dataset_members
    for k, v in nested_dataset.list_dataset_members(recurse=recurse).items():
                ^^^^^^^^^^^^^^^^^^^^^^^^^^^^^^^^^^^^^^^^^^^^^^^^^^^^
src/deriva_ml/dataset/dataset_bag.py:271: in list_dataset_members
    for k, v in nested_dataset.list_dataset_members(recurse=recurse).items():
                ^^^^^^^^^^^^^^^^^^^^^^^^^^^^^^^^^^^^^^^^^^^^^^^^^^^^
src/deriva_ml/dataset/dataset_bag.py:271: in list_dataset_members
    for k, v in nested_dataset.list_dataset_members(recurse=recurse).items():
                ^^^^^^^^^^^^^^^^^^^^^^^^^^^^^^^^^^^^^^^^^^^^^^^^^^^^
src/deriva_ml/dataset/dataset_bag.py:271: in list_dataset_members
    for k, v in nested_dataset.list_dataset_members(recurse=recurse).items():
                ^^^^^^^^^^^^^^^^^^^^^^^^^^^^^^^^^^^^^^^^^^^^^^^^^^^^
src/deriva_ml/dataset/dataset_bag.py:271: in list_dataset_members
    for k, v in nested_dataset.list_dataset_members(recurse=recurse).items():
                ^^^^^^^^^^^^^^^^^^^^^^^^^^^^^^^^^^^^^^^^^^^^^^^^^^^^
src/deriva_ml/dataset/dataset_bag.py:271: in list_dataset_members
    for k, v in nested_dataset.list_dataset_members(recurse=recurse).items():
                ^^^^^^^^^^^^^^^^^^^^^^^^^^^^^^^^^^^^^^^^^^^^^^^^^^^^
src/deriva_ml/dataset/dataset_bag.py:271: in list_dataset_members
    for k, v in nested_dataset.list_dataset_members(recurse=recurse).items():
                ^^^^^^^^^^^^^^^^^^^^^^^^^^^^^^^^^^^^^^^^^^^^^^^^^^^^
src/deriva_ml/dataset/dataset_bag.py:271: in list_dataset_members
    for k, v in nested_dataset.list_dataset_members(recurse=recurse).items():
                ^^^^^^^^^^^^^^^^^^^^^^^^^^^^^^^^^^^^^^^^^^^^^^^^^^^^
src/deriva_ml/dataset/dataset_bag.py:271: in list_dataset_members
    for k, v in nested_dataset.list_dataset_members(recurse=recurse).items():
                ^^^^^^^^^^^^^^^^^^^^^^^^^^^^^^^^^^^^^^^^^^^^^^^^^^^^
src/deriva_ml/dataset/dataset_bag.py:271: in list_dataset_members
    for k, v in nested_dataset.list_dataset_members(recurse=recurse).items():
                ^^^^^^^^^^^^^^^^^^^^^^^^^^^^^^^^^^^^^^^^^^^^^^^^^^^^
src/deriva_ml/dataset/dataset_bag.py:271: in list_dataset_members
    for k, v in nested_dataset.list_dataset_members(recurse=recurse).items():
                ^^^^^^^^^^^^^^^^^^^^^^^^^^^^^^^^^^^^^^^^^^^^^^^^^^^^
src/deriva_ml/dataset/dataset_bag.py:271: in list_dataset_members
    for k, v in nested_dataset.list_dataset_members(recurse=recurse).items():
                ^^^^^^^^^^^^^^^^^^^^^^^^^^^^^^^^^^^^^^^^^^^^^^^^^^^^
src/deriva_ml/dataset/dataset_bag.py:271: in list_dataset_members
    for k, v in nested_dataset.list_dataset_members(recurse=recurse).items():
                ^^^^^^^^^^^^^^^^^^^^^^^^^^^^^^^^^^^^^^^^^^^^^^^^^^^^
src/deriva_ml/dataset/dataset_bag.py:271: in list_dataset_members
    for k, v in nested_dataset.list_dataset_members(recurse=recurse).items():
                ^^^^^^^^^^^^^^^^^^^^^^^^^^^^^^^^^^^^^^^^^^^^^^^^^^^^
src/deriva_ml/dataset/dataset_bag.py:271: in list_dataset_members
    for k, v in nested_dataset.list_dataset_members(recurse=recurse).items():
                ^^^^^^^^^^^^^^^^^^^^^^^^^^^^^^^^^^^^^^^^^^^^^^^^^^^^
src/deriva_ml/dataset/dataset_bag.py:271: in list_dataset_members
    for k, v in nested_dataset.list_dataset_members(recurse=recurse).items():
                ^^^^^^^^^^^^^^^^^^^^^^^^^^^^^^^^^^^^^^^^^^^^^^^^^^^^
src/deriva_ml/dataset/dataset_bag.py:271: in list_dataset_members
    for k, v in nested_dataset.list_dataset_members(recurse=recurse).items():
                ^^^^^^^^^^^^^^^^^^^^^^^^^^^^^^^^^^^^^^^^^^^^^^^^^^^^
src/deriva_ml/dataset/dataset_bag.py:271: in list_dataset_members
    for k, v in nested_dataset.list_dataset_members(recurse=recurse).items():
                ^^^^^^^^^^^^^^^^^^^^^^^^^^^^^^^^^^^^^^^^^^^^^^^^^^^^
src/deriva_ml/dataset/dataset_bag.py:271: in list_dataset_members
    for k, v in nested_dataset.list_dataset_members(recurse=recurse).items():
                ^^^^^^^^^^^^^^^^^^^^^^^^^^^^^^^^^^^^^^^^^^^^^^^^^^^^
src/deriva_ml/dataset/dataset_bag.py:271: in list_dataset_members
    for k, v in nested_dataset.list_dataset_members(recurse=recurse).items():
                ^^^^^^^^^^^^^^^^^^^^^^^^^^^^^^^^^^^^^^^^^^^^^^^^^^^^
src/deriva_ml/dataset/dataset_bag.py:271: in list_dataset_members
    for k, v in nested_dataset.list_dataset_members(recurse=recurse).items():
                ^^^^^^^^^^^^^^^^^^^^^^^^^^^^^^^^^^^^^^^^^^^^^^^^^^^^
src/deriva_ml/dataset/dataset_bag.py:271: in list_dataset_members
    for k, v in nested_dataset.list_dataset_members(recurse=recurse).items():
                ^^^^^^^^^^^^^^^^^^^^^^^^^^^^^^^^^^^^^^^^^^^^^^^^^^^^
src/deriva_ml/dataset/dataset_bag.py:271: in list_dataset_members
    for k, v in nested_dataset.list_dataset_members(recurse=recurse).items():
                ^^^^^^^^^^^^^^^^^^^^^^^^^^^^^^^^^^^^^^^^^^^^^^^^^^^^
src/deriva_ml/dataset/dataset_bag.py:271: in list_dataset_members
    for k, v in nested_dataset.list_dataset_members(recurse=recurse).items():
                ^^^^^^^^^^^^^^^^^^^^^^^^^^^^^^^^^^^^^^^^^^^^^^^^^^^^
src/deriva_ml/dataset/dataset_bag.py:271: in list_dataset_members
    for k, v in nested_dataset.list_dataset_members(recurse=recurse).items():
                ^^^^^^^^^^^^^^^^^^^^^^^^^^^^^^^^^^^^^^^^^^^^^^^^^^^^
src/deriva_ml/dataset/dataset_bag.py:271: in list_dataset_members
    for k, v in nested_dataset.list_dataset_members(recurse=recurse).items():
                ^^^^^^^^^^^^^^^^^^^^^^^^^^^^^^^^^^^^^^^^^^^^^^^^^^^^
src/deriva_ml/dataset/dataset_bag.py:271: in list_dataset_members
    for k, v in nested_dataset.list_dataset_members(recurse=recurse).items():
                ^^^^^^^^^^^^^^^^^^^^^^^^^^^^^^^^^^^^^^^^^^^^^^^^^^^^
src/deriva_ml/dataset/dataset_bag.py:271: in list_dataset_members
    for k, v in nested_dataset.list_dataset_members(recurse=recurse).items():
                ^^^^^^^^^^^^^^^^^^^^^^^^^^^^^^^^^^^^^^^^^^^^^^^^^^^^
src/deriva_ml/dataset/dataset_bag.py:271: in list_dataset_members
    for k, v in nested_dataset.list_dataset_members(recurse=recurse).items():
                ^^^^^^^^^^^^^^^^^^^^^^^^^^^^^^^^^^^^^^^^^^^^^^^^^^^^
src/deriva_ml/dataset/dataset_bag.py:271: in list_dataset_members
    for k, v in nested_dataset.list_dataset_members(recurse=recurse).items():
                ^^^^^^^^^^^^^^^^^^^^^^^^^^^^^^^^^^^^^^^^^^^^^^^^^^^^
src/deriva_ml/dataset/dataset_bag.py:271: in list_dataset_members
    for k, v in nested_dataset.list_dataset_members(recurse=recurse).items():
                ^^^^^^^^^^^^^^^^^^^^^^^^^^^^^^^^^^^^^^^^^^^^^^^^^^^^
src/deriva_ml/dataset/dataset_bag.py:271: in list_dataset_members
    for k, v in nested_dataset.list_dataset_members(recurse=recurse).items():
                ^^^^^^^^^^^^^^^^^^^^^^^^^^^^^^^^^^^^^^^^^^^^^^^^^^^^
src/deriva_ml/dataset/dataset_bag.py:271: in list_dataset_members
    for k, v in nested_dataset.list_dataset_members(recurse=recurse).items():
                ^^^^^^^^^^^^^^^^^^^^^^^^^^^^^^^^^^^^^^^^^^^^^^^^^^^^
src/deriva_ml/dataset/dataset_bag.py:271: in list_dataset_members
    for k, v in nested_dataset.list_dataset_members(recurse=recurse).items():
                ^^^^^^^^^^^^^^^^^^^^^^^^^^^^^^^^^^^^^^^^^^^^^^^^^^^^
src/deriva_ml/dataset/dataset_bag.py:271: in list_dataset_members
    for k, v in nested_dataset.list_dataset_members(recurse=recurse).items():
                ^^^^^^^^^^^^^^^^^^^^^^^^^^^^^^^^^^^^^^^^^^^^^^^^^^^^
src/deriva_ml/dataset/dataset_bag.py:271: in list_dataset_members
    for k, v in nested_dataset.list_dataset_members(recurse=recurse).items():
                ^^^^^^^^^^^^^^^^^^^^^^^^^^^^^^^^^^^^^^^^^^^^^^^^^^^^
src/deriva_ml/dataset/dataset_bag.py:271: in list_dataset_members
    for k, v in nested_dataset.list_dataset_members(recurse=recurse).items():
                ^^^^^^^^^^^^^^^^^^^^^^^^^^^^^^^^^^^^^^^^^^^^^^^^^^^^
src/deriva_ml/dataset/dataset_bag.py:271: in list_dataset_members
    for k, v in nested_dataset.list_dataset_members(recurse=recurse).items():
                ^^^^^^^^^^^^^^^^^^^^^^^^^^^^^^^^^^^^^^^^^^^^^^^^^^^^
src/deriva_ml/dataset/dataset_bag.py:271: in list_dataset_members
    for k, v in nested_dataset.list_dataset_members(recurse=recurse).items():
                ^^^^^^^^^^^^^^^^^^^^^^^^^^^^^^^^^^^^^^^^^^^^^^^^^^^^
src/deriva_ml/dataset/dataset_bag.py:271: in list_dataset_members
    for k, v in nested_dataset.list_dataset_members(recurse=recurse).items():
                ^^^^^^^^^^^^^^^^^^^^^^^^^^^^^^^^^^^^^^^^^^^^^^^^^^^^
src/deriva_ml/dataset/dataset_bag.py:271: in list_dataset_members
    for k, v in nested_dataset.list_dataset_members(recurse=recurse).items():
                ^^^^^^^^^^^^^^^^^^^^^^^^^^^^^^^^^^^^^^^^^^^^^^^^^^^^
src/deriva_ml/dataset/dataset_bag.py:271: in list_dataset_members
    for k, v in nested_dataset.list_dataset_members(recurse=recurse).items():
                ^^^^^^^^^^^^^^^^^^^^^^^^^^^^^^^^^^^^^^^^^^^^^^^^^^^^
src/deriva_ml/dataset/dataset_bag.py:271: in list_dataset_members
    for k, v in nested_dataset.list_dataset_members(recurse=recurse).items():
                ^^^^^^^^^^^^^^^^^^^^^^^^^^^^^^^^^^^^^^^^^^^^^^^^^^^^
src/deriva_ml/dataset/dataset_bag.py:271: in list_dataset_members
    for k, v in nested_dataset.list_dataset_members(recurse=recurse).items():
                ^^^^^^^^^^^^^^^^^^^^^^^^^^^^^^^^^^^^^^^^^^^^^^^^^^^^
src/deriva_ml/dataset/dataset_bag.py:271: in list_dataset_members
    for k, v in nested_dataset.list_dataset_members(recurse=recurse).items():
                ^^^^^^^^^^^^^^^^^^^^^^^^^^^^^^^^^^^^^^^^^^^^^^^^^^^^
src/deriva_ml/dataset/dataset_bag.py:271: in list_dataset_members
    for k, v in nested_dataset.list_dataset_members(recurse=recurse).items():
                ^^^^^^^^^^^^^^^^^^^^^^^^^^^^^^^^^^^^^^^^^^^^^^^^^^^^
src/deriva_ml/dataset/dataset_bag.py:271: in list_dataset_members
    for k, v in nested_dataset.list_dataset_members(recurse=recurse).items():
                ^^^^^^^^^^^^^^^^^^^^^^^^^^^^^^^^^^^^^^^^^^^^^^^^^^^^
src/deriva_ml/dataset/dataset_bag.py:271: in list_dataset_members
    for k, v in nested_dataset.list_dataset_members(recurse=recurse).items():
                ^^^^^^^^^^^^^^^^^^^^^^^^^^^^^^^^^^^^^^^^^^^^^^^^^^^^
src/deriva_ml/dataset/dataset_bag.py:271: in list_dataset_members
    for k, v in nested_dataset.list_dataset_members(recurse=recurse).items():
                ^^^^^^^^^^^^^^^^^^^^^^^^^^^^^^^^^^^^^^^^^^^^^^^^^^^^
src/deriva_ml/dataset/dataset_bag.py:271: in list_dataset_members
    for k, v in nested_dataset.list_dataset_members(recurse=recurse).items():
                ^^^^^^^^^^^^^^^^^^^^^^^^^^^^^^^^^^^^^^^^^^^^^^^^^^^^
src/deriva_ml/dataset/dataset_bag.py:271: in list_dataset_members
    for k, v in nested_dataset.list_dataset_members(recurse=recurse).items():
                ^^^^^^^^^^^^^^^^^^^^^^^^^^^^^^^^^^^^^^^^^^^^^^^^^^^^
src/deriva_ml/dataset/dataset_bag.py:271: in list_dataset_members
    for k, v in nested_dataset.list_dataset_members(recurse=recurse).items():
                ^^^^^^^^^^^^^^^^^^^^^^^^^^^^^^^^^^^^^^^^^^^^^^^^^^^^
src/deriva_ml/dataset/dataset_bag.py:271: in list_dataset_members
    for k, v in nested_dataset.list_dataset_members(recurse=recurse).items():
                ^^^^^^^^^^^^^^^^^^^^^^^^^^^^^^^^^^^^^^^^^^^^^^^^^^^^
src/deriva_ml/dataset/dataset_bag.py:271: in list_dataset_members
    for k, v in nested_dataset.list_dataset_members(recurse=recurse).items():
                ^^^^^^^^^^^^^^^^^^^^^^^^^^^^^^^^^^^^^^^^^^^^^^^^^^^^
src/deriva_ml/dataset/dataset_bag.py:271: in list_dataset_members
    for k, v in nested_dataset.list_dataset_members(recurse=recurse).items():
                ^^^^^^^^^^^^^^^^^^^^^^^^^^^^^^^^^^^^^^^^^^^^^^^^^^^^
src/deriva_ml/dataset/dataset_bag.py:271: in list_dataset_members
    for k, v in nested_dataset.list_dataset_members(recurse=recurse).items():
                ^^^^^^^^^^^^^^^^^^^^^^^^^^^^^^^^^^^^^^^^^^^^^^^^^^^^
src/deriva_ml/dataset/dataset_bag.py:271: in list_dataset_members
    for k, v in nested_dataset.list_dataset_members(recurse=recurse).items():
                ^^^^^^^^^^^^^^^^^^^^^^^^^^^^^^^^^^^^^^^^^^^^^^^^^^^^
src/deriva_ml/dataset/dataset_bag.py:271: in list_dataset_members
    for k, v in nested_dataset.list_dataset_members(recurse=recurse).items():
                ^^^^^^^^^^^^^^^^^^^^^^^^^^^^^^^^^^^^^^^^^^^^^^^^^^^^
src/deriva_ml/dataset/dataset_bag.py:271: in list_dataset_members
    for k, v in nested_dataset.list_dataset_members(recurse=recurse).items():
                ^^^^^^^^^^^^^^^^^^^^^^^^^^^^^^^^^^^^^^^^^^^^^^^^^^^^
src/deriva_ml/dataset/dataset_bag.py:271: in list_dataset_members
    for k, v in nested_dataset.list_dataset_members(recurse=recurse).items():
                ^^^^^^^^^^^^^^^^^^^^^^^^^^^^^^^^^^^^^^^^^^^^^^^^^^^^
src/deriva_ml/dataset/dataset_bag.py:271: in list_dataset_members
    for k, v in nested_dataset.list_dataset_members(recurse=recurse).items():
                ^^^^^^^^^^^^^^^^^^^^^^^^^^^^^^^^^^^^^^^^^^^^^^^^^^^^
src/deriva_ml/dataset/dataset_bag.py:271: in list_dataset_members
    for k, v in nested_dataset.list_dataset_members(recurse=recurse).items():
                ^^^^^^^^^^^^^^^^^^^^^^^^^^^^^^^^^^^^^^^^^^^^^^^^^^^^
src/deriva_ml/dataset/dataset_bag.py:271: in list_dataset_members
    for k, v in nested_dataset.list_dataset_members(recurse=recurse).items():
                ^^^^^^^^^^^^^^^^^^^^^^^^^^^^^^^^^^^^^^^^^^^^^^^^^^^^
src/deriva_ml/dataset/dataset_bag.py:271: in list_dataset_members
    for k, v in nested_dataset.list_dataset_members(recurse=recurse).items():
                ^^^^^^^^^^^^^^^^^^^^^^^^^^^^^^^^^^^^^^^^^^^^^^^^^^^^
src/deriva_ml/dataset/dataset_bag.py:271: in list_dataset_members
    for k, v in nested_dataset.list_dataset_members(recurse=recurse).items():
                ^^^^^^^^^^^^^^^^^^^^^^^^^^^^^^^^^^^^^^^^^^^^^^^^^^^^
src/deriva_ml/dataset/dataset_bag.py:271: in list_dataset_members
    for k, v in nested_dataset.list_dataset_members(recurse=recurse).items():
                ^^^^^^^^^^^^^^^^^^^^^^^^^^^^^^^^^^^^^^^^^^^^^^^^^^^^
src/deriva_ml/dataset/dataset_bag.py:271: in list_dataset_members
    for k, v in nested_dataset.list_dataset_members(recurse=recurse).items():
                ^^^^^^^^^^^^^^^^^^^^^^^^^^^^^^^^^^^^^^^^^^^^^^^^^^^^
src/deriva_ml/dataset/dataset_bag.py:271: in list_dataset_members
    for k, v in nested_dataset.list_dataset_members(recurse=recurse).items():
                ^^^^^^^^^^^^^^^^^^^^^^^^^^^^^^^^^^^^^^^^^^^^^^^^^^^^
src/deriva_ml/dataset/dataset_bag.py:271: in list_dataset_members
    for k, v in nested_dataset.list_dataset_members(recurse=recurse).items():
                ^^^^^^^^^^^^^^^^^^^^^^^^^^^^^^^^^^^^^^^^^^^^^^^^^^^^
src/deriva_ml/dataset/dataset_bag.py:271: in list_dataset_members
    for k, v in nested_dataset.list_dataset_members(recurse=recurse).items():
                ^^^^^^^^^^^^^^^^^^^^^^^^^^^^^^^^^^^^^^^^^^^^^^^^^^^^
src/deriva_ml/dataset/dataset_bag.py:271: in list_dataset_members
    for k, v in nested_dataset.list_dataset_members(recurse=recurse).items():
                ^^^^^^^^^^^^^^^^^^^^^^^^^^^^^^^^^^^^^^^^^^^^^^^^^^^^
src/deriva_ml/dataset/dataset_bag.py:271: in list_dataset_members
    for k, v in nested_dataset.list_dataset_members(recurse=recurse).items():
                ^^^^^^^^^^^^^^^^^^^^^^^^^^^^^^^^^^^^^^^^^^^^^^^^^^^^
src/deriva_ml/dataset/dataset_bag.py:271: in list_dataset_members
    for k, v in nested_dataset.list_dataset_members(recurse=recurse).items():
                ^^^^^^^^^^^^^^^^^^^^^^^^^^^^^^^^^^^^^^^^^^^^^^^^^^^^
src/deriva_ml/dataset/dataset_bag.py:271: in list_dataset_members
    for k, v in nested_dataset.list_dataset_members(recurse=recurse).items():
                ^^^^^^^^^^^^^^^^^^^^^^^^^^^^^^^^^^^^^^^^^^^^^^^^^^^^
src/deriva_ml/dataset/dataset_bag.py:271: in list_dataset_members
    for k, v in nested_dataset.list_dataset_members(recurse=recurse).items():
                ^^^^^^^^^^^^^^^^^^^^^^^^^^^^^^^^^^^^^^^^^^^^^^^^^^^^
src/deriva_ml/dataset/dataset_bag.py:271: in list_dataset_members
    for k, v in nested_dataset.list_dataset_members(recurse=recurse).items():
                ^^^^^^^^^^^^^^^^^^^^^^^^^^^^^^^^^^^^^^^^^^^^^^^^^^^^
src/deriva_ml/dataset/dataset_bag.py:271: in list_dataset_members
    for k, v in nested_dataset.list_dataset_members(recurse=recurse).items():
                ^^^^^^^^^^^^^^^^^^^^^^^^^^^^^^^^^^^^^^^^^^^^^^^^^^^^
src/deriva_ml/dataset/dataset_bag.py:271: in list_dataset_members
    for k, v in nested_dataset.list_dataset_members(recurse=recurse).items():
                ^^^^^^^^^^^^^^^^^^^^^^^^^^^^^^^^^^^^^^^^^^^^^^^^^^^^
src/deriva_ml/dataset/dataset_bag.py:271: in list_dataset_members
    for k, v in nested_dataset.list_dataset_members(recurse=recurse).items():
                ^^^^^^^^^^^^^^^^^^^^^^^^^^^^^^^^^^^^^^^^^^^^^^^^^^^^
src/deriva_ml/dataset/dataset_bag.py:271: in list_dataset_members
    for k, v in nested_dataset.list_dataset_members(recurse=recurse).items():
                ^^^^^^^^^^^^^^^^^^^^^^^^^^^^^^^^^^^^^^^^^^^^^^^^^^^^
src/deriva_ml/dataset/dataset_bag.py:271: in list_dataset_members
    for k, v in nested_dataset.list_dataset_members(recurse=recurse).items():
                ^^^^^^^^^^^^^^^^^^^^^^^^^^^^^^^^^^^^^^^^^^^^^^^^^^^^
src/deriva_ml/dataset/dataset_bag.py:271: in list_dataset_members
    for k, v in nested_dataset.list_dataset_members(recurse=recurse).items():
                ^^^^^^^^^^^^^^^^^^^^^^^^^^^^^^^^^^^^^^^^^^^^^^^^^^^^
src/deriva_ml/dataset/dataset_bag.py:271: in list_dataset_members
    for k, v in nested_dataset.list_dataset_members(recurse=recurse).items():
                ^^^^^^^^^^^^^^^^^^^^^^^^^^^^^^^^^^^^^^^^^^^^^^^^^^^^
src/deriva_ml/dataset/dataset_bag.py:271: in list_dataset_members
    for k, v in nested_dataset.list_dataset_members(recurse=recurse).items():
                ^^^^^^^^^^^^^^^^^^^^^^^^^^^^^^^^^^^^^^^^^^^^^^^^^^^^
src/deriva_ml/dataset/dataset_bag.py:271: in list_dataset_members
    for k, v in nested_dataset.list_dataset_members(recurse=recurse).items():
                ^^^^^^^^^^^^^^^^^^^^^^^^^^^^^^^^^^^^^^^^^^^^^^^^^^^^
src/deriva_ml/dataset/dataset_bag.py:271: in list_dataset_members
    for k, v in nested_dataset.list_dataset_members(recurse=recurse).items():
                ^^^^^^^^^^^^^^^^^^^^^^^^^^^^^^^^^^^^^^^^^^^^^^^^^^^^
src/deriva_ml/dataset/dataset_bag.py:271: in list_dataset_members
    for k, v in nested_dataset.list_dataset_members(recurse=recurse).items():
                ^^^^^^^^^^^^^^^^^^^^^^^^^^^^^^^^^^^^^^^^^^^^^^^^^^^^
src/deriva_ml/dataset/dataset_bag.py:271: in list_dataset_members
    for k, v in nested_dataset.list_dataset_members(recurse=recurse).items():
                ^^^^^^^^^^^^^^^^^^^^^^^^^^^^^^^^^^^^^^^^^^^^^^^^^^^^
src/deriva_ml/dataset/dataset_bag.py:271: in list_dataset_members
    for k, v in nested_dataset.list_dataset_members(recurse=recurse).items():
                ^^^^^^^^^^^^^^^^^^^^^^^^^^^^^^^^^^^^^^^^^^^^^^^^^^^^
src/deriva_ml/dataset/dataset_bag.py:271: in list_dataset_members
    for k, v in nested_dataset.list_dataset_members(recurse=recurse).items():
                ^^^^^^^^^^^^^^^^^^^^^^^^^^^^^^^^^^^^^^^^^^^^^^^^^^^^
src/deriva_ml/dataset/dataset_bag.py:271: in list_dataset_members
    for k, v in nested_dataset.list_dataset_members(recurse=recurse).items():
                ^^^^^^^^^^^^^^^^^^^^^^^^^^^^^^^^^^^^^^^^^^^^^^^^^^^^
src/deriva_ml/dataset/dataset_bag.py:271: in list_dataset_members
    for k, v in nested_dataset.list_dataset_members(recurse=recurse).items():
                ^^^^^^^^^^^^^^^^^^^^^^^^^^^^^^^^^^^^^^^^^^^^^^^^^^^^
src/deriva_ml/dataset/dataset_bag.py:271: in list_dataset_members
    for k, v in nested_dataset.list_dataset_members(recurse=recurse).items():
                ^^^^^^^^^^^^^^^^^^^^^^^^^^^^^^^^^^^^^^^^^^^^^^^^^^^^
src/deriva_ml/dataset/dataset_bag.py:271: in list_dataset_members
    for k, v in nested_dataset.list_dataset_members(recurse=recurse).items():
                ^^^^^^^^^^^^^^^^^^^^^^^^^^^^^^^^^^^^^^^^^^^^^^^^^^^^
src/deriva_ml/dataset/dataset_bag.py:271: in list_dataset_members
    for k, v in nested_dataset.list_dataset_members(recurse=recurse).items():
                ^^^^^^^^^^^^^^^^^^^^^^^^^^^^^^^^^^^^^^^^^^^^^^^^^^^^
src/deriva_ml/dataset/dataset_bag.py:271: in list_dataset_members
    for k, v in nested_dataset.list_dataset_members(recurse=recurse).items():
                ^^^^^^^^^^^^^^^^^^^^^^^^^^^^^^^^^^^^^^^^^^^^^^^^^^^^
src/deriva_ml/dataset/dataset_bag.py:271: in list_dataset_members
    for k, v in nested_dataset.list_dataset_members(recurse=recurse).items():
                ^^^^^^^^^^^^^^^^^^^^^^^^^^^^^^^^^^^^^^^^^^^^^^^^^^^^
src/deriva_ml/dataset/dataset_bag.py:271: in list_dataset_members
    for k, v in nested_dataset.list_dataset_members(recurse=recurse).items():
                ^^^^^^^^^^^^^^^^^^^^^^^^^^^^^^^^^^^^^^^^^^^^^^^^^^^^
src/deriva_ml/dataset/dataset_bag.py:271: in list_dataset_members
    for k, v in nested_dataset.list_dataset_members(recurse=recurse).items():
                ^^^^^^^^^^^^^^^^^^^^^^^^^^^^^^^^^^^^^^^^^^^^^^^^^^^^
src/deriva_ml/dataset/dataset_bag.py:271: in list_dataset_members
    for k, v in nested_dataset.list_dataset_members(recurse=recurse).items():
                ^^^^^^^^^^^^^^^^^^^^^^^^^^^^^^^^^^^^^^^^^^^^^^^^^^^^
src/deriva_ml/dataset/dataset_bag.py:271: in list_dataset_members
    for k, v in nested_dataset.list_dataset_members(recurse=recurse).items():
                ^^^^^^^^^^^^^^^^^^^^^^^^^^^^^^^^^^^^^^^^^^^^^^^^^^^^
src/deriva_ml/dataset/dataset_bag.py:271: in list_dataset_members
    for k, v in nested_dataset.list_dataset_members(recurse=recurse).items():
                ^^^^^^^^^^^^^^^^^^^^^^^^^^^^^^^^^^^^^^^^^^^^^^^^^^^^
src/deriva_ml/dataset/dataset_bag.py:271: in list_dataset_members
    for k, v in nested_dataset.list_dataset_members(recurse=recurse).items():
                ^^^^^^^^^^^^^^^^^^^^^^^^^^^^^^^^^^^^^^^^^^^^^^^^^^^^
src/deriva_ml/dataset/dataset_bag.py:271: in list_dataset_members
    for k, v in nested_dataset.list_dataset_members(recurse=recurse).items():
                ^^^^^^^^^^^^^^^^^^^^^^^^^^^^^^^^^^^^^^^^^^^^^^^^^^^^
src/deriva_ml/dataset/dataset_bag.py:271: in list_dataset_members
    for k, v in nested_dataset.list_dataset_members(recurse=recurse).items():
                ^^^^^^^^^^^^^^^^^^^^^^^^^^^^^^^^^^^^^^^^^^^^^^^^^^^^
src/deriva_ml/dataset/dataset_bag.py:271: in list_dataset_members
    for k, v in nested_dataset.list_dataset_members(recurse=recurse).items():
                ^^^^^^^^^^^^^^^^^^^^^^^^^^^^^^^^^^^^^^^^^^^^^^^^^^^^
src/deriva_ml/dataset/dataset_bag.py:271: in list_dataset_members
    for k, v in nested_dataset.list_dataset_members(recurse=recurse).items():
                ^^^^^^^^^^^^^^^^^^^^^^^^^^^^^^^^^^^^^^^^^^^^^^^^^^^^
src/deriva_ml/dataset/dataset_bag.py:271: in list_dataset_members
    for k, v in nested_dataset.list_dataset_members(recurse=recurse).items():
                ^^^^^^^^^^^^^^^^^^^^^^^^^^^^^^^^^^^^^^^^^^^^^^^^^^^^
src/deriva_ml/dataset/dataset_bag.py:271: in list_dataset_members
    for k, v in nested_dataset.list_dataset_members(recurse=recurse).items():
                ^^^^^^^^^^^^^^^^^^^^^^^^^^^^^^^^^^^^^^^^^^^^^^^^^^^^
src/deriva_ml/dataset/dataset_bag.py:271: in list_dataset_members
    for k, v in nested_dataset.list_dataset_members(recurse=recurse).items():
                ^^^^^^^^^^^^^^^^^^^^^^^^^^^^^^^^^^^^^^^^^^^^^^^^^^^^
src/deriva_ml/dataset/dataset_bag.py:271: in list_dataset_members
    for k, v in nested_dataset.list_dataset_members(recurse=recurse).items():
                ^^^^^^^^^^^^^^^^^^^^^^^^^^^^^^^^^^^^^^^^^^^^^^^^^^^^
src/deriva_ml/dataset/dataset_bag.py:271: in list_dataset_members
    for k, v in nested_dataset.list_dataset_members(recurse=recurse).items():
                ^^^^^^^^^^^^^^^^^^^^^^^^^^^^^^^^^^^^^^^^^^^^^^^^^^^^
src/deriva_ml/dataset/dataset_bag.py:271: in list_dataset_members
    for k, v in nested_dataset.list_dataset_members(recurse=recurse).items():
                ^^^^^^^^^^^^^^^^^^^^^^^^^^^^^^^^^^^^^^^^^^^^^^^^^^^^
src/deriva_ml/dataset/dataset_bag.py:271: in list_dataset_members
    for k, v in nested_dataset.list_dataset_members(recurse=recurse).items():
                ^^^^^^^^^^^^^^^^^^^^^^^^^^^^^^^^^^^^^^^^^^^^^^^^^^^^
src/deriva_ml/dataset/dataset_bag.py:271: in list_dataset_members
    for k, v in nested_dataset.list_dataset_members(recurse=recurse).items():
                ^^^^^^^^^^^^^^^^^^^^^^^^^^^^^^^^^^^^^^^^^^^^^^^^^^^^
src/deriva_ml/dataset/dataset_bag.py:271: in list_dataset_members
    for k, v in nested_dataset.list_dataset_members(recurse=recurse).items():
                ^^^^^^^^^^^^^^^^^^^^^^^^^^^^^^^^^^^^^^^^^^^^^^^^^^^^
src/deriva_ml/dataset/dataset_bag.py:271: in list_dataset_members
    for k, v in nested_dataset.list_dataset_members(recurse=recurse).items():
                ^^^^^^^^^^^^^^^^^^^^^^^^^^^^^^^^^^^^^^^^^^^^^^^^^^^^
src/deriva_ml/dataset/dataset_bag.py:271: in list_dataset_members
    for k, v in nested_dataset.list_dataset_members(recurse=recurse).items():
                ^^^^^^^^^^^^^^^^^^^^^^^^^^^^^^^^^^^^^^^^^^^^^^^^^^^^
src/deriva_ml/dataset/dataset_bag.py:271: in list_dataset_members
    for k, v in nested_dataset.list_dataset_members(recurse=recurse).items():
                ^^^^^^^^^^^^^^^^^^^^^^^^^^^^^^^^^^^^^^^^^^^^^^^^^^^^
src/deriva_ml/dataset/dataset_bag.py:271: in list_dataset_members
    for k, v in nested_dataset.list_dataset_members(recurse=recurse).items():
                ^^^^^^^^^^^^^^^^^^^^^^^^^^^^^^^^^^^^^^^^^^^^^^^^^^^^
src/deriva_ml/dataset/dataset_bag.py:271: in list_dataset_members
    for k, v in nested_dataset.list_dataset_members(recurse=recurse).items():
                ^^^^^^^^^^^^^^^^^^^^^^^^^^^^^^^^^^^^^^^^^^^^^^^^^^^^
src/deriva_ml/dataset/dataset_bag.py:271: in list_dataset_members
    for k, v in nested_dataset.list_dataset_members(recurse=recurse).items():
                ^^^^^^^^^^^^^^^^^^^^^^^^^^^^^^^^^^^^^^^^^^^^^^^^^^^^
src/deriva_ml/dataset/dataset_bag.py:271: in list_dataset_members
    for k, v in nested_dataset.list_dataset_members(recurse=recurse).items():
                ^^^^^^^^^^^^^^^^^^^^^^^^^^^^^^^^^^^^^^^^^^^^^^^^^^^^
src/deriva_ml/dataset/dataset_bag.py:271: in list_dataset_members
    for k, v in nested_dataset.list_dataset_members(recurse=recurse).items():
                ^^^^^^^^^^^^^^^^^^^^^^^^^^^^^^^^^^^^^^^^^^^^^^^^^^^^
src/deriva_ml/dataset/dataset_bag.py:271: in list_dataset_members
    for k, v in nested_dataset.list_dataset_members(recurse=recurse).items():
                ^^^^^^^^^^^^^^^^^^^^^^^^^^^^^^^^^^^^^^^^^^^^^^^^^^^^
src/deriva_ml/dataset/dataset_bag.py:271: in list_dataset_members
    for k, v in nested_dataset.list_dataset_members(recurse=recurse).items():
                ^^^^^^^^^^^^^^^^^^^^^^^^^^^^^^^^^^^^^^^^^^^^^^^^^^^^
src/deriva_ml/dataset/dataset_bag.py:271: in list_dataset_members
    for k, v in nested_dataset.list_dataset_members(recurse=recurse).items():
                ^^^^^^^^^^^^^^^^^^^^^^^^^^^^^^^^^^^^^^^^^^^^^^^^^^^^
src/deriva_ml/dataset/dataset_bag.py:271: in list_dataset_members
    for k, v in nested_dataset.list_dataset_members(recurse=recurse).items():
                ^^^^^^^^^^^^^^^^^^^^^^^^^^^^^^^^^^^^^^^^^^^^^^^^^^^^
src/deriva_ml/dataset/dataset_bag.py:271: in list_dataset_members
    for k, v in nested_dataset.list_dataset_members(recurse=recurse).items():
                ^^^^^^^^^^^^^^^^^^^^^^^^^^^^^^^^^^^^^^^^^^^^^^^^^^^^
src/deriva_ml/dataset/dataset_bag.py:271: in list_dataset_members
    for k, v in nested_dataset.list_dataset_members(recurse=recurse).items():
                ^^^^^^^^^^^^^^^^^^^^^^^^^^^^^^^^^^^^^^^^^^^^^^^^^^^^
src/deriva_ml/dataset/dataset_bag.py:271: in list_dataset_members
    for k, v in nested_dataset.list_dataset_members(recurse=recurse).items():
                ^^^^^^^^^^^^^^^^^^^^^^^^^^^^^^^^^^^^^^^^^^^^^^^^^^^^
src/deriva_ml/dataset/dataset_bag.py:271: in list_dataset_members
    for k, v in nested_dataset.list_dataset_members(recurse=recurse).items():
                ^^^^^^^^^^^^^^^^^^^^^^^^^^^^^^^^^^^^^^^^^^^^^^^^^^^^
src/deriva_ml/dataset/dataset_bag.py:271: in list_dataset_members
    for k, v in nested_dataset.list_dataset_members(recurse=recurse).items():
                ^^^^^^^^^^^^^^^^^^^^^^^^^^^^^^^^^^^^^^^^^^^^^^^^^^^^
src/deriva_ml/dataset/dataset_bag.py:271: in list_dataset_members
    for k, v in nested_dataset.list_dataset_members(recurse=recurse).items():
                ^^^^^^^^^^^^^^^^^^^^^^^^^^^^^^^^^^^^^^^^^^^^^^^^^^^^
src/deriva_ml/dataset/dataset_bag.py:271: in list_dataset_members
    for k, v in nested_dataset.list_dataset_members(recurse=recurse).items():
                ^^^^^^^^^^^^^^^^^^^^^^^^^^^^^^^^^^^^^^^^^^^^^^^^^^^^
src/deriva_ml/dataset/dataset_bag.py:271: in list_dataset_members
    for k, v in nested_dataset.list_dataset_members(recurse=recurse).items():
                ^^^^^^^^^^^^^^^^^^^^^^^^^^^^^^^^^^^^^^^^^^^^^^^^^^^^
src/deriva_ml/dataset/dataset_bag.py:271: in list_dataset_members
    for k, v in nested_dataset.list_dataset_members(recurse=recurse).items():
                ^^^^^^^^^^^^^^^^^^^^^^^^^^^^^^^^^^^^^^^^^^^^^^^^^^^^
src/deriva_ml/dataset/dataset_bag.py:271: in list_dataset_members
    for k, v in nested_dataset.list_dataset_members(recurse=recurse).items():
                ^^^^^^^^^^^^^^^^^^^^^^^^^^^^^^^^^^^^^^^^^^^^^^^^^^^^
src/deriva_ml/dataset/dataset_bag.py:271: in list_dataset_members
    for k, v in nested_dataset.list_dataset_members(recurse=recurse).items():
                ^^^^^^^^^^^^^^^^^^^^^^^^^^^^^^^^^^^^^^^^^^^^^^^^^^^^
src/deriva_ml/dataset/dataset_bag.py:271: in list_dataset_members
    for k, v in nested_dataset.list_dataset_members(recurse=recurse).items():
                ^^^^^^^^^^^^^^^^^^^^^^^^^^^^^^^^^^^^^^^^^^^^^^^^^^^^
src/deriva_ml/dataset/dataset_bag.py:271: in list_dataset_members
    for k, v in nested_dataset.list_dataset_members(recurse=recurse).items():
                ^^^^^^^^^^^^^^^^^^^^^^^^^^^^^^^^^^^^^^^^^^^^^^^^^^^^
src/deriva_ml/dataset/dataset_bag.py:271: in list_dataset_members
    for k, v in nested_dataset.list_dataset_members(recurse=recurse).items():
                ^^^^^^^^^^^^^^^^^^^^^^^^^^^^^^^^^^^^^^^^^^^^^^^^^^^^
src/deriva_ml/dataset/dataset_bag.py:271: in list_dataset_members
    for k, v in nested_dataset.list_dataset_members(recurse=recurse).items():
                ^^^^^^^^^^^^^^^^^^^^^^^^^^^^^^^^^^^^^^^^^^^^^^^^^^^^
src/deriva_ml/dataset/dataset_bag.py:271: in list_dataset_members
    for k, v in nested_dataset.list_dataset_members(recurse=recurse).items():
                ^^^^^^^^^^^^^^^^^^^^^^^^^^^^^^^^^^^^^^^^^^^^^^^^^^^^
src/deriva_ml/dataset/dataset_bag.py:271: in list_dataset_members
    for k, v in nested_dataset.list_dataset_members(recurse=recurse).items():
                ^^^^^^^^^^^^^^^^^^^^^^^^^^^^^^^^^^^^^^^^^^^^^^^^^^^^
src/deriva_ml/dataset/dataset_bag.py:271: in list_dataset_members
    for k, v in nested_dataset.list_dataset_members(recurse=recurse).items():
                ^^^^^^^^^^^^^^^^^^^^^^^^^^^^^^^^^^^^^^^^^^^^^^^^^^^^
src/deriva_ml/dataset/dataset_bag.py:271: in list_dataset_members
    for k, v in nested_dataset.list_dataset_members(recurse=recurse).items():
                ^^^^^^^^^^^^^^^^^^^^^^^^^^^^^^^^^^^^^^^^^^^^^^^^^^^^
src/deriva_ml/dataset/dataset_bag.py:271: in list_dataset_members
    for k, v in nested_dataset.list_dataset_members(recurse=recurse).items():
                ^^^^^^^^^^^^^^^^^^^^^^^^^^^^^^^^^^^^^^^^^^^^^^^^^^^^
src/deriva_ml/dataset/dataset_bag.py:271: in list_dataset_members
    for k, v in nested_dataset.list_dataset_members(recurse=recurse).items():
                ^^^^^^^^^^^^^^^^^^^^^^^^^^^^^^^^^^^^^^^^^^^^^^^^^^^^
src/deriva_ml/dataset/dataset_bag.py:271: in list_dataset_members
    for k, v in nested_dataset.list_dataset_members(recurse=recurse).items():
                ^^^^^^^^^^^^^^^^^^^^^^^^^^^^^^^^^^^^^^^^^^^^^^^^^^^^
src/deriva_ml/dataset/dataset_bag.py:271: in list_dataset_members
    for k, v in nested_dataset.list_dataset_members(recurse=recurse).items():
                ^^^^^^^^^^^^^^^^^^^^^^^^^^^^^^^^^^^^^^^^^^^^^^^^^^^^
src/deriva_ml/dataset/dataset_bag.py:271: in list_dataset_members
    for k, v in nested_dataset.list_dataset_members(recurse=recurse).items():
                ^^^^^^^^^^^^^^^^^^^^^^^^^^^^^^^^^^^^^^^^^^^^^^^^^^^^
src/deriva_ml/dataset/dataset_bag.py:271: in list_dataset_members
    for k, v in nested_dataset.list_dataset_members(recurse=recurse).items():
                ^^^^^^^^^^^^^^^^^^^^^^^^^^^^^^^^^^^^^^^^^^^^^^^^^^^^
src/deriva_ml/dataset/dataset_bag.py:271: in list_dataset_members
    for k, v in nested_dataset.list_dataset_members(recurse=recurse).items():
                ^^^^^^^^^^^^^^^^^^^^^^^^^^^^^^^^^^^^^^^^^^^^^^^^^^^^
src/deriva_ml/dataset/dataset_bag.py:271: in list_dataset_members
    for k, v in nested_dataset.list_dataset_members(recurse=recurse).items():
                ^^^^^^^^^^^^^^^^^^^^^^^^^^^^^^^^^^^^^^^^^^^^^^^^^^^^
src/deriva_ml/dataset/dataset_bag.py:271: in list_dataset_members
    for k, v in nested_dataset.list_dataset_members(recurse=recurse).items():
                ^^^^^^^^^^^^^^^^^^^^^^^^^^^^^^^^^^^^^^^^^^^^^^^^^^^^
src/deriva_ml/dataset/dataset_bag.py:271: in list_dataset_members
    for k, v in nested_dataset.list_dataset_members(recurse=recurse).items():
                ^^^^^^^^^^^^^^^^^^^^^^^^^^^^^^^^^^^^^^^^^^^^^^^^^^^^
src/deriva_ml/dataset/dataset_bag.py:271: in list_dataset_members
    for k, v in nested_dataset.list_dataset_members(recurse=recurse).items():
                ^^^^^^^^^^^^^^^^^^^^^^^^^^^^^^^^^^^^^^^^^^^^^^^^^^^^
src/deriva_ml/dataset/dataset_bag.py:271: in list_dataset_members
    for k, v in nested_dataset.list_dataset_members(recurse=recurse).items():
                ^^^^^^^^^^^^^^^^^^^^^^^^^^^^^^^^^^^^^^^^^^^^^^^^^^^^
src/deriva_ml/dataset/dataset_bag.py:271: in list_dataset_members
    for k, v in nested_dataset.list_dataset_members(recurse=recurse).items():
                ^^^^^^^^^^^^^^^^^^^^^^^^^^^^^^^^^^^^^^^^^^^^^^^^^^^^
src/deriva_ml/dataset/dataset_bag.py:271: in list_dataset_members
    for k, v in nested_dataset.list_dataset_members(recurse=recurse).items():
                ^^^^^^^^^^^^^^^^^^^^^^^^^^^^^^^^^^^^^^^^^^^^^^^^^^^^
src/deriva_ml/dataset/dataset_bag.py:271: in list_dataset_members
    for k, v in nested_dataset.list_dataset_members(recurse=recurse).items():
                ^^^^^^^^^^^^^^^^^^^^^^^^^^^^^^^^^^^^^^^^^^^^^^^^^^^^
src/deriva_ml/dataset/dataset_bag.py:271: in list_dataset_members
    for k, v in nested_dataset.list_dataset_members(recurse=recurse).items():
                ^^^^^^^^^^^^^^^^^^^^^^^^^^^^^^^^^^^^^^^^^^^^^^^^^^^^
src/deriva_ml/dataset/dataset_bag.py:271: in list_dataset_members
    for k, v in nested_dataset.list_dataset_members(recurse=recurse).items():
                ^^^^^^^^^^^^^^^^^^^^^^^^^^^^^^^^^^^^^^^^^^^^^^^^^^^^
src/deriva_ml/dataset/dataset_bag.py:271: in list_dataset_members
    for k, v in nested_dataset.list_dataset_members(recurse=recurse).items():
                ^^^^^^^^^^^^^^^^^^^^^^^^^^^^^^^^^^^^^^^^^^^^^^^^^^^^
src/deriva_ml/dataset/dataset_bag.py:271: in list_dataset_members
    for k, v in nested_dataset.list_dataset_members(recurse=recurse).items():
                ^^^^^^^^^^^^^^^^^^^^^^^^^^^^^^^^^^^^^^^^^^^^^^^^^^^^
src/deriva_ml/dataset/dataset_bag.py:271: in list_dataset_members
    for k, v in nested_dataset.list_dataset_members(recurse=recurse).items():
                ^^^^^^^^^^^^^^^^^^^^^^^^^^^^^^^^^^^^^^^^^^^^^^^^^^^^
src/deriva_ml/dataset/dataset_bag.py:271: in list_dataset_members
    for k, v in nested_dataset.list_dataset_members(recurse=recurse).items():
                ^^^^^^^^^^^^^^^^^^^^^^^^^^^^^^^^^^^^^^^^^^^^^^^^^^^^
src/deriva_ml/dataset/dataset_bag.py:271: in list_dataset_members
    for k, v in nested_dataset.list_dataset_members(recurse=recurse).items():
                ^^^^^^^^^^^^^^^^^^^^^^^^^^^^^^^^^^^^^^^^^^^^^^^^^^^^
src/deriva_ml/dataset/dataset_bag.py:271: in list_dataset_members
    for k, v in nested_dataset.list_dataset_members(recurse=recurse).items():
                ^^^^^^^^^^^^^^^^^^^^^^^^^^^^^^^^^^^^^^^^^^^^^^^^^^^^
src/deriva_ml/dataset/dataset_bag.py:271: in list_dataset_members
    for k, v in nested_dataset.list_dataset_members(recurse=recurse).items():
                ^^^^^^^^^^^^^^^^^^^^^^^^^^^^^^^^^^^^^^^^^^^^^^^^^^^^
src/deriva_ml/dataset/dataset_bag.py:271: in list_dataset_members
    for k, v in nested_dataset.list_dataset_members(recurse=recurse).items():
                ^^^^^^^^^^^^^^^^^^^^^^^^^^^^^^^^^^^^^^^^^^^^^^^^^^^^
src/deriva_ml/dataset/dataset_bag.py:271: in list_dataset_members
    for k, v in nested_dataset.list_dataset_members(recurse=recurse).items():
                ^^^^^^^^^^^^^^^^^^^^^^^^^^^^^^^^^^^^^^^^^^^^^^^^^^^^
src/deriva_ml/dataset/dataset_bag.py:271: in list_dataset_members
    for k, v in nested_dataset.list_dataset_members(recurse=recurse).items():
                ^^^^^^^^^^^^^^^^^^^^^^^^^^^^^^^^^^^^^^^^^^^^^^^^^^^^
src/deriva_ml/dataset/dataset_bag.py:271: in list_dataset_members
    for k, v in nested_dataset.list_dataset_members(recurse=recurse).items():
                ^^^^^^^^^^^^^^^^^^^^^^^^^^^^^^^^^^^^^^^^^^^^^^^^^^^^
src/deriva_ml/dataset/dataset_bag.py:271: in list_dataset_members
    for k, v in nested_dataset.list_dataset_members(recurse=recurse).items():
                ^^^^^^^^^^^^^^^^^^^^^^^^^^^^^^^^^^^^^^^^^^^^^^^^^^^^
src/deriva_ml/dataset/dataset_bag.py:271: in list_dataset_members
    for k, v in nested_dataset.list_dataset_members(recurse=recurse).items():
                ^^^^^^^^^^^^^^^^^^^^^^^^^^^^^^^^^^^^^^^^^^^^^^^^^^^^
src/deriva_ml/dataset/dataset_bag.py:271: in list_dataset_members
    for k, v in nested_dataset.list_dataset_members(recurse=recurse).items():
                ^^^^^^^^^^^^^^^^^^^^^^^^^^^^^^^^^^^^^^^^^^^^^^^^^^^^
src/deriva_ml/dataset/dataset_bag.py:271: in list_dataset_members
    for k, v in nested_dataset.list_dataset_members(recurse=recurse).items():
                ^^^^^^^^^^^^^^^^^^^^^^^^^^^^^^^^^^^^^^^^^^^^^^^^^^^^
src/deriva_ml/dataset/dataset_bag.py:271: in list_dataset_members
    for k, v in nested_dataset.list_dataset_members(recurse=recurse).items():
                ^^^^^^^^^^^^^^^^^^^^^^^^^^^^^^^^^^^^^^^^^^^^^^^^^^^^
src/deriva_ml/dataset/dataset_bag.py:271: in list_dataset_members
    for k, v in nested_dataset.list_dataset_members(recurse=recurse).items():
                ^^^^^^^^^^^^^^^^^^^^^^^^^^^^^^^^^^^^^^^^^^^^^^^^^^^^
src/deriva_ml/dataset/dataset_bag.py:271: in list_dataset_members
    for k, v in nested_dataset.list_dataset_members(recurse=recurse).items():
                ^^^^^^^^^^^^^^^^^^^^^^^^^^^^^^^^^^^^^^^^^^^^^^^^^^^^
src/deriva_ml/dataset/dataset_bag.py:271: in list_dataset_members
    for k, v in nested_dataset.list_dataset_members(recurse=recurse).items():
                ^^^^^^^^^^^^^^^^^^^^^^^^^^^^^^^^^^^^^^^^^^^^^^^^^^^^
src/deriva_ml/dataset/dataset_bag.py:271: in list_dataset_members
    for k, v in nested_dataset.list_dataset_members(recurse=recurse).items():
                ^^^^^^^^^^^^^^^^^^^^^^^^^^^^^^^^^^^^^^^^^^^^^^^^^^^^
src/deriva_ml/dataset/dataset_bag.py:271: in list_dataset_members
    for k, v in nested_dataset.list_dataset_members(recurse=recurse).items():
                ^^^^^^^^^^^^^^^^^^^^^^^^^^^^^^^^^^^^^^^^^^^^^^^^^^^^
src/deriva_ml/dataset/dataset_bag.py:271: in list_dataset_members
    for k, v in nested_dataset.list_dataset_members(recurse=recurse).items():
                ^^^^^^^^^^^^^^^^^^^^^^^^^^^^^^^^^^^^^^^^^^^^^^^^^^^^
src/deriva_ml/dataset/dataset_bag.py:271: in list_dataset_members
    for k, v in nested_dataset.list_dataset_members(recurse=recurse).items():
                ^^^^^^^^^^^^^^^^^^^^^^^^^^^^^^^^^^^^^^^^^^^^^^^^^^^^
src/deriva_ml/dataset/dataset_bag.py:271: in list_dataset_members
    for k, v in nested_dataset.list_dataset_members(recurse=recurse).items():
                ^^^^^^^^^^^^^^^^^^^^^^^^^^^^^^^^^^^^^^^^^^^^^^^^^^^^
src/deriva_ml/dataset/dataset_bag.py:271: in list_dataset_members
    for k, v in nested_dataset.list_dataset_members(recurse=recurse).items():
                ^^^^^^^^^^^^^^^^^^^^^^^^^^^^^^^^^^^^^^^^^^^^^^^^^^^^
src/deriva_ml/dataset/dataset_bag.py:271: in list_dataset_members
    for k, v in nested_dataset.list_dataset_members(recurse=recurse).items():
                ^^^^^^^^^^^^^^^^^^^^^^^^^^^^^^^^^^^^^^^^^^^^^^^^^^^^
src/deriva_ml/dataset/dataset_bag.py:271: in list_dataset_members
    for k, v in nested_dataset.list_dataset_members(recurse=recurse).items():
                ^^^^^^^^^^^^^^^^^^^^^^^^^^^^^^^^^^^^^^^^^^^^^^^^^^^^
src/deriva_ml/dataset/dataset_bag.py:271: in list_dataset_members
    for k, v in nested_dataset.list_dataset_members(recurse=recurse).items():
                ^^^^^^^^^^^^^^^^^^^^^^^^^^^^^^^^^^^^^^^^^^^^^^^^^^^^
src/deriva_ml/dataset/dataset_bag.py:271: in list_dataset_members
    for k, v in nested_dataset.list_dataset_members(recurse=recurse).items():
                ^^^^^^^^^^^^^^^^^^^^^^^^^^^^^^^^^^^^^^^^^^^^^^^^^^^^
src/deriva_ml/dataset/dataset_bag.py:271: in list_dataset_members
    for k, v in nested_dataset.list_dataset_members(recurse=recurse).items():
                ^^^^^^^^^^^^^^^^^^^^^^^^^^^^^^^^^^^^^^^^^^^^^^^^^^^^
src/deriva_ml/dataset/dataset_bag.py:271: in list_dataset_members
    for k, v in nested_dataset.list_dataset_members(recurse=recurse).items():
                ^^^^^^^^^^^^^^^^^^^^^^^^^^^^^^^^^^^^^^^^^^^^^^^^^^^^
src/deriva_ml/dataset/dataset_bag.py:271: in list_dataset_members
    for k, v in nested_dataset.list_dataset_members(recurse=recurse).items():
                ^^^^^^^^^^^^^^^^^^^^^^^^^^^^^^^^^^^^^^^^^^^^^^^^^^^^
src/deriva_ml/dataset/dataset_bag.py:271: in list_dataset_members
    for k, v in nested_dataset.list_dataset_members(recurse=recurse).items():
                ^^^^^^^^^^^^^^^^^^^^^^^^^^^^^^^^^^^^^^^^^^^^^^^^^^^^
src/deriva_ml/dataset/dataset_bag.py:271: in list_dataset_members
    for k, v in nested_dataset.list_dataset_members(recurse=recurse).items():
                ^^^^^^^^^^^^^^^^^^^^^^^^^^^^^^^^^^^^^^^^^^^^^^^^^^^^
src/deriva_ml/dataset/dataset_bag.py:271: in list_dataset_members
    for k, v in nested_dataset.list_dataset_members(recurse=recurse).items():
                ^^^^^^^^^^^^^^^^^^^^^^^^^^^^^^^^^^^^^^^^^^^^^^^^^^^^
src/deriva_ml/dataset/dataset_bag.py:271: in list_dataset_members
    for k, v in nested_dataset.list_dataset_members(recurse=recurse).items():
                ^^^^^^^^^^^^^^^^^^^^^^^^^^^^^^^^^^^^^^^^^^^^^^^^^^^^
src/deriva_ml/dataset/dataset_bag.py:271: in list_dataset_members
    for k, v in nested_dataset.list_dataset_members(recurse=recurse).items():
                ^^^^^^^^^^^^^^^^^^^^^^^^^^^^^^^^^^^^^^^^^^^^^^^^^^^^
src/deriva_ml/dataset/dataset_bag.py:271: in list_dataset_members
    for k, v in nested_dataset.list_dataset_members(recurse=recurse).items():
                ^^^^^^^^^^^^^^^^^^^^^^^^^^^^^^^^^^^^^^^^^^^^^^^^^^^^
src/deriva_ml/dataset/dataset_bag.py:271: in list_dataset_members
    for k, v in nested_dataset.list_dataset_members(recurse=recurse).items():
                ^^^^^^^^^^^^^^^^^^^^^^^^^^^^^^^^^^^^^^^^^^^^^^^^^^^^
src/deriva_ml/dataset/dataset_bag.py:271: in list_dataset_members
    for k, v in nested_dataset.list_dataset_members(recurse=recurse).items():
                ^^^^^^^^^^^^^^^^^^^^^^^^^^^^^^^^^^^^^^^^^^^^^^^^^^^^
src/deriva_ml/dataset/dataset_bag.py:271: in list_dataset_members
    for k, v in nested_dataset.list_dataset_members(recurse=recurse).items():
                ^^^^^^^^^^^^^^^^^^^^^^^^^^^^^^^^^^^^^^^^^^^^^^^^^^^^
src/deriva_ml/dataset/dataset_bag.py:271: in list_dataset_members
    for k, v in nested_dataset.list_dataset_members(recurse=recurse).items():
                ^^^^^^^^^^^^^^^^^^^^^^^^^^^^^^^^^^^^^^^^^^^^^^^^^^^^
src/deriva_ml/dataset/dataset_bag.py:271: in list_dataset_members
    for k, v in nested_dataset.list_dataset_members(recurse=recurse).items():
                ^^^^^^^^^^^^^^^^^^^^^^^^^^^^^^^^^^^^^^^^^^^^^^^^^^^^
src/deriva_ml/dataset/dataset_bag.py:271: in list_dataset_members
    for k, v in nested_dataset.list_dataset_members(recurse=recurse).items():
                ^^^^^^^^^^^^^^^^^^^^^^^^^^^^^^^^^^^^^^^^^^^^^^^^^^^^
src/deriva_ml/dataset/dataset_bag.py:271: in list_dataset_members
    for k, v in nested_dataset.list_dataset_members(recurse=recurse).items():
                ^^^^^^^^^^^^^^^^^^^^^^^^^^^^^^^^^^^^^^^^^^^^^^^^^^^^
src/deriva_ml/dataset/dataset_bag.py:271: in list_dataset_members
    for k, v in nested_dataset.list_dataset_members(recurse=recurse).items():
                ^^^^^^^^^^^^^^^^^^^^^^^^^^^^^^^^^^^^^^^^^^^^^^^^^^^^
src/deriva_ml/dataset/dataset_bag.py:271: in list_dataset_members
    for k, v in nested_dataset.list_dataset_members(recurse=recurse).items():
                ^^^^^^^^^^^^^^^^^^^^^^^^^^^^^^^^^^^^^^^^^^^^^^^^^^^^
src/deriva_ml/dataset/dataset_bag.py:271: in list_dataset_members
    for k, v in nested_dataset.list_dataset_members(recurse=recurse).items():
                ^^^^^^^^^^^^^^^^^^^^^^^^^^^^^^^^^^^^^^^^^^^^^^^^^^^^
src/deriva_ml/dataset/dataset_bag.py:271: in list_dataset_members
    for k, v in nested_dataset.list_dataset_members(recurse=recurse).items():
                ^^^^^^^^^^^^^^^^^^^^^^^^^^^^^^^^^^^^^^^^^^^^^^^^^^^^
src/deriva_ml/dataset/dataset_bag.py:271: in list_dataset_members
    for k, v in nested_dataset.list_dataset_members(recurse=recurse).items():
                ^^^^^^^^^^^^^^^^^^^^^^^^^^^^^^^^^^^^^^^^^^^^^^^^^^^^
src/deriva_ml/dataset/dataset_bag.py:271: in list_dataset_members
    for k, v in nested_dataset.list_dataset_members(recurse=recurse).items():
                ^^^^^^^^^^^^^^^^^^^^^^^^^^^^^^^^^^^^^^^^^^^^^^^^^^^^
src/deriva_ml/dataset/dataset_bag.py:271: in list_dataset_members
    for k, v in nested_dataset.list_dataset_members(recurse=recurse).items():
                ^^^^^^^^^^^^^^^^^^^^^^^^^^^^^^^^^^^^^^^^^^^^^^^^^^^^
src/deriva_ml/dataset/dataset_bag.py:271: in list_dataset_members
    for k, v in nested_dataset.list_dataset_members(recurse=recurse).items():
                ^^^^^^^^^^^^^^^^^^^^^^^^^^^^^^^^^^^^^^^^^^^^^^^^^^^^
src/deriva_ml/dataset/dataset_bag.py:271: in list_dataset_members
    for k, v in nested_dataset.list_dataset_members(recurse=recurse).items():
                ^^^^^^^^^^^^^^^^^^^^^^^^^^^^^^^^^^^^^^^^^^^^^^^^^^^^
src/deriva_ml/dataset/dataset_bag.py:271: in list_dataset_members
    for k, v in nested_dataset.list_dataset_members(recurse=recurse).items():
                ^^^^^^^^^^^^^^^^^^^^^^^^^^^^^^^^^^^^^^^^^^^^^^^^^^^^
src/deriva_ml/dataset/dataset_bag.py:271: in list_dataset_members
    for k, v in nested_dataset.list_dataset_members(recurse=recurse).items():
                ^^^^^^^^^^^^^^^^^^^^^^^^^^^^^^^^^^^^^^^^^^^^^^^^^^^^
src/deriva_ml/dataset/dataset_bag.py:271: in list_dataset_members
    for k, v in nested_dataset.list_dataset_members(recurse=recurse).items():
                ^^^^^^^^^^^^^^^^^^^^^^^^^^^^^^^^^^^^^^^^^^^^^^^^^^^^
src/deriva_ml/dataset/dataset_bag.py:271: in list_dataset_members
    for k, v in nested_dataset.list_dataset_members(recurse=recurse).items():
                ^^^^^^^^^^^^^^^^^^^^^^^^^^^^^^^^^^^^^^^^^^^^^^^^^^^^
src/deriva_ml/dataset/dataset_bag.py:271: in list_dataset_members
    for k, v in nested_dataset.list_dataset_members(recurse=recurse).items():
                ^^^^^^^^^^^^^^^^^^^^^^^^^^^^^^^^^^^^^^^^^^^^^^^^^^^^
src/deriva_ml/dataset/dataset_bag.py:271: in list_dataset_members
    for k, v in nested_dataset.list_dataset_members(recurse=recurse).items():
                ^^^^^^^^^^^^^^^^^^^^^^^^^^^^^^^^^^^^^^^^^^^^^^^^^^^^
src/deriva_ml/dataset/dataset_bag.py:271: in list_dataset_members
    for k, v in nested_dataset.list_dataset_members(recurse=recurse).items():
                ^^^^^^^^^^^^^^^^^^^^^^^^^^^^^^^^^^^^^^^^^^^^^^^^^^^^
src/deriva_ml/dataset/dataset_bag.py:271: in list_dataset_members
    for k, v in nested_dataset.list_dataset_members(recurse=recurse).items():
                ^^^^^^^^^^^^^^^^^^^^^^^^^^^^^^^^^^^^^^^^^^^^^^^^^^^^
src/deriva_ml/dataset/dataset_bag.py:271: in list_dataset_members
    for k, v in nested_dataset.list_dataset_members(recurse=recurse).items():
                ^^^^^^^^^^^^^^^^^^^^^^^^^^^^^^^^^^^^^^^^^^^^^^^^^^^^
src/deriva_ml/dataset/dataset_bag.py:271: in list_dataset_members
    for k, v in nested_dataset.list_dataset_members(recurse=recurse).items():
                ^^^^^^^^^^^^^^^^^^^^^^^^^^^^^^^^^^^^^^^^^^^^^^^^^^^^
src/deriva_ml/dataset/dataset_bag.py:271: in list_dataset_members
    for k, v in nested_dataset.list_dataset_members(recurse=recurse).items():
                ^^^^^^^^^^^^^^^^^^^^^^^^^^^^^^^^^^^^^^^^^^^^^^^^^^^^
src/deriva_ml/dataset/dataset_bag.py:271: in list_dataset_members
    for k, v in nested_dataset.list_dataset_members(recurse=recurse).items():
                ^^^^^^^^^^^^^^^^^^^^^^^^^^^^^^^^^^^^^^^^^^^^^^^^^^^^
src/deriva_ml/dataset/dataset_bag.py:271: in list_dataset_members
    for k, v in nested_dataset.list_dataset_members(recurse=recurse).items():
                ^^^^^^^^^^^^^^^^^^^^^^^^^^^^^^^^^^^^^^^^^^^^^^^^^^^^
src/deriva_ml/dataset/dataset_bag.py:271: in list_dataset_members
    for k, v in nested_dataset.list_dataset_members(recurse=recurse).items():
                ^^^^^^^^^^^^^^^^^^^^^^^^^^^^^^^^^^^^^^^^^^^^^^^^^^^^
src/deriva_ml/dataset/dataset_bag.py:271: in list_dataset_members
    for k, v in nested_dataset.list_dataset_members(recurse=recurse).items():
                ^^^^^^^^^^^^^^^^^^^^^^^^^^^^^^^^^^^^^^^^^^^^^^^^^^^^
src/deriva_ml/dataset/dataset_bag.py:271: in list_dataset_members
    for k, v in nested_dataset.list_dataset_members(recurse=recurse).items():
                ^^^^^^^^^^^^^^^^^^^^^^^^^^^^^^^^^^^^^^^^^^^^^^^^^^^^
src/deriva_ml/dataset/dataset_bag.py:271: in list_dataset_members
    for k, v in nested_dataset.list_dataset_members(recurse=recurse).items():
                ^^^^^^^^^^^^^^^^^^^^^^^^^^^^^^^^^^^^^^^^^^^^^^^^^^^^
src/deriva_ml/dataset/dataset_bag.py:271: in list_dataset_members
    for k, v in nested_dataset.list_dataset_members(recurse=recurse).items():
                ^^^^^^^^^^^^^^^^^^^^^^^^^^^^^^^^^^^^^^^^^^^^^^^^^^^^
src/deriva_ml/dataset/dataset_bag.py:271: in list_dataset_members
    for k, v in nested_dataset.list_dataset_members(recurse=recurse).items():
                ^^^^^^^^^^^^^^^^^^^^^^^^^^^^^^^^^^^^^^^^^^^^^^^^^^^^
src/deriva_ml/dataset/dataset_bag.py:271: in list_dataset_members
    for k, v in nested_dataset.list_dataset_members(recurse=recurse).items():
                ^^^^^^^^^^^^^^^^^^^^^^^^^^^^^^^^^^^^^^^^^^^^^^^^^^^^
src/deriva_ml/dataset/dataset_bag.py:271: in list_dataset_members
    for k, v in nested_dataset.list_dataset_members(recurse=recurse).items():
                ^^^^^^^^^^^^^^^^^^^^^^^^^^^^^^^^^^^^^^^^^^^^^^^^^^^^
src/deriva_ml/dataset/dataset_bag.py:271: in list_dataset_members
    for k, v in nested_dataset.list_dataset_members(recurse=recurse).items():
                ^^^^^^^^^^^^^^^^^^^^^^^^^^^^^^^^^^^^^^^^^^^^^^^^^^^^
src/deriva_ml/dataset/dataset_bag.py:271: in list_dataset_members
    for k, v in nested_dataset.list_dataset_members(recurse=recurse).items():
                ^^^^^^^^^^^^^^^^^^^^^^^^^^^^^^^^^^^^^^^^^^^^^^^^^^^^
src/deriva_ml/dataset/dataset_bag.py:271: in list_dataset_members
    for k, v in nested_dataset.list_dataset_members(recurse=recurse).items():
                ^^^^^^^^^^^^^^^^^^^^^^^^^^^^^^^^^^^^^^^^^^^^^^^^^^^^
src/deriva_ml/dataset/dataset_bag.py:271: in list_dataset_members
    for k, v in nested_dataset.list_dataset_members(recurse=recurse).items():
                ^^^^^^^^^^^^^^^^^^^^^^^^^^^^^^^^^^^^^^^^^^^^^^^^^^^^
src/deriva_ml/dataset/dataset_bag.py:271: in list_dataset_members
    for k, v in nested_dataset.list_dataset_members(recurse=recurse).items():
                ^^^^^^^^^^^^^^^^^^^^^^^^^^^^^^^^^^^^^^^^^^^^^^^^^^^^
src/deriva_ml/dataset/dataset_bag.py:271: in list_dataset_members
    for k, v in nested_dataset.list_dataset_members(recurse=recurse).items():
                ^^^^^^^^^^^^^^^^^^^^^^^^^^^^^^^^^^^^^^^^^^^^^^^^^^^^
src/deriva_ml/dataset/dataset_bag.py:271: in list_dataset_members
    for k, v in nested_dataset.list_dataset_members(recurse=recurse).items():
                ^^^^^^^^^^^^^^^^^^^^^^^^^^^^^^^^^^^^^^^^^^^^^^^^^^^^
src/deriva_ml/dataset/dataset_bag.py:271: in list_dataset_members
    for k, v in nested_dataset.list_dataset_members(recurse=recurse).items():
                ^^^^^^^^^^^^^^^^^^^^^^^^^^^^^^^^^^^^^^^^^^^^^^^^^^^^
src/deriva_ml/dataset/dataset_bag.py:271: in list_dataset_members
    for k, v in nested_dataset.list_dataset_members(recurse=recurse).items():
                ^^^^^^^^^^^^^^^^^^^^^^^^^^^^^^^^^^^^^^^^^^^^^^^^^^^^
src/deriva_ml/dataset/dataset_bag.py:271: in list_dataset_members
    for k, v in nested_dataset.list_dataset_members(recurse=recurse).items():
                ^^^^^^^^^^^^^^^^^^^^^^^^^^^^^^^^^^^^^^^^^^^^^^^^^^^^
src/deriva_ml/dataset/dataset_bag.py:271: in list_dataset_members
    for k, v in nested_dataset.list_dataset_members(recurse=recurse).items():
                ^^^^^^^^^^^^^^^^^^^^^^^^^^^^^^^^^^^^^^^^^^^^^^^^^^^^
src/deriva_ml/dataset/dataset_bag.py:271: in list_dataset_members
    for k, v in nested_dataset.list_dataset_members(recurse=recurse).items():
                ^^^^^^^^^^^^^^^^^^^^^^^^^^^^^^^^^^^^^^^^^^^^^^^^^^^^
src/deriva_ml/dataset/dataset_bag.py:271: in list_dataset_members
    for k, v in nested_dataset.list_dataset_members(recurse=recurse).items():
                ^^^^^^^^^^^^^^^^^^^^^^^^^^^^^^^^^^^^^^^^^^^^^^^^^^^^
src/deriva_ml/dataset/dataset_bag.py:271: in list_dataset_members
    for k, v in nested_dataset.list_dataset_members(recurse=recurse).items():
                ^^^^^^^^^^^^^^^^^^^^^^^^^^^^^^^^^^^^^^^^^^^^^^^^^^^^
src/deriva_ml/dataset/dataset_bag.py:271: in list_dataset_members
    for k, v in nested_dataset.list_dataset_members(recurse=recurse).items():
                ^^^^^^^^^^^^^^^^^^^^^^^^^^^^^^^^^^^^^^^^^^^^^^^^^^^^
src/deriva_ml/dataset/dataset_bag.py:271: in list_dataset_members
    for k, v in nested_dataset.list_dataset_members(recurse=recurse).items():
                ^^^^^^^^^^^^^^^^^^^^^^^^^^^^^^^^^^^^^^^^^^^^^^^^^^^^
src/deriva_ml/dataset/dataset_bag.py:271: in list_dataset_members
    for k, v in nested_dataset.list_dataset_members(recurse=recurse).items():
                ^^^^^^^^^^^^^^^^^^^^^^^^^^^^^^^^^^^^^^^^^^^^^^^^^^^^
src/deriva_ml/dataset/dataset_bag.py:271: in list_dataset_members
    for k, v in nested_dataset.list_dataset_members(recurse=recurse).items():
                ^^^^^^^^^^^^^^^^^^^^^^^^^^^^^^^^^^^^^^^^^^^^^^^^^^^^
src/deriva_ml/dataset/dataset_bag.py:271: in list_dataset_members
    for k, v in nested_dataset.list_dataset_members(recurse=recurse).items():
                ^^^^^^^^^^^^^^^^^^^^^^^^^^^^^^^^^^^^^^^^^^^^^^^^^^^^
src/deriva_ml/dataset/dataset_bag.py:271: in list_dataset_members
    for k, v in nested_dataset.list_dataset_members(recurse=recurse).items():
                ^^^^^^^^^^^^^^^^^^^^^^^^^^^^^^^^^^^^^^^^^^^^^^^^^^^^
src/deriva_ml/dataset/dataset_bag.py:271: in list_dataset_members
    for k, v in nested_dataset.list_dataset_members(recurse=recurse).items():
                ^^^^^^^^^^^^^^^^^^^^^^^^^^^^^^^^^^^^^^^^^^^^^^^^^^^^
src/deriva_ml/dataset/dataset_bag.py:271: in list_dataset_members
    for k, v in nested_dataset.list_dataset_members(recurse=recurse).items():
                ^^^^^^^^^^^^^^^^^^^^^^^^^^^^^^^^^^^^^^^^^^^^^^^^^^^^
src/deriva_ml/dataset/dataset_bag.py:271: in list_dataset_members
    for k, v in nested_dataset.list_dataset_members(recurse=recurse).items():
                ^^^^^^^^^^^^^^^^^^^^^^^^^^^^^^^^^^^^^^^^^^^^^^^^^^^^
src/deriva_ml/dataset/dataset_bag.py:271: in list_dataset_members
    for k, v in nested_dataset.list_dataset_members(recurse=recurse).items():
                ^^^^^^^^^^^^^^^^^^^^^^^^^^^^^^^^^^^^^^^^^^^^^^^^^^^^
src/deriva_ml/dataset/dataset_bag.py:271: in list_dataset_members
    for k, v in nested_dataset.list_dataset_members(recurse=recurse).items():
                ^^^^^^^^^^^^^^^^^^^^^^^^^^^^^^^^^^^^^^^^^^^^^^^^^^^^
src/deriva_ml/dataset/dataset_bag.py:271: in list_dataset_members
    for k, v in nested_dataset.list_dataset_members(recurse=recurse).items():
                ^^^^^^^^^^^^^^^^^^^^^^^^^^^^^^^^^^^^^^^^^^^^^^^^^^^^
src/deriva_ml/dataset/dataset_bag.py:271: in list_dataset_members
    for k, v in nested_dataset.list_dataset_members(recurse=recurse).items():
                ^^^^^^^^^^^^^^^^^^^^^^^^^^^^^^^^^^^^^^^^^^^^^^^^^^^^
src/deriva_ml/dataset/dataset_bag.py:271: in list_dataset_members
    for k, v in nested_dataset.list_dataset_members(recurse=recurse).items():
                ^^^^^^^^^^^^^^^^^^^^^^^^^^^^^^^^^^^^^^^^^^^^^^^^^^^^
src/deriva_ml/dataset/dataset_bag.py:271: in list_dataset_members
    for k, v in nested_dataset.list_dataset_members(recurse=recurse).items():
                ^^^^^^^^^^^^^^^^^^^^^^^^^^^^^^^^^^^^^^^^^^^^^^^^^^^^
src/deriva_ml/dataset/dataset_bag.py:271: in list_dataset_members
    for k, v in nested_dataset.list_dataset_members(recurse=recurse).items():
                ^^^^^^^^^^^^^^^^^^^^^^^^^^^^^^^^^^^^^^^^^^^^^^^^^^^^
src/deriva_ml/dataset/dataset_bag.py:271: in list_dataset_members
    for k, v in nested_dataset.list_dataset_members(recurse=recurse).items():
                ^^^^^^^^^^^^^^^^^^^^^^^^^^^^^^^^^^^^^^^^^^^^^^^^^^^^
src/deriva_ml/dataset/dataset_bag.py:271: in list_dataset_members
    for k, v in nested_dataset.list_dataset_members(recurse=recurse).items():
                ^^^^^^^^^^^^^^^^^^^^^^^^^^^^^^^^^^^^^^^^^^^^^^^^^^^^
src/deriva_ml/dataset/dataset_bag.py:271: in list_dataset_members
    for k, v in nested_dataset.list_dataset_members(recurse=recurse).items():
                ^^^^^^^^^^^^^^^^^^^^^^^^^^^^^^^^^^^^^^^^^^^^^^^^^^^^
src/deriva_ml/dataset/dataset_bag.py:271: in list_dataset_members
    for k, v in nested_dataset.list_dataset_members(recurse=recurse).items():
                ^^^^^^^^^^^^^^^^^^^^^^^^^^^^^^^^^^^^^^^^^^^^^^^^^^^^
src/deriva_ml/dataset/dataset_bag.py:271: in list_dataset_members
    for k, v in nested_dataset.list_dataset_members(recurse=recurse).items():
                ^^^^^^^^^^^^^^^^^^^^^^^^^^^^^^^^^^^^^^^^^^^^^^^^^^^^
src/deriva_ml/dataset/dataset_bag.py:271: in list_dataset_members
    for k, v in nested_dataset.list_dataset_members(recurse=recurse).items():
                ^^^^^^^^^^^^^^^^^^^^^^^^^^^^^^^^^^^^^^^^^^^^^^^^^^^^
src/deriva_ml/dataset/dataset_bag.py:271: in list_dataset_members
    for k, v in nested_dataset.list_dataset_members(recurse=recurse).items():
                ^^^^^^^^^^^^^^^^^^^^^^^^^^^^^^^^^^^^^^^^^^^^^^^^^^^^
src/deriva_ml/dataset/dataset_bag.py:271: in list_dataset_members
    for k, v in nested_dataset.list_dataset_members(recurse=recurse).items():
                ^^^^^^^^^^^^^^^^^^^^^^^^^^^^^^^^^^^^^^^^^^^^^^^^^^^^
src/deriva_ml/dataset/dataset_bag.py:271: in list_dataset_members
    for k, v in nested_dataset.list_dataset_members(recurse=recurse).items():
                ^^^^^^^^^^^^^^^^^^^^^^^^^^^^^^^^^^^^^^^^^^^^^^^^^^^^
src/deriva_ml/dataset/dataset_bag.py:271: in list_dataset_members
    for k, v in nested_dataset.list_dataset_members(recurse=recurse).items():
                ^^^^^^^^^^^^^^^^^^^^^^^^^^^^^^^^^^^^^^^^^^^^^^^^^^^^
src/deriva_ml/dataset/dataset_bag.py:271: in list_dataset_members
    for k, v in nested_dataset.list_dataset_members(recurse=recurse).items():
                ^^^^^^^^^^^^^^^^^^^^^^^^^^^^^^^^^^^^^^^^^^^^^^^^^^^^
src/deriva_ml/dataset/dataset_bag.py:271: in list_dataset_members
    for k, v in nested_dataset.list_dataset_members(recurse=recurse).items():
                ^^^^^^^^^^^^^^^^^^^^^^^^^^^^^^^^^^^^^^^^^^^^^^^^^^^^
src/deriva_ml/dataset/dataset_bag.py:271: in list_dataset_members
    for k, v in nested_dataset.list_dataset_members(recurse=recurse).items():
                ^^^^^^^^^^^^^^^^^^^^^^^^^^^^^^^^^^^^^^^^^^^^^^^^^^^^
src/deriva_ml/dataset/dataset_bag.py:271: in list_dataset_members
    for k, v in nested_dataset.list_dataset_members(recurse=recurse).items():
                ^^^^^^^^^^^^^^^^^^^^^^^^^^^^^^^^^^^^^^^^^^^^^^^^^^^^
src/deriva_ml/dataset/dataset_bag.py:271: in list_dataset_members
    for k, v in nested_dataset.list_dataset_members(recurse=recurse).items():
                ^^^^^^^^^^^^^^^^^^^^^^^^^^^^^^^^^^^^^^^^^^^^^^^^^^^^
src/deriva_ml/dataset/dataset_bag.py:271: in list_dataset_members
    for k, v in nested_dataset.list_dataset_members(recurse=recurse).items():
                ^^^^^^^^^^^^^^^^^^^^^^^^^^^^^^^^^^^^^^^^^^^^^^^^^^^^
src/deriva_ml/dataset/dataset_bag.py:271: in list_dataset_members
    for k, v in nested_dataset.list_dataset_members(recurse=recurse).items():
                ^^^^^^^^^^^^^^^^^^^^^^^^^^^^^^^^^^^^^^^^^^^^^^^^^^^^
src/deriva_ml/dataset/dataset_bag.py:271: in list_dataset_members
    for k, v in nested_dataset.list_dataset_members(recurse=recurse).items():
                ^^^^^^^^^^^^^^^^^^^^^^^^^^^^^^^^^^^^^^^^^^^^^^^^^^^^
src/deriva_ml/dataset/dataset_bag.py:271: in list_dataset_members
    for k, v in nested_dataset.list_dataset_members(recurse=recurse).items():
                ^^^^^^^^^^^^^^^^^^^^^^^^^^^^^^^^^^^^^^^^^^^^^^^^^^^^
src/deriva_ml/dataset/dataset_bag.py:271: in list_dataset_members
    for k, v in nested_dataset.list_dataset_members(recurse=recurse).items():
                ^^^^^^^^^^^^^^^^^^^^^^^^^^^^^^^^^^^^^^^^^^^^^^^^^^^^
src/deriva_ml/dataset/dataset_bag.py:271: in list_dataset_members
    for k, v in nested_dataset.list_dataset_members(recurse=recurse).items():
                ^^^^^^^^^^^^^^^^^^^^^^^^^^^^^^^^^^^^^^^^^^^^^^^^^^^^
src/deriva_ml/dataset/dataset_bag.py:271: in list_dataset_members
    for k, v in nested_dataset.list_dataset_members(recurse=recurse).items():
                ^^^^^^^^^^^^^^^^^^^^^^^^^^^^^^^^^^^^^^^^^^^^^^^^^^^^
src/deriva_ml/dataset/dataset_bag.py:271: in list_dataset_members
    for k, v in nested_dataset.list_dataset_members(recurse=recurse).items():
                ^^^^^^^^^^^^^^^^^^^^^^^^^^^^^^^^^^^^^^^^^^^^^^^^^^^^
src/deriva_ml/dataset/dataset_bag.py:271: in list_dataset_members
    for k, v in nested_dataset.list_dataset_members(recurse=recurse).items():
                ^^^^^^^^^^^^^^^^^^^^^^^^^^^^^^^^^^^^^^^^^^^^^^^^^^^^
src/deriva_ml/dataset/dataset_bag.py:271: in list_dataset_members
    for k, v in nested_dataset.list_dataset_members(recurse=recurse).items():
                ^^^^^^^^^^^^^^^^^^^^^^^^^^^^^^^^^^^^^^^^^^^^^^^^^^^^
src/deriva_ml/dataset/dataset_bag.py:271: in list_dataset_members
    for k, v in nested_dataset.list_dataset_members(recurse=recurse).items():
                ^^^^^^^^^^^^^^^^^^^^^^^^^^^^^^^^^^^^^^^^^^^^^^^^^^^^
src/deriva_ml/dataset/dataset_bag.py:271: in list_dataset_members
    for k, v in nested_dataset.list_dataset_members(recurse=recurse).items():
                ^^^^^^^^^^^^^^^^^^^^^^^^^^^^^^^^^^^^^^^^^^^^^^^^^^^^
src/deriva_ml/dataset/dataset_bag.py:271: in list_dataset_members
    for k, v in nested_dataset.list_dataset_members(recurse=recurse).items():
                ^^^^^^^^^^^^^^^^^^^^^^^^^^^^^^^^^^^^^^^^^^^^^^^^^^^^
src/deriva_ml/dataset/dataset_bag.py:271: in list_dataset_members
    for k, v in nested_dataset.list_dataset_members(recurse=recurse).items():
                ^^^^^^^^^^^^^^^^^^^^^^^^^^^^^^^^^^^^^^^^^^^^^^^^^^^^
src/deriva_ml/dataset/dataset_bag.py:271: in list_dataset_members
    for k, v in nested_dataset.list_dataset_members(recurse=recurse).items():
                ^^^^^^^^^^^^^^^^^^^^^^^^^^^^^^^^^^^^^^^^^^^^^^^^^^^^
src/deriva_ml/dataset/dataset_bag.py:271: in list_dataset_members
    for k, v in nested_dataset.list_dataset_members(recurse=recurse).items():
                ^^^^^^^^^^^^^^^^^^^^^^^^^^^^^^^^^^^^^^^^^^^^^^^^^^^^
src/deriva_ml/dataset/dataset_bag.py:271: in list_dataset_members
    for k, v in nested_dataset.list_dataset_members(recurse=recurse).items():
                ^^^^^^^^^^^^^^^^^^^^^^^^^^^^^^^^^^^^^^^^^^^^^^^^^^^^
src/deriva_ml/dataset/dataset_bag.py:271: in list_dataset_members
    for k, v in nested_dataset.list_dataset_members(recurse=recurse).items():
                ^^^^^^^^^^^^^^^^^^^^^^^^^^^^^^^^^^^^^^^^^^^^^^^^^^^^
src/deriva_ml/dataset/dataset_bag.py:271: in list_dataset_members
    for k, v in nested_dataset.list_dataset_members(recurse=recurse).items():
                ^^^^^^^^^^^^^^^^^^^^^^^^^^^^^^^^^^^^^^^^^^^^^^^^^^^^
src/deriva_ml/dataset/dataset_bag.py:271: in list_dataset_members
    for k, v in nested_dataset.list_dataset_members(recurse=recurse).items():
                ^^^^^^^^^^^^^^^^^^^^^^^^^^^^^^^^^^^^^^^^^^^^^^^^^^^^
src/deriva_ml/dataset/dataset_bag.py:271: in list_dataset_members
    for k, v in nested_dataset.list_dataset_members(recurse=recurse).items():
                ^^^^^^^^^^^^^^^^^^^^^^^^^^^^^^^^^^^^^^^^^^^^^^^^^^^^
src/deriva_ml/dataset/dataset_bag.py:271: in list_dataset_members
    for k, v in nested_dataset.list_dataset_members(recurse=recurse).items():
                ^^^^^^^^^^^^^^^^^^^^^^^^^^^^^^^^^^^^^^^^^^^^^^^^^^^^
src/deriva_ml/dataset/dataset_bag.py:271: in list_dataset_members
    for k, v in nested_dataset.list_dataset_members(recurse=recurse).items():
                ^^^^^^^^^^^^^^^^^^^^^^^^^^^^^^^^^^^^^^^^^^^^^^^^^^^^
src/deriva_ml/dataset/dataset_bag.py:271: in list_dataset_members
    for k, v in nested_dataset.list_dataset_members(recurse=recurse).items():
                ^^^^^^^^^^^^^^^^^^^^^^^^^^^^^^^^^^^^^^^^^^^^^^^^^^^^
src/deriva_ml/dataset/dataset_bag.py:271: in list_dataset_members
    for k, v in nested_dataset.list_dataset_members(recurse=recurse).items():
                ^^^^^^^^^^^^^^^^^^^^^^^^^^^^^^^^^^^^^^^^^^^^^^^^^^^^
src/deriva_ml/dataset/dataset_bag.py:271: in list_dataset_members
    for k, v in nested_dataset.list_dataset_members(recurse=recurse).items():
                ^^^^^^^^^^^^^^^^^^^^^^^^^^^^^^^^^^^^^^^^^^^^^^^^^^^^
src/deriva_ml/dataset/dataset_bag.py:271: in list_dataset_members
    for k, v in nested_dataset.list_dataset_members(recurse=recurse).items():
                ^^^^^^^^^^^^^^^^^^^^^^^^^^^^^^^^^^^^^^^^^^^^^^^^^^^^
src/deriva_ml/dataset/dataset_bag.py:271: in list_dataset_members
    for k, v in nested_dataset.list_dataset_members(recurse=recurse).items():
                ^^^^^^^^^^^^^^^^^^^^^^^^^^^^^^^^^^^^^^^^^^^^^^^^^^^^
src/deriva_ml/dataset/dataset_bag.py:271: in list_dataset_members
    for k, v in nested_dataset.list_dataset_members(recurse=recurse).items():
                ^^^^^^^^^^^^^^^^^^^^^^^^^^^^^^^^^^^^^^^^^^^^^^^^^^^^
src/deriva_ml/dataset/dataset_bag.py:271: in list_dataset_members
    for k, v in nested_dataset.list_dataset_members(recurse=recurse).items():
                ^^^^^^^^^^^^^^^^^^^^^^^^^^^^^^^^^^^^^^^^^^^^^^^^^^^^
src/deriva_ml/dataset/dataset_bag.py:271: in list_dataset_members
    for k, v in nested_dataset.list_dataset_members(recurse=recurse).items():
                ^^^^^^^^^^^^^^^^^^^^^^^^^^^^^^^^^^^^^^^^^^^^^^^^^^^^
src/deriva_ml/dataset/dataset_bag.py:271: in list_dataset_members
    for k, v in nested_dataset.list_dataset_members(recurse=recurse).items():
                ^^^^^^^^^^^^^^^^^^^^^^^^^^^^^^^^^^^^^^^^^^^^^^^^^^^^
src/deriva_ml/dataset/dataset_bag.py:271: in list_dataset_members
    for k, v in nested_dataset.list_dataset_members(recurse=recurse).items():
                ^^^^^^^^^^^^^^^^^^^^^^^^^^^^^^^^^^^^^^^^^^^^^^^^^^^^
src/deriva_ml/dataset/dataset_bag.py:271: in list_dataset_members
    for k, v in nested_dataset.list_dataset_members(recurse=recurse).items():
                ^^^^^^^^^^^^^^^^^^^^^^^^^^^^^^^^^^^^^^^^^^^^^^^^^^^^
src/deriva_ml/dataset/dataset_bag.py:271: in list_dataset_members
    for k, v in nested_dataset.list_dataset_members(recurse=recurse).items():
                ^^^^^^^^^^^^^^^^^^^^^^^^^^^^^^^^^^^^^^^^^^^^^^^^^^^^
src/deriva_ml/dataset/dataset_bag.py:271: in list_dataset_members
    for k, v in nested_dataset.list_dataset_members(recurse=recurse).items():
                ^^^^^^^^^^^^^^^^^^^^^^^^^^^^^^^^^^^^^^^^^^^^^^^^^^^^
src/deriva_ml/dataset/dataset_bag.py:271: in list_dataset_members
    for k, v in nested_dataset.list_dataset_members(recurse=recurse).items():
                ^^^^^^^^^^^^^^^^^^^^^^^^^^^^^^^^^^^^^^^^^^^^^^^^^^^^
src/deriva_ml/dataset/dataset_bag.py:271: in list_dataset_members
    for k, v in nested_dataset.list_dataset_members(recurse=recurse).items():
                ^^^^^^^^^^^^^^^^^^^^^^^^^^^^^^^^^^^^^^^^^^^^^^^^^^^^
src/deriva_ml/dataset/dataset_bag.py:271: in list_dataset_members
    for k, v in nested_dataset.list_dataset_members(recurse=recurse).items():
                ^^^^^^^^^^^^^^^^^^^^^^^^^^^^^^^^^^^^^^^^^^^^^^^^^^^^
src/deriva_ml/dataset/dataset_bag.py:271: in list_dataset_members
    for k, v in nested_dataset.list_dataset_members(recurse=recurse).items():
                ^^^^^^^^^^^^^^^^^^^^^^^^^^^^^^^^^^^^^^^^^^^^^^^^^^^^
src/deriva_ml/dataset/dataset_bag.py:271: in list_dataset_members
    for k, v in nested_dataset.list_dataset_members(recurse=recurse).items():
                ^^^^^^^^^^^^^^^^^^^^^^^^^^^^^^^^^^^^^^^^^^^^^^^^^^^^
src/deriva_ml/dataset/dataset_bag.py:271: in list_dataset_members
    for k, v in nested_dataset.list_dataset_members(recurse=recurse).items():
                ^^^^^^^^^^^^^^^^^^^^^^^^^^^^^^^^^^^^^^^^^^^^^^^^^^^^
src/deriva_ml/dataset/dataset_bag.py:271: in list_dataset_members
    for k, v in nested_dataset.list_dataset_members(recurse=recurse).items():
                ^^^^^^^^^^^^^^^^^^^^^^^^^^^^^^^^^^^^^^^^^^^^^^^^^^^^
src/deriva_ml/dataset/dataset_bag.py:271: in list_dataset_members
    for k, v in nested_dataset.list_dataset_members(recurse=recurse).items():
                ^^^^^^^^^^^^^^^^^^^^^^^^^^^^^^^^^^^^^^^^^^^^^^^^^^^^
src/deriva_ml/dataset/dataset_bag.py:271: in list_dataset_members
    for k, v in nested_dataset.list_dataset_members(recurse=recurse).items():
                ^^^^^^^^^^^^^^^^^^^^^^^^^^^^^^^^^^^^^^^^^^^^^^^^^^^^
src/deriva_ml/dataset/dataset_bag.py:271: in list_dataset_members
    for k, v in nested_dataset.list_dataset_members(recurse=recurse).items():
                ^^^^^^^^^^^^^^^^^^^^^^^^^^^^^^^^^^^^^^^^^^^^^^^^^^^^
src/deriva_ml/dataset/dataset_bag.py:271: in list_dataset_members
    for k, v in nested_dataset.list_dataset_members(recurse=recurse).items():
                ^^^^^^^^^^^^^^^^^^^^^^^^^^^^^^^^^^^^^^^^^^^^^^^^^^^^
src/deriva_ml/dataset/dataset_bag.py:271: in list_dataset_members
    for k, v in nested_dataset.list_dataset_members(recurse=recurse).items():
                ^^^^^^^^^^^^^^^^^^^^^^^^^^^^^^^^^^^^^^^^^^^^^^^^^^^^
src/deriva_ml/dataset/dataset_bag.py:271: in list_dataset_members
    for k, v in nested_dataset.list_dataset_members(recurse=recurse).items():
                ^^^^^^^^^^^^^^^^^^^^^^^^^^^^^^^^^^^^^^^^^^^^^^^^^^^^
src/deriva_ml/dataset/dataset_bag.py:271: in list_dataset_members
    for k, v in nested_dataset.list_dataset_members(recurse=recurse).items():
                ^^^^^^^^^^^^^^^^^^^^^^^^^^^^^^^^^^^^^^^^^^^^^^^^^^^^
src/deriva_ml/dataset/dataset_bag.py:271: in list_dataset_members
    for k, v in nested_dataset.list_dataset_members(recurse=recurse).items():
                ^^^^^^^^^^^^^^^^^^^^^^^^^^^^^^^^^^^^^^^^^^^^^^^^^^^^
src/deriva_ml/dataset/dataset_bag.py:271: in list_dataset_members
    for k, v in nested_dataset.list_dataset_members(recurse=recurse).items():
                ^^^^^^^^^^^^^^^^^^^^^^^^^^^^^^^^^^^^^^^^^^^^^^^^^^^^
src/deriva_ml/dataset/dataset_bag.py:271: in list_dataset_members
    for k, v in nested_dataset.list_dataset_members(recurse=recurse).items():
                ^^^^^^^^^^^^^^^^^^^^^^^^^^^^^^^^^^^^^^^^^^^^^^^^^^^^
src/deriva_ml/dataset/dataset_bag.py:271: in list_dataset_members
    for k, v in nested_dataset.list_dataset_members(recurse=recurse).items():
                ^^^^^^^^^^^^^^^^^^^^^^^^^^^^^^^^^^^^^^^^^^^^^^^^^^^^
src/deriva_ml/dataset/dataset_bag.py:271: in list_dataset_members
    for k, v in nested_dataset.list_dataset_members(recurse=recurse).items():
                ^^^^^^^^^^^^^^^^^^^^^^^^^^^^^^^^^^^^^^^^^^^^^^^^^^^^
src/deriva_ml/dataset/dataset_bag.py:271: in list_dataset_members
    for k, v in nested_dataset.list_dataset_members(recurse=recurse).items():
                ^^^^^^^^^^^^^^^^^^^^^^^^^^^^^^^^^^^^^^^^^^^^^^^^^^^^
src/deriva_ml/dataset/dataset_bag.py:271: in list_dataset_members
    for k, v in nested_dataset.list_dataset_members(recurse=recurse).items():
                ^^^^^^^^^^^^^^^^^^^^^^^^^^^^^^^^^^^^^^^^^^^^^^^^^^^^
src/deriva_ml/dataset/dataset_bag.py:271: in list_dataset_members
    for k, v in nested_dataset.list_dataset_members(recurse=recurse).items():
                ^^^^^^^^^^^^^^^^^^^^^^^^^^^^^^^^^^^^^^^^^^^^^^^^^^^^
src/deriva_ml/dataset/dataset_bag.py:271: in list_dataset_members
    for k, v in nested_dataset.list_dataset_members(recurse=recurse).items():
                ^^^^^^^^^^^^^^^^^^^^^^^^^^^^^^^^^^^^^^^^^^^^^^^^^^^^
src/deriva_ml/dataset/dataset_bag.py:271: in list_dataset_members
    for k, v in nested_dataset.list_dataset_members(recurse=recurse).items():
                ^^^^^^^^^^^^^^^^^^^^^^^^^^^^^^^^^^^^^^^^^^^^^^^^^^^^
src/deriva_ml/dataset/dataset_bag.py:271: in list_dataset_members
    for k, v in nested_dataset.list_dataset_members(recurse=recurse).items():
                ^^^^^^^^^^^^^^^^^^^^^^^^^^^^^^^^^^^^^^^^^^^^^^^^^^^^
src/deriva_ml/dataset/dataset_bag.py:271: in list_dataset_members
    for k, v in nested_dataset.list_dataset_members(recurse=recurse).items():
                ^^^^^^^^^^^^^^^^^^^^^^^^^^^^^^^^^^^^^^^^^^^^^^^^^^^^
src/deriva_ml/dataset/dataset_bag.py:271: in list_dataset_members
    for k, v in nested_dataset.list_dataset_members(recurse=recurse).items():
                ^^^^^^^^^^^^^^^^^^^^^^^^^^^^^^^^^^^^^^^^^^^^^^^^^^^^
src/deriva_ml/dataset/dataset_bag.py:271: in list_dataset_members
    for k, v in nested_dataset.list_dataset_members(recurse=recurse).items():
                ^^^^^^^^^^^^^^^^^^^^^^^^^^^^^^^^^^^^^^^^^^^^^^^^^^^^
src/deriva_ml/dataset/dataset_bag.py:271: in list_dataset_members
    for k, v in nested_dataset.list_dataset_members(recurse=recurse).items():
                ^^^^^^^^^^^^^^^^^^^^^^^^^^^^^^^^^^^^^^^^^^^^^^^^^^^^
src/deriva_ml/dataset/dataset_bag.py:271: in list_dataset_members
    for k, v in nested_dataset.list_dataset_members(recurse=recurse).items():
                ^^^^^^^^^^^^^^^^^^^^^^^^^^^^^^^^^^^^^^^^^^^^^^^^^^^^
src/deriva_ml/dataset/dataset_bag.py:271: in list_dataset_members
    for k, v in nested_dataset.list_dataset_members(recurse=recurse).items():
                ^^^^^^^^^^^^^^^^^^^^^^^^^^^^^^^^^^^^^^^^^^^^^^^^^^^^
src/deriva_ml/dataset/dataset_bag.py:271: in list_dataset_members
    for k, v in nested_dataset.list_dataset_members(recurse=recurse).items():
                ^^^^^^^^^^^^^^^^^^^^^^^^^^^^^^^^^^^^^^^^^^^^^^^^^^^^
src/deriva_ml/dataset/dataset_bag.py:271: in list_dataset_members
    for k, v in nested_dataset.list_dataset_members(recurse=recurse).items():
                ^^^^^^^^^^^^^^^^^^^^^^^^^^^^^^^^^^^^^^^^^^^^^^^^^^^^
src/deriva_ml/dataset/dataset_bag.py:271: in list_dataset_members
    for k, v in nested_dataset.list_dataset_members(recurse=recurse).items():
                ^^^^^^^^^^^^^^^^^^^^^^^^^^^^^^^^^^^^^^^^^^^^^^^^^^^^
src/deriva_ml/dataset/dataset_bag.py:271: in list_dataset_members
    for k, v in nested_dataset.list_dataset_members(recurse=recurse).items():
                ^^^^^^^^^^^^^^^^^^^^^^^^^^^^^^^^^^^^^^^^^^^^^^^^^^^^
src/deriva_ml/dataset/dataset_bag.py:271: in list_dataset_members
    for k, v in nested_dataset.list_dataset_members(recurse=recurse).items():
                ^^^^^^^^^^^^^^^^^^^^^^^^^^^^^^^^^^^^^^^^^^^^^^^^^^^^
src/deriva_ml/dataset/dataset_bag.py:271: in list_dataset_members
    for k, v in nested_dataset.list_dataset_members(recurse=recurse).items():
                ^^^^^^^^^^^^^^^^^^^^^^^^^^^^^^^^^^^^^^^^^^^^^^^^^^^^
src/deriva_ml/dataset/dataset_bag.py:271: in list_dataset_members
    for k, v in nested_dataset.list_dataset_members(recurse=recurse).items():
                ^^^^^^^^^^^^^^^^^^^^^^^^^^^^^^^^^^^^^^^^^^^^^^^^^^^^
src/deriva_ml/dataset/dataset_bag.py:271: in list_dataset_members
    for k, v in nested_dataset.list_dataset_members(recurse=recurse).items():
                ^^^^^^^^^^^^^^^^^^^^^^^^^^^^^^^^^^^^^^^^^^^^^^^^^^^^
src/deriva_ml/dataset/dataset_bag.py:271: in list_dataset_members
    for k, v in nested_dataset.list_dataset_members(recurse=recurse).items():
                ^^^^^^^^^^^^^^^^^^^^^^^^^^^^^^^^^^^^^^^^^^^^^^^^^^^^
src/deriva_ml/dataset/dataset_bag.py:271: in list_dataset_members
    for k, v in nested_dataset.list_dataset_members(recurse=recurse).items():
                ^^^^^^^^^^^^^^^^^^^^^^^^^^^^^^^^^^^^^^^^^^^^^^^^^^^^
src/deriva_ml/dataset/dataset_bag.py:271: in list_dataset_members
    for k, v in nested_dataset.list_dataset_members(recurse=recurse).items():
                ^^^^^^^^^^^^^^^^^^^^^^^^^^^^^^^^^^^^^^^^^^^^^^^^^^^^
src/deriva_ml/dataset/dataset_bag.py:271: in list_dataset_members
    for k, v in nested_dataset.list_dataset_members(recurse=recurse).items():
                ^^^^^^^^^^^^^^^^^^^^^^^^^^^^^^^^^^^^^^^^^^^^^^^^^^^^
src/deriva_ml/dataset/dataset_bag.py:271: in list_dataset_members
    for k, v in nested_dataset.list_dataset_members(recurse=recurse).items():
                ^^^^^^^^^^^^^^^^^^^^^^^^^^^^^^^^^^^^^^^^^^^^^^^^^^^^
src/deriva_ml/dataset/dataset_bag.py:271: in list_dataset_members
    for k, v in nested_dataset.list_dataset_members(recurse=recurse).items():
                ^^^^^^^^^^^^^^^^^^^^^^^^^^^^^^^^^^^^^^^^^^^^^^^^^^^^
src/deriva_ml/dataset/dataset_bag.py:271: in list_dataset_members
    for k, v in nested_dataset.list_dataset_members(recurse=recurse).items():
                ^^^^^^^^^^^^^^^^^^^^^^^^^^^^^^^^^^^^^^^^^^^^^^^^^^^^
src/deriva_ml/dataset/dataset_bag.py:271: in list_dataset_members
    for k, v in nested_dataset.list_dataset_members(recurse=recurse).items():
                ^^^^^^^^^^^^^^^^^^^^^^^^^^^^^^^^^^^^^^^^^^^^^^^^^^^^
src/deriva_ml/dataset/dataset_bag.py:271: in list_dataset_members
    for k, v in nested_dataset.list_dataset_members(recurse=recurse).items():
                ^^^^^^^^^^^^^^^^^^^^^^^^^^^^^^^^^^^^^^^^^^^^^^^^^^^^
src/deriva_ml/dataset/dataset_bag.py:271: in list_dataset_members
    for k, v in nested_dataset.list_dataset_members(recurse=recurse).items():
                ^^^^^^^^^^^^^^^^^^^^^^^^^^^^^^^^^^^^^^^^^^^^^^^^^^^^
src/deriva_ml/dataset/dataset_bag.py:271: in list_dataset_members
    for k, v in nested_dataset.list_dataset_members(recurse=recurse).items():
                ^^^^^^^^^^^^^^^^^^^^^^^^^^^^^^^^^^^^^^^^^^^^^^^^^^^^
src/deriva_ml/dataset/dataset_bag.py:271: in list_dataset_members
    for k, v in nested_dataset.list_dataset_members(recurse=recurse).items():
                ^^^^^^^^^^^^^^^^^^^^^^^^^^^^^^^^^^^^^^^^^^^^^^^^^^^^
src/deriva_ml/dataset/dataset_bag.py:271: in list_dataset_members
    for k, v in nested_dataset.list_dataset_members(recurse=recurse).items():
                ^^^^^^^^^^^^^^^^^^^^^^^^^^^^^^^^^^^^^^^^^^^^^^^^^^^^
src/deriva_ml/dataset/dataset_bag.py:271: in list_dataset_members
    for k, v in nested_dataset.list_dataset_members(recurse=recurse).items():
                ^^^^^^^^^^^^^^^^^^^^^^^^^^^^^^^^^^^^^^^^^^^^^^^^^^^^
src/deriva_ml/dataset/dataset_bag.py:271: in list_dataset_members
    for k, v in nested_dataset.list_dataset_members(recurse=recurse).items():
                ^^^^^^^^^^^^^^^^^^^^^^^^^^^^^^^^^^^^^^^^^^^^^^^^^^^^
src/deriva_ml/dataset/dataset_bag.py:271: in list_dataset_members
    for k, v in nested_dataset.list_dataset_members(recurse=recurse).items():
                ^^^^^^^^^^^^^^^^^^^^^^^^^^^^^^^^^^^^^^^^^^^^^^^^^^^^
src/deriva_ml/dataset/dataset_bag.py:271: in list_dataset_members
    for k, v in nested_dataset.list_dataset_members(recurse=recurse).items():
                ^^^^^^^^^^^^^^^^^^^^^^^^^^^^^^^^^^^^^^^^^^^^^^^^^^^^
src/deriva_ml/dataset/dataset_bag.py:271: in list_dataset_members
    for k, v in nested_dataset.list_dataset_members(recurse=recurse).items():
                ^^^^^^^^^^^^^^^^^^^^^^^^^^^^^^^^^^^^^^^^^^^^^^^^^^^^
src/deriva_ml/dataset/dataset_bag.py:271: in list_dataset_members
    for k, v in nested_dataset.list_dataset_members(recurse=recurse).items():
                ^^^^^^^^^^^^^^^^^^^^^^^^^^^^^^^^^^^^^^^^^^^^^^^^^^^^
src/deriva_ml/dataset/dataset_bag.py:271: in list_dataset_members
    for k, v in nested_dataset.list_dataset_members(recurse=recurse).items():
                ^^^^^^^^^^^^^^^^^^^^^^^^^^^^^^^^^^^^^^^^^^^^^^^^^^^^
src/deriva_ml/dataset/dataset_bag.py:271: in list_dataset_members
    for k, v in nested_dataset.list_dataset_members(recurse=recurse).items():
                ^^^^^^^^^^^^^^^^^^^^^^^^^^^^^^^^^^^^^^^^^^^^^^^^^^^^
src/deriva_ml/dataset/dataset_bag.py:271: in list_dataset_members
    for k, v in nested_dataset.list_dataset_members(recurse=recurse).items():
                ^^^^^^^^^^^^^^^^^^^^^^^^^^^^^^^^^^^^^^^^^^^^^^^^^^^^
src/deriva_ml/dataset/dataset_bag.py:271: in list_dataset_members
    for k, v in nested_dataset.list_dataset_members(recurse=recurse).items():
                ^^^^^^^^^^^^^^^^^^^^^^^^^^^^^^^^^^^^^^^^^^^^^^^^^^^^
src/deriva_ml/dataset/dataset_bag.py:271: in list_dataset_members
    for k, v in nested_dataset.list_dataset_members(recurse=recurse).items():
                ^^^^^^^^^^^^^^^^^^^^^^^^^^^^^^^^^^^^^^^^^^^^^^^^^^^^
src/deriva_ml/dataset/dataset_bag.py:271: in list_dataset_members
    for k, v in nested_dataset.list_dataset_members(recurse=recurse).items():
                ^^^^^^^^^^^^^^^^^^^^^^^^^^^^^^^^^^^^^^^^^^^^^^^^^^^^
src/deriva_ml/dataset/dataset_bag.py:271: in list_dataset_members
    for k, v in nested_dataset.list_dataset_members(recurse=recurse).items():
                ^^^^^^^^^^^^^^^^^^^^^^^^^^^^^^^^^^^^^^^^^^^^^^^^^^^^
src/deriva_ml/dataset/dataset_bag.py:271: in list_dataset_members
    for k, v in nested_dataset.list_dataset_members(recurse=recurse).items():
                ^^^^^^^^^^^^^^^^^^^^^^^^^^^^^^^^^^^^^^^^^^^^^^^^^^^^
src/deriva_ml/dataset/dataset_bag.py:271: in list_dataset_members
    for k, v in nested_dataset.list_dataset_members(recurse=recurse).items():
                ^^^^^^^^^^^^^^^^^^^^^^^^^^^^^^^^^^^^^^^^^^^^^^^^^^^^
src/deriva_ml/dataset/dataset_bag.py:271: in list_dataset_members
    for k, v in nested_dataset.list_dataset_members(recurse=recurse).items():
                ^^^^^^^^^^^^^^^^^^^^^^^^^^^^^^^^^^^^^^^^^^^^^^^^^^^^
src/deriva_ml/dataset/dataset_bag.py:271: in list_dataset_members
    for k, v in nested_dataset.list_dataset_members(recurse=recurse).items():
                ^^^^^^^^^^^^^^^^^^^^^^^^^^^^^^^^^^^^^^^^^^^^^^^^^^^^
src/deriva_ml/dataset/dataset_bag.py:271: in list_dataset_members
    for k, v in nested_dataset.list_dataset_members(recurse=recurse).items():
                ^^^^^^^^^^^^^^^^^^^^^^^^^^^^^^^^^^^^^^^^^^^^^^^^^^^^
src/deriva_ml/dataset/dataset_bag.py:271: in list_dataset_members
    for k, v in nested_dataset.list_dataset_members(recurse=recurse).items():
                ^^^^^^^^^^^^^^^^^^^^^^^^^^^^^^^^^^^^^^^^^^^^^^^^^^^^
src/deriva_ml/dataset/dataset_bag.py:271: in list_dataset_members
    for k, v in nested_dataset.list_dataset_members(recurse=recurse).items():
                ^^^^^^^^^^^^^^^^^^^^^^^^^^^^^^^^^^^^^^^^^^^^^^^^^^^^
src/deriva_ml/dataset/dataset_bag.py:271: in list_dataset_members
    for k, v in nested_dataset.list_dataset_members(recurse=recurse).items():
                ^^^^^^^^^^^^^^^^^^^^^^^^^^^^^^^^^^^^^^^^^^^^^^^^^^^^
src/deriva_ml/dataset/dataset_bag.py:271: in list_dataset_members
    for k, v in nested_dataset.list_dataset_members(recurse=recurse).items():
                ^^^^^^^^^^^^^^^^^^^^^^^^^^^^^^^^^^^^^^^^^^^^^^^^^^^^
src/deriva_ml/dataset/dataset_bag.py:271: in list_dataset_members
    for k, v in nested_dataset.list_dataset_members(recurse=recurse).items():
                ^^^^^^^^^^^^^^^^^^^^^^^^^^^^^^^^^^^^^^^^^^^^^^^^^^^^
src/deriva_ml/dataset/dataset_bag.py:271: in list_dataset_members
    for k, v in nested_dataset.list_dataset_members(recurse=recurse).items():
                ^^^^^^^^^^^^^^^^^^^^^^^^^^^^^^^^^^^^^^^^^^^^^^^^^^^^
src/deriva_ml/dataset/dataset_bag.py:271: in list_dataset_members
    for k, v in nested_dataset.list_dataset_members(recurse=recurse).items():
                ^^^^^^^^^^^^^^^^^^^^^^^^^^^^^^^^^^^^^^^^^^^^^^^^^^^^
src/deriva_ml/dataset/dataset_bag.py:271: in list_dataset_members
    for k, v in nested_dataset.list_dataset_members(recurse=recurse).items():
                ^^^^^^^^^^^^^^^^^^^^^^^^^^^^^^^^^^^^^^^^^^^^^^^^^^^^
src/deriva_ml/dataset/dataset_bag.py:271: in list_dataset_members
    for k, v in nested_dataset.list_dataset_members(recurse=recurse).items():
                ^^^^^^^^^^^^^^^^^^^^^^^^^^^^^^^^^^^^^^^^^^^^^^^^^^^^
src/deriva_ml/dataset/dataset_bag.py:271: in list_dataset_members
    for k, v in nested_dataset.list_dataset_members(recurse=recurse).items():
                ^^^^^^^^^^^^^^^^^^^^^^^^^^^^^^^^^^^^^^^^^^^^^^^^^^^^
src/deriva_ml/dataset/dataset_bag.py:271: in list_dataset_members
    for k, v in nested_dataset.list_dataset_members(recurse=recurse).items():
                ^^^^^^^^^^^^^^^^^^^^^^^^^^^^^^^^^^^^^^^^^^^^^^^^^^^^
src/deriva_ml/dataset/dataset_bag.py:271: in list_dataset_members
    for k, v in nested_dataset.list_dataset_members(recurse=recurse).items():
                ^^^^^^^^^^^^^^^^^^^^^^^^^^^^^^^^^^^^^^^^^^^^^^^^^^^^
src/deriva_ml/dataset/dataset_bag.py:271: in list_dataset_members
    for k, v in nested_dataset.list_dataset_members(recurse=recurse).items():
                ^^^^^^^^^^^^^^^^^^^^^^^^^^^^^^^^^^^^^^^^^^^^^^^^^^^^
src/deriva_ml/dataset/dataset_bag.py:271: in list_dataset_members
    for k, v in nested_dataset.list_dataset_members(recurse=recurse).items():
                ^^^^^^^^^^^^^^^^^^^^^^^^^^^^^^^^^^^^^^^^^^^^^^^^^^^^
src/deriva_ml/dataset/dataset_bag.py:271: in list_dataset_members
    for k, v in nested_dataset.list_dataset_members(recurse=recurse).items():
                ^^^^^^^^^^^^^^^^^^^^^^^^^^^^^^^^^^^^^^^^^^^^^^^^^^^^
src/deriva_ml/dataset/dataset_bag.py:271: in list_dataset_members
    for k, v in nested_dataset.list_dataset_members(recurse=recurse).items():
                ^^^^^^^^^^^^^^^^^^^^^^^^^^^^^^^^^^^^^^^^^^^^^^^^^^^^
src/deriva_ml/dataset/dataset_bag.py:271: in list_dataset_members
    for k, v in nested_dataset.list_dataset_members(recurse=recurse).items():
                ^^^^^^^^^^^^^^^^^^^^^^^^^^^^^^^^^^^^^^^^^^^^^^^^^^^^
src/deriva_ml/dataset/dataset_bag.py:271: in list_dataset_members
    for k, v in nested_dataset.list_dataset_members(recurse=recurse).items():
                ^^^^^^^^^^^^^^^^^^^^^^^^^^^^^^^^^^^^^^^^^^^^^^^^^^^^
src/deriva_ml/dataset/dataset_bag.py:271: in list_dataset_members
    for k, v in nested_dataset.list_dataset_members(recurse=recurse).items():
                ^^^^^^^^^^^^^^^^^^^^^^^^^^^^^^^^^^^^^^^^^^^^^^^^^^^^
src/deriva_ml/dataset/dataset_bag.py:271: in list_dataset_members
    for k, v in nested_dataset.list_dataset_members(recurse=recurse).items():
                ^^^^^^^^^^^^^^^^^^^^^^^^^^^^^^^^^^^^^^^^^^^^^^^^^^^^
src/deriva_ml/dataset/dataset_bag.py:271: in list_dataset_members
    for k, v in nested_dataset.list_dataset_members(recurse=recurse).items():
                ^^^^^^^^^^^^^^^^^^^^^^^^^^^^^^^^^^^^^^^^^^^^^^^^^^^^
src/deriva_ml/dataset/dataset_bag.py:271: in list_dataset_members
    for k, v in nested_dataset.list_dataset_members(recurse=recurse).items():
                ^^^^^^^^^^^^^^^^^^^^^^^^^^^^^^^^^^^^^^^^^^^^^^^^^^^^
src/deriva_ml/dataset/dataset_bag.py:271: in list_dataset_members
    for k, v in nested_dataset.list_dataset_members(recurse=recurse).items():
                ^^^^^^^^^^^^^^^^^^^^^^^^^^^^^^^^^^^^^^^^^^^^^^^^^^^^
src/deriva_ml/dataset/dataset_bag.py:271: in list_dataset_members
    for k, v in nested_dataset.list_dataset_members(recurse=recurse).items():
                ^^^^^^^^^^^^^^^^^^^^^^^^^^^^^^^^^^^^^^^^^^^^^^^^^^^^
src/deriva_ml/dataset/dataset_bag.py:271: in list_dataset_members
    for k, v in nested_dataset.list_dataset_members(recurse=recurse).items():
                ^^^^^^^^^^^^^^^^^^^^^^^^^^^^^^^^^^^^^^^^^^^^^^^^^^^^
src/deriva_ml/dataset/dataset_bag.py:271: in list_dataset_members
    for k, v in nested_dataset.list_dataset_members(recurse=recurse).items():
                ^^^^^^^^^^^^^^^^^^^^^^^^^^^^^^^^^^^^^^^^^^^^^^^^^^^^
src/deriva_ml/dataset/dataset_bag.py:271: in list_dataset_members
    for k, v in nested_dataset.list_dataset_members(recurse=recurse).items():
                ^^^^^^^^^^^^^^^^^^^^^^^^^^^^^^^^^^^^^^^^^^^^^^^^^^^^
src/deriva_ml/dataset/dataset_bag.py:271: in list_dataset_members
    for k, v in nested_dataset.list_dataset_members(recurse=recurse).items():
                ^^^^^^^^^^^^^^^^^^^^^^^^^^^^^^^^^^^^^^^^^^^^^^^^^^^^
src/deriva_ml/dataset/dataset_bag.py:271: in list_dataset_members
    for k, v in nested_dataset.list_dataset_members(recurse=recurse).items():
                ^^^^^^^^^^^^^^^^^^^^^^^^^^^^^^^^^^^^^^^^^^^^^^^^^^^^
src/deriva_ml/dataset/dataset_bag.py:271: in list_dataset_members
    for k, v in nested_dataset.list_dataset_members(recurse=recurse).items():
                ^^^^^^^^^^^^^^^^^^^^^^^^^^^^^^^^^^^^^^^^^^^^^^^^^^^^
src/deriva_ml/dataset/dataset_bag.py:271: in list_dataset_members
    for k, v in nested_dataset.list_dataset_members(recurse=recurse).items():
                ^^^^^^^^^^^^^^^^^^^^^^^^^^^^^^^^^^^^^^^^^^^^^^^^^^^^
src/deriva_ml/dataset/dataset_bag.py:271: in list_dataset_members
    for k, v in nested_dataset.list_dataset_members(recurse=recurse).items():
                ^^^^^^^^^^^^^^^^^^^^^^^^^^^^^^^^^^^^^^^^^^^^^^^^^^^^
src/deriva_ml/dataset/dataset_bag.py:271: in list_dataset_members
    for k, v in nested_dataset.list_dataset_members(recurse=recurse).items():
                ^^^^^^^^^^^^^^^^^^^^^^^^^^^^^^^^^^^^^^^^^^^^^^^^^^^^
src/deriva_ml/dataset/dataset_bag.py:271: in list_dataset_members
    for k, v in nested_dataset.list_dataset_members(recurse=recurse).items():
                ^^^^^^^^^^^^^^^^^^^^^^^^^^^^^^^^^^^^^^^^^^^^^^^^^^^^
src/deriva_ml/dataset/dataset_bag.py:271: in list_dataset_members
    for k, v in nested_dataset.list_dataset_members(recurse=recurse).items():
                ^^^^^^^^^^^^^^^^^^^^^^^^^^^^^^^^^^^^^^^^^^^^^^^^^^^^
src/deriva_ml/dataset/dataset_bag.py:271: in list_dataset_members
    for k, v in nested_dataset.list_dataset_members(recurse=recurse).items():
                ^^^^^^^^^^^^^^^^^^^^^^^^^^^^^^^^^^^^^^^^^^^^^^^^^^^^
src/deriva_ml/dataset/dataset_bag.py:271: in list_dataset_members
    for k, v in nested_dataset.list_dataset_members(recurse=recurse).items():
                ^^^^^^^^^^^^^^^^^^^^^^^^^^^^^^^^^^^^^^^^^^^^^^^^^^^^
src/deriva_ml/dataset/dataset_bag.py:271: in list_dataset_members
    for k, v in nested_dataset.list_dataset_members(recurse=recurse).items():
                ^^^^^^^^^^^^^^^^^^^^^^^^^^^^^^^^^^^^^^^^^^^^^^^^^^^^
src/deriva_ml/dataset/dataset_bag.py:271: in list_dataset_members
    for k, v in nested_dataset.list_dataset_members(recurse=recurse).items():
                ^^^^^^^^^^^^^^^^^^^^^^^^^^^^^^^^^^^^^^^^^^^^^^^^^^^^
src/deriva_ml/dataset/dataset_bag.py:271: in list_dataset_members
    for k, v in nested_dataset.list_dataset_members(recurse=recurse).items():
                ^^^^^^^^^^^^^^^^^^^^^^^^^^^^^^^^^^^^^^^^^^^^^^^^^^^^
src/deriva_ml/dataset/dataset_bag.py:271: in list_dataset_members
    for k, v in nested_dataset.list_dataset_members(recurse=recurse).items():
                ^^^^^^^^^^^^^^^^^^^^^^^^^^^^^^^^^^^^^^^^^^^^^^^^^^^^
src/deriva_ml/dataset/dataset_bag.py:271: in list_dataset_members
    for k, v in nested_dataset.list_dataset_members(recurse=recurse).items():
                ^^^^^^^^^^^^^^^^^^^^^^^^^^^^^^^^^^^^^^^^^^^^^^^^^^^^
src/deriva_ml/dataset/dataset_bag.py:271: in list_dataset_members
    for k, v in nested_dataset.list_dataset_members(recurse=recurse).items():
                ^^^^^^^^^^^^^^^^^^^^^^^^^^^^^^^^^^^^^^^^^^^^^^^^^^^^
src/deriva_ml/dataset/dataset_bag.py:271: in list_dataset_members
    for k, v in nested_dataset.list_dataset_members(recurse=recurse).items():
                ^^^^^^^^^^^^^^^^^^^^^^^^^^^^^^^^^^^^^^^^^^^^^^^^^^^^
src/deriva_ml/dataset/dataset_bag.py:271: in list_dataset_members
    for k, v in nested_dataset.list_dataset_members(recurse=recurse).items():
                ^^^^^^^^^^^^^^^^^^^^^^^^^^^^^^^^^^^^^^^^^^^^^^^^^^^^
src/deriva_ml/dataset/dataset_bag.py:271: in list_dataset_members
    for k, v in nested_dataset.list_dataset_members(recurse=recurse).items():
                ^^^^^^^^^^^^^^^^^^^^^^^^^^^^^^^^^^^^^^^^^^^^^^^^^^^^
src/deriva_ml/dataset/dataset_bag.py:271: in list_dataset_members
    for k, v in nested_dataset.list_dataset_members(recurse=recurse).items():
                ^^^^^^^^^^^^^^^^^^^^^^^^^^^^^^^^^^^^^^^^^^^^^^^^^^^^
src/deriva_ml/dataset/dataset_bag.py:271: in list_dataset_members
    for k, v in nested_dataset.list_dataset_members(recurse=recurse).items():
                ^^^^^^^^^^^^^^^^^^^^^^^^^^^^^^^^^^^^^^^^^^^^^^^^^^^^
src/deriva_ml/dataset/dataset_bag.py:271: in list_dataset_members
    for k, v in nested_dataset.list_dataset_members(recurse=recurse).items():
                ^^^^^^^^^^^^^^^^^^^^^^^^^^^^^^^^^^^^^^^^^^^^^^^^^^^^
src/deriva_ml/dataset/dataset_bag.py:271: in list_dataset_members
    for k, v in nested_dataset.list_dataset_members(recurse=recurse).items():
                ^^^^^^^^^^^^^^^^^^^^^^^^^^^^^^^^^^^^^^^^^^^^^^^^^^^^
src/deriva_ml/dataset/dataset_bag.py:271: in list_dataset_members
    for k, v in nested_dataset.list_dataset_members(recurse=recurse).items():
                ^^^^^^^^^^^^^^^^^^^^^^^^^^^^^^^^^^^^^^^^^^^^^^^^^^^^
src/deriva_ml/dataset/dataset_bag.py:271: in list_dataset_members
    for k, v in nested_dataset.list_dataset_members(recurse=recurse).items():
                ^^^^^^^^^^^^^^^^^^^^^^^^^^^^^^^^^^^^^^^^^^^^^^^^^^^^
src/deriva_ml/dataset/dataset_bag.py:271: in list_dataset_members
    for k, v in nested_dataset.list_dataset_members(recurse=recurse).items():
                ^^^^^^^^^^^^^^^^^^^^^^^^^^^^^^^^^^^^^^^^^^^^^^^^^^^^
src/deriva_ml/dataset/dataset_bag.py:271: in list_dataset_members
    for k, v in nested_dataset.list_dataset_members(recurse=recurse).items():
                ^^^^^^^^^^^^^^^^^^^^^^^^^^^^^^^^^^^^^^^^^^^^^^^^^^^^
src/deriva_ml/dataset/dataset_bag.py:271: in list_dataset_members
    for k, v in nested_dataset.list_dataset_members(recurse=recurse).items():
                ^^^^^^^^^^^^^^^^^^^^^^^^^^^^^^^^^^^^^^^^^^^^^^^^^^^^
src/deriva_ml/dataset/dataset_bag.py:271: in list_dataset_members
    for k, v in nested_dataset.list_dataset_members(recurse=recurse).items():
                ^^^^^^^^^^^^^^^^^^^^^^^^^^^^^^^^^^^^^^^^^^^^^^^^^^^^
src/deriva_ml/dataset/dataset_bag.py:271: in list_dataset_members
    for k, v in nested_dataset.list_dataset_members(recurse=recurse).items():
                ^^^^^^^^^^^^^^^^^^^^^^^^^^^^^^^^^^^^^^^^^^^^^^^^^^^^
src/deriva_ml/dataset/dataset_bag.py:271: in list_dataset_members
    for k, v in nested_dataset.list_dataset_members(recurse=recurse).items():
                ^^^^^^^^^^^^^^^^^^^^^^^^^^^^^^^^^^^^^^^^^^^^^^^^^^^^
src/deriva_ml/dataset/dataset_bag.py:271: in list_dataset_members
    for k, v in nested_dataset.list_dataset_members(recurse=recurse).items():
                ^^^^^^^^^^^^^^^^^^^^^^^^^^^^^^^^^^^^^^^^^^^^^^^^^^^^
src/deriva_ml/dataset/dataset_bag.py:271: in list_dataset_members
    for k, v in nested_dataset.list_dataset_members(recurse=recurse).items():
                ^^^^^^^^^^^^^^^^^^^^^^^^^^^^^^^^^^^^^^^^^^^^^^^^^^^^
src/deriva_ml/dataset/dataset_bag.py:271: in list_dataset_members
    for k, v in nested_dataset.list_dataset_members(recurse=recurse).items():
                ^^^^^^^^^^^^^^^^^^^^^^^^^^^^^^^^^^^^^^^^^^^^^^^^^^^^
src/deriva_ml/dataset/dataset_bag.py:271: in list_dataset_members
    for k, v in nested_dataset.list_dataset_members(recurse=recurse).items():
                ^^^^^^^^^^^^^^^^^^^^^^^^^^^^^^^^^^^^^^^^^^^^^^^^^^^^
src/deriva_ml/dataset/dataset_bag.py:271: in list_dataset_members
    for k, v in nested_dataset.list_dataset_members(recurse=recurse).items():
                ^^^^^^^^^^^^^^^^^^^^^^^^^^^^^^^^^^^^^^^^^^^^^^^^^^^^
src/deriva_ml/dataset/dataset_bag.py:271: in list_dataset_members
    for k, v in nested_dataset.list_dataset_members(recurse=recurse).items():
                ^^^^^^^^^^^^^^^^^^^^^^^^^^^^^^^^^^^^^^^^^^^^^^^^^^^^
src/deriva_ml/dataset/dataset_bag.py:271: in list_dataset_members
    for k, v in nested_dataset.list_dataset_members(recurse=recurse).items():
                ^^^^^^^^^^^^^^^^^^^^^^^^^^^^^^^^^^^^^^^^^^^^^^^^^^^^
src/deriva_ml/dataset/dataset_bag.py:271: in list_dataset_members
    for k, v in nested_dataset.list_dataset_members(recurse=recurse).items():
                ^^^^^^^^^^^^^^^^^^^^^^^^^^^^^^^^^^^^^^^^^^^^^^^^^^^^
src/deriva_ml/dataset/dataset_bag.py:271: in list_dataset_members
    for k, v in nested_dataset.list_dataset_members(recurse=recurse).items():
                ^^^^^^^^^^^^^^^^^^^^^^^^^^^^^^^^^^^^^^^^^^^^^^^^^^^^
src/deriva_ml/dataset/dataset_bag.py:271: in list_dataset_members
    for k, v in nested_dataset.list_dataset_members(recurse=recurse).items():
                ^^^^^^^^^^^^^^^^^^^^^^^^^^^^^^^^^^^^^^^^^^^^^^^^^^^^
src/deriva_ml/dataset/dataset_bag.py:271: in list_dataset_members
    for k, v in nested_dataset.list_dataset_members(recurse=recurse).items():
                ^^^^^^^^^^^^^^^^^^^^^^^^^^^^^^^^^^^^^^^^^^^^^^^^^^^^
src/deriva_ml/dataset/dataset_bag.py:271: in list_dataset_members
    for k, v in nested_dataset.list_dataset_members(recurse=recurse).items():
                ^^^^^^^^^^^^^^^^^^^^^^^^^^^^^^^^^^^^^^^^^^^^^^^^^^^^
src/deriva_ml/dataset/dataset_bag.py:271: in list_dataset_members
    for k, v in nested_dataset.list_dataset_members(recurse=recurse).items():
                ^^^^^^^^^^^^^^^^^^^^^^^^^^^^^^^^^^^^^^^^^^^^^^^^^^^^
src/deriva_ml/dataset/dataset_bag.py:271: in list_dataset_members
    for k, v in nested_dataset.list_dataset_members(recurse=recurse).items():
                ^^^^^^^^^^^^^^^^^^^^^^^^^^^^^^^^^^^^^^^^^^^^^^^^^^^^
src/deriva_ml/dataset/dataset_bag.py:271: in list_dataset_members
    for k, v in nested_dataset.list_dataset_members(recurse=recurse).items():
                ^^^^^^^^^^^^^^^^^^^^^^^^^^^^^^^^^^^^^^^^^^^^^^^^^^^^
src/deriva_ml/dataset/dataset_bag.py:271: in list_dataset_members
    for k, v in nested_dataset.list_dataset_members(recurse=recurse).items():
                ^^^^^^^^^^^^^^^^^^^^^^^^^^^^^^^^^^^^^^^^^^^^^^^^^^^^
src/deriva_ml/dataset/dataset_bag.py:271: in list_dataset_members
    for k, v in nested_dataset.list_dataset_members(recurse=recurse).items():
                ^^^^^^^^^^^^^^^^^^^^^^^^^^^^^^^^^^^^^^^^^^^^^^^^^^^^
src/deriva_ml/dataset/dataset_bag.py:271: in list_dataset_members
    for k, v in nested_dataset.list_dataset_members(recurse=recurse).items():
                ^^^^^^^^^^^^^^^^^^^^^^^^^^^^^^^^^^^^^^^^^^^^^^^^^^^^
src/deriva_ml/dataset/dataset_bag.py:271: in list_dataset_members
    for k, v in nested_dataset.list_dataset_members(recurse=recurse).items():
                ^^^^^^^^^^^^^^^^^^^^^^^^^^^^^^^^^^^^^^^^^^^^^^^^^^^^
src/deriva_ml/dataset/dataset_bag.py:271: in list_dataset_members
    for k, v in nested_dataset.list_dataset_members(recurse=recurse).items():
                ^^^^^^^^^^^^^^^^^^^^^^^^^^^^^^^^^^^^^^^^^^^^^^^^^^^^
src/deriva_ml/dataset/dataset_bag.py:271: in list_dataset_members
    for k, v in nested_dataset.list_dataset_members(recurse=recurse).items():
                ^^^^^^^^^^^^^^^^^^^^^^^^^^^^^^^^^^^^^^^^^^^^^^^^^^^^
src/deriva_ml/dataset/dataset_bag.py:271: in list_dataset_members
    for k, v in nested_dataset.list_dataset_members(recurse=recurse).items():
                ^^^^^^^^^^^^^^^^^^^^^^^^^^^^^^^^^^^^^^^^^^^^^^^^^^^^
src/deriva_ml/dataset/dataset_bag.py:271: in list_dataset_members
    for k, v in nested_dataset.list_dataset_members(recurse=recurse).items():
                ^^^^^^^^^^^^^^^^^^^^^^^^^^^^^^^^^^^^^^^^^^^^^^^^^^^^
src/deriva_ml/dataset/dataset_bag.py:271: in list_dataset_members
    for k, v in nested_dataset.list_dataset_members(recurse=recurse).items():
                ^^^^^^^^^^^^^^^^^^^^^^^^^^^^^^^^^^^^^^^^^^^^^^^^^^^^
src/deriva_ml/dataset/dataset_bag.py:271: in list_dataset_members
    for k, v in nested_dataset.list_dataset_members(recurse=recurse).items():
                ^^^^^^^^^^^^^^^^^^^^^^^^^^^^^^^^^^^^^^^^^^^^^^^^^^^^
src/deriva_ml/dataset/dataset_bag.py:271: in list_dataset_members
    for k, v in nested_dataset.list_dataset_members(recurse=recurse).items():
                ^^^^^^^^^^^^^^^^^^^^^^^^^^^^^^^^^^^^^^^^^^^^^^^^^^^^
src/deriva_ml/dataset/dataset_bag.py:271: in list_dataset_members
    for k, v in nested_dataset.list_dataset_members(recurse=recurse).items():
                ^^^^^^^^^^^^^^^^^^^^^^^^^^^^^^^^^^^^^^^^^^^^^^^^^^^^
src/deriva_ml/dataset/dataset_bag.py:271: in list_dataset_members
    for k, v in nested_dataset.list_dataset_members(recurse=recurse).items():
                ^^^^^^^^^^^^^^^^^^^^^^^^^^^^^^^^^^^^^^^^^^^^^^^^^^^^
src/deriva_ml/dataset/dataset_bag.py:271: in list_dataset_members
    for k, v in nested_dataset.list_dataset_members(recurse=recurse).items():
                ^^^^^^^^^^^^^^^^^^^^^^^^^^^^^^^^^^^^^^^^^^^^^^^^^^^^
src/deriva_ml/dataset/dataset_bag.py:271: in list_dataset_members
    for k, v in nested_dataset.list_dataset_members(recurse=recurse).items():
                ^^^^^^^^^^^^^^^^^^^^^^^^^^^^^^^^^^^^^^^^^^^^^^^^^^^^
src/deriva_ml/dataset/dataset_bag.py:271: in list_dataset_members
    for k, v in nested_dataset.list_dataset_members(recurse=recurse).items():
                ^^^^^^^^^^^^^^^^^^^^^^^^^^^^^^^^^^^^^^^^^^^^^^^^^^^^
src/deriva_ml/dataset/dataset_bag.py:271: in list_dataset_members
    for k, v in nested_dataset.list_dataset_members(recurse=recurse).items():
                ^^^^^^^^^^^^^^^^^^^^^^^^^^^^^^^^^^^^^^^^^^^^^^^^^^^^
src/deriva_ml/dataset/dataset_bag.py:271: in list_dataset_members
    for k, v in nested_dataset.list_dataset_members(recurse=recurse).items():
                ^^^^^^^^^^^^^^^^^^^^^^^^^^^^^^^^^^^^^^^^^^^^^^^^^^^^
src/deriva_ml/dataset/dataset_bag.py:271: in list_dataset_members
    for k, v in nested_dataset.list_dataset_members(recurse=recurse).items():
                ^^^^^^^^^^^^^^^^^^^^^^^^^^^^^^^^^^^^^^^^^^^^^^^^^^^^
src/deriva_ml/dataset/dataset_bag.py:271: in list_dataset_members
    for k, v in nested_dataset.list_dataset_members(recurse=recurse).items():
                ^^^^^^^^^^^^^^^^^^^^^^^^^^^^^^^^^^^^^^^^^^^^^^^^^^^^
src/deriva_ml/dataset/dataset_bag.py:271: in list_dataset_members
    for k, v in nested_dataset.list_dataset_members(recurse=recurse).items():
                ^^^^^^^^^^^^^^^^^^^^^^^^^^^^^^^^^^^^^^^^^^^^^^^^^^^^
src/deriva_ml/dataset/dataset_bag.py:271: in list_dataset_members
    for k, v in nested_dataset.list_dataset_members(recurse=recurse).items():
                ^^^^^^^^^^^^^^^^^^^^^^^^^^^^^^^^^^^^^^^^^^^^^^^^^^^^
src/deriva_ml/dataset/dataset_bag.py:271: in list_dataset_members
    for k, v in nested_dataset.list_dataset_members(recurse=recurse).items():
                ^^^^^^^^^^^^^^^^^^^^^^^^^^^^^^^^^^^^^^^^^^^^^^^^^^^^
src/deriva_ml/dataset/dataset_bag.py:271: in list_dataset_members
    for k, v in nested_dataset.list_dataset_members(recurse=recurse).items():
                ^^^^^^^^^^^^^^^^^^^^^^^^^^^^^^^^^^^^^^^^^^^^^^^^^^^^
src/deriva_ml/dataset/dataset_bag.py:271: in list_dataset_members
    for k, v in nested_dataset.list_dataset_members(recurse=recurse).items():
                ^^^^^^^^^^^^^^^^^^^^^^^^^^^^^^^^^^^^^^^^^^^^^^^^^^^^
src/deriva_ml/dataset/dataset_bag.py:271: in list_dataset_members
    for k, v in nested_dataset.list_dataset_members(recurse=recurse).items():
                ^^^^^^^^^^^^^^^^^^^^^^^^^^^^^^^^^^^^^^^^^^^^^^^^^^^^
src/deriva_ml/dataset/dataset_bag.py:271: in list_dataset_members
    for k, v in nested_dataset.list_dataset_members(recurse=recurse).items():
                ^^^^^^^^^^^^^^^^^^^^^^^^^^^^^^^^^^^^^^^^^^^^^^^^^^^^
src/deriva_ml/dataset/dataset_bag.py:271: in list_dataset_members
    for k, v in nested_dataset.list_dataset_members(recurse=recurse).items():
                ^^^^^^^^^^^^^^^^^^^^^^^^^^^^^^^^^^^^^^^^^^^^^^^^^^^^
src/deriva_ml/dataset/dataset_bag.py:271: in list_dataset_members
    for k, v in nested_dataset.list_dataset_members(recurse=recurse).items():
                ^^^^^^^^^^^^^^^^^^^^^^^^^^^^^^^^^^^^^^^^^^^^^^^^^^^^
src/deriva_ml/dataset/dataset_bag.py:271: in list_dataset_members
    for k, v in nested_dataset.list_dataset_members(recurse=recurse).items():
                ^^^^^^^^^^^^^^^^^^^^^^^^^^^^^^^^^^^^^^^^^^^^^^^^^^^^
src/deriva_ml/dataset/dataset_bag.py:271: in list_dataset_members
    for k, v in nested_dataset.list_dataset_members(recurse=recurse).items():
                ^^^^^^^^^^^^^^^^^^^^^^^^^^^^^^^^^^^^^^^^^^^^^^^^^^^^
src/deriva_ml/dataset/dataset_bag.py:271: in list_dataset_members
    for k, v in nested_dataset.list_dataset_members(recurse=recurse).items():
                ^^^^^^^^^^^^^^^^^^^^^^^^^^^^^^^^^^^^^^^^^^^^^^^^^^^^
src/deriva_ml/dataset/dataset_bag.py:271: in list_dataset_members
    for k, v in nested_dataset.list_dataset_members(recurse=recurse).items():
                ^^^^^^^^^^^^^^^^^^^^^^^^^^^^^^^^^^^^^^^^^^^^^^^^^^^^
src/deriva_ml/dataset/dataset_bag.py:271: in list_dataset_members
    for k, v in nested_dataset.list_dataset_members(recurse=recurse).items():
                ^^^^^^^^^^^^^^^^^^^^^^^^^^^^^^^^^^^^^^^^^^^^^^^^^^^^
src/deriva_ml/dataset/dataset_bag.py:271: in list_dataset_members
    for k, v in nested_dataset.list_dataset_members(recurse=recurse).items():
                ^^^^^^^^^^^^^^^^^^^^^^^^^^^^^^^^^^^^^^^^^^^^^^^^^^^^
src/deriva_ml/dataset/dataset_bag.py:271: in list_dataset_members
    for k, v in nested_dataset.list_dataset_members(recurse=recurse).items():
                ^^^^^^^^^^^^^^^^^^^^^^^^^^^^^^^^^^^^^^^^^^^^^^^^^^^^
src/deriva_ml/dataset/dataset_bag.py:271: in list_dataset_members
    for k, v in nested_dataset.list_dataset_members(recurse=recurse).items():
                ^^^^^^^^^^^^^^^^^^^^^^^^^^^^^^^^^^^^^^^^^^^^^^^^^^^^
src/deriva_ml/dataset/dataset_bag.py:271: in list_dataset_members
    for k, v in nested_dataset.list_dataset_members(recurse=recurse).items():
                ^^^^^^^^^^^^^^^^^^^^^^^^^^^^^^^^^^^^^^^^^^^^^^^^^^^^
src/deriva_ml/dataset/dataset_bag.py:271: in list_dataset_members
    for k, v in nested_dataset.list_dataset_members(recurse=recurse).items():
                ^^^^^^^^^^^^^^^^^^^^^^^^^^^^^^^^^^^^^^^^^^^^^^^^^^^^
src/deriva_ml/dataset/dataset_bag.py:271: in list_dataset_members
    for k, v in nested_dataset.list_dataset_members(recurse=recurse).items():
                ^^^^^^^^^^^^^^^^^^^^^^^^^^^^^^^^^^^^^^^^^^^^^^^^^^^^
src/deriva_ml/dataset/dataset_bag.py:271: in list_dataset_members
    for k, v in nested_dataset.list_dataset_members(recurse=recurse).items():
                ^^^^^^^^^^^^^^^^^^^^^^^^^^^^^^^^^^^^^^^^^^^^^^^^^^^^
src/deriva_ml/dataset/dataset_bag.py:271: in list_dataset_members
    for k, v in nested_dataset.list_dataset_members(recurse=recurse).items():
                ^^^^^^^^^^^^^^^^^^^^^^^^^^^^^^^^^^^^^^^^^^^^^^^^^^^^
src/deriva_ml/dataset/dataset_bag.py:271: in list_dataset_members
    for k, v in nested_dataset.list_dataset_members(recurse=recurse).items():
                ^^^^^^^^^^^^^^^^^^^^^^^^^^^^^^^^^^^^^^^^^^^^^^^^^^^^
src/deriva_ml/dataset/dataset_bag.py:271: in list_dataset_members
    for k, v in nested_dataset.list_dataset_members(recurse=recurse).items():
                ^^^^^^^^^^^^^^^^^^^^^^^^^^^^^^^^^^^^^^^^^^^^^^^^^^^^
src/deriva_ml/dataset/dataset_bag.py:271: in list_dataset_members
    for k, v in nested_dataset.list_dataset_members(recurse=recurse).items():
                ^^^^^^^^^^^^^^^^^^^^^^^^^^^^^^^^^^^^^^^^^^^^^^^^^^^^
src/deriva_ml/dataset/dataset_bag.py:271: in list_dataset_members
    for k, v in nested_dataset.list_dataset_members(recurse=recurse).items():
                ^^^^^^^^^^^^^^^^^^^^^^^^^^^^^^^^^^^^^^^^^^^^^^^^^^^^
src/deriva_ml/dataset/dataset_bag.py:271: in list_dataset_members
    for k, v in nested_dataset.list_dataset_members(recurse=recurse).items():
                ^^^^^^^^^^^^^^^^^^^^^^^^^^^^^^^^^^^^^^^^^^^^^^^^^^^^
src/deriva_ml/dataset/dataset_bag.py:271: in list_dataset_members
    for k, v in nested_dataset.list_dataset_members(recurse=recurse).items():
                ^^^^^^^^^^^^^^^^^^^^^^^^^^^^^^^^^^^^^^^^^^^^^^^^^^^^
src/deriva_ml/dataset/dataset_bag.py:271: in list_dataset_members
    for k, v in nested_dataset.list_dataset_members(recurse=recurse).items():
                ^^^^^^^^^^^^^^^^^^^^^^^^^^^^^^^^^^^^^^^^^^^^^^^^^^^^
src/deriva_ml/dataset/dataset_bag.py:271: in list_dataset_members
    for k, v in nested_dataset.list_dataset_members(recurse=recurse).items():
                ^^^^^^^^^^^^^^^^^^^^^^^^^^^^^^^^^^^^^^^^^^^^^^^^^^^^
src/deriva_ml/dataset/dataset_bag.py:271: in list_dataset_members
    for k, v in nested_dataset.list_dataset_members(recurse=recurse).items():
                ^^^^^^^^^^^^^^^^^^^^^^^^^^^^^^^^^^^^^^^^^^^^^^^^^^^^
src/deriva_ml/dataset/dataset_bag.py:271: in list_dataset_members
    for k, v in nested_dataset.list_dataset_members(recurse=recurse).items():
                ^^^^^^^^^^^^^^^^^^^^^^^^^^^^^^^^^^^^^^^^^^^^^^^^^^^^
src/deriva_ml/dataset/dataset_bag.py:271: in list_dataset_members
    for k, v in nested_dataset.list_dataset_members(recurse=recurse).items():
                ^^^^^^^^^^^^^^^^^^^^^^^^^^^^^^^^^^^^^^^^^^^^^^^^^^^^
src/deriva_ml/dataset/dataset_bag.py:271: in list_dataset_members
    for k, v in nested_dataset.list_dataset_members(recurse=recurse).items():
                ^^^^^^^^^^^^^^^^^^^^^^^^^^^^^^^^^^^^^^^^^^^^^^^^^^^^
src/deriva_ml/dataset/dataset_bag.py:271: in list_dataset_members
    for k, v in nested_dataset.list_dataset_members(recurse=recurse).items():
                ^^^^^^^^^^^^^^^^^^^^^^^^^^^^^^^^^^^^^^^^^^^^^^^^^^^^
src/deriva_ml/dataset/dataset_bag.py:271: in list_dataset_members
    for k, v in nested_dataset.list_dataset_members(recurse=recurse).items():
                ^^^^^^^^^^^^^^^^^^^^^^^^^^^^^^^^^^^^^^^^^^^^^^^^^^^^
src/deriva_ml/dataset/dataset_bag.py:271: in list_dataset_members
    for k, v in nested_dataset.list_dataset_members(recurse=recurse).items():
                ^^^^^^^^^^^^^^^^^^^^^^^^^^^^^^^^^^^^^^^^^^^^^^^^^^^^
src/deriva_ml/dataset/dataset_bag.py:271: in list_dataset_members
    for k, v in nested_dataset.list_dataset_members(recurse=recurse).items():
                ^^^^^^^^^^^^^^^^^^^^^^^^^^^^^^^^^^^^^^^^^^^^^^^^^^^^
src/deriva_ml/dataset/dataset_bag.py:271: in list_dataset_members
    for k, v in nested_dataset.list_dataset_members(recurse=recurse).items():
                ^^^^^^^^^^^^^^^^^^^^^^^^^^^^^^^^^^^^^^^^^^^^^^^^^^^^
src/deriva_ml/dataset/dataset_bag.py:271: in list_dataset_members
    for k, v in nested_dataset.list_dataset_members(recurse=recurse).items():
                ^^^^^^^^^^^^^^^^^^^^^^^^^^^^^^^^^^^^^^^^^^^^^^^^^^^^
src/deriva_ml/dataset/dataset_bag.py:271: in list_dataset_members
    for k, v in nested_dataset.list_dataset_members(recurse=recurse).items():
                ^^^^^^^^^^^^^^^^^^^^^^^^^^^^^^^^^^^^^^^^^^^^^^^^^^^^
src/deriva_ml/dataset/dataset_bag.py:271: in list_dataset_members
    for k, v in nested_dataset.list_dataset_members(recurse=recurse).items():
                ^^^^^^^^^^^^^^^^^^^^^^^^^^^^^^^^^^^^^^^^^^^^^^^^^^^^
src/deriva_ml/dataset/dataset_bag.py:271: in list_dataset_members
    for k, v in nested_dataset.list_dataset_members(recurse=recurse).items():
                ^^^^^^^^^^^^^^^^^^^^^^^^^^^^^^^^^^^^^^^^^^^^^^^^^^^^
src/deriva_ml/dataset/dataset_bag.py:271: in list_dataset_members
    for k, v in nested_dataset.list_dataset_members(recurse=recurse).items():
                ^^^^^^^^^^^^^^^^^^^^^^^^^^^^^^^^^^^^^^^^^^^^^^^^^^^^
src/deriva_ml/dataset/dataset_bag.py:271: in list_dataset_members
    for k, v in nested_dataset.list_dataset_members(recurse=recurse).items():
                ^^^^^^^^^^^^^^^^^^^^^^^^^^^^^^^^^^^^^^^^^^^^^^^^^^^^
src/deriva_ml/dataset/dataset_bag.py:271: in list_dataset_members
    for k, v in nested_dataset.list_dataset_members(recurse=recurse).items():
                ^^^^^^^^^^^^^^^^^^^^^^^^^^^^^^^^^^^^^^^^^^^^^^^^^^^^
src/deriva_ml/dataset/dataset_bag.py:271: in list_dataset_members
    for k, v in nested_dataset.list_dataset_members(recurse=recurse).items():
                ^^^^^^^^^^^^^^^^^^^^^^^^^^^^^^^^^^^^^^^^^^^^^^^^^^^^
src/deriva_ml/dataset/dataset_bag.py:271: in list_dataset_members
    for k, v in nested_dataset.list_dataset_members(recurse=recurse).items():
                ^^^^^^^^^^^^^^^^^^^^^^^^^^^^^^^^^^^^^^^^^^^^^^^^^^^^
src/deriva_ml/dataset/dataset_bag.py:271: in list_dataset_members
    for k, v in nested_dataset.list_dataset_members(recurse=recurse).items():
                ^^^^^^^^^^^^^^^^^^^^^^^^^^^^^^^^^^^^^^^^^^^^^^^^^^^^
src/deriva_ml/dataset/dataset_bag.py:271: in list_dataset_members
    for k, v in nested_dataset.list_dataset_members(recurse=recurse).items():
                ^^^^^^^^^^^^^^^^^^^^^^^^^^^^^^^^^^^^^^^^^^^^^^^^^^^^
src/deriva_ml/dataset/dataset_bag.py:271: in list_dataset_members
    for k, v in nested_dataset.list_dataset_members(recurse=recurse).items():
                ^^^^^^^^^^^^^^^^^^^^^^^^^^^^^^^^^^^^^^^^^^^^^^^^^^^^
src/deriva_ml/dataset/dataset_bag.py:271: in list_dataset_members
    for k, v in nested_dataset.list_dataset_members(recurse=recurse).items():
                ^^^^^^^^^^^^^^^^^^^^^^^^^^^^^^^^^^^^^^^^^^^^^^^^^^^^
src/deriva_ml/dataset/dataset_bag.py:271: in list_dataset_members
    for k, v in nested_dataset.list_dataset_members(recurse=recurse).items():
                ^^^^^^^^^^^^^^^^^^^^^^^^^^^^^^^^^^^^^^^^^^^^^^^^^^^^
src/deriva_ml/dataset/dataset_bag.py:271: in list_dataset_members
    for k, v in nested_dataset.list_dataset_members(recurse=recurse).items():
                ^^^^^^^^^^^^^^^^^^^^^^^^^^^^^^^^^^^^^^^^^^^^^^^^^^^^
src/deriva_ml/dataset/dataset_bag.py:271: in list_dataset_members
    for k, v in nested_dataset.list_dataset_members(recurse=recurse).items():
                ^^^^^^^^^^^^^^^^^^^^^^^^^^^^^^^^^^^^^^^^^^^^^^^^^^^^
src/deriva_ml/dataset/dataset_bag.py:271: in list_dataset_members
    for k, v in nested_dataset.list_dataset_members(recurse=recurse).items():
                ^^^^^^^^^^^^^^^^^^^^^^^^^^^^^^^^^^^^^^^^^^^^^^^^^^^^
src/deriva_ml/dataset/dataset_bag.py:271: in list_dataset_members
    for k, v in nested_dataset.list_dataset_members(recurse=recurse).items():
                ^^^^^^^^^^^^^^^^^^^^^^^^^^^^^^^^^^^^^^^^^^^^^^^^^^^^
src/deriva_ml/dataset/dataset_bag.py:271: in list_dataset_members
    for k, v in nested_dataset.list_dataset_members(recurse=recurse).items():
                ^^^^^^^^^^^^^^^^^^^^^^^^^^^^^^^^^^^^^^^^^^^^^^^^^^^^
src/deriva_ml/dataset/dataset_bag.py:271: in list_dataset_members
    for k, v in nested_dataset.list_dataset_members(recurse=recurse).items():
                ^^^^^^^^^^^^^^^^^^^^^^^^^^^^^^^^^^^^^^^^^^^^^^^^^^^^
src/deriva_ml/dataset/dataset_bag.py:271: in list_dataset_members
    for k, v in nested_dataset.list_dataset_members(recurse=recurse).items():
                ^^^^^^^^^^^^^^^^^^^^^^^^^^^^^^^^^^^^^^^^^^^^^^^^^^^^
src/deriva_ml/dataset/dataset_bag.py:271: in list_dataset_members
    for k, v in nested_dataset.list_dataset_members(recurse=recurse).items():
                ^^^^^^^^^^^^^^^^^^^^^^^^^^^^^^^^^^^^^^^^^^^^^^^^^^^^
src/deriva_ml/dataset/dataset_bag.py:271: in list_dataset_members
    for k, v in nested_dataset.list_dataset_members(recurse=recurse).items():
                ^^^^^^^^^^^^^^^^^^^^^^^^^^^^^^^^^^^^^^^^^^^^^^^^^^^^
src/deriva_ml/dataset/dataset_bag.py:271: in list_dataset_members
    for k, v in nested_dataset.list_dataset_members(recurse=recurse).items():
                ^^^^^^^^^^^^^^^^^^^^^^^^^^^^^^^^^^^^^^^^^^^^^^^^^^^^
src/deriva_ml/dataset/dataset_bag.py:271: in list_dataset_members
    for k, v in nested_dataset.list_dataset_members(recurse=recurse).items():
                ^^^^^^^^^^^^^^^^^^^^^^^^^^^^^^^^^^^^^^^^^^^^^^^^^^^^
src/deriva_ml/dataset/dataset_bag.py:271: in list_dataset_members
    for k, v in nested_dataset.list_dataset_members(recurse=recurse).items():
                ^^^^^^^^^^^^^^^^^^^^^^^^^^^^^^^^^^^^^^^^^^^^^^^^^^^^
src/deriva_ml/dataset/dataset_bag.py:271: in list_dataset_members
    for k, v in nested_dataset.list_dataset_members(recurse=recurse).items():
                ^^^^^^^^^^^^^^^^^^^^^^^^^^^^^^^^^^^^^^^^^^^^^^^^^^^^
src/deriva_ml/dataset/dataset_bag.py:271: in list_dataset_members
    for k, v in nested_dataset.list_dataset_members(recurse=recurse).items():
                ^^^^^^^^^^^^^^^^^^^^^^^^^^^^^^^^^^^^^^^^^^^^^^^^^^^^
src/deriva_ml/dataset/dataset_bag.py:271: in list_dataset_members
    for k, v in nested_dataset.list_dataset_members(recurse=recurse).items():
                ^^^^^^^^^^^^^^^^^^^^^^^^^^^^^^^^^^^^^^^^^^^^^^^^^^^^
src/deriva_ml/dataset/dataset_bag.py:271: in list_dataset_members
    for k, v in nested_dataset.list_dataset_members(recurse=recurse).items():
                ^^^^^^^^^^^^^^^^^^^^^^^^^^^^^^^^^^^^^^^^^^^^^^^^^^^^
src/deriva_ml/dataset/dataset_bag.py:271: in list_dataset_members
    for k, v in nested_dataset.list_dataset_members(recurse=recurse).items():
                ^^^^^^^^^^^^^^^^^^^^^^^^^^^^^^^^^^^^^^^^^^^^^^^^^^^^
src/deriva_ml/dataset/dataset_bag.py:271: in list_dataset_members
    for k, v in nested_dataset.list_dataset_members(recurse=recurse).items():
                ^^^^^^^^^^^^^^^^^^^^^^^^^^^^^^^^^^^^^^^^^^^^^^^^^^^^
src/deriva_ml/dataset/dataset_bag.py:271: in list_dataset_members
    for k, v in nested_dataset.list_dataset_members(recurse=recurse).items():
                ^^^^^^^^^^^^^^^^^^^^^^^^^^^^^^^^^^^^^^^^^^^^^^^^^^^^
src/deriva_ml/dataset/dataset_bag.py:271: in list_dataset_members
    for k, v in nested_dataset.list_dataset_members(recurse=recurse).items():
                ^^^^^^^^^^^^^^^^^^^^^^^^^^^^^^^^^^^^^^^^^^^^^^^^^^^^
src/deriva_ml/dataset/dataset_bag.py:271: in list_dataset_members
    for k, v in nested_dataset.list_dataset_members(recurse=recurse).items():
                ^^^^^^^^^^^^^^^^^^^^^^^^^^^^^^^^^^^^^^^^^^^^^^^^^^^^
src/deriva_ml/dataset/dataset_bag.py:271: in list_dataset_members
    for k, v in nested_dataset.list_dataset_members(recurse=recurse).items():
                ^^^^^^^^^^^^^^^^^^^^^^^^^^^^^^^^^^^^^^^^^^^^^^^^^^^^
src/deriva_ml/dataset/dataset_bag.py:271: in list_dataset_members
    for k, v in nested_dataset.list_dataset_members(recurse=recurse).items():
                ^^^^^^^^^^^^^^^^^^^^^^^^^^^^^^^^^^^^^^^^^^^^^^^^^^^^
src/deriva_ml/dataset/dataset_bag.py:271: in list_dataset_members
    for k, v in nested_dataset.list_dataset_members(recurse=recurse).items():
                ^^^^^^^^^^^^^^^^^^^^^^^^^^^^^^^^^^^^^^^^^^^^^^^^^^^^
src/deriva_ml/dataset/dataset_bag.py:271: in list_dataset_members
    for k, v in nested_dataset.list_dataset_members(recurse=recurse).items():
                ^^^^^^^^^^^^^^^^^^^^^^^^^^^^^^^^^^^^^^^^^^^^^^^^^^^^
src/deriva_ml/dataset/dataset_bag.py:271: in list_dataset_members
    for k, v in nested_dataset.list_dataset_members(recurse=recurse).items():
                ^^^^^^^^^^^^^^^^^^^^^^^^^^^^^^^^^^^^^^^^^^^^^^^^^^^^
src/deriva_ml/dataset/dataset_bag.py:271: in list_dataset_members
    for k, v in nested_dataset.list_dataset_members(recurse=recurse).items():
                ^^^^^^^^^^^^^^^^^^^^^^^^^^^^^^^^^^^^^^^^^^^^^^^^^^^^
src/deriva_ml/dataset/dataset_bag.py:271: in list_dataset_members
    for k, v in nested_dataset.list_dataset_members(recurse=recurse).items():
                ^^^^^^^^^^^^^^^^^^^^^^^^^^^^^^^^^^^^^^^^^^^^^^^^^^^^
src/deriva_ml/dataset/dataset_bag.py:271: in list_dataset_members
    for k, v in nested_dataset.list_dataset_members(recurse=recurse).items():
                ^^^^^^^^^^^^^^^^^^^^^^^^^^^^^^^^^^^^^^^^^^^^^^^^^^^^
src/deriva_ml/dataset/dataset_bag.py:271: in list_dataset_members
    for k, v in nested_dataset.list_dataset_members(recurse=recurse).items():
                ^^^^^^^^^^^^^^^^^^^^^^^^^^^^^^^^^^^^^^^^^^^^^^^^^^^^
src/deriva_ml/dataset/dataset_bag.py:271: in list_dataset_members
    for k, v in nested_dataset.list_dataset_members(recurse=recurse).items():
                ^^^^^^^^^^^^^^^^^^^^^^^^^^^^^^^^^^^^^^^^^^^^^^^^^^^^
src/deriva_ml/dataset/dataset_bag.py:271: in list_dataset_members
    for k, v in nested_dataset.list_dataset_members(recurse=recurse).items():
                ^^^^^^^^^^^^^^^^^^^^^^^^^^^^^^^^^^^^^^^^^^^^^^^^^^^^
src/deriva_ml/dataset/dataset_bag.py:271: in list_dataset_members
    for k, v in nested_dataset.list_dataset_members(recurse=recurse).items():
                ^^^^^^^^^^^^^^^^^^^^^^^^^^^^^^^^^^^^^^^^^^^^^^^^^^^^
src/deriva_ml/dataset/dataset_bag.py:271: in list_dataset_members
    for k, v in nested_dataset.list_dataset_members(recurse=recurse).items():
                ^^^^^^^^^^^^^^^^^^^^^^^^^^^^^^^^^^^^^^^^^^^^^^^^^^^^
src/deriva_ml/dataset/dataset_bag.py:271: in list_dataset_members
    for k, v in nested_dataset.list_dataset_members(recurse=recurse).items():
                ^^^^^^^^^^^^^^^^^^^^^^^^^^^^^^^^^^^^^^^^^^^^^^^^^^^^
src/deriva_ml/dataset/dataset_bag.py:271: in list_dataset_members
    for k, v in nested_dataset.list_dataset_members(recurse=recurse).items():
                ^^^^^^^^^^^^^^^^^^^^^^^^^^^^^^^^^^^^^^^^^^^^^^^^^^^^
src/deriva_ml/dataset/dataset_bag.py:271: in list_dataset_members
    for k, v in nested_dataset.list_dataset_members(recurse=recurse).items():
                ^^^^^^^^^^^^^^^^^^^^^^^^^^^^^^^^^^^^^^^^^^^^^^^^^^^^
src/deriva_ml/dataset/dataset_bag.py:271: in list_dataset_members
    for k, v in nested_dataset.list_dataset_members(recurse=recurse).items():
                ^^^^^^^^^^^^^^^^^^^^^^^^^^^^^^^^^^^^^^^^^^^^^^^^^^^^
src/deriva_ml/dataset/dataset_bag.py:271: in list_dataset_members
    for k, v in nested_dataset.list_dataset_members(recurse=recurse).items():
                ^^^^^^^^^^^^^^^^^^^^^^^^^^^^^^^^^^^^^^^^^^^^^^^^^^^^
src/deriva_ml/dataset/dataset_bag.py:271: in list_dataset_members
    for k, v in nested_dataset.list_dataset_members(recurse=recurse).items():
                ^^^^^^^^^^^^^^^^^^^^^^^^^^^^^^^^^^^^^^^^^^^^^^^^^^^^
src/deriva_ml/dataset/dataset_bag.py:271: in list_dataset_members
    for k, v in nested_dataset.list_dataset_members(recurse=recurse).items():
                ^^^^^^^^^^^^^^^^^^^^^^^^^^^^^^^^^^^^^^^^^^^^^^^^^^^^
src/deriva_ml/dataset/dataset_bag.py:271: in list_dataset_members
    for k, v in nested_dataset.list_dataset_members(recurse=recurse).items():
                ^^^^^^^^^^^^^^^^^^^^^^^^^^^^^^^^^^^^^^^^^^^^^^^^^^^^
src/deriva_ml/dataset/dataset_bag.py:271: in list_dataset_members
    for k, v in nested_dataset.list_dataset_members(recurse=recurse).items():
                ^^^^^^^^^^^^^^^^^^^^^^^^^^^^^^^^^^^^^^^^^^^^^^^^^^^^
src/deriva_ml/dataset/dataset_bag.py:271: in list_dataset_members
    for k, v in nested_dataset.list_dataset_members(recurse=recurse).items():
                ^^^^^^^^^^^^^^^^^^^^^^^^^^^^^^^^^^^^^^^^^^^^^^^^^^^^
src/deriva_ml/dataset/dataset_bag.py:271: in list_dataset_members
    for k, v in nested_dataset.list_dataset_members(recurse=recurse).items():
                ^^^^^^^^^^^^^^^^^^^^^^^^^^^^^^^^^^^^^^^^^^^^^^^^^^^^
src/deriva_ml/dataset/dataset_bag.py:271: in list_dataset_members
    for k, v in nested_dataset.list_dataset_members(recurse=recurse).items():
                ^^^^^^^^^^^^^^^^^^^^^^^^^^^^^^^^^^^^^^^^^^^^^^^^^^^^
src/deriva_ml/dataset/dataset_bag.py:271: in list_dataset_members
    for k, v in nested_dataset.list_dataset_members(recurse=recurse).items():
                ^^^^^^^^^^^^^^^^^^^^^^^^^^^^^^^^^^^^^^^^^^^^^^^^^^^^
src/deriva_ml/dataset/dataset_bag.py:271: in list_dataset_members
    for k, v in nested_dataset.list_dataset_members(recurse=recurse).items():
                ^^^^^^^^^^^^^^^^^^^^^^^^^^^^^^^^^^^^^^^^^^^^^^^^^^^^
src/deriva_ml/dataset/dataset_bag.py:271: in list_dataset_members
    for k, v in nested_dataset.list_dataset_members(recurse=recurse).items():
                ^^^^^^^^^^^^^^^^^^^^^^^^^^^^^^^^^^^^^^^^^^^^^^^^^^^^
src/deriva_ml/dataset/dataset_bag.py:271: in list_dataset_members
    for k, v in nested_dataset.list_dataset_members(recurse=recurse).items():
                ^^^^^^^^^^^^^^^^^^^^^^^^^^^^^^^^^^^^^^^^^^^^^^^^^^^^
src/deriva_ml/dataset/dataset_bag.py:271: in list_dataset_members
    for k, v in nested_dataset.list_dataset_members(recurse=recurse).items():
                ^^^^^^^^^^^^^^^^^^^^^^^^^^^^^^^^^^^^^^^^^^^^^^^^^^^^
src/deriva_ml/dataset/dataset_bag.py:271: in list_dataset_members
    for k, v in nested_dataset.list_dataset_members(recurse=recurse).items():
                ^^^^^^^^^^^^^^^^^^^^^^^^^^^^^^^^^^^^^^^^^^^^^^^^^^^^
src/deriva_ml/dataset/dataset_bag.py:271: in list_dataset_members
    for k, v in nested_dataset.list_dataset_members(recurse=recurse).items():
                ^^^^^^^^^^^^^^^^^^^^^^^^^^^^^^^^^^^^^^^^^^^^^^^^^^^^
src/deriva_ml/dataset/dataset_bag.py:271: in list_dataset_members
    for k, v in nested_dataset.list_dataset_members(recurse=recurse).items():
                ^^^^^^^^^^^^^^^^^^^^^^^^^^^^^^^^^^^^^^^^^^^^^^^^^^^^
src/deriva_ml/dataset/dataset_bag.py:271: in list_dataset_members
    for k, v in nested_dataset.list_dataset_members(recurse=recurse).items():
                ^^^^^^^^^^^^^^^^^^^^^^^^^^^^^^^^^^^^^^^^^^^^^^^^^^^^
src/deriva_ml/dataset/dataset_bag.py:271: in list_dataset_members
    for k, v in nested_dataset.list_dataset_members(recurse=recurse).items():
                ^^^^^^^^^^^^^^^^^^^^^^^^^^^^^^^^^^^^^^^^^^^^^^^^^^^^
src/deriva_ml/dataset/dataset_bag.py:271: in list_dataset_members
    for k, v in nested_dataset.list_dataset_members(recurse=recurse).items():
                ^^^^^^^^^^^^^^^^^^^^^^^^^^^^^^^^^^^^^^^^^^^^^^^^^^^^
src/deriva_ml/dataset/dataset_bag.py:271: in list_dataset_members
    for k, v in nested_dataset.list_dataset_members(recurse=recurse).items():
                ^^^^^^^^^^^^^^^^^^^^^^^^^^^^^^^^^^^^^^^^^^^^^^^^^^^^
src/deriva_ml/dataset/dataset_bag.py:271: in list_dataset_members
    for k, v in nested_dataset.list_dataset_members(recurse=recurse).items():
                ^^^^^^^^^^^^^^^^^^^^^^^^^^^^^^^^^^^^^^^^^^^^^^^^^^^^
src/deriva_ml/dataset/dataset_bag.py:271: in list_dataset_members
    for k, v in nested_dataset.list_dataset_members(recurse=recurse).items():
                ^^^^^^^^^^^^^^^^^^^^^^^^^^^^^^^^^^^^^^^^^^^^^^^^^^^^
src/deriva_ml/dataset/dataset_bag.py:271: in list_dataset_members
    for k, v in nested_dataset.list_dataset_members(recurse=recurse).items():
                ^^^^^^^^^^^^^^^^^^^^^^^^^^^^^^^^^^^^^^^^^^^^^^^^^^^^
src/deriva_ml/dataset/dataset_bag.py:271: in list_dataset_members
    for k, v in nested_dataset.list_dataset_members(recurse=recurse).items():
                ^^^^^^^^^^^^^^^^^^^^^^^^^^^^^^^^^^^^^^^^^^^^^^^^^^^^
src/deriva_ml/dataset/dataset_bag.py:271: in list_dataset_members
    for k, v in nested_dataset.list_dataset_members(recurse=recurse).items():
                ^^^^^^^^^^^^^^^^^^^^^^^^^^^^^^^^^^^^^^^^^^^^^^^^^^^^
src/deriva_ml/dataset/dataset_bag.py:271: in list_dataset_members
    for k, v in nested_dataset.list_dataset_members(recurse=recurse).items():
                ^^^^^^^^^^^^^^^^^^^^^^^^^^^^^^^^^^^^^^^^^^^^^^^^^^^^
src/deriva_ml/dataset/dataset_bag.py:271: in list_dataset_members
    for k, v in nested_dataset.list_dataset_members(recurse=recurse).items():
                ^^^^^^^^^^^^^^^^^^^^^^^^^^^^^^^^^^^^^^^^^^^^^^^^^^^^
src/deriva_ml/dataset/dataset_bag.py:271: in list_dataset_members
    for k, v in nested_dataset.list_dataset_members(recurse=recurse).items():
                ^^^^^^^^^^^^^^^^^^^^^^^^^^^^^^^^^^^^^^^^^^^^^^^^^^^^
src/deriva_ml/dataset/dataset_bag.py:271: in list_dataset_members
    for k, v in nested_dataset.list_dataset_members(recurse=recurse).items():
                ^^^^^^^^^^^^^^^^^^^^^^^^^^^^^^^^^^^^^^^^^^^^^^^^^^^^
src/deriva_ml/dataset/dataset_bag.py:271: in list_dataset_members
    for k, v in nested_dataset.list_dataset_members(recurse=recurse).items():
                ^^^^^^^^^^^^^^^^^^^^^^^^^^^^^^^^^^^^^^^^^^^^^^^^^^^^
src/deriva_ml/dataset/dataset_bag.py:271: in list_dataset_members
    for k, v in nested_dataset.list_dataset_members(recurse=recurse).items():
                ^^^^^^^^^^^^^^^^^^^^^^^^^^^^^^^^^^^^^^^^^^^^^^^^^^^^
src/deriva_ml/dataset/dataset_bag.py:271: in list_dataset_members
    for k, v in nested_dataset.list_dataset_members(recurse=recurse).items():
                ^^^^^^^^^^^^^^^^^^^^^^^^^^^^^^^^^^^^^^^^^^^^^^^^^^^^
src/deriva_ml/dataset/dataset_bag.py:271: in list_dataset_members
    for k, v in nested_dataset.list_dataset_members(recurse=recurse).items():
                ^^^^^^^^^^^^^^^^^^^^^^^^^^^^^^^^^^^^^^^^^^^^^^^^^^^^
src/deriva_ml/dataset/dataset_bag.py:271: in list_dataset_members
    for k, v in nested_dataset.list_dataset_members(recurse=recurse).items():
                ^^^^^^^^^^^^^^^^^^^^^^^^^^^^^^^^^^^^^^^^^^^^^^^^^^^^
src/deriva_ml/dataset/dataset_bag.py:271: in list_dataset_members
    for k, v in nested_dataset.list_dataset_members(recurse=recurse).items():
                ^^^^^^^^^^^^^^^^^^^^^^^^^^^^^^^^^^^^^^^^^^^^^^^^^^^^
src/deriva_ml/dataset/dataset_bag.py:271: in list_dataset_members
    for k, v in nested_dataset.list_dataset_members(recurse=recurse).items():
                ^^^^^^^^^^^^^^^^^^^^^^^^^^^^^^^^^^^^^^^^^^^^^^^^^^^^
src/deriva_ml/dataset/dataset_bag.py:271: in list_dataset_members
    for k, v in nested_dataset.list_dataset_members(recurse=recurse).items():
                ^^^^^^^^^^^^^^^^^^^^^^^^^^^^^^^^^^^^^^^^^^^^^^^^^^^^
src/deriva_ml/dataset/dataset_bag.py:271: in list_dataset_members
    for k, v in nested_dataset.list_dataset_members(recurse=recurse).items():
                ^^^^^^^^^^^^^^^^^^^^^^^^^^^^^^^^^^^^^^^^^^^^^^^^^^^^
src/deriva_ml/dataset/dataset_bag.py:271: in list_dataset_members
    for k, v in nested_dataset.list_dataset_members(recurse=recurse).items():
                ^^^^^^^^^^^^^^^^^^^^^^^^^^^^^^^^^^^^^^^^^^^^^^^^^^^^
src/deriva_ml/dataset/dataset_bag.py:271: in list_dataset_members
    for k, v in nested_dataset.list_dataset_members(recurse=recurse).items():
                ^^^^^^^^^^^^^^^^^^^^^^^^^^^^^^^^^^^^^^^^^^^^^^^^^^^^
src/deriva_ml/dataset/dataset_bag.py:271: in list_dataset_members
    for k, v in nested_dataset.list_dataset_members(recurse=recurse).items():
                ^^^^^^^^^^^^^^^^^^^^^^^^^^^^^^^^^^^^^^^^^^^^^^^^^^^^
src/deriva_ml/dataset/dataset_bag.py:271: in list_dataset_members
    for k, v in nested_dataset.list_dataset_members(recurse=recurse).items():
                ^^^^^^^^^^^^^^^^^^^^^^^^^^^^^^^^^^^^^^^^^^^^^^^^^^^^
src/deriva_ml/dataset/dataset_bag.py:271: in list_dataset_members
    for k, v in nested_dataset.list_dataset_members(recurse=recurse).items():
                ^^^^^^^^^^^^^^^^^^^^^^^^^^^^^^^^^^^^^^^^^^^^^^^^^^^^
src/deriva_ml/dataset/dataset_bag.py:271: in list_dataset_members
    for k, v in nested_dataset.list_dataset_members(recurse=recurse).items():
                ^^^^^^^^^^^^^^^^^^^^^^^^^^^^^^^^^^^^^^^^^^^^^^^^^^^^
src/deriva_ml/dataset/dataset_bag.py:271: in list_dataset_members
    for k, v in nested_dataset.list_dataset_members(recurse=recurse).items():
                ^^^^^^^^^^^^^^^^^^^^^^^^^^^^^^^^^^^^^^^^^^^^^^^^^^^^
src/deriva_ml/dataset/dataset_bag.py:271: in list_dataset_members
    for k, v in nested_dataset.list_dataset_members(recurse=recurse).items():
                ^^^^^^^^^^^^^^^^^^^^^^^^^^^^^^^^^^^^^^^^^^^^^^^^^^^^
src/deriva_ml/dataset/dataset_bag.py:271: in list_dataset_members
    for k, v in nested_dataset.list_dataset_members(recurse=recurse).items():
                ^^^^^^^^^^^^^^^^^^^^^^^^^^^^^^^^^^^^^^^^^^^^^^^^^^^^
src/deriva_ml/dataset/dataset_bag.py:271: in list_dataset_members
    for k, v in nested_dataset.list_dataset_members(recurse=recurse).items():
                ^^^^^^^^^^^^^^^^^^^^^^^^^^^^^^^^^^^^^^^^^^^^^^^^^^^^
src/deriva_ml/dataset/dataset_bag.py:271: in list_dataset_members
    for k, v in nested_dataset.list_dataset_members(recurse=recurse).items():
                ^^^^^^^^^^^^^^^^^^^^^^^^^^^^^^^^^^^^^^^^^^^^^^^^^^^^
src/deriva_ml/dataset/dataset_bag.py:271: in list_dataset_members
    for k, v in nested_dataset.list_dataset_members(recurse=recurse).items():
                ^^^^^^^^^^^^^^^^^^^^^^^^^^^^^^^^^^^^^^^^^^^^^^^^^^^^
src/deriva_ml/dataset/dataset_bag.py:271: in list_dataset_members
    for k, v in nested_dataset.list_dataset_members(recurse=recurse).items():
                ^^^^^^^^^^^^^^^^^^^^^^^^^^^^^^^^^^^^^^^^^^^^^^^^^^^^
src/deriva_ml/dataset/dataset_bag.py:271: in list_dataset_members
    for k, v in nested_dataset.list_dataset_members(recurse=recurse).items():
                ^^^^^^^^^^^^^^^^^^^^^^^^^^^^^^^^^^^^^^^^^^^^^^^^^^^^
src/deriva_ml/dataset/dataset_bag.py:271: in list_dataset_members
    for k, v in nested_dataset.list_dataset_members(recurse=recurse).items():
                ^^^^^^^^^^^^^^^^^^^^^^^^^^^^^^^^^^^^^^^^^^^^^^^^^^^^
src/deriva_ml/dataset/dataset_bag.py:271: in list_dataset_members
    for k, v in nested_dataset.list_dataset_members(recurse=recurse).items():
                ^^^^^^^^^^^^^^^^^^^^^^^^^^^^^^^^^^^^^^^^^^^^^^^^^^^^
src/deriva_ml/dataset/dataset_bag.py:271: in list_dataset_members
    for k, v in nested_dataset.list_dataset_members(recurse=recurse).items():
                ^^^^^^^^^^^^^^^^^^^^^^^^^^^^^^^^^^^^^^^^^^^^^^^^^^^^
src/deriva_ml/dataset/dataset_bag.py:271: in list_dataset_members
    for k, v in nested_dataset.list_dataset_members(recurse=recurse).items():
                ^^^^^^^^^^^^^^^^^^^^^^^^^^^^^^^^^^^^^^^^^^^^^^^^^^^^
src/deriva_ml/dataset/dataset_bag.py:271: in list_dataset_members
    for k, v in nested_dataset.list_dataset_members(recurse=recurse).items():
                ^^^^^^^^^^^^^^^^^^^^^^^^^^^^^^^^^^^^^^^^^^^^^^^^^^^^
src/deriva_ml/dataset/dataset_bag.py:271: in list_dataset_members
    for k, v in nested_dataset.list_dataset_members(recurse=recurse).items():
                ^^^^^^^^^^^^^^^^^^^^^^^^^^^^^^^^^^^^^^^^^^^^^^^^^^^^
src/deriva_ml/dataset/dataset_bag.py:271: in list_dataset_members
    for k, v in nested_dataset.list_dataset_members(recurse=recurse).items():
                ^^^^^^^^^^^^^^^^^^^^^^^^^^^^^^^^^^^^^^^^^^^^^^^^^^^^
src/deriva_ml/dataset/dataset_bag.py:271: in list_dataset_members
    for k, v in nested_dataset.list_dataset_members(recurse=recurse).items():
                ^^^^^^^^^^^^^^^^^^^^^^^^^^^^^^^^^^^^^^^^^^^^^^^^^^^^
src/deriva_ml/dataset/dataset_bag.py:271: in list_dataset_members
    for k, v in nested_dataset.list_dataset_members(recurse=recurse).items():
                ^^^^^^^^^^^^^^^^^^^^^^^^^^^^^^^^^^^^^^^^^^^^^^^^^^^^
src/deriva_ml/dataset/dataset_bag.py:271: in list_dataset_members
    for k, v in nested_dataset.list_dataset_members(recurse=recurse).items():
                ^^^^^^^^^^^^^^^^^^^^^^^^^^^^^^^^^^^^^^^^^^^^^^^^^^^^
src/deriva_ml/dataset/dataset_bag.py:271: in list_dataset_members
    for k, v in nested_dataset.list_dataset_members(recurse=recurse).items():
                ^^^^^^^^^^^^^^^^^^^^^^^^^^^^^^^^^^^^^^^^^^^^^^^^^^^^
src/deriva_ml/dataset/dataset_bag.py:271: in list_dataset_members
    for k, v in nested_dataset.list_dataset_members(recurse=recurse).items():
                ^^^^^^^^^^^^^^^^^^^^^^^^^^^^^^^^^^^^^^^^^^^^^^^^^^^^
src/deriva_ml/dataset/dataset_bag.py:271: in list_dataset_members
    for k, v in nested_dataset.list_dataset_members(recurse=recurse).items():
                ^^^^^^^^^^^^^^^^^^^^^^^^^^^^^^^^^^^^^^^^^^^^^^^^^^^^
src/deriva_ml/dataset/dataset_bag.py:271: in list_dataset_members
    for k, v in nested_dataset.list_dataset_members(recurse=recurse).items():
                ^^^^^^^^^^^^^^^^^^^^^^^^^^^^^^^^^^^^^^^^^^^^^^^^^^^^
src/deriva_ml/dataset/dataset_bag.py:271: in list_dataset_members
    for k, v in nested_dataset.list_dataset_members(recurse=recurse).items():
                ^^^^^^^^^^^^^^^^^^^^^^^^^^^^^^^^^^^^^^^^^^^^^^^^^^^^
src/deriva_ml/dataset/dataset_bag.py:271: in list_dataset_members
    for k, v in nested_dataset.list_dataset_members(recurse=recurse).items():
                ^^^^^^^^^^^^^^^^^^^^^^^^^^^^^^^^^^^^^^^^^^^^^^^^^^^^
src/deriva_ml/dataset/dataset_bag.py:271: in list_dataset_members
    for k, v in nested_dataset.list_dataset_members(recurse=recurse).items():
                ^^^^^^^^^^^^^^^^^^^^^^^^^^^^^^^^^^^^^^^^^^^^^^^^^^^^
src/deriva_ml/dataset/dataset_bag.py:271: in list_dataset_members
    for k, v in nested_dataset.list_dataset_members(recurse=recurse).items():
                ^^^^^^^^^^^^^^^^^^^^^^^^^^^^^^^^^^^^^^^^^^^^^^^^^^^^
src/deriva_ml/dataset/dataset_bag.py:271: in list_dataset_members
    for k, v in nested_dataset.list_dataset_members(recurse=recurse).items():
                ^^^^^^^^^^^^^^^^^^^^^^^^^^^^^^^^^^^^^^^^^^^^^^^^^^^^
src/deriva_ml/dataset/dataset_bag.py:271: in list_dataset_members
    for k, v in nested_dataset.list_dataset_members(recurse=recurse).items():
                ^^^^^^^^^^^^^^^^^^^^^^^^^^^^^^^^^^^^^^^^^^^^^^^^^^^^
src/deriva_ml/dataset/dataset_bag.py:271: in list_dataset_members
    for k, v in nested_dataset.list_dataset_members(recurse=recurse).items():
                ^^^^^^^^^^^^^^^^^^^^^^^^^^^^^^^^^^^^^^^^^^^^^^^^^^^^
src/deriva_ml/dataset/dataset_bag.py:271: in list_dataset_members
    for k, v in nested_dataset.list_dataset_members(recurse=recurse).items():
                ^^^^^^^^^^^^^^^^^^^^^^^^^^^^^^^^^^^^^^^^^^^^^^^^^^^^
src/deriva_ml/dataset/dataset_bag.py:271: in list_dataset_members
    for k, v in nested_dataset.list_dataset_members(recurse=recurse).items():
                ^^^^^^^^^^^^^^^^^^^^^^^^^^^^^^^^^^^^^^^^^^^^^^^^^^^^
src/deriva_ml/dataset/dataset_bag.py:271: in list_dataset_members
    for k, v in nested_dataset.list_dataset_members(recurse=recurse).items():
                ^^^^^^^^^^^^^^^^^^^^^^^^^^^^^^^^^^^^^^^^^^^^^^^^^^^^
src/deriva_ml/dataset/dataset_bag.py:271: in list_dataset_members
    for k, v in nested_dataset.list_dataset_members(recurse=recurse).items():
                ^^^^^^^^^^^^^^^^^^^^^^^^^^^^^^^^^^^^^^^^^^^^^^^^^^^^
src/deriva_ml/dataset/dataset_bag.py:271: in list_dataset_members
    for k, v in nested_dataset.list_dataset_members(recurse=recurse).items():
                ^^^^^^^^^^^^^^^^^^^^^^^^^^^^^^^^^^^^^^^^^^^^^^^^^^^^
src/deriva_ml/dataset/dataset_bag.py:271: in list_dataset_members
    for k, v in nested_dataset.list_dataset_members(recurse=recurse).items():
                ^^^^^^^^^^^^^^^^^^^^^^^^^^^^^^^^^^^^^^^^^^^^^^^^^^^^
src/deriva_ml/dataset/dataset_bag.py:271: in list_dataset_members
    for k, v in nested_dataset.list_dataset_members(recurse=recurse).items():
                ^^^^^^^^^^^^^^^^^^^^^^^^^^^^^^^^^^^^^^^^^^^^^^^^^^^^
src/deriva_ml/dataset/dataset_bag.py:271: in list_dataset_members
    for k, v in nested_dataset.list_dataset_members(recurse=recurse).items():
                ^^^^^^^^^^^^^^^^^^^^^^^^^^^^^^^^^^^^^^^^^^^^^^^^^^^^
src/deriva_ml/dataset/dataset_bag.py:271: in list_dataset_members
    for k, v in nested_dataset.list_dataset_members(recurse=recurse).items():
                ^^^^^^^^^^^^^^^^^^^^^^^^^^^^^^^^^^^^^^^^^^^^^^^^^^^^
src/deriva_ml/dataset/dataset_bag.py:271: in list_dataset_members
    for k, v in nested_dataset.list_dataset_members(recurse=recurse).items():
                ^^^^^^^^^^^^^^^^^^^^^^^^^^^^^^^^^^^^^^^^^^^^^^^^^^^^
src/deriva_ml/dataset/dataset_bag.py:271: in list_dataset_members
    for k, v in nested_dataset.list_dataset_members(recurse=recurse).items():
                ^^^^^^^^^^^^^^^^^^^^^^^^^^^^^^^^^^^^^^^^^^^^^^^^^^^^
src/deriva_ml/dataset/dataset_bag.py:271: in list_dataset_members
    for k, v in nested_dataset.list_dataset_members(recurse=recurse).items():
                ^^^^^^^^^^^^^^^^^^^^^^^^^^^^^^^^^^^^^^^^^^^^^^^^^^^^
src/deriva_ml/dataset/dataset_bag.py:271: in list_dataset_members
    for k, v in nested_dataset.list_dataset_members(recurse=recurse).items():
                ^^^^^^^^^^^^^^^^^^^^^^^^^^^^^^^^^^^^^^^^^^^^^^^^^^^^
src/deriva_ml/dataset/dataset_bag.py:271: in list_dataset_members
    for k, v in nested_dataset.list_dataset_members(recurse=recurse).items():
                ^^^^^^^^^^^^^^^^^^^^^^^^^^^^^^^^^^^^^^^^^^^^^^^^^^^^
src/deriva_ml/dataset/dataset_bag.py:271: in list_dataset_members
    for k, v in nested_dataset.list_dataset_members(recurse=recurse).items():
                ^^^^^^^^^^^^^^^^^^^^^^^^^^^^^^^^^^^^^^^^^^^^^^^^^^^^
src/deriva_ml/dataset/dataset_bag.py:271: in list_dataset_members
    for k, v in nested_dataset.list_dataset_members(recurse=recurse).items():
                ^^^^^^^^^^^^^^^^^^^^^^^^^^^^^^^^^^^^^^^^^^^^^^^^^^^^
src/deriva_ml/dataset/dataset_bag.py:271: in list_dataset_members
    for k, v in nested_dataset.list_dataset_members(recurse=recurse).items():
                ^^^^^^^^^^^^^^^^^^^^^^^^^^^^^^^^^^^^^^^^^^^^^^^^^^^^
src/deriva_ml/dataset/dataset_bag.py:271: in list_dataset_members
    for k, v in nested_dataset.list_dataset_members(recurse=recurse).items():
                ^^^^^^^^^^^^^^^^^^^^^^^^^^^^^^^^^^^^^^^^^^^^^^^^^^^^
src/deriva_ml/dataset/dataset_bag.py:271: in list_dataset_members
    for k, v in nested_dataset.list_dataset_members(recurse=recurse).items():
                ^^^^^^^^^^^^^^^^^^^^^^^^^^^^^^^^^^^^^^^^^^^^^^^^^^^^
src/deriva_ml/dataset/dataset_bag.py:271: in list_dataset_members
    for k, v in nested_dataset.list_dataset_members(recurse=recurse).items():
                ^^^^^^^^^^^^^^^^^^^^^^^^^^^^^^^^^^^^^^^^^^^^^^^^^^^^
src/deriva_ml/dataset/dataset_bag.py:271: in list_dataset_members
    for k, v in nested_dataset.list_dataset_members(recurse=recurse).items():
                ^^^^^^^^^^^^^^^^^^^^^^^^^^^^^^^^^^^^^^^^^^^^^^^^^^^^
src/deriva_ml/dataset/dataset_bag.py:271: in list_dataset_members
    for k, v in nested_dataset.list_dataset_members(recurse=recurse).items():
                ^^^^^^^^^^^^^^^^^^^^^^^^^^^^^^^^^^^^^^^^^^^^^^^^^^^^
src/deriva_ml/dataset/dataset_bag.py:271: in list_dataset_members
    for k, v in nested_dataset.list_dataset_members(recurse=recurse).items():
                ^^^^^^^^^^^^^^^^^^^^^^^^^^^^^^^^^^^^^^^^^^^^^^^^^^^^
src/deriva_ml/dataset/dataset_bag.py:271: in list_dataset_members
    for k, v in nested_dataset.list_dataset_members(recurse=recurse).items():
                ^^^^^^^^^^^^^^^^^^^^^^^^^^^^^^^^^^^^^^^^^^^^^^^^^^^^
src/deriva_ml/dataset/dataset_bag.py:271: in list_dataset_members
    for k, v in nested_dataset.list_dataset_members(recurse=recurse).items():
                ^^^^^^^^^^^^^^^^^^^^^^^^^^^^^^^^^^^^^^^^^^^^^^^^^^^^
src/deriva_ml/dataset/dataset_bag.py:271: in list_dataset_members
    for k, v in nested_dataset.list_dataset_members(recurse=recurse).items():
                ^^^^^^^^^^^^^^^^^^^^^^^^^^^^^^^^^^^^^^^^^^^^^^^^^^^^
src/deriva_ml/dataset/dataset_bag.py:271: in list_dataset_members
    for k, v in nested_dataset.list_dataset_members(recurse=recurse).items():
                ^^^^^^^^^^^^^^^^^^^^^^^^^^^^^^^^^^^^^^^^^^^^^^^^^^^^
src/deriva_ml/dataset/dataset_bag.py:271: in list_dataset_members
    for k, v in nested_dataset.list_dataset_members(recurse=recurse).items():
                ^^^^^^^^^^^^^^^^^^^^^^^^^^^^^^^^^^^^^^^^^^^^^^^^^^^^
src/deriva_ml/dataset/dataset_bag.py:271: in list_dataset_members
    for k, v in nested_dataset.list_dataset_members(recurse=recurse).items():
                ^^^^^^^^^^^^^^^^^^^^^^^^^^^^^^^^^^^^^^^^^^^^^^^^^^^^
src/deriva_ml/dataset/dataset_bag.py:271: in list_dataset_members
    for k, v in nested_dataset.list_dataset_members(recurse=recurse).items():
                ^^^^^^^^^^^^^^^^^^^^^^^^^^^^^^^^^^^^^^^^^^^^^^^^^^^^
src/deriva_ml/dataset/dataset_bag.py:271: in list_dataset_members
    for k, v in nested_dataset.list_dataset_members(recurse=recurse).items():
                ^^^^^^^^^^^^^^^^^^^^^^^^^^^^^^^^^^^^^^^^^^^^^^^^^^^^
src/deriva_ml/dataset/dataset_bag.py:271: in list_dataset_members
    for k, v in nested_dataset.list_dataset_members(recurse=recurse).items():
                ^^^^^^^^^^^^^^^^^^^^^^^^^^^^^^^^^^^^^^^^^^^^^^^^^^^^
src/deriva_ml/dataset/dataset_bag.py:271: in list_dataset_members
    for k, v in nested_dataset.list_dataset_members(recurse=recurse).items():
                ^^^^^^^^^^^^^^^^^^^^^^^^^^^^^^^^^^^^^^^^^^^^^^^^^^^^
src/deriva_ml/dataset/dataset_bag.py:271: in list_dataset_members
    for k, v in nested_dataset.list_dataset_members(recurse=recurse).items():
                ^^^^^^^^^^^^^^^^^^^^^^^^^^^^^^^^^^^^^^^^^^^^^^^^^^^^
src/deriva_ml/dataset/dataset_bag.py:271: in list_dataset_members
    for k, v in nested_dataset.list_dataset_members(recurse=recurse).items():
                ^^^^^^^^^^^^^^^^^^^^^^^^^^^^^^^^^^^^^^^^^^^^^^^^^^^^
src/deriva_ml/dataset/dataset_bag.py:271: in list_dataset_members
    for k, v in nested_dataset.list_dataset_members(recurse=recurse).items():
                ^^^^^^^^^^^^^^^^^^^^^^^^^^^^^^^^^^^^^^^^^^^^^^^^^^^^
src/deriva_ml/dataset/dataset_bag.py:271: in list_dataset_members
    for k, v in nested_dataset.list_dataset_members(recurse=recurse).items():
                ^^^^^^^^^^^^^^^^^^^^^^^^^^^^^^^^^^^^^^^^^^^^^^^^^^^^
src/deriva_ml/dataset/dataset_bag.py:271: in list_dataset_members
    for k, v in nested_dataset.list_dataset_members(recurse=recurse).items():
                ^^^^^^^^^^^^^^^^^^^^^^^^^^^^^^^^^^^^^^^^^^^^^^^^^^^^
src/deriva_ml/dataset/dataset_bag.py:271: in list_dataset_members
    for k, v in nested_dataset.list_dataset_members(recurse=recurse).items():
                ^^^^^^^^^^^^^^^^^^^^^^^^^^^^^^^^^^^^^^^^^^^^^^^^^^^^
src/deriva_ml/dataset/dataset_bag.py:271: in list_dataset_members
    for k, v in nested_dataset.list_dataset_members(recurse=recurse).items():
                ^^^^^^^^^^^^^^^^^^^^^^^^^^^^^^^^^^^^^^^^^^^^^^^^^^^^
src/deriva_ml/dataset/dataset_bag.py:271: in list_dataset_members
    for k, v in nested_dataset.list_dataset_members(recurse=recurse).items():
                ^^^^^^^^^^^^^^^^^^^^^^^^^^^^^^^^^^^^^^^^^^^^^^^^^^^^
src/deriva_ml/dataset/dataset_bag.py:271: in list_dataset_members
    for k, v in nested_dataset.list_dataset_members(recurse=recurse).items():
                ^^^^^^^^^^^^^^^^^^^^^^^^^^^^^^^^^^^^^^^^^^^^^^^^^^^^
src/deriva_ml/dataset/dataset_bag.py:271: in list_dataset_members
    for k, v in nested_dataset.list_dataset_members(recurse=recurse).items():
                ^^^^^^^^^^^^^^^^^^^^^^^^^^^^^^^^^^^^^^^^^^^^^^^^^^^^
src/deriva_ml/dataset/dataset_bag.py:271: in list_dataset_members
    for k, v in nested_dataset.list_dataset_members(recurse=recurse).items():
                ^^^^^^^^^^^^^^^^^^^^^^^^^^^^^^^^^^^^^^^^^^^^^^^^^^^^
src/deriva_ml/dataset/dataset_bag.py:271: in list_dataset_members
    for k, v in nested_dataset.list_dataset_members(recurse=recurse).items():
                ^^^^^^^^^^^^^^^^^^^^^^^^^^^^^^^^^^^^^^^^^^^^^^^^^^^^
src/deriva_ml/dataset/dataset_bag.py:271: in list_dataset_members
    for k, v in nested_dataset.list_dataset_members(recurse=recurse).items():
                ^^^^^^^^^^^^^^^^^^^^^^^^^^^^^^^^^^^^^^^^^^^^^^^^^^^^
src/deriva_ml/dataset/dataset_bag.py:271: in list_dataset_members
    for k, v in nested_dataset.list_dataset_members(recurse=recurse).items():
                ^^^^^^^^^^^^^^^^^^^^^^^^^^^^^^^^^^^^^^^^^^^^^^^^^^^^
src/deriva_ml/dataset/dataset_bag.py:271: in list_dataset_members
    for k, v in nested_dataset.list_dataset_members(recurse=recurse).items():
                ^^^^^^^^^^^^^^^^^^^^^^^^^^^^^^^^^^^^^^^^^^^^^^^^^^^^
src/deriva_ml/dataset/dataset_bag.py:271: in list_dataset_members
    for k, v in nested_dataset.list_dataset_members(recurse=recurse).items():
                ^^^^^^^^^^^^^^^^^^^^^^^^^^^^^^^^^^^^^^^^^^^^^^^^^^^^
src/deriva_ml/dataset/dataset_bag.py:271: in list_dataset_members
    for k, v in nested_dataset.list_dataset_members(recurse=recurse).items():
                ^^^^^^^^^^^^^^^^^^^^^^^^^^^^^^^^^^^^^^^^^^^^^^^^^^^^
src/deriva_ml/dataset/dataset_bag.py:271: in list_dataset_members
    for k, v in nested_dataset.list_dataset_members(recurse=recurse).items():
                ^^^^^^^^^^^^^^^^^^^^^^^^^^^^^^^^^^^^^^^^^^^^^^^^^^^^
src/deriva_ml/dataset/dataset_bag.py:271: in list_dataset_members
    for k, v in nested_dataset.list_dataset_members(recurse=recurse).items():
                ^^^^^^^^^^^^^^^^^^^^^^^^^^^^^^^^^^^^^^^^^^^^^^^^^^^^
src/deriva_ml/dataset/dataset_bag.py:271: in list_dataset_members
    for k, v in nested_dataset.list_dataset_members(recurse=recurse).items():
                ^^^^^^^^^^^^^^^^^^^^^^^^^^^^^^^^^^^^^^^^^^^^^^^^^^^^
src/deriva_ml/dataset/dataset_bag.py:271: in list_dataset_members
    for k, v in nested_dataset.list_dataset_members(recurse=recurse).items():
                ^^^^^^^^^^^^^^^^^^^^^^^^^^^^^^^^^^^^^^^^^^^^^^^^^^^^
src/deriva_ml/dataset/dataset_bag.py:271: in list_dataset_members
    for k, v in nested_dataset.list_dataset_members(recurse=recurse).items():
                ^^^^^^^^^^^^^^^^^^^^^^^^^^^^^^^^^^^^^^^^^^^^^^^^^^^^
src/deriva_ml/dataset/dataset_bag.py:271: in list_dataset_members
    for k, v in nested_dataset.list_dataset_members(recurse=recurse).items():
                ^^^^^^^^^^^^^^^^^^^^^^^^^^^^^^^^^^^^^^^^^^^^^^^^^^^^
src/deriva_ml/dataset/dataset_bag.py:271: in list_dataset_members
    for k, v in nested_dataset.list_dataset_members(recurse=recurse).items():
                ^^^^^^^^^^^^^^^^^^^^^^^^^^^^^^^^^^^^^^^^^^^^^^^^^^^^
src/deriva_ml/dataset/dataset_bag.py:271: in list_dataset_members
    for k, v in nested_dataset.list_dataset_members(recurse=recurse).items():
                ^^^^^^^^^^^^^^^^^^^^^^^^^^^^^^^^^^^^^^^^^^^^^^^^^^^^
src/deriva_ml/dataset/dataset_bag.py:271: in list_dataset_members
    for k, v in nested_dataset.list_dataset_members(recurse=recurse).items():
                ^^^^^^^^^^^^^^^^^^^^^^^^^^^^^^^^^^^^^^^^^^^^^^^^^^^^
src/deriva_ml/dataset/dataset_bag.py:271: in list_dataset_members
    for k, v in nested_dataset.list_dataset_members(recurse=recurse).items():
                ^^^^^^^^^^^^^^^^^^^^^^^^^^^^^^^^^^^^^^^^^^^^^^^^^^^^
src/deriva_ml/dataset/dataset_bag.py:271: in list_dataset_members
    for k, v in nested_dataset.list_dataset_members(recurse=recurse).items():
                ^^^^^^^^^^^^^^^^^^^^^^^^^^^^^^^^^^^^^^^^^^^^^^^^^^^^
src/deriva_ml/dataset/dataset_bag.py:271: in list_dataset_members
    for k, v in nested_dataset.list_dataset_members(recurse=recurse).items():
                ^^^^^^^^^^^^^^^^^^^^^^^^^^^^^^^^^^^^^^^^^^^^^^^^^^^^
src/deriva_ml/dataset/dataset_bag.py:271: in list_dataset_members
    for k, v in nested_dataset.list_dataset_members(recurse=recurse).items():
                ^^^^^^^^^^^^^^^^^^^^^^^^^^^^^^^^^^^^^^^^^^^^^^^^^^^^
src/deriva_ml/dataset/dataset_bag.py:271: in list_dataset_members
    for k, v in nested_dataset.list_dataset_members(recurse=recurse).items():
                ^^^^^^^^^^^^^^^^^^^^^^^^^^^^^^^^^^^^^^^^^^^^^^^^^^^^
src/deriva_ml/dataset/dataset_bag.py:271: in list_dataset_members
    for k, v in nested_dataset.list_dataset_members(recurse=recurse).items():
                ^^^^^^^^^^^^^^^^^^^^^^^^^^^^^^^^^^^^^^^^^^^^^^^^^^^^
src/deriva_ml/dataset/dataset_bag.py:271: in list_dataset_members
    for k, v in nested_dataset.list_dataset_members(recurse=recurse).items():
                ^^^^^^^^^^^^^^^^^^^^^^^^^^^^^^^^^^^^^^^^^^^^^^^^^^^^
src/deriva_ml/dataset/dataset_bag.py:271: in list_dataset_members
    for k, v in nested_dataset.list_dataset_members(recurse=recurse).items():
                ^^^^^^^^^^^^^^^^^^^^^^^^^^^^^^^^^^^^^^^^^^^^^^^^^^^^
src/deriva_ml/dataset/dataset_bag.py:271: in list_dataset_members
    for k, v in nested_dataset.list_dataset_members(recurse=recurse).items():
                ^^^^^^^^^^^^^^^^^^^^^^^^^^^^^^^^^^^^^^^^^^^^^^^^^^^^
src/deriva_ml/dataset/dataset_bag.py:271: in list_dataset_members
    for k, v in nested_dataset.list_dataset_members(recurse=recurse).items():
                ^^^^^^^^^^^^^^^^^^^^^^^^^^^^^^^^^^^^^^^^^^^^^^^^^^^^
src/deriva_ml/dataset/dataset_bag.py:271: in list_dataset_members
    for k, v in nested_dataset.list_dataset_members(recurse=recurse).items():
                ^^^^^^^^^^^^^^^^^^^^^^^^^^^^^^^^^^^^^^^^^^^^^^^^^^^^
src/deriva_ml/dataset/dataset_bag.py:271: in list_dataset_members
    for k, v in nested_dataset.list_dataset_members(recurse=recurse).items():
                ^^^^^^^^^^^^^^^^^^^^^^^^^^^^^^^^^^^^^^^^^^^^^^^^^^^^
src/deriva_ml/dataset/dataset_bag.py:271: in list_dataset_members
    for k, v in nested_dataset.list_dataset_members(recurse=recurse).items():
                ^^^^^^^^^^^^^^^^^^^^^^^^^^^^^^^^^^^^^^^^^^^^^^^^^^^^
src/deriva_ml/dataset/dataset_bag.py:271: in list_dataset_members
    for k, v in nested_dataset.list_dataset_members(recurse=recurse).items():
                ^^^^^^^^^^^^^^^^^^^^^^^^^^^^^^^^^^^^^^^^^^^^^^^^^^^^
src/deriva_ml/dataset/dataset_bag.py:271: in list_dataset_members
    for k, v in nested_dataset.list_dataset_members(recurse=recurse).items():
                ^^^^^^^^^^^^^^^^^^^^^^^^^^^^^^^^^^^^^^^^^^^^^^^^^^^^
src/deriva_ml/dataset/dataset_bag.py:271: in list_dataset_members
    for k, v in nested_dataset.list_dataset_members(recurse=recurse).items():
                ^^^^^^^^^^^^^^^^^^^^^^^^^^^^^^^^^^^^^^^^^^^^^^^^^^^^
src/deriva_ml/dataset/dataset_bag.py:271: in list_dataset_members
    for k, v in nested_dataset.list_dataset_members(recurse=recurse).items():
                ^^^^^^^^^^^^^^^^^^^^^^^^^^^^^^^^^^^^^^^^^^^^^^^^^^^^
src/deriva_ml/dataset/dataset_bag.py:271: in list_dataset_members
    for k, v in nested_dataset.list_dataset_members(recurse=recurse).items():
                ^^^^^^^^^^^^^^^^^^^^^^^^^^^^^^^^^^^^^^^^^^^^^^^^^^^^
src/deriva_ml/dataset/dataset_bag.py:271: in list_dataset_members
    for k, v in nested_dataset.list_dataset_members(recurse=recurse).items():
                ^^^^^^^^^^^^^^^^^^^^^^^^^^^^^^^^^^^^^^^^^^^^^^^^^^^^
src/deriva_ml/dataset/dataset_bag.py:271: in list_dataset_members
    for k, v in nested_dataset.list_dataset_members(recurse=recurse).items():
                ^^^^^^^^^^^^^^^^^^^^^^^^^^^^^^^^^^^^^^^^^^^^^^^^^^^^
src/deriva_ml/dataset/dataset_bag.py:271: in list_dataset_members
    for k, v in nested_dataset.list_dataset_members(recurse=recurse).items():
                ^^^^^^^^^^^^^^^^^^^^^^^^^^^^^^^^^^^^^^^^^^^^^^^^^^^^
src/deriva_ml/dataset/dataset_bag.py:271: in list_dataset_members
    for k, v in nested_dataset.list_dataset_members(recurse=recurse).items():
                ^^^^^^^^^^^^^^^^^^^^^^^^^^^^^^^^^^^^^^^^^^^^^^^^^^^^
src/deriva_ml/dataset/dataset_bag.py:271: in list_dataset_members
    for k, v in nested_dataset.list_dataset_members(recurse=recurse).items():
                ^^^^^^^^^^^^^^^^^^^^^^^^^^^^^^^^^^^^^^^^^^^^^^^^^^^^
src/deriva_ml/dataset/dataset_bag.py:271: in list_dataset_members
    for k, v in nested_dataset.list_dataset_members(recurse=recurse).items():
                ^^^^^^^^^^^^^^^^^^^^^^^^^^^^^^^^^^^^^^^^^^^^^^^^^^^^
src/deriva_ml/dataset/dataset_bag.py:271: in list_dataset_members
    for k, v in nested_dataset.list_dataset_members(recurse=recurse).items():
                ^^^^^^^^^^^^^^^^^^^^^^^^^^^^^^^^^^^^^^^^^^^^^^^^^^^^
src/deriva_ml/dataset/dataset_bag.py:271: in list_dataset_members
    for k, v in nested_dataset.list_dataset_members(recurse=recurse).items():
                ^^^^^^^^^^^^^^^^^^^^^^^^^^^^^^^^^^^^^^^^^^^^^^^^^^^^
src/deriva_ml/dataset/dataset_bag.py:271: in list_dataset_members
    for k, v in nested_dataset.list_dataset_members(recurse=recurse).items():
                ^^^^^^^^^^^^^^^^^^^^^^^^^^^^^^^^^^^^^^^^^^^^^^^^^^^^
src/deriva_ml/dataset/dataset_bag.py:271: in list_dataset_members
    for k, v in nested_dataset.list_dataset_members(recurse=recurse).items():
                ^^^^^^^^^^^^^^^^^^^^^^^^^^^^^^^^^^^^^^^^^^^^^^^^^^^^
src/deriva_ml/dataset/dataset_bag.py:271: in list_dataset_members
    for k, v in nested_dataset.list_dataset_members(recurse=recurse).items():
                ^^^^^^^^^^^^^^^^^^^^^^^^^^^^^^^^^^^^^^^^^^^^^^^^^^^^
src/deriva_ml/dataset/dataset_bag.py:271: in list_dataset_members
    for k, v in nested_dataset.list_dataset_members(recurse=recurse).items():
                ^^^^^^^^^^^^^^^^^^^^^^^^^^^^^^^^^^^^^^^^^^^^^^^^^^^^
src/deriva_ml/dataset/dataset_bag.py:271: in list_dataset_members
    for k, v in nested_dataset.list_dataset_members(recurse=recurse).items():
                ^^^^^^^^^^^^^^^^^^^^^^^^^^^^^^^^^^^^^^^^^^^^^^^^^^^^
src/deriva_ml/dataset/dataset_bag.py:271: in list_dataset_members
    for k, v in nested_dataset.list_dataset_members(recurse=recurse).items():
                ^^^^^^^^^^^^^^^^^^^^^^^^^^^^^^^^^^^^^^^^^^^^^^^^^^^^
src/deriva_ml/dataset/dataset_bag.py:271: in list_dataset_members
    for k, v in nested_dataset.list_dataset_members(recurse=recurse).items():
                ^^^^^^^^^^^^^^^^^^^^^^^^^^^^^^^^^^^^^^^^^^^^^^^^^^^^
src/deriva_ml/dataset/dataset_bag.py:271: in list_dataset_members
    for k, v in nested_dataset.list_dataset_members(recurse=recurse).items():
                ^^^^^^^^^^^^^^^^^^^^^^^^^^^^^^^^^^^^^^^^^^^^^^^^^^^^
src/deriva_ml/dataset/dataset_bag.py:271: in list_dataset_members
    for k, v in nested_dataset.list_dataset_members(recurse=recurse).items():
                ^^^^^^^^^^^^^^^^^^^^^^^^^^^^^^^^^^^^^^^^^^^^^^^^^^^^
src/deriva_ml/dataset/dataset_bag.py:271: in list_dataset_members
    for k, v in nested_dataset.list_dataset_members(recurse=recurse).items():
                ^^^^^^^^^^^^^^^^^^^^^^^^^^^^^^^^^^^^^^^^^^^^^^^^^^^^
src/deriva_ml/dataset/dataset_bag.py:271: in list_dataset_members
    for k, v in nested_dataset.list_dataset_members(recurse=recurse).items():
                ^^^^^^^^^^^^^^^^^^^^^^^^^^^^^^^^^^^^^^^^^^^^^^^^^^^^
src/deriva_ml/dataset/dataset_bag.py:271: in list_dataset_members
    for k, v in nested_dataset.list_dataset_members(recurse=recurse).items():
                ^^^^^^^^^^^^^^^^^^^^^^^^^^^^^^^^^^^^^^^^^^^^^^^^^^^^
src/deriva_ml/dataset/dataset_bag.py:271: in list_dataset_members
    for k, v in nested_dataset.list_dataset_members(recurse=recurse).items():
                ^^^^^^^^^^^^^^^^^^^^^^^^^^^^^^^^^^^^^^^^^^^^^^^^^^^^
src/deriva_ml/dataset/dataset_bag.py:271: in list_dataset_members
    for k, v in nested_dataset.list_dataset_members(recurse=recurse).items():
                ^^^^^^^^^^^^^^^^^^^^^^^^^^^^^^^^^^^^^^^^^^^^^^^^^^^^
src/deriva_ml/dataset/dataset_bag.py:271: in list_dataset_members
    for k, v in nested_dataset.list_dataset_members(recurse=recurse).items():
                ^^^^^^^^^^^^^^^^^^^^^^^^^^^^^^^^^^^^^^^^^^^^^^^^^^^^
src/deriva_ml/dataset/dataset_bag.py:271: in list_dataset_members
    for k, v in nested_dataset.list_dataset_members(recurse=recurse).items():
                ^^^^^^^^^^^^^^^^^^^^^^^^^^^^^^^^^^^^^^^^^^^^^^^^^^^^
src/deriva_ml/dataset/dataset_bag.py:271: in list_dataset_members
    for k, v in nested_dataset.list_dataset_members(recurse=recurse).items():
                ^^^^^^^^^^^^^^^^^^^^^^^^^^^^^^^^^^^^^^^^^^^^^^^^^^^^
src/deriva_ml/dataset/dataset_bag.py:271: in list_dataset_members
    for k, v in nested_dataset.list_dataset_members(recurse=recurse).items():
                ^^^^^^^^^^^^^^^^^^^^^^^^^^^^^^^^^^^^^^^^^^^^^^^^^^^^
src/deriva_ml/dataset/dataset_bag.py:271: in list_dataset_members
    for k, v in nested_dataset.list_dataset_members(recurse=recurse).items():
                ^^^^^^^^^^^^^^^^^^^^^^^^^^^^^^^^^^^^^^^^^^^^^^^^^^^^
src/deriva_ml/dataset/dataset_bag.py:271: in list_dataset_members
    for k, v in nested_dataset.list_dataset_members(recurse=recurse).items():
                ^^^^^^^^^^^^^^^^^^^^^^^^^^^^^^^^^^^^^^^^^^^^^^^^^^^^
src/deriva_ml/dataset/dataset_bag.py:271: in list_dataset_members
    for k, v in nested_dataset.list_dataset_members(recurse=recurse).items():
                ^^^^^^^^^^^^^^^^^^^^^^^^^^^^^^^^^^^^^^^^^^^^^^^^^^^^
src/deriva_ml/dataset/dataset_bag.py:271: in list_dataset_members
    for k, v in nested_dataset.list_dataset_members(recurse=recurse).items():
                ^^^^^^^^^^^^^^^^^^^^^^^^^^^^^^^^^^^^^^^^^^^^^^^^^^^^
src/deriva_ml/dataset/dataset_bag.py:271: in list_dataset_members
    for k, v in nested_dataset.list_dataset_members(recurse=recurse).items():
                ^^^^^^^^^^^^^^^^^^^^^^^^^^^^^^^^^^^^^^^^^^^^^^^^^^^^
src/deriva_ml/dataset/dataset_bag.py:271: in list_dataset_members
    for k, v in nested_dataset.list_dataset_members(recurse=recurse).items():
                ^^^^^^^^^^^^^^^^^^^^^^^^^^^^^^^^^^^^^^^^^^^^^^^^^^^^
src/deriva_ml/dataset/dataset_bag.py:271: in list_dataset_members
    for k, v in nested_dataset.list_dataset_members(recurse=recurse).items():
                ^^^^^^^^^^^^^^^^^^^^^^^^^^^^^^^^^^^^^^^^^^^^^^^^^^^^
src/deriva_ml/dataset/dataset_bag.py:271: in list_dataset_members
    for k, v in nested_dataset.list_dataset_members(recurse=recurse).items():
                ^^^^^^^^^^^^^^^^^^^^^^^^^^^^^^^^^^^^^^^^^^^^^^^^^^^^
src/deriva_ml/dataset/dataset_bag.py:271: in list_dataset_members
    for k, v in nested_dataset.list_dataset_members(recurse=recurse).items():
                ^^^^^^^^^^^^^^^^^^^^^^^^^^^^^^^^^^^^^^^^^^^^^^^^^^^^
src/deriva_ml/dataset/dataset_bag.py:271: in list_dataset_members
    for k, v in nested_dataset.list_dataset_members(recurse=recurse).items():
                ^^^^^^^^^^^^^^^^^^^^^^^^^^^^^^^^^^^^^^^^^^^^^^^^^^^^
src/deriva_ml/dataset/dataset_bag.py:271: in list_dataset_members
    for k, v in nested_dataset.list_dataset_members(recurse=recurse).items():
                ^^^^^^^^^^^^^^^^^^^^^^^^^^^^^^^^^^^^^^^^^^^^^^^^^^^^
src/deriva_ml/dataset/dataset_bag.py:271: in list_dataset_members
    for k, v in nested_dataset.list_dataset_members(recurse=recurse).items():
                ^^^^^^^^^^^^^^^^^^^^^^^^^^^^^^^^^^^^^^^^^^^^^^^^^^^^
src/deriva_ml/dataset/dataset_bag.py:271: in list_dataset_members
    for k, v in nested_dataset.list_dataset_members(recurse=recurse).items():
                ^^^^^^^^^^^^^^^^^^^^^^^^^^^^^^^^^^^^^^^^^^^^^^^^^^^^
src/deriva_ml/dataset/dataset_bag.py:271: in list_dataset_members
    for k, v in nested_dataset.list_dataset_members(recurse=recurse).items():
                ^^^^^^^^^^^^^^^^^^^^^^^^^^^^^^^^^^^^^^^^^^^^^^^^^^^^
src/deriva_ml/dataset/dataset_bag.py:271: in list_dataset_members
    for k, v in nested_dataset.list_dataset_members(recurse=recurse).items():
                ^^^^^^^^^^^^^^^^^^^^^^^^^^^^^^^^^^^^^^^^^^^^^^^^^^^^
src/deriva_ml/dataset/dataset_bag.py:271: in list_dataset_members
    for k, v in nested_dataset.list_dataset_members(recurse=recurse).items():
                ^^^^^^^^^^^^^^^^^^^^^^^^^^^^^^^^^^^^^^^^^^^^^^^^^^^^
src/deriva_ml/dataset/dataset_bag.py:271: in list_dataset_members
    for k, v in nested_dataset.list_dataset_members(recurse=recurse).items():
                ^^^^^^^^^^^^^^^^^^^^^^^^^^^^^^^^^^^^^^^^^^^^^^^^^^^^
src/deriva_ml/dataset/dataset_bag.py:271: in list_dataset_members
    for k, v in nested_dataset.list_dataset_members(recurse=recurse).items():
                ^^^^^^^^^^^^^^^^^^^^^^^^^^^^^^^^^^^^^^^^^^^^^^^^^^^^
src/deriva_ml/dataset/dataset_bag.py:271: in list_dataset_members
    for k, v in nested_dataset.list_dataset_members(recurse=recurse).items():
                ^^^^^^^^^^^^^^^^^^^^^^^^^^^^^^^^^^^^^^^^^^^^^^^^^^^^
src/deriva_ml/dataset/dataset_bag.py:271: in list_dataset_members
    for k, v in nested_dataset.list_dataset_members(recurse=recurse).items():
                ^^^^^^^^^^^^^^^^^^^^^^^^^^^^^^^^^^^^^^^^^^^^^^^^^^^^
src/deriva_ml/dataset/dataset_bag.py:271: in list_dataset_members
    for k, v in nested_dataset.list_dataset_members(recurse=recurse).items():
                ^^^^^^^^^^^^^^^^^^^^^^^^^^^^^^^^^^^^^^^^^^^^^^^^^^^^
src/deriva_ml/dataset/dataset_bag.py:271: in list_dataset_members
    for k, v in nested_dataset.list_dataset_members(recurse=recurse).items():
                ^^^^^^^^^^^^^^^^^^^^^^^^^^^^^^^^^^^^^^^^^^^^^^^^^^^^
src/deriva_ml/dataset/dataset_bag.py:271: in list_dataset_members
    for k, v in nested_dataset.list_dataset_members(recurse=recurse).items():
                ^^^^^^^^^^^^^^^^^^^^^^^^^^^^^^^^^^^^^^^^^^^^^^^^^^^^
src/deriva_ml/dataset/dataset_bag.py:271: in list_dataset_members
    for k, v in nested_dataset.list_dataset_members(recurse=recurse).items():
                ^^^^^^^^^^^^^^^^^^^^^^^^^^^^^^^^^^^^^^^^^^^^^^^^^^^^
src/deriva_ml/dataset/dataset_bag.py:271: in list_dataset_members
    for k, v in nested_dataset.list_dataset_members(recurse=recurse).items():
                ^^^^^^^^^^^^^^^^^^^^^^^^^^^^^^^^^^^^^^^^^^^^^^^^^^^^
src/deriva_ml/dataset/dataset_bag.py:271: in list_dataset_members
    for k, v in nested_dataset.list_dataset_members(recurse=recurse).items():
                ^^^^^^^^^^^^^^^^^^^^^^^^^^^^^^^^^^^^^^^^^^^^^^^^^^^^
src/deriva_ml/dataset/dataset_bag.py:271: in list_dataset_members
    for k, v in nested_dataset.list_dataset_members(recurse=recurse).items():
                ^^^^^^^^^^^^^^^^^^^^^^^^^^^^^^^^^^^^^^^^^^^^^^^^^^^^
src/deriva_ml/dataset/dataset_bag.py:271: in list_dataset_members
    for k, v in nested_dataset.list_dataset_members(recurse=recurse).items():
                ^^^^^^^^^^^^^^^^^^^^^^^^^^^^^^^^^^^^^^^^^^^^^^^^^^^^
src/deriva_ml/dataset/dataset_bag.py:271: in list_dataset_members
    for k, v in nested_dataset.list_dataset_members(recurse=recurse).items():
                ^^^^^^^^^^^^^^^^^^^^^^^^^^^^^^^^^^^^^^^^^^^^^^^^^^^^
src/deriva_ml/dataset/dataset_bag.py:271: in list_dataset_members
    for k, v in nested_dataset.list_dataset_members(recurse=recurse).items():
                ^^^^^^^^^^^^^^^^^^^^^^^^^^^^^^^^^^^^^^^^^^^^^^^^^^^^
src/deriva_ml/dataset/dataset_bag.py:271: in list_dataset_members
    for k, v in nested_dataset.list_dataset_members(recurse=recurse).items():
                ^^^^^^^^^^^^^^^^^^^^^^^^^^^^^^^^^^^^^^^^^^^^^^^^^^^^
src/deriva_ml/dataset/dataset_bag.py:271: in list_dataset_members
    for k, v in nested_dataset.list_dataset_members(recurse=recurse).items():
                ^^^^^^^^^^^^^^^^^^^^^^^^^^^^^^^^^^^^^^^^^^^^^^^^^^^^
src/deriva_ml/dataset/dataset_bag.py:271: in list_dataset_members
    for k, v in nested_dataset.list_dataset_members(recurse=recurse).items():
                ^^^^^^^^^^^^^^^^^^^^^^^^^^^^^^^^^^^^^^^^^^^^^^^^^^^^
src/deriva_ml/dataset/dataset_bag.py:271: in list_dataset_members
    for k, v in nested_dataset.list_dataset_members(recurse=recurse).items():
                ^^^^^^^^^^^^^^^^^^^^^^^^^^^^^^^^^^^^^^^^^^^^^^^^^^^^
src/deriva_ml/dataset/dataset_bag.py:271: in list_dataset_members
    for k, v in nested_dataset.list_dataset_members(recurse=recurse).items():
                ^^^^^^^^^^^^^^^^^^^^^^^^^^^^^^^^^^^^^^^^^^^^^^^^^^^^
src/deriva_ml/dataset/dataset_bag.py:271: in list_dataset_members
    for k, v in nested_dataset.list_dataset_members(recurse=recurse).items():
                ^^^^^^^^^^^^^^^^^^^^^^^^^^^^^^^^^^^^^^^^^^^^^^^^^^^^
src/deriva_ml/dataset/dataset_bag.py:271: in list_dataset_members
    for k, v in nested_dataset.list_dataset_members(recurse=recurse).items():
                ^^^^^^^^^^^^^^^^^^^^^^^^^^^^^^^^^^^^^^^^^^^^^^^^^^^^
src/deriva_ml/dataset/dataset_bag.py:271: in list_dataset_members
    for k, v in nested_dataset.list_dataset_members(recurse=recurse).items():
                ^^^^^^^^^^^^^^^^^^^^^^^^^^^^^^^^^^^^^^^^^^^^^^^^^^^^
src/deriva_ml/dataset/dataset_bag.py:271: in list_dataset_members
    for k, v in nested_dataset.list_dataset_members(recurse=recurse).items():
                ^^^^^^^^^^^^^^^^^^^^^^^^^^^^^^^^^^^^^^^^^^^^^^^^^^^^
src/deriva_ml/dataset/dataset_bag.py:271: in list_dataset_members
    for k, v in nested_dataset.list_dataset_members(recurse=recurse).items():
                ^^^^^^^^^^^^^^^^^^^^^^^^^^^^^^^^^^^^^^^^^^^^^^^^^^^^
src/deriva_ml/dataset/dataset_bag.py:271: in list_dataset_members
    for k, v in nested_dataset.list_dataset_members(recurse=recurse).items():
                ^^^^^^^^^^^^^^^^^^^^^^^^^^^^^^^^^^^^^^^^^^^^^^^^^^^^
src/deriva_ml/dataset/dataset_bag.py:271: in list_dataset_members
    for k, v in nested_dataset.list_dataset_members(recurse=recurse).items():
                ^^^^^^^^^^^^^^^^^^^^^^^^^^^^^^^^^^^^^^^^^^^^^^^^^^^^
src/deriva_ml/dataset/dataset_bag.py:271: in list_dataset_members
    for k, v in nested_dataset.list_dataset_members(recurse=recurse).items():
                ^^^^^^^^^^^^^^^^^^^^^^^^^^^^^^^^^^^^^^^^^^^^^^^^^^^^
src/deriva_ml/dataset/dataset_bag.py:271: in list_dataset_members
    for k, v in nested_dataset.list_dataset_members(recurse=recurse).items():
                ^^^^^^^^^^^^^^^^^^^^^^^^^^^^^^^^^^^^^^^^^^^^^^^^^^^^
src/deriva_ml/dataset/dataset_bag.py:271: in list_dataset_members
    for k, v in nested_dataset.list_dataset_members(recurse=recurse).items():
                ^^^^^^^^^^^^^^^^^^^^^^^^^^^^^^^^^^^^^^^^^^^^^^^^^^^^
src/deriva_ml/dataset/dataset_bag.py:271: in list_dataset_members
    for k, v in nested_dataset.list_dataset_members(recurse=recurse).items():
                ^^^^^^^^^^^^^^^^^^^^^^^^^^^^^^^^^^^^^^^^^^^^^^^^^^^^
src/deriva_ml/dataset/dataset_bag.py:271: in list_dataset_members
    for k, v in nested_dataset.list_dataset_members(recurse=recurse).items():
                ^^^^^^^^^^^^^^^^^^^^^^^^^^^^^^^^^^^^^^^^^^^^^^^^^^^^
src/deriva_ml/dataset/dataset_bag.py:271: in list_dataset_members
    for k, v in nested_dataset.list_dataset_members(recurse=recurse).items():
                ^^^^^^^^^^^^^^^^^^^^^^^^^^^^^^^^^^^^^^^^^^^^^^^^^^^^
src/deriva_ml/dataset/dataset_bag.py:271: in list_dataset_members
    for k, v in nested_dataset.list_dataset_members(recurse=recurse).items():
                ^^^^^^^^^^^^^^^^^^^^^^^^^^^^^^^^^^^^^^^^^^^^^^^^^^^^
src/deriva_ml/dataset/dataset_bag.py:271: in list_dataset_members
    for k, v in nested_dataset.list_dataset_members(recurse=recurse).items():
                ^^^^^^^^^^^^^^^^^^^^^^^^^^^^^^^^^^^^^^^^^^^^^^^^^^^^
src/deriva_ml/dataset/dataset_bag.py:271: in list_dataset_members
    for k, v in nested_dataset.list_dataset_members(recurse=recurse).items():
                ^^^^^^^^^^^^^^^^^^^^^^^^^^^^^^^^^^^^^^^^^^^^^^^^^^^^
src/deriva_ml/dataset/dataset_bag.py:271: in list_dataset_members
    for k, v in nested_dataset.list_dataset_members(recurse=recurse).items():
                ^^^^^^^^^^^^^^^^^^^^^^^^^^^^^^^^^^^^^^^^^^^^^^^^^^^^
src/deriva_ml/dataset/dataset_bag.py:271: in list_dataset_members
    for k, v in nested_dataset.list_dataset_members(recurse=recurse).items():
                ^^^^^^^^^^^^^^^^^^^^^^^^^^^^^^^^^^^^^^^^^^^^^^^^^^^^
src/deriva_ml/dataset/dataset_bag.py:271: in list_dataset_members
    for k, v in nested_dataset.list_dataset_members(recurse=recurse).items():
                ^^^^^^^^^^^^^^^^^^^^^^^^^^^^^^^^^^^^^^^^^^^^^^^^^^^^
src/deriva_ml/dataset/dataset_bag.py:271: in list_dataset_members
    for k, v in nested_dataset.list_dataset_members(recurse=recurse).items():
                ^^^^^^^^^^^^^^^^^^^^^^^^^^^^^^^^^^^^^^^^^^^^^^^^^^^^
src/deriva_ml/dataset/dataset_bag.py:271: in list_dataset_members
    for k, v in nested_dataset.list_dataset_members(recurse=recurse).items():
                ^^^^^^^^^^^^^^^^^^^^^^^^^^^^^^^^^^^^^^^^^^^^^^^^^^^^
src/deriva_ml/dataset/dataset_bag.py:271: in list_dataset_members
    for k, v in nested_dataset.list_dataset_members(recurse=recurse).items():
                ^^^^^^^^^^^^^^^^^^^^^^^^^^^^^^^^^^^^^^^^^^^^^^^^^^^^
src/deriva_ml/dataset/dataset_bag.py:271: in list_dataset_members
    for k, v in nested_dataset.list_dataset_members(recurse=recurse).items():
                ^^^^^^^^^^^^^^^^^^^^^^^^^^^^^^^^^^^^^^^^^^^^^^^^^^^^
src/deriva_ml/dataset/dataset_bag.py:271: in list_dataset_members
    for k, v in nested_dataset.list_dataset_members(recurse=recurse).items():
                ^^^^^^^^^^^^^^^^^^^^^^^^^^^^^^^^^^^^^^^^^^^^^^^^^^^^
src/deriva_ml/dataset/dataset_bag.py:271: in list_dataset_members
    for k, v in nested_dataset.list_dataset_members(recurse=recurse).items():
                ^^^^^^^^^^^^^^^^^^^^^^^^^^^^^^^^^^^^^^^^^^^^^^^^^^^^
src/deriva_ml/dataset/dataset_bag.py:271: in list_dataset_members
    for k, v in nested_dataset.list_dataset_members(recurse=recurse).items():
                ^^^^^^^^^^^^^^^^^^^^^^^^^^^^^^^^^^^^^^^^^^^^^^^^^^^^
src/deriva_ml/dataset/dataset_bag.py:271: in list_dataset_members
    for k, v in nested_dataset.list_dataset_members(recurse=recurse).items():
                ^^^^^^^^^^^^^^^^^^^^^^^^^^^^^^^^^^^^^^^^^^^^^^^^^^^^
src/deriva_ml/dataset/dataset_bag.py:271: in list_dataset_members
    for k, v in nested_dataset.list_dataset_members(recurse=recurse).items():
                ^^^^^^^^^^^^^^^^^^^^^^^^^^^^^^^^^^^^^^^^^^^^^^^^^^^^
src/deriva_ml/dataset/dataset_bag.py:271: in list_dataset_members
    for k, v in nested_dataset.list_dataset_members(recurse=recurse).items():
                ^^^^^^^^^^^^^^^^^^^^^^^^^^^^^^^^^^^^^^^^^^^^^^^^^^^^
src/deriva_ml/dataset/dataset_bag.py:271: in list_dataset_members
    for k, v in nested_dataset.list_dataset_members(recurse=recurse).items():
                ^^^^^^^^^^^^^^^^^^^^^^^^^^^^^^^^^^^^^^^^^^^^^^^^^^^^
src/deriva_ml/dataset/dataset_bag.py:271: in list_dataset_members
    for k, v in nested_dataset.list_dataset_members(recurse=recurse).items():
                ^^^^^^^^^^^^^^^^^^^^^^^^^^^^^^^^^^^^^^^^^^^^^^^^^^^^
src/deriva_ml/dataset/dataset_bag.py:271: in list_dataset_members
    for k, v in nested_dataset.list_dataset_members(recurse=recurse).items():
                ^^^^^^^^^^^^^^^^^^^^^^^^^^^^^^^^^^^^^^^^^^^^^^^^^^^^
src/deriva_ml/dataset/dataset_bag.py:271: in list_dataset_members
    for k, v in nested_dataset.list_dataset_members(recurse=recurse).items():
                ^^^^^^^^^^^^^^^^^^^^^^^^^^^^^^^^^^^^^^^^^^^^^^^^^^^^
src/deriva_ml/dataset/dataset_bag.py:271: in list_dataset_members
    for k, v in nested_dataset.list_dataset_members(recurse=recurse).items():
                ^^^^^^^^^^^^^^^^^^^^^^^^^^^^^^^^^^^^^^^^^^^^^^^^^^^^
src/deriva_ml/dataset/dataset_bag.py:271: in list_dataset_members
    for k, v in nested_dataset.list_dataset_members(recurse=recurse).items():
                ^^^^^^^^^^^^^^^^^^^^^^^^^^^^^^^^^^^^^^^^^^^^^^^^^^^^
src/deriva_ml/dataset/dataset_bag.py:271: in list_dataset_members
    for k, v in nested_dataset.list_dataset_members(recurse=recurse).items():
                ^^^^^^^^^^^^^^^^^^^^^^^^^^^^^^^^^^^^^^^^^^^^^^^^^^^^
src/deriva_ml/dataset/dataset_bag.py:271: in list_dataset_members
    for k, v in nested_dataset.list_dataset_members(recurse=recurse).items():
                ^^^^^^^^^^^^^^^^^^^^^^^^^^^^^^^^^^^^^^^^^^^^^^^^^^^^
src/deriva_ml/dataset/dataset_bag.py:271: in list_dataset_members
    for k, v in nested_dataset.list_dataset_members(recurse=recurse).items():
                ^^^^^^^^^^^^^^^^^^^^^^^^^^^^^^^^^^^^^^^^^^^^^^^^^^^^
src/deriva_ml/dataset/dataset_bag.py:271: in list_dataset_members
    for k, v in nested_dataset.list_dataset_members(recurse=recurse).items():
                ^^^^^^^^^^^^^^^^^^^^^^^^^^^^^^^^^^^^^^^^^^^^^^^^^^^^
src/deriva_ml/dataset/dataset_bag.py:271: in list_dataset_members
    for k, v in nested_dataset.list_dataset_members(recurse=recurse).items():
                ^^^^^^^^^^^^^^^^^^^^^^^^^^^^^^^^^^^^^^^^^^^^^^^^^^^^
src/deriva_ml/dataset/dataset_bag.py:271: in list_dataset_members
    for k, v in nested_dataset.list_dataset_members(recurse=recurse).items():
                ^^^^^^^^^^^^^^^^^^^^^^^^^^^^^^^^^^^^^^^^^^^^^^^^^^^^
src/deriva_ml/dataset/dataset_bag.py:271: in list_dataset_members
    for k, v in nested_dataset.list_dataset_members(recurse=recurse).items():
                ^^^^^^^^^^^^^^^^^^^^^^^^^^^^^^^^^^^^^^^^^^^^^^^^^^^^
src/deriva_ml/dataset/dataset_bag.py:271: in list_dataset_members
    for k, v in nested_dataset.list_dataset_members(recurse=recurse).items():
                ^^^^^^^^^^^^^^^^^^^^^^^^^^^^^^^^^^^^^^^^^^^^^^^^^^^^
src/deriva_ml/dataset/dataset_bag.py:271: in list_dataset_members
    for k, v in nested_dataset.list_dataset_members(recurse=recurse).items():
                ^^^^^^^^^^^^^^^^^^^^^^^^^^^^^^^^^^^^^^^^^^^^^^^^^^^^
src/deriva_ml/dataset/dataset_bag.py:271: in list_dataset_members
    for k, v in nested_dataset.list_dataset_members(recurse=recurse).items():
                ^^^^^^^^^^^^^^^^^^^^^^^^^^^^^^^^^^^^^^^^^^^^^^^^^^^^
src/deriva_ml/dataset/dataset_bag.py:271: in list_dataset_members
    for k, v in nested_dataset.list_dataset_members(recurse=recurse).items():
                ^^^^^^^^^^^^^^^^^^^^^^^^^^^^^^^^^^^^^^^^^^^^^^^^^^^^
src/deriva_ml/dataset/dataset_bag.py:271: in list_dataset_members
    for k, v in nested_dataset.list_dataset_members(recurse=recurse).items():
                ^^^^^^^^^^^^^^^^^^^^^^^^^^^^^^^^^^^^^^^^^^^^^^^^^^^^
src/deriva_ml/dataset/dataset_bag.py:271: in list_dataset_members
    for k, v in nested_dataset.list_dataset_members(recurse=recurse).items():
                ^^^^^^^^^^^^^^^^^^^^^^^^^^^^^^^^^^^^^^^^^^^^^^^^^^^^
src/deriva_ml/dataset/dataset_bag.py:271: in list_dataset_members
    for k, v in nested_dataset.list_dataset_members(recurse=recurse).items():
                ^^^^^^^^^^^^^^^^^^^^^^^^^^^^^^^^^^^^^^^^^^^^^^^^^^^^
src/deriva_ml/dataset/dataset_bag.py:271: in list_dataset_members
    for k, v in nested_dataset.list_dataset_members(recurse=recurse).items():
                ^^^^^^^^^^^^^^^^^^^^^^^^^^^^^^^^^^^^^^^^^^^^^^^^^^^^
src/deriva_ml/dataset/dataset_bag.py:271: in list_dataset_members
    for k, v in nested_dataset.list_dataset_members(recurse=recurse).items():
                ^^^^^^^^^^^^^^^^^^^^^^^^^^^^^^^^^^^^^^^^^^^^^^^^^^^^
src/deriva_ml/dataset/dataset_bag.py:271: in list_dataset_members
    for k, v in nested_dataset.list_dataset_members(recurse=recurse).items():
                ^^^^^^^^^^^^^^^^^^^^^^^^^^^^^^^^^^^^^^^^^^^^^^^^^^^^
src/deriva_ml/dataset/dataset_bag.py:271: in list_dataset_members
    for k, v in nested_dataset.list_dataset_members(recurse=recurse).items():
                ^^^^^^^^^^^^^^^^^^^^^^^^^^^^^^^^^^^^^^^^^^^^^^^^^^^^
src/deriva_ml/dataset/dataset_bag.py:271: in list_dataset_members
    for k, v in nested_dataset.list_dataset_members(recurse=recurse).items():
                ^^^^^^^^^^^^^^^^^^^^^^^^^^^^^^^^^^^^^^^^^^^^^^^^^^^^
src/deriva_ml/dataset/dataset_bag.py:271: in list_dataset_members
    for k, v in nested_dataset.list_dataset_members(recurse=recurse).items():
                ^^^^^^^^^^^^^^^^^^^^^^^^^^^^^^^^^^^^^^^^^^^^^^^^^^^^
src/deriva_ml/dataset/dataset_bag.py:271: in list_dataset_members
    for k, v in nested_dataset.list_dataset_members(recurse=recurse).items():
                ^^^^^^^^^^^^^^^^^^^^^^^^^^^^^^^^^^^^^^^^^^^^^^^^^^^^
src/deriva_ml/dataset/dataset_bag.py:271: in list_dataset_members
    for k, v in nested_dataset.list_dataset_members(recurse=recurse).items():
                ^^^^^^^^^^^^^^^^^^^^^^^^^^^^^^^^^^^^^^^^^^^^^^^^^^^^
src/deriva_ml/dataset/dataset_bag.py:271: in list_dataset_members
    for k, v in nested_dataset.list_dataset_members(recurse=recurse).items():
                ^^^^^^^^^^^^^^^^^^^^^^^^^^^^^^^^^^^^^^^^^^^^^^^^^^^^
src/deriva_ml/dataset/dataset_bag.py:271: in list_dataset_members
    for k, v in nested_dataset.list_dataset_members(recurse=recurse).items():
                ^^^^^^^^^^^^^^^^^^^^^^^^^^^^^^^^^^^^^^^^^^^^^^^^^^^^
src/deriva_ml/dataset/dataset_bag.py:271: in list_dataset_members
    for k, v in nested_dataset.list_dataset_members(recurse=recurse).items():
                ^^^^^^^^^^^^^^^^^^^^^^^^^^^^^^^^^^^^^^^^^^^^^^^^^^^^
src/deriva_ml/dataset/dataset_bag.py:271: in list_dataset_members
    for k, v in nested_dataset.list_dataset_members(recurse=recurse).items():
                ^^^^^^^^^^^^^^^^^^^^^^^^^^^^^^^^^^^^^^^^^^^^^^^^^^^^
src/deriva_ml/dataset/dataset_bag.py:271: in list_dataset_members
    for k, v in nested_dataset.list_dataset_members(recurse=recurse).items():
                ^^^^^^^^^^^^^^^^^^^^^^^^^^^^^^^^^^^^^^^^^^^^^^^^^^^^
src/deriva_ml/dataset/dataset_bag.py:271: in list_dataset_members
    for k, v in nested_dataset.list_dataset_members(recurse=recurse).items():
                ^^^^^^^^^^^^^^^^^^^^^^^^^^^^^^^^^^^^^^^^^^^^^^^^^^^^
src/deriva_ml/dataset/dataset_bag.py:271: in list_dataset_members
    for k, v in nested_dataset.list_dataset_members(recurse=recurse).items():
                ^^^^^^^^^^^^^^^^^^^^^^^^^^^^^^^^^^^^^^^^^^^^^^^^^^^^
src/deriva_ml/dataset/dataset_bag.py:271: in list_dataset_members
    for k, v in nested_dataset.list_dataset_members(recurse=recurse).items():
                ^^^^^^^^^^^^^^^^^^^^^^^^^^^^^^^^^^^^^^^^^^^^^^^^^^^^
src/deriva_ml/dataset/dataset_bag.py:271: in list_dataset_members
    for k, v in nested_dataset.list_dataset_members(recurse=recurse).items():
                ^^^^^^^^^^^^^^^^^^^^^^^^^^^^^^^^^^^^^^^^^^^^^^^^^^^^
src/deriva_ml/dataset/dataset_bag.py:271: in list_dataset_members
    for k, v in nested_dataset.list_dataset_members(recurse=recurse).items():
                ^^^^^^^^^^^^^^^^^^^^^^^^^^^^^^^^^^^^^^^^^^^^^^^^^^^^
src/deriva_ml/dataset/dataset_bag.py:271: in list_dataset_members
    for k, v in nested_dataset.list_dataset_members(recurse=recurse).items():
                ^^^^^^^^^^^^^^^^^^^^^^^^^^^^^^^^^^^^^^^^^^^^^^^^^^^^
src/deriva_ml/dataset/dataset_bag.py:271: in list_dataset_members
    for k, v in nested_dataset.list_dataset_members(recurse=recurse).items():
                ^^^^^^^^^^^^^^^^^^^^^^^^^^^^^^^^^^^^^^^^^^^^^^^^^^^^
src/deriva_ml/dataset/dataset_bag.py:271: in list_dataset_members
    for k, v in nested_dataset.list_dataset_members(recurse=recurse).items():
                ^^^^^^^^^^^^^^^^^^^^^^^^^^^^^^^^^^^^^^^^^^^^^^^^^^^^
src/deriva_ml/dataset/dataset_bag.py:271: in list_dataset_members
    for k, v in nested_dataset.list_dataset_members(recurse=recurse).items():
                ^^^^^^^^^^^^^^^^^^^^^^^^^^^^^^^^^^^^^^^^^^^^^^^^^^^^
src/deriva_ml/dataset/dataset_bag.py:271: in list_dataset_members
    for k, v in nested_dataset.list_dataset_members(recurse=recurse).items():
                ^^^^^^^^^^^^^^^^^^^^^^^^^^^^^^^^^^^^^^^^^^^^^^^^^^^^
src/deriva_ml/dataset/dataset_bag.py:271: in list_dataset_members
    for k, v in nested_dataset.list_dataset_members(recurse=recurse).items():
                ^^^^^^^^^^^^^^^^^^^^^^^^^^^^^^^^^^^^^^^^^^^^^^^^^^^^
src/deriva_ml/dataset/dataset_bag.py:271: in list_dataset_members
    for k, v in nested_dataset.list_dataset_members(recurse=recurse).items():
                ^^^^^^^^^^^^^^^^^^^^^^^^^^^^^^^^^^^^^^^^^^^^^^^^^^^^
src/deriva_ml/dataset/dataset_bag.py:271: in list_dataset_members
    for k, v in nested_dataset.list_dataset_members(recurse=recurse).items():
                ^^^^^^^^^^^^^^^^^^^^^^^^^^^^^^^^^^^^^^^^^^^^^^^^^^^^
src/deriva_ml/dataset/dataset_bag.py:271: in list_dataset_members
    for k, v in nested_dataset.list_dataset_members(recurse=recurse).items():
                ^^^^^^^^^^^^^^^^^^^^^^^^^^^^^^^^^^^^^^^^^^^^^^^^^^^^
src/deriva_ml/dataset/dataset_bag.py:271: in list_dataset_members
    for k, v in nested_dataset.list_dataset_members(recurse=recurse).items():
                ^^^^^^^^^^^^^^^^^^^^^^^^^^^^^^^^^^^^^^^^^^^^^^^^^^^^
src/deriva_ml/dataset/dataset_bag.py:271: in list_dataset_members
    for k, v in nested_dataset.list_dataset_members(recurse=recurse).items():
                ^^^^^^^^^^^^^^^^^^^^^^^^^^^^^^^^^^^^^^^^^^^^^^^^^^^^
src/deriva_ml/dataset/dataset_bag.py:271: in list_dataset_members
    for k, v in nested_dataset.list_dataset_members(recurse=recurse).items():
                ^^^^^^^^^^^^^^^^^^^^^^^^^^^^^^^^^^^^^^^^^^^^^^^^^^^^
src/deriva_ml/dataset/dataset_bag.py:271: in list_dataset_members
    for k, v in nested_dataset.list_dataset_members(recurse=recurse).items():
                ^^^^^^^^^^^^^^^^^^^^^^^^^^^^^^^^^^^^^^^^^^^^^^^^^^^^
src/deriva_ml/dataset/dataset_bag.py:271: in list_dataset_members
    for k, v in nested_dataset.list_dataset_members(recurse=recurse).items():
                ^^^^^^^^^^^^^^^^^^^^^^^^^^^^^^^^^^^^^^^^^^^^^^^^^^^^
src/deriva_ml/dataset/dataset_bag.py:271: in list_dataset_members
    for k, v in nested_dataset.list_dataset_members(recurse=recurse).items():
                ^^^^^^^^^^^^^^^^^^^^^^^^^^^^^^^^^^^^^^^^^^^^^^^^^^^^
src/deriva_ml/dataset/dataset_bag.py:271: in list_dataset_members
    for k, v in nested_dataset.list_dataset_members(recurse=recurse).items():
                ^^^^^^^^^^^^^^^^^^^^^^^^^^^^^^^^^^^^^^^^^^^^^^^^^^^^
src/deriva_ml/dataset/dataset_bag.py:271: in list_dataset_members
    for k, v in nested_dataset.list_dataset_members(recurse=recurse).items():
                ^^^^^^^^^^^^^^^^^^^^^^^^^^^^^^^^^^^^^^^^^^^^^^^^^^^^
src/deriva_ml/dataset/dataset_bag.py:271: in list_dataset_members
    for k, v in nested_dataset.list_dataset_members(recurse=recurse).items():
                ^^^^^^^^^^^^^^^^^^^^^^^^^^^^^^^^^^^^^^^^^^^^^^^^^^^^
src/deriva_ml/dataset/dataset_bag.py:271: in list_dataset_members
    for k, v in nested_dataset.list_dataset_members(recurse=recurse).items():
                ^^^^^^^^^^^^^^^^^^^^^^^^^^^^^^^^^^^^^^^^^^^^^^^^^^^^
src/deriva_ml/dataset/dataset_bag.py:271: in list_dataset_members
    for k, v in nested_dataset.list_dataset_members(recurse=recurse).items():
                ^^^^^^^^^^^^^^^^^^^^^^^^^^^^^^^^^^^^^^^^^^^^^^^^^^^^
src/deriva_ml/dataset/dataset_bag.py:271: in list_dataset_members
    for k, v in nested_dataset.list_dataset_members(recurse=recurse).items():
                ^^^^^^^^^^^^^^^^^^^^^^^^^^^^^^^^^^^^^^^^^^^^^^^^^^^^
src/deriva_ml/dataset/dataset_bag.py:271: in list_dataset_members
    for k, v in nested_dataset.list_dataset_members(recurse=recurse).items():
                ^^^^^^^^^^^^^^^^^^^^^^^^^^^^^^^^^^^^^^^^^^^^^^^^^^^^
src/deriva_ml/dataset/dataset_bag.py:271: in list_dataset_members
    for k, v in nested_dataset.list_dataset_members(recurse=recurse).items():
                ^^^^^^^^^^^^^^^^^^^^^^^^^^^^^^^^^^^^^^^^^^^^^^^^^^^^
src/deriva_ml/dataset/dataset_bag.py:271: in list_dataset_members
    for k, v in nested_dataset.list_dataset_members(recurse=recurse).items():
                ^^^^^^^^^^^^^^^^^^^^^^^^^^^^^^^^^^^^^^^^^^^^^^^^^^^^
src/deriva_ml/dataset/dataset_bag.py:271: in list_dataset_members
    for k, v in nested_dataset.list_dataset_members(recurse=recurse).items():
                ^^^^^^^^^^^^^^^^^^^^^^^^^^^^^^^^^^^^^^^^^^^^^^^^^^^^
src/deriva_ml/dataset/dataset_bag.py:271: in list_dataset_members
    for k, v in nested_dataset.list_dataset_members(recurse=recurse).items():
                ^^^^^^^^^^^^^^^^^^^^^^^^^^^^^^^^^^^^^^^^^^^^^^^^^^^^
src/deriva_ml/dataset/dataset_bag.py:271: in list_dataset_members
    for k, v in nested_dataset.list_dataset_members(recurse=recurse).items():
                ^^^^^^^^^^^^^^^^^^^^^^^^^^^^^^^^^^^^^^^^^^^^^^^^^^^^
src/deriva_ml/dataset/dataset_bag.py:271: in list_dataset_members
    for k, v in nested_dataset.list_dataset_members(recurse=recurse).items():
                ^^^^^^^^^^^^^^^^^^^^^^^^^^^^^^^^^^^^^^^^^^^^^^^^^^^^
src/deriva_ml/dataset/dataset_bag.py:271: in list_dataset_members
    for k, v in nested_dataset.list_dataset_members(recurse=recurse).items():
                ^^^^^^^^^^^^^^^^^^^^^^^^^^^^^^^^^^^^^^^^^^^^^^^^^^^^
src/deriva_ml/dataset/dataset_bag.py:271: in list_dataset_members
    for k, v in nested_dataset.list_dataset_members(recurse=recurse).items():
                ^^^^^^^^^^^^^^^^^^^^^^^^^^^^^^^^^^^^^^^^^^^^^^^^^^^^
src/deriva_ml/dataset/dataset_bag.py:271: in list_dataset_members
    for k, v in nested_dataset.list_dataset_members(recurse=recurse).items():
                ^^^^^^^^^^^^^^^^^^^^^^^^^^^^^^^^^^^^^^^^^^^^^^^^^^^^
src/deriva_ml/dataset/dataset_bag.py:271: in list_dataset_members
    for k, v in nested_dataset.list_dataset_members(recurse=recurse).items():
                ^^^^^^^^^^^^^^^^^^^^^^^^^^^^^^^^^^^^^^^^^^^^^^^^^^^^
src/deriva_ml/dataset/dataset_bag.py:271: in list_dataset_members
    for k, v in nested_dataset.list_dataset_members(recurse=recurse).items():
                ^^^^^^^^^^^^^^^^^^^^^^^^^^^^^^^^^^^^^^^^^^^^^^^^^^^^
src/deriva_ml/dataset/dataset_bag.py:271: in list_dataset_members
    for k, v in nested_dataset.list_dataset_members(recurse=recurse).items():
                ^^^^^^^^^^^^^^^^^^^^^^^^^^^^^^^^^^^^^^^^^^^^^^^^^^^^
src/deriva_ml/dataset/dataset_bag.py:271: in list_dataset_members
    for k, v in nested_dataset.list_dataset_members(recurse=recurse).items():
                ^^^^^^^^^^^^^^^^^^^^^^^^^^^^^^^^^^^^^^^^^^^^^^^^^^^^
src/deriva_ml/dataset/dataset_bag.py:271: in list_dataset_members
    for k, v in nested_dataset.list_dataset_members(recurse=recurse).items():
                ^^^^^^^^^^^^^^^^^^^^^^^^^^^^^^^^^^^^^^^^^^^^^^^^^^^^
src/deriva_ml/dataset/dataset_bag.py:271: in list_dataset_members
    for k, v in nested_dataset.list_dataset_members(recurse=recurse).items():
                ^^^^^^^^^^^^^^^^^^^^^^^^^^^^^^^^^^^^^^^^^^^^^^^^^^^^
src/deriva_ml/dataset/dataset_bag.py:271: in list_dataset_members
    for k, v in nested_dataset.list_dataset_members(recurse=recurse).items():
                ^^^^^^^^^^^^^^^^^^^^^^^^^^^^^^^^^^^^^^^^^^^^^^^^^^^^
src/deriva_ml/dataset/dataset_bag.py:271: in list_dataset_members
    for k, v in nested_dataset.list_dataset_members(recurse=recurse).items():
                ^^^^^^^^^^^^^^^^^^^^^^^^^^^^^^^^^^^^^^^^^^^^^^^^^^^^
src/deriva_ml/dataset/dataset_bag.py:271: in list_dataset_members
    for k, v in nested_dataset.list_dataset_members(recurse=recurse).items():
                ^^^^^^^^^^^^^^^^^^^^^^^^^^^^^^^^^^^^^^^^^^^^^^^^^^^^
src/deriva_ml/dataset/dataset_bag.py:271: in list_dataset_members
    for k, v in nested_dataset.list_dataset_members(recurse=recurse).items():
                ^^^^^^^^^^^^^^^^^^^^^^^^^^^^^^^^^^^^^^^^^^^^^^^^^^^^
src/deriva_ml/dataset/dataset_bag.py:271: in list_dataset_members
    for k, v in nested_dataset.list_dataset_members(recurse=recurse).items():
                ^^^^^^^^^^^^^^^^^^^^^^^^^^^^^^^^^^^^^^^^^^^^^^^^^^^^
src/deriva_ml/dataset/dataset_bag.py:271: in list_dataset_members
    for k, v in nested_dataset.list_dataset_members(recurse=recurse).items():
                ^^^^^^^^^^^^^^^^^^^^^^^^^^^^^^^^^^^^^^^^^^^^^^^^^^^^
src/deriva_ml/dataset/dataset_bag.py:271: in list_dataset_members
    for k, v in nested_dataset.list_dataset_members(recurse=recurse).items():
                ^^^^^^^^^^^^^^^^^^^^^^^^^^^^^^^^^^^^^^^^^^^^^^^^^^^^
src/deriva_ml/dataset/dataset_bag.py:271: in list_dataset_members
    for k, v in nested_dataset.list_dataset_members(recurse=recurse).items():
                ^^^^^^^^^^^^^^^^^^^^^^^^^^^^^^^^^^^^^^^^^^^^^^^^^^^^
src/deriva_ml/dataset/dataset_bag.py:271: in list_dataset_members
    for k, v in nested_dataset.list_dataset_members(recurse=recurse).items():
                ^^^^^^^^^^^^^^^^^^^^^^^^^^^^^^^^^^^^^^^^^^^^^^^^^^^^
src/deriva_ml/dataset/dataset_bag.py:271: in list_dataset_members
    for k, v in nested_dataset.list_dataset_members(recurse=recurse).items():
                ^^^^^^^^^^^^^^^^^^^^^^^^^^^^^^^^^^^^^^^^^^^^^^^^^^^^
src/deriva_ml/dataset/dataset_bag.py:271: in list_dataset_members
    for k, v in nested_dataset.list_dataset_members(recurse=recurse).items():
                ^^^^^^^^^^^^^^^^^^^^^^^^^^^^^^^^^^^^^^^^^^^^^^^^^^^^
src/deriva_ml/dataset/dataset_bag.py:271: in list_dataset_members
    for k, v in nested_dataset.list_dataset_members(recurse=recurse).items():
                ^^^^^^^^^^^^^^^^^^^^^^^^^^^^^^^^^^^^^^^^^^^^^^^^^^^^
src/deriva_ml/dataset/dataset_bag.py:271: in list_dataset_members
    for k, v in nested_dataset.list_dataset_members(recurse=recurse).items():
                ^^^^^^^^^^^^^^^^^^^^^^^^^^^^^^^^^^^^^^^^^^^^^^^^^^^^
src/deriva_ml/dataset/dataset_bag.py:271: in list_dataset_members
    for k, v in nested_dataset.list_dataset_members(recurse=recurse).items():
                ^^^^^^^^^^^^^^^^^^^^^^^^^^^^^^^^^^^^^^^^^^^^^^^^^^^^
src/deriva_ml/dataset/dataset_bag.py:271: in list_dataset_members
    for k, v in nested_dataset.list_dataset_members(recurse=recurse).items():
                ^^^^^^^^^^^^^^^^^^^^^^^^^^^^^^^^^^^^^^^^^^^^^^^^^^^^
src/deriva_ml/dataset/dataset_bag.py:271: in list_dataset_members
    for k, v in nested_dataset.list_dataset_members(recurse=recurse).items():
                ^^^^^^^^^^^^^^^^^^^^^^^^^^^^^^^^^^^^^^^^^^^^^^^^^^^^
src/deriva_ml/dataset/dataset_bag.py:271: in list_dataset_members
    for k, v in nested_dataset.list_dataset_members(recurse=recurse).items():
                ^^^^^^^^^^^^^^^^^^^^^^^^^^^^^^^^^^^^^^^^^^^^^^^^^^^^
src/deriva_ml/dataset/dataset_bag.py:271: in list_dataset_members
    for k, v in nested_dataset.list_dataset_members(recurse=recurse).items():
                ^^^^^^^^^^^^^^^^^^^^^^^^^^^^^^^^^^^^^^^^^^^^^^^^^^^^
src/deriva_ml/dataset/dataset_bag.py:271: in list_dataset_members
    for k, v in nested_dataset.list_dataset_members(recurse=recurse).items():
                ^^^^^^^^^^^^^^^^^^^^^^^^^^^^^^^^^^^^^^^^^^^^^^^^^^^^
src/deriva_ml/dataset/dataset_bag.py:271: in list_dataset_members
    for k, v in nested_dataset.list_dataset_members(recurse=recurse).items():
                ^^^^^^^^^^^^^^^^^^^^^^^^^^^^^^^^^^^^^^^^^^^^^^^^^^^^
src/deriva_ml/dataset/dataset_bag.py:271: in list_dataset_members
    for k, v in nested_dataset.list_dataset_members(recurse=recurse).items():
                ^^^^^^^^^^^^^^^^^^^^^^^^^^^^^^^^^^^^^^^^^^^^^^^^^^^^
src/deriva_ml/dataset/dataset_bag.py:271: in list_dataset_members
    for k, v in nested_dataset.list_dataset_members(recurse=recurse).items():
                ^^^^^^^^^^^^^^^^^^^^^^^^^^^^^^^^^^^^^^^^^^^^^^^^^^^^
src/deriva_ml/dataset/dataset_bag.py:271: in list_dataset_members
    for k, v in nested_dataset.list_dataset_members(recurse=recurse).items():
                ^^^^^^^^^^^^^^^^^^^^^^^^^^^^^^^^^^^^^^^^^^^^^^^^^^^^
src/deriva_ml/dataset/dataset_bag.py:271: in list_dataset_members
    for k, v in nested_dataset.list_dataset_members(recurse=recurse).items():
                ^^^^^^^^^^^^^^^^^^^^^^^^^^^^^^^^^^^^^^^^^^^^^^^^^^^^
src/deriva_ml/dataset/dataset_bag.py:271: in list_dataset_members
    for k, v in nested_dataset.list_dataset_members(recurse=recurse).items():
                ^^^^^^^^^^^^^^^^^^^^^^^^^^^^^^^^^^^^^^^^^^^^^^^^^^^^
src/deriva_ml/dataset/dataset_bag.py:271: in list_dataset_members
    for k, v in nested_dataset.list_dataset_members(recurse=recurse).items():
                ^^^^^^^^^^^^^^^^^^^^^^^^^^^^^^^^^^^^^^^^^^^^^^^^^^^^
src/deriva_ml/dataset/dataset_bag.py:271: in list_dataset_members
    for k, v in nested_dataset.list_dataset_members(recurse=recurse).items():
                ^^^^^^^^^^^^^^^^^^^^^^^^^^^^^^^^^^^^^^^^^^^^^^^^^^^^
src/deriva_ml/dataset/dataset_bag.py:271: in list_dataset_members
    for k, v in nested_dataset.list_dataset_members(recurse=recurse).items():
                ^^^^^^^^^^^^^^^^^^^^^^^^^^^^^^^^^^^^^^^^^^^^^^^^^^^^
src/deriva_ml/dataset/dataset_bag.py:271: in list_dataset_members
    for k, v in nested_dataset.list_dataset_members(recurse=recurse).items():
                ^^^^^^^^^^^^^^^^^^^^^^^^^^^^^^^^^^^^^^^^^^^^^^^^^^^^
src/deriva_ml/dataset/dataset_bag.py:271: in list_dataset_members
    for k, v in nested_dataset.list_dataset_members(recurse=recurse).items():
                ^^^^^^^^^^^^^^^^^^^^^^^^^^^^^^^^^^^^^^^^^^^^^^^^^^^^
src/deriva_ml/dataset/dataset_bag.py:271: in list_dataset_members
    for k, v in nested_dataset.list_dataset_members(recurse=recurse).items():
                ^^^^^^^^^^^^^^^^^^^^^^^^^^^^^^^^^^^^^^^^^^^^^^^^^^^^
src/deriva_ml/dataset/dataset_bag.py:271: in list_dataset_members
    for k, v in nested_dataset.list_dataset_members(recurse=recurse).items():
                ^^^^^^^^^^^^^^^^^^^^^^^^^^^^^^^^^^^^^^^^^^^^^^^^^^^^
src/deriva_ml/dataset/dataset_bag.py:271: in list_dataset_members
    for k, v in nested_dataset.list_dataset_members(recurse=recurse).items():
                ^^^^^^^^^^^^^^^^^^^^^^^^^^^^^^^^^^^^^^^^^^^^^^^^^^^^
src/deriva_ml/dataset/dataset_bag.py:271: in list_dataset_members
    for k, v in nested_dataset.list_dataset_members(recurse=recurse).items():
                ^^^^^^^^^^^^^^^^^^^^^^^^^^^^^^^^^^^^^^^^^^^^^^^^^^^^
src/deriva_ml/dataset/dataset_bag.py:271: in list_dataset_members
    for k, v in nested_dataset.list_dataset_members(recurse=recurse).items():
                ^^^^^^^^^^^^^^^^^^^^^^^^^^^^^^^^^^^^^^^^^^^^^^^^^^^^
src/deriva_ml/dataset/dataset_bag.py:271: in list_dataset_members
    for k, v in nested_dataset.list_dataset_members(recurse=recurse).items():
                ^^^^^^^^^^^^^^^^^^^^^^^^^^^^^^^^^^^^^^^^^^^^^^^^^^^^
src/deriva_ml/dataset/dataset_bag.py:271: in list_dataset_members
    for k, v in nested_dataset.list_dataset_members(recurse=recurse).items():
                ^^^^^^^^^^^^^^^^^^^^^^^^^^^^^^^^^^^^^^^^^^^^^^^^^^^^
src/deriva_ml/dataset/dataset_bag.py:271: in list_dataset_members
    for k, v in nested_dataset.list_dataset_members(recurse=recurse).items():
                ^^^^^^^^^^^^^^^^^^^^^^^^^^^^^^^^^^^^^^^^^^^^^^^^^^^^
src/deriva_ml/dataset/dataset_bag.py:271: in list_dataset_members
    for k, v in nested_dataset.list_dataset_members(recurse=recurse).items():
                ^^^^^^^^^^^^^^^^^^^^^^^^^^^^^^^^^^^^^^^^^^^^^^^^^^^^
src/deriva_ml/dataset/dataset_bag.py:271: in list_dataset_members
    for k, v in nested_dataset.list_dataset_members(recurse=recurse).items():
                ^^^^^^^^^^^^^^^^^^^^^^^^^^^^^^^^^^^^^^^^^^^^^^^^^^^^
src/deriva_ml/dataset/dataset_bag.py:271: in list_dataset_members
    for k, v in nested_dataset.list_dataset_members(recurse=recurse).items():
                ^^^^^^^^^^^^^^^^^^^^^^^^^^^^^^^^^^^^^^^^^^^^^^^^^^^^
src/deriva_ml/dataset/dataset_bag.py:271: in list_dataset_members
    for k, v in nested_dataset.list_dataset_members(recurse=recurse).items():
                ^^^^^^^^^^^^^^^^^^^^^^^^^^^^^^^^^^^^^^^^^^^^^^^^^^^^
src/deriva_ml/dataset/dataset_bag.py:271: in list_dataset_members
    for k, v in nested_dataset.list_dataset_members(recurse=recurse).items():
                ^^^^^^^^^^^^^^^^^^^^^^^^^^^^^^^^^^^^^^^^^^^^^^^^^^^^
src/deriva_ml/dataset/dataset_bag.py:271: in list_dataset_members
    for k, v in nested_dataset.list_dataset_members(recurse=recurse).items():
                ^^^^^^^^^^^^^^^^^^^^^^^^^^^^^^^^^^^^^^^^^^^^^^^^^^^^
src/deriva_ml/dataset/dataset_bag.py:271: in list_dataset_members
    for k, v in nested_dataset.list_dataset_members(recurse=recurse).items():
                ^^^^^^^^^^^^^^^^^^^^^^^^^^^^^^^^^^^^^^^^^^^^^^^^^^^^
src/deriva_ml/dataset/dataset_bag.py:271: in list_dataset_members
    for k, v in nested_dataset.list_dataset_members(recurse=recurse).items():
                ^^^^^^^^^^^^^^^^^^^^^^^^^^^^^^^^^^^^^^^^^^^^^^^^^^^^
src/deriva_ml/dataset/dataset_bag.py:271: in list_dataset_members
    for k, v in nested_dataset.list_dataset_members(recurse=recurse).items():
                ^^^^^^^^^^^^^^^^^^^^^^^^^^^^^^^^^^^^^^^^^^^^^^^^^^^^
src/deriva_ml/dataset/dataset_bag.py:271: in list_dataset_members
    for k, v in nested_dataset.list_dataset_members(recurse=recurse).items():
                ^^^^^^^^^^^^^^^^^^^^^^^^^^^^^^^^^^^^^^^^^^^^^^^^^^^^
src/deriva_ml/dataset/dataset_bag.py:271: in list_dataset_members
    for k, v in nested_dataset.list_dataset_members(recurse=recurse).items():
                ^^^^^^^^^^^^^^^^^^^^^^^^^^^^^^^^^^^^^^^^^^^^^^^^^^^^
src/deriva_ml/dataset/dataset_bag.py:271: in list_dataset_members
    for k, v in nested_dataset.list_dataset_members(recurse=recurse).items():
                ^^^^^^^^^^^^^^^^^^^^^^^^^^^^^^^^^^^^^^^^^^^^^^^^^^^^
src/deriva_ml/dataset/dataset_bag.py:271: in list_dataset_members
    for k, v in nested_dataset.list_dataset_members(recurse=recurse).items():
                ^^^^^^^^^^^^^^^^^^^^^^^^^^^^^^^^^^^^^^^^^^^^^^^^^^^^
src/deriva_ml/dataset/dataset_bag.py:271: in list_dataset_members
    for k, v in nested_dataset.list_dataset_members(recurse=recurse).items():
                ^^^^^^^^^^^^^^^^^^^^^^^^^^^^^^^^^^^^^^^^^^^^^^^^^^^^
src/deriva_ml/dataset/dataset_bag.py:271: in list_dataset_members
    for k, v in nested_dataset.list_dataset_members(recurse=recurse).items():
                ^^^^^^^^^^^^^^^^^^^^^^^^^^^^^^^^^^^^^^^^^^^^^^^^^^^^
src/deriva_ml/dataset/dataset_bag.py:271: in list_dataset_members
    for k, v in nested_dataset.list_dataset_members(recurse=recurse).items():
                ^^^^^^^^^^^^^^^^^^^^^^^^^^^^^^^^^^^^^^^^^^^^^^^^^^^^
src/deriva_ml/dataset/dataset_bag.py:271: in list_dataset_members
    for k, v in nested_dataset.list_dataset_members(recurse=recurse).items():
                ^^^^^^^^^^^^^^^^^^^^^^^^^^^^^^^^^^^^^^^^^^^^^^^^^^^^
src/deriva_ml/dataset/dataset_bag.py:271: in list_dataset_members
    for k, v in nested_dataset.list_dataset_members(recurse=recurse).items():
                ^^^^^^^^^^^^^^^^^^^^^^^^^^^^^^^^^^^^^^^^^^^^^^^^^^^^
src/deriva_ml/dataset/dataset_bag.py:271: in list_dataset_members
    for k, v in nested_dataset.list_dataset_members(recurse=recurse).items():
                ^^^^^^^^^^^^^^^^^^^^^^^^^^^^^^^^^^^^^^^^^^^^^^^^^^^^
src/deriva_ml/dataset/dataset_bag.py:271: in list_dataset_members
    for k, v in nested_dataset.list_dataset_members(recurse=recurse).items():
                ^^^^^^^^^^^^^^^^^^^^^^^^^^^^^^^^^^^^^^^^^^^^^^^^^^^^
src/deriva_ml/dataset/dataset_bag.py:271: in list_dataset_members
    for k, v in nested_dataset.list_dataset_members(recurse=recurse).items():
                ^^^^^^^^^^^^^^^^^^^^^^^^^^^^^^^^^^^^^^^^^^^^^^^^^^^^
src/deriva_ml/dataset/dataset_bag.py:271: in list_dataset_members
    for k, v in nested_dataset.list_dataset_members(recurse=recurse).items():
                ^^^^^^^^^^^^^^^^^^^^^^^^^^^^^^^^^^^^^^^^^^^^^^^^^^^^
src/deriva_ml/dataset/dataset_bag.py:271: in list_dataset_members
    for k, v in nested_dataset.list_dataset_members(recurse=recurse).items():
                ^^^^^^^^^^^^^^^^^^^^^^^^^^^^^^^^^^^^^^^^^^^^^^^^^^^^
src/deriva_ml/dataset/dataset_bag.py:271: in list_dataset_members
    for k, v in nested_dataset.list_dataset_members(recurse=recurse).items():
                ^^^^^^^^^^^^^^^^^^^^^^^^^^^^^^^^^^^^^^^^^^^^^^^^^^^^
src/deriva_ml/dataset/dataset_bag.py:271: in list_dataset_members
    for k, v in nested_dataset.list_dataset_members(recurse=recurse).items():
                ^^^^^^^^^^^^^^^^^^^^^^^^^^^^^^^^^^^^^^^^^^^^^^^^^^^^
src/deriva_ml/dataset/dataset_bag.py:271: in list_dataset_members
    for k, v in nested_dataset.list_dataset_members(recurse=recurse).items():
                ^^^^^^^^^^^^^^^^^^^^^^^^^^^^^^^^^^^^^^^^^^^^^^^^^^^^
src/deriva_ml/dataset/dataset_bag.py:271: in list_dataset_members
    for k, v in nested_dataset.list_dataset_members(recurse=recurse).items():
                ^^^^^^^^^^^^^^^^^^^^^^^^^^^^^^^^^^^^^^^^^^^^^^^^^^^^
src/deriva_ml/dataset/dataset_bag.py:271: in list_dataset_members
    for k, v in nested_dataset.list_dataset_members(recurse=recurse).items():
                ^^^^^^^^^^^^^^^^^^^^^^^^^^^^^^^^^^^^^^^^^^^^^^^^^^^^
src/deriva_ml/dataset/dataset_bag.py:271: in list_dataset_members
    for k, v in nested_dataset.list_dataset_members(recurse=recurse).items():
                ^^^^^^^^^^^^^^^^^^^^^^^^^^^^^^^^^^^^^^^^^^^^^^^^^^^^
src/deriva_ml/dataset/dataset_bag.py:271: in list_dataset_members
    for k, v in nested_dataset.list_dataset_members(recurse=recurse).items():
                ^^^^^^^^^^^^^^^^^^^^^^^^^^^^^^^^^^^^^^^^^^^^^^^^^^^^
src/deriva_ml/dataset/dataset_bag.py:271: in list_dataset_members
    for k, v in nested_dataset.list_dataset_members(recurse=recurse).items():
                ^^^^^^^^^^^^^^^^^^^^^^^^^^^^^^^^^^^^^^^^^^^^^^^^^^^^
src/deriva_ml/dataset/dataset_bag.py:271: in list_dataset_members
    for k, v in nested_dataset.list_dataset_members(recurse=recurse).items():
                ^^^^^^^^^^^^^^^^^^^^^^^^^^^^^^^^^^^^^^^^^^^^^^^^^^^^
src/deriva_ml/dataset/dataset_bag.py:271: in list_dataset_members
    for k, v in nested_dataset.list_dataset_members(recurse=recurse).items():
                ^^^^^^^^^^^^^^^^^^^^^^^^^^^^^^^^^^^^^^^^^^^^^^^^^^^^
src/deriva_ml/dataset/dataset_bag.py:271: in list_dataset_members
    for k, v in nested_dataset.list_dataset_members(recurse=recurse).items():
                ^^^^^^^^^^^^^^^^^^^^^^^^^^^^^^^^^^^^^^^^^^^^^^^^^^^^
src/deriva_ml/dataset/dataset_bag.py:271: in list_dataset_members
    for k, v in nested_dataset.list_dataset_members(recurse=recurse).items():
                ^^^^^^^^^^^^^^^^^^^^^^^^^^^^^^^^^^^^^^^^^^^^^^^^^^^^
src/deriva_ml/dataset/dataset_bag.py:271: in list_dataset_members
    for k, v in nested_dataset.list_dataset_members(recurse=recurse).items():
                ^^^^^^^^^^^^^^^^^^^^^^^^^^^^^^^^^^^^^^^^^^^^^^^^^^^^
src/deriva_ml/dataset/dataset_bag.py:271: in list_dataset_members
    for k, v in nested_dataset.list_dataset_members(recurse=recurse).items():
                ^^^^^^^^^^^^^^^^^^^^^^^^^^^^^^^^^^^^^^^^^^^^^^^^^^^^
src/deriva_ml/dataset/dataset_bag.py:271: in list_dataset_members
    for k, v in nested_dataset.list_dataset_members(recurse=recurse).items():
                ^^^^^^^^^^^^^^^^^^^^^^^^^^^^^^^^^^^^^^^^^^^^^^^^^^^^
src/deriva_ml/dataset/dataset_bag.py:271: in list_dataset_members
    for k, v in nested_dataset.list_dataset_members(recurse=recurse).items():
                ^^^^^^^^^^^^^^^^^^^^^^^^^^^^^^^^^^^^^^^^^^^^^^^^^^^^
src/deriva_ml/dataset/dataset_bag.py:271: in list_dataset_members
    for k, v in nested_dataset.list_dataset_members(recurse=recurse).items():
                ^^^^^^^^^^^^^^^^^^^^^^^^^^^^^^^^^^^^^^^^^^^^^^^^^^^^
src/deriva_ml/dataset/dataset_bag.py:271: in list_dataset_members
    for k, v in nested_dataset.list_dataset_members(recurse=recurse).items():
                ^^^^^^^^^^^^^^^^^^^^^^^^^^^^^^^^^^^^^^^^^^^^^^^^^^^^
src/deriva_ml/dataset/dataset_bag.py:271: in list_dataset_members
    for k, v in nested_dataset.list_dataset_members(recurse=recurse).items():
                ^^^^^^^^^^^^^^^^^^^^^^^^^^^^^^^^^^^^^^^^^^^^^^^^^^^^
src/deriva_ml/dataset/dataset_bag.py:271: in list_dataset_members
    for k, v in nested_dataset.list_dataset_members(recurse=recurse).items():
                ^^^^^^^^^^^^^^^^^^^^^^^^^^^^^^^^^^^^^^^^^^^^^^^^^^^^
src/deriva_ml/dataset/dataset_bag.py:271: in list_dataset_members
    for k, v in nested_dataset.list_dataset_members(recurse=recurse).items():
                ^^^^^^^^^^^^^^^^^^^^^^^^^^^^^^^^^^^^^^^^^^^^^^^^^^^^
src/deriva_ml/dataset/dataset_bag.py:271: in list_dataset_members
    for k, v in nested_dataset.list_dataset_members(recurse=recurse).items():
                ^^^^^^^^^^^^^^^^^^^^^^^^^^^^^^^^^^^^^^^^^^^^^^^^^^^^
src/deriva_ml/dataset/dataset_bag.py:271: in list_dataset_members
    for k, v in nested_dataset.list_dataset_members(recurse=recurse).items():
                ^^^^^^^^^^^^^^^^^^^^^^^^^^^^^^^^^^^^^^^^^^^^^^^^^^^^
src/deriva_ml/dataset/dataset_bag.py:271: in list_dataset_members
    for k, v in nested_dataset.list_dataset_members(recurse=recurse).items():
                ^^^^^^^^^^^^^^^^^^^^^^^^^^^^^^^^^^^^^^^^^^^^^^^^^^^^
src/deriva_ml/dataset/dataset_bag.py:271: in list_dataset_members
    for k, v in nested_dataset.list_dataset_members(recurse=recurse).items():
                ^^^^^^^^^^^^^^^^^^^^^^^^^^^^^^^^^^^^^^^^^^^^^^^^^^^^
src/deriva_ml/dataset/dataset_bag.py:271: in list_dataset_members
    for k, v in nested_dataset.list_dataset_members(recurse=recurse).items():
                ^^^^^^^^^^^^^^^^^^^^^^^^^^^^^^^^^^^^^^^^^^^^^^^^^^^^
src/deriva_ml/dataset/dataset_bag.py:271: in list_dataset_members
    for k, v in nested_dataset.list_dataset_members(recurse=recurse).items():
                ^^^^^^^^^^^^^^^^^^^^^^^^^^^^^^^^^^^^^^^^^^^^^^^^^^^^
src/deriva_ml/dataset/dataset_bag.py:271: in list_dataset_members
    for k, v in nested_dataset.list_dataset_members(recurse=recurse).items():
                ^^^^^^^^^^^^^^^^^^^^^^^^^^^^^^^^^^^^^^^^^^^^^^^^^^^^
src/deriva_ml/dataset/dataset_bag.py:271: in list_dataset_members
    for k, v in nested_dataset.list_dataset_members(recurse=recurse).items():
                ^^^^^^^^^^^^^^^^^^^^^^^^^^^^^^^^^^^^^^^^^^^^^^^^^^^^
src/deriva_ml/dataset/dataset_bag.py:271: in list_dataset_members
    for k, v in nested_dataset.list_dataset_members(recurse=recurse).items():
                ^^^^^^^^^^^^^^^^^^^^^^^^^^^^^^^^^^^^^^^^^^^^^^^^^^^^
src/deriva_ml/dataset/dataset_bag.py:271: in list_dataset_members
    for k, v in nested_dataset.list_dataset_members(recurse=recurse).items():
                ^^^^^^^^^^^^^^^^^^^^^^^^^^^^^^^^^^^^^^^^^^^^^^^^^^^^
src/deriva_ml/dataset/dataset_bag.py:271: in list_dataset_members
    for k, v in nested_dataset.list_dataset_members(recurse=recurse).items():
                ^^^^^^^^^^^^^^^^^^^^^^^^^^^^^^^^^^^^^^^^^^^^^^^^^^^^
src/deriva_ml/dataset/dataset_bag.py:271: in list_dataset_members
    for k, v in nested_dataset.list_dataset_members(recurse=recurse).items():
                ^^^^^^^^^^^^^^^^^^^^^^^^^^^^^^^^^^^^^^^^^^^^^^^^^^^^
src/deriva_ml/dataset/dataset_bag.py:271: in list_dataset_members
    for k, v in nested_dataset.list_dataset_members(recurse=recurse).items():
                ^^^^^^^^^^^^^^^^^^^^^^^^^^^^^^^^^^^^^^^^^^^^^^^^^^^^
src/deriva_ml/dataset/dataset_bag.py:271: in list_dataset_members
    for k, v in nested_dataset.list_dataset_members(recurse=recurse).items():
                ^^^^^^^^^^^^^^^^^^^^^^^^^^^^^^^^^^^^^^^^^^^^^^^^^^^^
src/deriva_ml/dataset/dataset_bag.py:271: in list_dataset_members
    for k, v in nested_dataset.list_dataset_members(recurse=recurse).items():
                ^^^^^^^^^^^^^^^^^^^^^^^^^^^^^^^^^^^^^^^^^^^^^^^^^^^^
src/deriva_ml/dataset/dataset_bag.py:271: in list_dataset_members
    for k, v in nested_dataset.list_dataset_members(recurse=recurse).items():
                ^^^^^^^^^^^^^^^^^^^^^^^^^^^^^^^^^^^^^^^^^^^^^^^^^^^^
src/deriva_ml/dataset/dataset_bag.py:271: in list_dataset_members
    for k, v in nested_dataset.list_dataset_members(recurse=recurse).items():
                ^^^^^^^^^^^^^^^^^^^^^^^^^^^^^^^^^^^^^^^^^^^^^^^^^^^^
src/deriva_ml/dataset/dataset_bag.py:271: in list_dataset_members
    for k, v in nested_dataset.list_dataset_members(recurse=recurse).items():
                ^^^^^^^^^^^^^^^^^^^^^^^^^^^^^^^^^^^^^^^^^^^^^^^^^^^^
src/deriva_ml/dataset/dataset_bag.py:271: in list_dataset_members
    for k, v in nested_dataset.list_dataset_members(recurse=recurse).items():
                ^^^^^^^^^^^^^^^^^^^^^^^^^^^^^^^^^^^^^^^^^^^^^^^^^^^^
src/deriva_ml/dataset/dataset_bag.py:271: in list_dataset_members
    for k, v in nested_dataset.list_dataset_members(recurse=recurse).items():
                ^^^^^^^^^^^^^^^^^^^^^^^^^^^^^^^^^^^^^^^^^^^^^^^^^^^^
src/deriva_ml/dataset/dataset_bag.py:271: in list_dataset_members
    for k, v in nested_dataset.list_dataset_members(recurse=recurse).items():
                ^^^^^^^^^^^^^^^^^^^^^^^^^^^^^^^^^^^^^^^^^^^^^^^^^^^^
src/deriva_ml/dataset/dataset_bag.py:271: in list_dataset_members
    for k, v in nested_dataset.list_dataset_members(recurse=recurse).items():
                ^^^^^^^^^^^^^^^^^^^^^^^^^^^^^^^^^^^^^^^^^^^^^^^^^^^^
src/deriva_ml/dataset/dataset_bag.py:271: in list_dataset_members
    for k, v in nested_dataset.list_dataset_members(recurse=recurse).items():
                ^^^^^^^^^^^^^^^^^^^^^^^^^^^^^^^^^^^^^^^^^^^^^^^^^^^^
src/deriva_ml/dataset/dataset_bag.py:271: in list_dataset_members
    for k, v in nested_dataset.list_dataset_members(recurse=recurse).items():
                ^^^^^^^^^^^^^^^^^^^^^^^^^^^^^^^^^^^^^^^^^^^^^^^^^^^^
src/deriva_ml/dataset/dataset_bag.py:271: in list_dataset_members
    for k, v in nested_dataset.list_dataset_members(recurse=recurse).items():
                ^^^^^^^^^^^^^^^^^^^^^^^^^^^^^^^^^^^^^^^^^^^^^^^^^^^^
src/deriva_ml/dataset/dataset_bag.py:271: in list_dataset_members
    for k, v in nested_dataset.list_dataset_members(recurse=recurse).items():
                ^^^^^^^^^^^^^^^^^^^^^^^^^^^^^^^^^^^^^^^^^^^^^^^^^^^^
src/deriva_ml/dataset/dataset_bag.py:271: in list_dataset_members
    for k, v in nested_dataset.list_dataset_members(recurse=recurse).items():
                ^^^^^^^^^^^^^^^^^^^^^^^^^^^^^^^^^^^^^^^^^^^^^^^^^^^^
src/deriva_ml/dataset/dataset_bag.py:271: in list_dataset_members
    for k, v in nested_dataset.list_dataset_members(recurse=recurse).items():
                ^^^^^^^^^^^^^^^^^^^^^^^^^^^^^^^^^^^^^^^^^^^^^^^^^^^^
src/deriva_ml/dataset/dataset_bag.py:271: in list_dataset_members
    for k, v in nested_dataset.list_dataset_members(recurse=recurse).items():
                ^^^^^^^^^^^^^^^^^^^^^^^^^^^^^^^^^^^^^^^^^^^^^^^^^^^^
src/deriva_ml/dataset/dataset_bag.py:271: in list_dataset_members
    for k, v in nested_dataset.list_dataset_members(recurse=recurse).items():
                ^^^^^^^^^^^^^^^^^^^^^^^^^^^^^^^^^^^^^^^^^^^^^^^^^^^^
src/deriva_ml/dataset/dataset_bag.py:271: in list_dataset_members
    for k, v in nested_dataset.list_dataset_members(recurse=recurse).items():
                ^^^^^^^^^^^^^^^^^^^^^^^^^^^^^^^^^^^^^^^^^^^^^^^^^^^^
src/deriva_ml/dataset/dataset_bag.py:271: in list_dataset_members
    for k, v in nested_dataset.list_dataset_members(recurse=recurse).items():
                ^^^^^^^^^^^^^^^^^^^^^^^^^^^^^^^^^^^^^^^^^^^^^^^^^^^^
src/deriva_ml/dataset/dataset_bag.py:271: in list_dataset_members
    for k, v in nested_dataset.list_dataset_members(recurse=recurse).items():
                ^^^^^^^^^^^^^^^^^^^^^^^^^^^^^^^^^^^^^^^^^^^^^^^^^^^^
src/deriva_ml/dataset/dataset_bag.py:271: in list_dataset_members
    for k, v in nested_dataset.list_dataset_members(recurse=recurse).items():
                ^^^^^^^^^^^^^^^^^^^^^^^^^^^^^^^^^^^^^^^^^^^^^^^^^^^^
src/deriva_ml/dataset/dataset_bag.py:271: in list_dataset_members
    for k, v in nested_dataset.list_dataset_members(recurse=recurse).items():
                ^^^^^^^^^^^^^^^^^^^^^^^^^^^^^^^^^^^^^^^^^^^^^^^^^^^^
src/deriva_ml/dataset/dataset_bag.py:271: in list_dataset_members
    for k, v in nested_dataset.list_dataset_members(recurse=recurse).items():
                ^^^^^^^^^^^^^^^^^^^^^^^^^^^^^^^^^^^^^^^^^^^^^^^^^^^^
src/deriva_ml/dataset/dataset_bag.py:271: in list_dataset_members
    for k, v in nested_dataset.list_dataset_members(recurse=recurse).items():
                ^^^^^^^^^^^^^^^^^^^^^^^^^^^^^^^^^^^^^^^^^^^^^^^^^^^^
src/deriva_ml/dataset/dataset_bag.py:271: in list_dataset_members
    for k, v in nested_dataset.list_dataset_members(recurse=recurse).items():
                ^^^^^^^^^^^^^^^^^^^^^^^^^^^^^^^^^^^^^^^^^^^^^^^^^^^^
src/deriva_ml/dataset/dataset_bag.py:271: in list_dataset_members
    for k, v in nested_dataset.list_dataset_members(recurse=recurse).items():
                ^^^^^^^^^^^^^^^^^^^^^^^^^^^^^^^^^^^^^^^^^^^^^^^^^^^^
src/deriva_ml/dataset/dataset_bag.py:271: in list_dataset_members
    for k, v in nested_dataset.list_dataset_members(recurse=recurse).items():
                ^^^^^^^^^^^^^^^^^^^^^^^^^^^^^^^^^^^^^^^^^^^^^^^^^^^^
src/deriva_ml/dataset/dataset_bag.py:271: in list_dataset_members
    for k, v in nested_dataset.list_dataset_members(recurse=recurse).items():
                ^^^^^^^^^^^^^^^^^^^^^^^^^^^^^^^^^^^^^^^^^^^^^^^^^^^^
src/deriva_ml/dataset/dataset_bag.py:271: in list_dataset_members
    for k, v in nested_dataset.list_dataset_members(recurse=recurse).items():
                ^^^^^^^^^^^^^^^^^^^^^^^^^^^^^^^^^^^^^^^^^^^^^^^^^^^^
src/deriva_ml/dataset/dataset_bag.py:271: in list_dataset_members
    for k, v in nested_dataset.list_dataset_members(recurse=recurse).items():
                ^^^^^^^^^^^^^^^^^^^^^^^^^^^^^^^^^^^^^^^^^^^^^^^^^^^^
src/deriva_ml/dataset/dataset_bag.py:271: in list_dataset_members
    for k, v in nested_dataset.list_dataset_members(recurse=recurse).items():
                ^^^^^^^^^^^^^^^^^^^^^^^^^^^^^^^^^^^^^^^^^^^^^^^^^^^^
src/deriva_ml/dataset/dataset_bag.py:271: in list_dataset_members
    for k, v in nested_dataset.list_dataset_members(recurse=recurse).items():
                ^^^^^^^^^^^^^^^^^^^^^^^^^^^^^^^^^^^^^^^^^^^^^^^^^^^^
src/deriva_ml/dataset/dataset_bag.py:271: in list_dataset_members
    for k, v in nested_dataset.list_dataset_members(recurse=recurse).items():
                ^^^^^^^^^^^^^^^^^^^^^^^^^^^^^^^^^^^^^^^^^^^^^^^^^^^^
src/deriva_ml/dataset/dataset_bag.py:271: in list_dataset_members
    for k, v in nested_dataset.list_dataset_members(recurse=recurse).items():
                ^^^^^^^^^^^^^^^^^^^^^^^^^^^^^^^^^^^^^^^^^^^^^^^^^^^^
src/deriva_ml/dataset/dataset_bag.py:271: in list_dataset_members
    for k, v in nested_dataset.list_dataset_members(recurse=recurse).items():
                ^^^^^^^^^^^^^^^^^^^^^^^^^^^^^^^^^^^^^^^^^^^^^^^^^^^^
src/deriva_ml/dataset/dataset_bag.py:271: in list_dataset_members
    for k, v in nested_dataset.list_dataset_members(recurse=recurse).items():
                ^^^^^^^^^^^^^^^^^^^^^^^^^^^^^^^^^^^^^^^^^^^^^^^^^^^^
src/deriva_ml/dataset/dataset_bag.py:271: in list_dataset_members
    for k, v in nested_dataset.list_dataset_members(recurse=recurse).items():
                ^^^^^^^^^^^^^^^^^^^^^^^^^^^^^^^^^^^^^^^^^^^^^^^^^^^^
src/deriva_ml/dataset/dataset_bag.py:271: in list_dataset_members
    for k, v in nested_dataset.list_dataset_members(recurse=recurse).items():
                ^^^^^^^^^^^^^^^^^^^^^^^^^^^^^^^^^^^^^^^^^^^^^^^^^^^^
src/deriva_ml/dataset/dataset_bag.py:271: in list_dataset_members
    for k, v in nested_dataset.list_dataset_members(recurse=recurse).items():
                ^^^^^^^^^^^^^^^^^^^^^^^^^^^^^^^^^^^^^^^^^^^^^^^^^^^^
src/deriva_ml/dataset/dataset_bag.py:271: in list_dataset_members
    for k, v in nested_dataset.list_dataset_members(recurse=recurse).items():
                ^^^^^^^^^^^^^^^^^^^^^^^^^^^^^^^^^^^^^^^^^^^^^^^^^^^^
src/deriva_ml/dataset/dataset_bag.py:271: in list_dataset_members
    for k, v in nested_dataset.list_dataset_members(recurse=recurse).items():
                ^^^^^^^^^^^^^^^^^^^^^^^^^^^^^^^^^^^^^^^^^^^^^^^^^^^^
src/deriva_ml/dataset/dataset_bag.py:271: in list_dataset_members
    for k, v in nested_dataset.list_dataset_members(recurse=recurse).items():
                ^^^^^^^^^^^^^^^^^^^^^^^^^^^^^^^^^^^^^^^^^^^^^^^^^^^^
src/deriva_ml/dataset/dataset_bag.py:271: in list_dataset_members
    for k, v in nested_dataset.list_dataset_members(recurse=recurse).items():
                ^^^^^^^^^^^^^^^^^^^^^^^^^^^^^^^^^^^^^^^^^^^^^^^^^^^^
src/deriva_ml/dataset/dataset_bag.py:271: in list_dataset_members
    for k, v in nested_dataset.list_dataset_members(recurse=recurse).items():
                ^^^^^^^^^^^^^^^^^^^^^^^^^^^^^^^^^^^^^^^^^^^^^^^^^^^^
src/deriva_ml/dataset/dataset_bag.py:271: in list_dataset_members
    for k, v in nested_dataset.list_dataset_members(recurse=recurse).items():
                ^^^^^^^^^^^^^^^^^^^^^^^^^^^^^^^^^^^^^^^^^^^^^^^^^^^^
src/deriva_ml/dataset/dataset_bag.py:271: in list_dataset_members
    for k, v in nested_dataset.list_dataset_members(recurse=recurse).items():
                ^^^^^^^^^^^^^^^^^^^^^^^^^^^^^^^^^^^^^^^^^^^^^^^^^^^^
src/deriva_ml/dataset/dataset_bag.py:271: in list_dataset_members
    for k, v in nested_dataset.list_dataset_members(recurse=recurse).items():
                ^^^^^^^^^^^^^^^^^^^^^^^^^^^^^^^^^^^^^^^^^^^^^^^^^^^^
src/deriva_ml/dataset/dataset_bag.py:271: in list_dataset_members
    for k, v in nested_dataset.list_dataset_members(recurse=recurse).items():
                ^^^^^^^^^^^^^^^^^^^^^^^^^^^^^^^^^^^^^^^^^^^^^^^^^^^^
src/deriva_ml/dataset/dataset_bag.py:271: in list_dataset_members
    for k, v in nested_dataset.list_dataset_members(recurse=recurse).items():
                ^^^^^^^^^^^^^^^^^^^^^^^^^^^^^^^^^^^^^^^^^^^^^^^^^^^^
src/deriva_ml/dataset/dataset_bag.py:271: in list_dataset_members
    for k, v in nested_dataset.list_dataset_members(recurse=recurse).items():
                ^^^^^^^^^^^^^^^^^^^^^^^^^^^^^^^^^^^^^^^^^^^^^^^^^^^^
src/deriva_ml/dataset/dataset_bag.py:271: in list_dataset_members
    for k, v in nested_dataset.list_dataset_members(recurse=recurse).items():
                ^^^^^^^^^^^^^^^^^^^^^^^^^^^^^^^^^^^^^^^^^^^^^^^^^^^^
src/deriva_ml/dataset/dataset_bag.py:271: in list_dataset_members
    for k, v in nested_dataset.list_dataset_members(recurse=recurse).items():
                ^^^^^^^^^^^^^^^^^^^^^^^^^^^^^^^^^^^^^^^^^^^^^^^^^^^^
src/deriva_ml/dataset/dataset_bag.py:271: in list_dataset_members
    for k, v in nested_dataset.list_dataset_members(recurse=recurse).items():
                ^^^^^^^^^^^^^^^^^^^^^^^^^^^^^^^^^^^^^^^^^^^^^^^^^^^^
src/deriva_ml/dataset/dataset_bag.py:271: in list_dataset_members
    for k, v in nested_dataset.list_dataset_members(recurse=recurse).items():
                ^^^^^^^^^^^^^^^^^^^^^^^^^^^^^^^^^^^^^^^^^^^^^^^^^^^^
src/deriva_ml/dataset/dataset_bag.py:271: in list_dataset_members
    for k, v in nested_dataset.list_dataset_members(recurse=recurse).items():
                ^^^^^^^^^^^^^^^^^^^^^^^^^^^^^^^^^^^^^^^^^^^^^^^^^^^^
src/deriva_ml/dataset/dataset_bag.py:271: in list_dataset_members
    for k, v in nested_dataset.list_dataset_members(recurse=recurse).items():
                ^^^^^^^^^^^^^^^^^^^^^^^^^^^^^^^^^^^^^^^^^^^^^^^^^^^^
src/deriva_ml/dataset/dataset_bag.py:271: in list_dataset_members
    for k, v in nested_dataset.list_dataset_members(recurse=recurse).items():
                ^^^^^^^^^^^^^^^^^^^^^^^^^^^^^^^^^^^^^^^^^^^^^^^^^^^^
src/deriva_ml/dataset/dataset_bag.py:271: in list_dataset_members
    for k, v in nested_dataset.list_dataset_members(recurse=recurse).items():
                ^^^^^^^^^^^^^^^^^^^^^^^^^^^^^^^^^^^^^^^^^^^^^^^^^^^^
src/deriva_ml/dataset/dataset_bag.py:271: in list_dataset_members
    for k, v in nested_dataset.list_dataset_members(recurse=recurse).items():
                ^^^^^^^^^^^^^^^^^^^^^^^^^^^^^^^^^^^^^^^^^^^^^^^^^^^^
src/deriva_ml/dataset/dataset_bag.py:271: in list_dataset_members
    for k, v in nested_dataset.list_dataset_members(recurse=recurse).items():
                ^^^^^^^^^^^^^^^^^^^^^^^^^^^^^^^^^^^^^^^^^^^^^^^^^^^^
src/deriva_ml/dataset/dataset_bag.py:271: in list_dataset_members
    for k, v in nested_dataset.list_dataset_members(recurse=recurse).items():
                ^^^^^^^^^^^^^^^^^^^^^^^^^^^^^^^^^^^^^^^^^^^^^^^^^^^^
src/deriva_ml/dataset/dataset_bag.py:271: in list_dataset_members
    for k, v in nested_dataset.list_dataset_members(recurse=recurse).items():
                ^^^^^^^^^^^^^^^^^^^^^^^^^^^^^^^^^^^^^^^^^^^^^^^^^^^^
src/deriva_ml/dataset/dataset_bag.py:271: in list_dataset_members
    for k, v in nested_dataset.list_dataset_members(recurse=recurse).items():
                ^^^^^^^^^^^^^^^^^^^^^^^^^^^^^^^^^^^^^^^^^^^^^^^^^^^^
src/deriva_ml/dataset/dataset_bag.py:271: in list_dataset_members
    for k, v in nested_dataset.list_dataset_members(recurse=recurse).items():
                ^^^^^^^^^^^^^^^^^^^^^^^^^^^^^^^^^^^^^^^^^^^^^^^^^^^^
src/deriva_ml/dataset/dataset_bag.py:271: in list_dataset_members
    for k, v in nested_dataset.list_dataset_members(recurse=recurse).items():
                ^^^^^^^^^^^^^^^^^^^^^^^^^^^^^^^^^^^^^^^^^^^^^^^^^^^^
src/deriva_ml/dataset/dataset_bag.py:271: in list_dataset_members
    for k, v in nested_dataset.list_dataset_members(recurse=recurse).items():
                ^^^^^^^^^^^^^^^^^^^^^^^^^^^^^^^^^^^^^^^^^^^^^^^^^^^^
src/deriva_ml/dataset/dataset_bag.py:271: in list_dataset_members
    for k, v in nested_dataset.list_dataset_members(recurse=recurse).items():
                ^^^^^^^^^^^^^^^^^^^^^^^^^^^^^^^^^^^^^^^^^^^^^^^^^^^^
src/deriva_ml/dataset/dataset_bag.py:271: in list_dataset_members
    for k, v in nested_dataset.list_dataset_members(recurse=recurse).items():
                ^^^^^^^^^^^^^^^^^^^^^^^^^^^^^^^^^^^^^^^^^^^^^^^^^^^^
src/deriva_ml/dataset/dataset_bag.py:271: in list_dataset_members
    for k, v in nested_dataset.list_dataset_members(recurse=recurse).items():
                ^^^^^^^^^^^^^^^^^^^^^^^^^^^^^^^^^^^^^^^^^^^^^^^^^^^^
src/deriva_ml/dataset/dataset_bag.py:271: in list_dataset_members
    for k, v in nested_dataset.list_dataset_members(recurse=recurse).items():
                ^^^^^^^^^^^^^^^^^^^^^^^^^^^^^^^^^^^^^^^^^^^^^^^^^^^^
src/deriva_ml/dataset/dataset_bag.py:271: in list_dataset_members
    for k, v in nested_dataset.list_dataset_members(recurse=recurse).items():
                ^^^^^^^^^^^^^^^^^^^^^^^^^^^^^^^^^^^^^^^^^^^^^^^^^^^^
src/deriva_ml/dataset/dataset_bag.py:271: in list_dataset_members
    for k, v in nested_dataset.list_dataset_members(recurse=recurse).items():
                ^^^^^^^^^^^^^^^^^^^^^^^^^^^^^^^^^^^^^^^^^^^^^^^^^^^^
src/deriva_ml/dataset/dataset_bag.py:271: in list_dataset_members
    for k, v in nested_dataset.list_dataset_members(recurse=recurse).items():
                ^^^^^^^^^^^^^^^^^^^^^^^^^^^^^^^^^^^^^^^^^^^^^^^^^^^^
src/deriva_ml/dataset/dataset_bag.py:271: in list_dataset_members
    for k, v in nested_dataset.list_dataset_members(recurse=recurse).items():
                ^^^^^^^^^^^^^^^^^^^^^^^^^^^^^^^^^^^^^^^^^^^^^^^^^^^^
src/deriva_ml/dataset/dataset_bag.py:271: in list_dataset_members
    for k, v in nested_dataset.list_dataset_members(recurse=recurse).items():
                ^^^^^^^^^^^^^^^^^^^^^^^^^^^^^^^^^^^^^^^^^^^^^^^^^^^^
src/deriva_ml/dataset/dataset_bag.py:271: in list_dataset_members
    for k, v in nested_dataset.list_dataset_members(recurse=recurse).items():
                ^^^^^^^^^^^^^^^^^^^^^^^^^^^^^^^^^^^^^^^^^^^^^^^^^^^^
src/deriva_ml/dataset/dataset_bag.py:271: in list_dataset_members
    for k, v in nested_dataset.list_dataset_members(recurse=recurse).items():
                ^^^^^^^^^^^^^^^^^^^^^^^^^^^^^^^^^^^^^^^^^^^^^^^^^^^^
src/deriva_ml/dataset/dataset_bag.py:271: in list_dataset_members
    for k, v in nested_dataset.list_dataset_members(recurse=recurse).items():
                ^^^^^^^^^^^^^^^^^^^^^^^^^^^^^^^^^^^^^^^^^^^^^^^^^^^^
src/deriva_ml/dataset/dataset_bag.py:271: in list_dataset_members
    for k, v in nested_dataset.list_dataset_members(recurse=recurse).items():
                ^^^^^^^^^^^^^^^^^^^^^^^^^^^^^^^^^^^^^^^^^^^^^^^^^^^^
src/deriva_ml/dataset/dataset_bag.py:271: in list_dataset_members
    for k, v in nested_dataset.list_dataset_members(recurse=recurse).items():
                ^^^^^^^^^^^^^^^^^^^^^^^^^^^^^^^^^^^^^^^^^^^^^^^^^^^^
src/deriva_ml/dataset/dataset_bag.py:271: in list_dataset_members
    for k, v in nested_dataset.list_dataset_members(recurse=recurse).items():
                ^^^^^^^^^^^^^^^^^^^^^^^^^^^^^^^^^^^^^^^^^^^^^^^^^^^^
src/deriva_ml/dataset/dataset_bag.py:271: in list_dataset_members
    for k, v in nested_dataset.list_dataset_members(recurse=recurse).items():
                ^^^^^^^^^^^^^^^^^^^^^^^^^^^^^^^^^^^^^^^^^^^^^^^^^^^^
src/deriva_ml/dataset/dataset_bag.py:271: in list_dataset_members
    for k, v in nested_dataset.list_dataset_members(recurse=recurse).items():
                ^^^^^^^^^^^^^^^^^^^^^^^^^^^^^^^^^^^^^^^^^^^^^^^^^^^^
src/deriva_ml/dataset/dataset_bag.py:271: in list_dataset_members
    for k, v in nested_dataset.list_dataset_members(recurse=recurse).items():
                ^^^^^^^^^^^^^^^^^^^^^^^^^^^^^^^^^^^^^^^^^^^^^^^^^^^^
src/deriva_ml/dataset/dataset_bag.py:271: in list_dataset_members
    for k, v in nested_dataset.list_dataset_members(recurse=recurse).items():
                ^^^^^^^^^^^^^^^^^^^^^^^^^^^^^^^^^^^^^^^^^^^^^^^^^^^^
src/deriva_ml/dataset/dataset_bag.py:271: in list_dataset_members
    for k, v in nested_dataset.list_dataset_members(recurse=recurse).items():
                ^^^^^^^^^^^^^^^^^^^^^^^^^^^^^^^^^^^^^^^^^^^^^^^^^^^^
src/deriva_ml/dataset/dataset_bag.py:271: in list_dataset_members
    for k, v in nested_dataset.list_dataset_members(recurse=recurse).items():
                ^^^^^^^^^^^^^^^^^^^^^^^^^^^^^^^^^^^^^^^^^^^^^^^^^^^^
src/deriva_ml/dataset/dataset_bag.py:271: in list_dataset_members
    for k, v in nested_dataset.list_dataset_members(recurse=recurse).items():
                ^^^^^^^^^^^^^^^^^^^^^^^^^^^^^^^^^^^^^^^^^^^^^^^^^^^^
src/deriva_ml/dataset/dataset_bag.py:271: in list_dataset_members
    for k, v in nested_dataset.list_dataset_members(recurse=recurse).items():
                ^^^^^^^^^^^^^^^^^^^^^^^^^^^^^^^^^^^^^^^^^^^^^^^^^^^^
src/deriva_ml/dataset/dataset_bag.py:271: in list_dataset_members
    for k, v in nested_dataset.list_dataset_members(recurse=recurse).items():
                ^^^^^^^^^^^^^^^^^^^^^^^^^^^^^^^^^^^^^^^^^^^^^^^^^^^^
src/deriva_ml/dataset/dataset_bag.py:271: in list_dataset_members
    for k, v in nested_dataset.list_dataset_members(recurse=recurse).items():
                ^^^^^^^^^^^^^^^^^^^^^^^^^^^^^^^^^^^^^^^^^^^^^^^^^^^^
src/deriva_ml/dataset/dataset_bag.py:271: in list_dataset_members
    for k, v in nested_dataset.list_dataset_members(recurse=recurse).items():
                ^^^^^^^^^^^^^^^^^^^^^^^^^^^^^^^^^^^^^^^^^^^^^^^^^^^^
src/deriva_ml/dataset/dataset_bag.py:271: in list_dataset_members
    for k, v in nested_dataset.list_dataset_members(recurse=recurse).items():
                ^^^^^^^^^^^^^^^^^^^^^^^^^^^^^^^^^^^^^^^^^^^^^^^^^^^^
src/deriva_ml/dataset/dataset_bag.py:271: in list_dataset_members
    for k, v in nested_dataset.list_dataset_members(recurse=recurse).items():
                ^^^^^^^^^^^^^^^^^^^^^^^^^^^^^^^^^^^^^^^^^^^^^^^^^^^^
src/deriva_ml/dataset/dataset_bag.py:271: in list_dataset_members
    for k, v in nested_dataset.list_dataset_members(recurse=recurse).items():
                ^^^^^^^^^^^^^^^^^^^^^^^^^^^^^^^^^^^^^^^^^^^^^^^^^^^^
src/deriva_ml/dataset/dataset_bag.py:271: in list_dataset_members
    for k, v in nested_dataset.list_dataset_members(recurse=recurse).items():
                ^^^^^^^^^^^^^^^^^^^^^^^^^^^^^^^^^^^^^^^^^^^^^^^^^^^^
src/deriva_ml/dataset/dataset_bag.py:271: in list_dataset_members
    for k, v in nested_dataset.list_dataset_members(recurse=recurse).items():
                ^^^^^^^^^^^^^^^^^^^^^^^^^^^^^^^^^^^^^^^^^^^^^^^^^^^^
src/deriva_ml/dataset/dataset_bag.py:271: in list_dataset_members
    for k, v in nested_dataset.list_dataset_members(recurse=recurse).items():
                ^^^^^^^^^^^^^^^^^^^^^^^^^^^^^^^^^^^^^^^^^^^^^^^^^^^^
src/deriva_ml/dataset/dataset_bag.py:271: in list_dataset_members
    for k, v in nested_dataset.list_dataset_members(recurse=recurse).items():
                ^^^^^^^^^^^^^^^^^^^^^^^^^^^^^^^^^^^^^^^^^^^^^^^^^^^^
src/deriva_ml/dataset/dataset_bag.py:271: in list_dataset_members
    for k, v in nested_dataset.list_dataset_members(recurse=recurse).items():
                ^^^^^^^^^^^^^^^^^^^^^^^^^^^^^^^^^^^^^^^^^^^^^^^^^^^^
src/deriva_ml/dataset/dataset_bag.py:271: in list_dataset_members
    for k, v in nested_dataset.list_dataset_members(recurse=recurse).items():
                ^^^^^^^^^^^^^^^^^^^^^^^^^^^^^^^^^^^^^^^^^^^^^^^^^^^^
src/deriva_ml/dataset/dataset_bag.py:271: in list_dataset_members
    for k, v in nested_dataset.list_dataset_members(recurse=recurse).items():
                ^^^^^^^^^^^^^^^^^^^^^^^^^^^^^^^^^^^^^^^^^^^^^^^^^^^^
src/deriva_ml/dataset/dataset_bag.py:271: in list_dataset_members
    for k, v in nested_dataset.list_dataset_members(recurse=recurse).items():
                ^^^^^^^^^^^^^^^^^^^^^^^^^^^^^^^^^^^^^^^^^^^^^^^^^^^^
src/deriva_ml/dataset/dataset_bag.py:271: in list_dataset_members
    for k, v in nested_dataset.list_dataset_members(recurse=recurse).items():
                ^^^^^^^^^^^^^^^^^^^^^^^^^^^^^^^^^^^^^^^^^^^^^^^^^^^^
src/deriva_ml/dataset/dataset_bag.py:271: in list_dataset_members
    for k, v in nested_dataset.list_dataset_members(recurse=recurse).items():
                ^^^^^^^^^^^^^^^^^^^^^^^^^^^^^^^^^^^^^^^^^^^^^^^^^^^^
src/deriva_ml/dataset/dataset_bag.py:271: in list_dataset_members
    for k, v in nested_dataset.list_dataset_members(recurse=recurse).items():
                ^^^^^^^^^^^^^^^^^^^^^^^^^^^^^^^^^^^^^^^^^^^^^^^^^^^^
src/deriva_ml/dataset/dataset_bag.py:271: in list_dataset_members
    for k, v in nested_dataset.list_dataset_members(recurse=recurse).items():
                ^^^^^^^^^^^^^^^^^^^^^^^^^^^^^^^^^^^^^^^^^^^^^^^^^^^^
src/deriva_ml/dataset/dataset_bag.py:271: in list_dataset_members
    for k, v in nested_dataset.list_dataset_members(recurse=recurse).items():
                ^^^^^^^^^^^^^^^^^^^^^^^^^^^^^^^^^^^^^^^^^^^^^^^^^^^^
src/deriva_ml/dataset/dataset_bag.py:271: in list_dataset_members
    for k, v in nested_dataset.list_dataset_members(recurse=recurse).items():
                ^^^^^^^^^^^^^^^^^^^^^^^^^^^^^^^^^^^^^^^^^^^^^^^^^^^^
src/deriva_ml/dataset/dataset_bag.py:271: in list_dataset_members
    for k, v in nested_dataset.list_dataset_members(recurse=recurse).items():
                ^^^^^^^^^^^^^^^^^^^^^^^^^^^^^^^^^^^^^^^^^^^^^^^^^^^^
src/deriva_ml/dataset/dataset_bag.py:271: in list_dataset_members
    for k, v in nested_dataset.list_dataset_members(recurse=recurse).items():
                ^^^^^^^^^^^^^^^^^^^^^^^^^^^^^^^^^^^^^^^^^^^^^^^^^^^^
src/deriva_ml/dataset/dataset_bag.py:271: in list_dataset_members
    for k, v in nested_dataset.list_dataset_members(recurse=recurse).items():
                ^^^^^^^^^^^^^^^^^^^^^^^^^^^^^^^^^^^^^^^^^^^^^^^^^^^^
src/deriva_ml/dataset/dataset_bag.py:271: in list_dataset_members
    for k, v in nested_dataset.list_dataset_members(recurse=recurse).items():
                ^^^^^^^^^^^^^^^^^^^^^^^^^^^^^^^^^^^^^^^^^^^^^^^^^^^^
src/deriva_ml/dataset/dataset_bag.py:271: in list_dataset_members
    for k, v in nested_dataset.list_dataset_members(recurse=recurse).items():
                ^^^^^^^^^^^^^^^^^^^^^^^^^^^^^^^^^^^^^^^^^^^^^^^^^^^^
src/deriva_ml/dataset/dataset_bag.py:271: in list_dataset_members
    for k, v in nested_dataset.list_dataset_members(recurse=recurse).items():
                ^^^^^^^^^^^^^^^^^^^^^^^^^^^^^^^^^^^^^^^^^^^^^^^^^^^^
src/deriva_ml/dataset/dataset_bag.py:271: in list_dataset_members
    for k, v in nested_dataset.list_dataset_members(recurse=recurse).items():
                ^^^^^^^^^^^^^^^^^^^^^^^^^^^^^^^^^^^^^^^^^^^^^^^^^^^^
src/deriva_ml/dataset/dataset_bag.py:271: in list_dataset_members
    for k, v in nested_dataset.list_dataset_members(recurse=recurse).items():
                ^^^^^^^^^^^^^^^^^^^^^^^^^^^^^^^^^^^^^^^^^^^^^^^^^^^^
src/deriva_ml/dataset/dataset_bag.py:271: in list_dataset_members
    for k, v in nested_dataset.list_dataset_members(recurse=recurse).items():
                ^^^^^^^^^^^^^^^^^^^^^^^^^^^^^^^^^^^^^^^^^^^^^^^^^^^^
src/deriva_ml/dataset/dataset_bag.py:271: in list_dataset_members
    for k, v in nested_dataset.list_dataset_members(recurse=recurse).items():
                ^^^^^^^^^^^^^^^^^^^^^^^^^^^^^^^^^^^^^^^^^^^^^^^^^^^^
src/deriva_ml/dataset/dataset_bag.py:271: in list_dataset_members
    for k, v in nested_dataset.list_dataset_members(recurse=recurse).items():
                ^^^^^^^^^^^^^^^^^^^^^^^^^^^^^^^^^^^^^^^^^^^^^^^^^^^^
src/deriva_ml/dataset/dataset_bag.py:271: in list_dataset_members
    for k, v in nested_dataset.list_dataset_members(recurse=recurse).items():
                ^^^^^^^^^^^^^^^^^^^^^^^^^^^^^^^^^^^^^^^^^^^^^^^^^^^^
src/deriva_ml/dataset/dataset_bag.py:271: in list_dataset_members
    for k, v in nested_dataset.list_dataset_members(recurse=recurse).items():
                ^^^^^^^^^^^^^^^^^^^^^^^^^^^^^^^^^^^^^^^^^^^^^^^^^^^^
src/deriva_ml/dataset/dataset_bag.py:271: in list_dataset_members
    for k, v in nested_dataset.list_dataset_members(recurse=recurse).items():
                ^^^^^^^^^^^^^^^^^^^^^^^^^^^^^^^^^^^^^^^^^^^^^^^^^^^^
src/deriva_ml/dataset/dataset_bag.py:271: in list_dataset_members
    for k, v in nested_dataset.list_dataset_members(recurse=recurse).items():
                ^^^^^^^^^^^^^^^^^^^^^^^^^^^^^^^^^^^^^^^^^^^^^^^^^^^^
src/deriva_ml/dataset/dataset_bag.py:271: in list_dataset_members
    for k, v in nested_dataset.list_dataset_members(recurse=recurse).items():
                ^^^^^^^^^^^^^^^^^^^^^^^^^^^^^^^^^^^^^^^^^^^^^^^^^^^^
src/deriva_ml/dataset/dataset_bag.py:271: in list_dataset_members
    for k, v in nested_dataset.list_dataset_members(recurse=recurse).items():
                ^^^^^^^^^^^^^^^^^^^^^^^^^^^^^^^^^^^^^^^^^^^^^^^^^^^^
src/deriva_ml/dataset/dataset_bag.py:271: in list_dataset_members
    for k, v in nested_dataset.list_dataset_members(recurse=recurse).items():
                ^^^^^^^^^^^^^^^^^^^^^^^^^^^^^^^^^^^^^^^^^^^^^^^^^^^^
src/deriva_ml/dataset/dataset_bag.py:271: in list_dataset_members
    for k, v in nested_dataset.list_dataset_members(recurse=recurse).items():
                ^^^^^^^^^^^^^^^^^^^^^^^^^^^^^^^^^^^^^^^^^^^^^^^^^^^^
src/deriva_ml/dataset/dataset_bag.py:271: in list_dataset_members
    for k, v in nested_dataset.list_dataset_members(recurse=recurse).items():
                ^^^^^^^^^^^^^^^^^^^^^^^^^^^^^^^^^^^^^^^^^^^^^^^^^^^^
src/deriva_ml/dataset/dataset_bag.py:271: in list_dataset_members
    for k, v in nested_dataset.list_dataset_members(recurse=recurse).items():
                ^^^^^^^^^^^^^^^^^^^^^^^^^^^^^^^^^^^^^^^^^^^^^^^^^^^^
src/deriva_ml/dataset/dataset_bag.py:271: in list_dataset_members
    for k, v in nested_dataset.list_dataset_members(recurse=recurse).items():
                ^^^^^^^^^^^^^^^^^^^^^^^^^^^^^^^^^^^^^^^^^^^^^^^^^^^^
src/deriva_ml/dataset/dataset_bag.py:271: in list_dataset_members
    for k, v in nested_dataset.list_dataset_members(recurse=recurse).items():
                ^^^^^^^^^^^^^^^^^^^^^^^^^^^^^^^^^^^^^^^^^^^^^^^^^^^^
src/deriva_ml/dataset/dataset_bag.py:271: in list_dataset_members
    for k, v in nested_dataset.list_dataset_members(recurse=recurse).items():
                ^^^^^^^^^^^^^^^^^^^^^^^^^^^^^^^^^^^^^^^^^^^^^^^^^^^^
src/deriva_ml/dataset/dataset_bag.py:271: in list_dataset_members
    for k, v in nested_dataset.list_dataset_members(recurse=recurse).items():
                ^^^^^^^^^^^^^^^^^^^^^^^^^^^^^^^^^^^^^^^^^^^^^^^^^^^^
src/deriva_ml/dataset/dataset_bag.py:271: in list_dataset_members
    for k, v in nested_dataset.list_dataset_members(recurse=recurse).items():
                ^^^^^^^^^^^^^^^^^^^^^^^^^^^^^^^^^^^^^^^^^^^^^^^^^^^^
src/deriva_ml/dataset/dataset_bag.py:271: in list_dataset_members
    for k, v in nested_dataset.list_dataset_members(recurse=recurse).items():
                ^^^^^^^^^^^^^^^^^^^^^^^^^^^^^^^^^^^^^^^^^^^^^^^^^^^^
src/deriva_ml/dataset/dataset_bag.py:271: in list_dataset_members
    for k, v in nested_dataset.list_dataset_members(recurse=recurse).items():
                ^^^^^^^^^^^^^^^^^^^^^^^^^^^^^^^^^^^^^^^^^^^^^^^^^^^^
src/deriva_ml/dataset/dataset_bag.py:271: in list_dataset_members
    for k, v in nested_dataset.list_dataset_members(recurse=recurse).items():
                ^^^^^^^^^^^^^^^^^^^^^^^^^^^^^^^^^^^^^^^^^^^^^^^^^^^^
src/deriva_ml/dataset/dataset_bag.py:271: in list_dataset_members
    for k, v in nested_dataset.list_dataset_members(recurse=recurse).items():
                ^^^^^^^^^^^^^^^^^^^^^^^^^^^^^^^^^^^^^^^^^^^^^^^^^^^^
src/deriva_ml/dataset/dataset_bag.py:271: in list_dataset_members
    for k, v in nested_dataset.list_dataset_members(recurse=recurse).items():
                ^^^^^^^^^^^^^^^^^^^^^^^^^^^^^^^^^^^^^^^^^^^^^^^^^^^^
src/deriva_ml/dataset/dataset_bag.py:271: in list_dataset_members
    for k, v in nested_dataset.list_dataset_members(recurse=recurse).items():
                ^^^^^^^^^^^^^^^^^^^^^^^^^^^^^^^^^^^^^^^^^^^^^^^^^^^^
src/deriva_ml/dataset/dataset_bag.py:271: in list_dataset_members
    for k, v in nested_dataset.list_dataset_members(recurse=recurse).items():
                ^^^^^^^^^^^^^^^^^^^^^^^^^^^^^^^^^^^^^^^^^^^^^^^^^^^^
src/deriva_ml/dataset/dataset_bag.py:271: in list_dataset_members
    for k, v in nested_dataset.list_dataset_members(recurse=recurse).items():
                ^^^^^^^^^^^^^^^^^^^^^^^^^^^^^^^^^^^^^^^^^^^^^^^^^^^^
src/deriva_ml/dataset/dataset_bag.py:271: in list_dataset_members
    for k, v in nested_dataset.list_dataset_members(recurse=recurse).items():
                ^^^^^^^^^^^^^^^^^^^^^^^^^^^^^^^^^^^^^^^^^^^^^^^^^^^^
src/deriva_ml/dataset/dataset_bag.py:271: in list_dataset_members
    for k, v in nested_dataset.list_dataset_members(recurse=recurse).items():
                ^^^^^^^^^^^^^^^^^^^^^^^^^^^^^^^^^^^^^^^^^^^^^^^^^^^^
src/deriva_ml/dataset/dataset_bag.py:271: in list_dataset_members
    for k, v in nested_dataset.list_dataset_members(recurse=recurse).items():
                ^^^^^^^^^^^^^^^^^^^^^^^^^^^^^^^^^^^^^^^^^^^^^^^^^^^^
src/deriva_ml/dataset/dataset_bag.py:271: in list_dataset_members
    for k, v in nested_dataset.list_dataset_members(recurse=recurse).items():
                ^^^^^^^^^^^^^^^^^^^^^^^^^^^^^^^^^^^^^^^^^^^^^^^^^^^^
src/deriva_ml/dataset/dataset_bag.py:271: in list_dataset_members
    for k, v in nested_dataset.list_dataset_members(recurse=recurse).items():
                ^^^^^^^^^^^^^^^^^^^^^^^^^^^^^^^^^^^^^^^^^^^^^^^^^^^^
src/deriva_ml/dataset/dataset_bag.py:271: in list_dataset_members
    for k, v in nested_dataset.list_dataset_members(recurse=recurse).items():
                ^^^^^^^^^^^^^^^^^^^^^^^^^^^^^^^^^^^^^^^^^^^^^^^^^^^^
src/deriva_ml/dataset/dataset_bag.py:271: in list_dataset_members
    for k, v in nested_dataset.list_dataset_members(recurse=recurse).items():
                ^^^^^^^^^^^^^^^^^^^^^^^^^^^^^^^^^^^^^^^^^^^^^^^^^^^^
src/deriva_ml/dataset/dataset_bag.py:271: in list_dataset_members
    for k, v in nested_dataset.list_dataset_members(recurse=recurse).items():
                ^^^^^^^^^^^^^^^^^^^^^^^^^^^^^^^^^^^^^^^^^^^^^^^^^^^^
src/deriva_ml/dataset/dataset_bag.py:271: in list_dataset_members
    for k, v in nested_dataset.list_dataset_members(recurse=recurse).items():
                ^^^^^^^^^^^^^^^^^^^^^^^^^^^^^^^^^^^^^^^^^^^^^^^^^^^^
src/deriva_ml/dataset/dataset_bag.py:271: in list_dataset_members
    for k, v in nested_dataset.list_dataset_members(recurse=recurse).items():
                ^^^^^^^^^^^^^^^^^^^^^^^^^^^^^^^^^^^^^^^^^^^^^^^^^^^^
src/deriva_ml/dataset/dataset_bag.py:271: in list_dataset_members
    for k, v in nested_dataset.list_dataset_members(recurse=recurse).items():
                ^^^^^^^^^^^^^^^^^^^^^^^^^^^^^^^^^^^^^^^^^^^^^^^^^^^^
src/deriva_ml/dataset/dataset_bag.py:271: in list_dataset_members
    for k, v in nested_dataset.list_dataset_members(recurse=recurse).items():
                ^^^^^^^^^^^^^^^^^^^^^^^^^^^^^^^^^^^^^^^^^^^^^^^^^^^^
src/deriva_ml/dataset/dataset_bag.py:271: in list_dataset_members
    for k, v in nested_dataset.list_dataset_members(recurse=recurse).items():
                ^^^^^^^^^^^^^^^^^^^^^^^^^^^^^^^^^^^^^^^^^^^^^^^^^^^^
src/deriva_ml/dataset/dataset_bag.py:271: in list_dataset_members
    for k, v in nested_dataset.list_dataset_members(recurse=recurse).items():
                ^^^^^^^^^^^^^^^^^^^^^^^^^^^^^^^^^^^^^^^^^^^^^^^^^^^^
src/deriva_ml/dataset/dataset_bag.py:271: in list_dataset_members
    for k, v in nested_dataset.list_dataset_members(recurse=recurse).items():
                ^^^^^^^^^^^^^^^^^^^^^^^^^^^^^^^^^^^^^^^^^^^^^^^^^^^^
src/deriva_ml/dataset/dataset_bag.py:271: in list_dataset_members
    for k, v in nested_dataset.list_dataset_members(recurse=recurse).items():
                ^^^^^^^^^^^^^^^^^^^^^^^^^^^^^^^^^^^^^^^^^^^^^^^^^^^^
src/deriva_ml/dataset/dataset_bag.py:271: in list_dataset_members
    for k, v in nested_dataset.list_dataset_members(recurse=recurse).items():
                ^^^^^^^^^^^^^^^^^^^^^^^^^^^^^^^^^^^^^^^^^^^^^^^^^^^^
src/deriva_ml/dataset/dataset_bag.py:271: in list_dataset_members
    for k, v in nested_dataset.list_dataset_members(recurse=recurse).items():
                ^^^^^^^^^^^^^^^^^^^^^^^^^^^^^^^^^^^^^^^^^^^^^^^^^^^^
src/deriva_ml/dataset/dataset_bag.py:271: in list_dataset_members
    for k, v in nested_dataset.list_dataset_members(recurse=recurse).items():
                ^^^^^^^^^^^^^^^^^^^^^^^^^^^^^^^^^^^^^^^^^^^^^^^^^^^^
src/deriva_ml/dataset/dataset_bag.py:271: in list_dataset_members
    for k, v in nested_dataset.list_dataset_members(recurse=recurse).items():
                ^^^^^^^^^^^^^^^^^^^^^^^^^^^^^^^^^^^^^^^^^^^^^^^^^^^^
src/deriva_ml/dataset/dataset_bag.py:271: in list_dataset_members
    for k, v in nested_dataset.list_dataset_members(recurse=recurse).items():
                ^^^^^^^^^^^^^^^^^^^^^^^^^^^^^^^^^^^^^^^^^^^^^^^^^^^^
src/deriva_ml/dataset/dataset_bag.py:271: in list_dataset_members
    for k, v in nested_dataset.list_dataset_members(recurse=recurse).items():
                ^^^^^^^^^^^^^^^^^^^^^^^^^^^^^^^^^^^^^^^^^^^^^^^^^^^^
src/deriva_ml/dataset/dataset_bag.py:271: in list_dataset_members
    for k, v in nested_dataset.list_dataset_members(recurse=recurse).items():
                ^^^^^^^^^^^^^^^^^^^^^^^^^^^^^^^^^^^^^^^^^^^^^^^^^^^^
src/deriva_ml/dataset/dataset_bag.py:271: in list_dataset_members
    for k, v in nested_dataset.list_dataset_members(recurse=recurse).items():
                ^^^^^^^^^^^^^^^^^^^^^^^^^^^^^^^^^^^^^^^^^^^^^^^^^^^^
src/deriva_ml/dataset/dataset_bag.py:271: in list_dataset_members
    for k, v in nested_dataset.list_dataset_members(recurse=recurse).items():
                ^^^^^^^^^^^^^^^^^^^^^^^^^^^^^^^^^^^^^^^^^^^^^^^^^^^^
src/deriva_ml/dataset/dataset_bag.py:271: in list_dataset_members
    for k, v in nested_dataset.list_dataset_members(recurse=recurse).items():
                ^^^^^^^^^^^^^^^^^^^^^^^^^^^^^^^^^^^^^^^^^^^^^^^^^^^^
src/deriva_ml/dataset/dataset_bag.py:271: in list_dataset_members
    for k, v in nested_dataset.list_dataset_members(recurse=recurse).items():
                ^^^^^^^^^^^^^^^^^^^^^^^^^^^^^^^^^^^^^^^^^^^^^^^^^^^^
src/deriva_ml/dataset/dataset_bag.py:271: in list_dataset_members
    for k, v in nested_dataset.list_dataset_members(recurse=recurse).items():
                ^^^^^^^^^^^^^^^^^^^^^^^^^^^^^^^^^^^^^^^^^^^^^^^^^^^^
src/deriva_ml/dataset/dataset_bag.py:271: in list_dataset_members
    for k, v in nested_dataset.list_dataset_members(recurse=recurse).items():
                ^^^^^^^^^^^^^^^^^^^^^^^^^^^^^^^^^^^^^^^^^^^^^^^^^^^^
src/deriva_ml/dataset/dataset_bag.py:271: in list_dataset_members
    for k, v in nested_dataset.list_dataset_members(recurse=recurse).items():
                ^^^^^^^^^^^^^^^^^^^^^^^^^^^^^^^^^^^^^^^^^^^^^^^^^^^^
src/deriva_ml/dataset/dataset_bag.py:271: in list_dataset_members
    for k, v in nested_dataset.list_dataset_members(recurse=recurse).items():
                ^^^^^^^^^^^^^^^^^^^^^^^^^^^^^^^^^^^^^^^^^^^^^^^^^^^^
src/deriva_ml/dataset/dataset_bag.py:271: in list_dataset_members
    for k, v in nested_dataset.list_dataset_members(recurse=recurse).items():
                ^^^^^^^^^^^^^^^^^^^^^^^^^^^^^^^^^^^^^^^^^^^^^^^^^^^^
src/deriva_ml/dataset/dataset_bag.py:271: in list_dataset_members
    for k, v in nested_dataset.list_dataset_members(recurse=recurse).items():
                ^^^^^^^^^^^^^^^^^^^^^^^^^^^^^^^^^^^^^^^^^^^^^^^^^^^^
src/deriva_ml/dataset/dataset_bag.py:271: in list_dataset_members
    for k, v in nested_dataset.list_dataset_members(recurse=recurse).items():
                ^^^^^^^^^^^^^^^^^^^^^^^^^^^^^^^^^^^^^^^^^^^^^^^^^^^^
src/deriva_ml/dataset/dataset_bag.py:271: in list_dataset_members
    for k, v in nested_dataset.list_dataset_members(recurse=recurse).items():
                ^^^^^^^^^^^^^^^^^^^^^^^^^^^^^^^^^^^^^^^^^^^^^^^^^^^^
src/deriva_ml/dataset/dataset_bag.py:271: in list_dataset_members
    for k, v in nested_dataset.list_dataset_members(recurse=recurse).items():
                ^^^^^^^^^^^^^^^^^^^^^^^^^^^^^^^^^^^^^^^^^^^^^^^^^^^^
src/deriva_ml/dataset/dataset_bag.py:271: in list_dataset_members
    for k, v in nested_dataset.list_dataset_members(recurse=recurse).items():
                ^^^^^^^^^^^^^^^^^^^^^^^^^^^^^^^^^^^^^^^^^^^^^^^^^^^^
src/deriva_ml/dataset/dataset_bag.py:271: in list_dataset_members
    for k, v in nested_dataset.list_dataset_members(recurse=recurse).items():
                ^^^^^^^^^^^^^^^^^^^^^^^^^^^^^^^^^^^^^^^^^^^^^^^^^^^^
src/deriva_ml/dataset/dataset_bag.py:271: in list_dataset_members
    for k, v in nested_dataset.list_dataset_members(recurse=recurse).items():
                ^^^^^^^^^^^^^^^^^^^^^^^^^^^^^^^^^^^^^^^^^^^^^^^^^^^^
src/deriva_ml/dataset/dataset_bag.py:271: in list_dataset_members
    for k, v in nested_dataset.list_dataset_members(recurse=recurse).items():
                ^^^^^^^^^^^^^^^^^^^^^^^^^^^^^^^^^^^^^^^^^^^^^^^^^^^^
src/deriva_ml/dataset/dataset_bag.py:271: in list_dataset_members
    for k, v in nested_dataset.list_dataset_members(recurse=recurse).items():
                ^^^^^^^^^^^^^^^^^^^^^^^^^^^^^^^^^^^^^^^^^^^^^^^^^^^^
src/deriva_ml/dataset/dataset_bag.py:271: in list_dataset_members
    for k, v in nested_dataset.list_dataset_members(recurse=recurse).items():
                ^^^^^^^^^^^^^^^^^^^^^^^^^^^^^^^^^^^^^^^^^^^^^^^^^^^^
src/deriva_ml/dataset/dataset_bag.py:271: in list_dataset_members
    for k, v in nested_dataset.list_dataset_members(recurse=recurse).items():
                ^^^^^^^^^^^^^^^^^^^^^^^^^^^^^^^^^^^^^^^^^^^^^^^^^^^^
src/deriva_ml/dataset/dataset_bag.py:271: in list_dataset_members
    for k, v in nested_dataset.list_dataset_members(recurse=recurse).items():
                ^^^^^^^^^^^^^^^^^^^^^^^^^^^^^^^^^^^^^^^^^^^^^^^^^^^^
src/deriva_ml/dataset/dataset_bag.py:271: in list_dataset_members
    for k, v in nested_dataset.list_dataset_members(recurse=recurse).items():
                ^^^^^^^^^^^^^^^^^^^^^^^^^^^^^^^^^^^^^^^^^^^^^^^^^^^^
src/deriva_ml/dataset/dataset_bag.py:271: in list_dataset_members
    for k, v in nested_dataset.list_dataset_members(recurse=recurse).items():
                ^^^^^^^^^^^^^^^^^^^^^^^^^^^^^^^^^^^^^^^^^^^^^^^^^^^^
src/deriva_ml/dataset/dataset_bag.py:271: in list_dataset_members
    for k, v in nested_dataset.list_dataset_members(recurse=recurse).items():
                ^^^^^^^^^^^^^^^^^^^^^^^^^^^^^^^^^^^^^^^^^^^^^^^^^^^^
src/deriva_ml/dataset/dataset_bag.py:271: in list_dataset_members
    for k, v in nested_dataset.list_dataset_members(recurse=recurse).items():
                ^^^^^^^^^^^^^^^^^^^^^^^^^^^^^^^^^^^^^^^^^^^^^^^^^^^^
src/deriva_ml/dataset/dataset_bag.py:271: in list_dataset_members
    for k, v in nested_dataset.list_dataset_members(recurse=recurse).items():
                ^^^^^^^^^^^^^^^^^^^^^^^^^^^^^^^^^^^^^^^^^^^^^^^^^^^^
src/deriva_ml/dataset/dataset_bag.py:271: in list_dataset_members
    for k, v in nested_dataset.list_dataset_members(recurse=recurse).items():
                ^^^^^^^^^^^^^^^^^^^^^^^^^^^^^^^^^^^^^^^^^^^^^^^^^^^^
src/deriva_ml/dataset/dataset_bag.py:271: in list_dataset_members
    for k, v in nested_dataset.list_dataset_members(recurse=recurse).items():
                ^^^^^^^^^^^^^^^^^^^^^^^^^^^^^^^^^^^^^^^^^^^^^^^^^^^^
src/deriva_ml/dataset/dataset_bag.py:271: in list_dataset_members
    for k, v in nested_dataset.list_dataset_members(recurse=recurse).items():
                ^^^^^^^^^^^^^^^^^^^^^^^^^^^^^^^^^^^^^^^^^^^^^^^^^^^^
src/deriva_ml/dataset/dataset_bag.py:271: in list_dataset_members
    for k, v in nested_dataset.list_dataset_members(recurse=recurse).items():
                ^^^^^^^^^^^^^^^^^^^^^^^^^^^^^^^^^^^^^^^^^^^^^^^^^^^^
src/deriva_ml/dataset/dataset_bag.py:271: in list_dataset_members
    for k, v in nested_dataset.list_dataset_members(recurse=recurse).items():
                ^^^^^^^^^^^^^^^^^^^^^^^^^^^^^^^^^^^^^^^^^^^^^^^^^^^^
src/deriva_ml/dataset/dataset_bag.py:271: in list_dataset_members
    for k, v in nested_dataset.list_dataset_members(recurse=recurse).items():
                ^^^^^^^^^^^^^^^^^^^^^^^^^^^^^^^^^^^^^^^^^^^^^^^^^^^^
src/deriva_ml/dataset/dataset_bag.py:271: in list_dataset_members
    for k, v in nested_dataset.list_dataset_members(recurse=recurse).items():
                ^^^^^^^^^^^^^^^^^^^^^^^^^^^^^^^^^^^^^^^^^^^^^^^^^^^^
src/deriva_ml/dataset/dataset_bag.py:271: in list_dataset_members
    for k, v in nested_dataset.list_dataset_members(recurse=recurse).items():
                ^^^^^^^^^^^^^^^^^^^^^^^^^^^^^^^^^^^^^^^^^^^^^^^^^^^^
src/deriva_ml/dataset/dataset_bag.py:271: in list_dataset_members
    for k, v in nested_dataset.list_dataset_members(recurse=recurse).items():
                ^^^^^^^^^^^^^^^^^^^^^^^^^^^^^^^^^^^^^^^^^^^^^^^^^^^^
src/deriva_ml/dataset/dataset_bag.py:271: in list_dataset_members
    for k, v in nested_dataset.list_dataset_members(recurse=recurse).items():
                ^^^^^^^^^^^^^^^^^^^^^^^^^^^^^^^^^^^^^^^^^^^^^^^^^^^^
src/deriva_ml/dataset/dataset_bag.py:271: in list_dataset_members
    for k, v in nested_dataset.list_dataset_members(recurse=recurse).items():
                ^^^^^^^^^^^^^^^^^^^^^^^^^^^^^^^^^^^^^^^^^^^^^^^^^^^^
src/deriva_ml/dataset/dataset_bag.py:271: in list_dataset_members
    for k, v in nested_dataset.list_dataset_members(recurse=recurse).items():
                ^^^^^^^^^^^^^^^^^^^^^^^^^^^^^^^^^^^^^^^^^^^^^^^^^^^^
src/deriva_ml/dataset/dataset_bag.py:271: in list_dataset_members
    for k, v in nested_dataset.list_dataset_members(recurse=recurse).items():
                ^^^^^^^^^^^^^^^^^^^^^^^^^^^^^^^^^^^^^^^^^^^^^^^^^^^^
src/deriva_ml/dataset/dataset_bag.py:271: in list_dataset_members
    for k, v in nested_dataset.list_dataset_members(recurse=recurse).items():
                ^^^^^^^^^^^^^^^^^^^^^^^^^^^^^^^^^^^^^^^^^^^^^^^^^^^^
src/deriva_ml/dataset/dataset_bag.py:271: in list_dataset_members
    for k, v in nested_dataset.list_dataset_members(recurse=recurse).items():
                ^^^^^^^^^^^^^^^^^^^^^^^^^^^^^^^^^^^^^^^^^^^^^^^^^^^^
src/deriva_ml/dataset/dataset_bag.py:271: in list_dataset_members
    for k, v in nested_dataset.list_dataset_members(recurse=recurse).items():
                ^^^^^^^^^^^^^^^^^^^^^^^^^^^^^^^^^^^^^^^^^^^^^^^^^^^^
src/deriva_ml/dataset/dataset_bag.py:271: in list_dataset_members
    for k, v in nested_dataset.list_dataset_members(recurse=recurse).items():
                ^^^^^^^^^^^^^^^^^^^^^^^^^^^^^^^^^^^^^^^^^^^^^^^^^^^^
src/deriva_ml/dataset/dataset_bag.py:271: in list_dataset_members
    for k, v in nested_dataset.list_dataset_members(recurse=recurse).items():
                ^^^^^^^^^^^^^^^^^^^^^^^^^^^^^^^^^^^^^^^^^^^^^^^^^^^^
src/deriva_ml/dataset/dataset_bag.py:271: in list_dataset_members
    for k, v in nested_dataset.list_dataset_members(recurse=recurse).items():
                ^^^^^^^^^^^^^^^^^^^^^^^^^^^^^^^^^^^^^^^^^^^^^^^^^^^^
src/deriva_ml/dataset/dataset_bag.py:271: in list_dataset_members
    for k, v in nested_dataset.list_dataset_members(recurse=recurse).items():
                ^^^^^^^^^^^^^^^^^^^^^^^^^^^^^^^^^^^^^^^^^^^^^^^^^^^^
src/deriva_ml/dataset/dataset_bag.py:271: in list_dataset_members
    for k, v in nested_dataset.list_dataset_members(recurse=recurse).items():
                ^^^^^^^^^^^^^^^^^^^^^^^^^^^^^^^^^^^^^^^^^^^^^^^^^^^^
src/deriva_ml/dataset/dataset_bag.py:271: in list_dataset_members
    for k, v in nested_dataset.list_dataset_members(recurse=recurse).items():
                ^^^^^^^^^^^^^^^^^^^^^^^^^^^^^^^^^^^^^^^^^^^^^^^^^^^^
src/deriva_ml/dataset/dataset_bag.py:271: in list_dataset_members
    for k, v in nested_dataset.list_dataset_members(recurse=recurse).items():
                ^^^^^^^^^^^^^^^^^^^^^^^^^^^^^^^^^^^^^^^^^^^^^^^^^^^^
src/deriva_ml/dataset/dataset_bag.py:271: in list_dataset_members
    for k, v in nested_dataset.list_dataset_members(recurse=recurse).items():
                ^^^^^^^^^^^^^^^^^^^^^^^^^^^^^^^^^^^^^^^^^^^^^^^^^^^^
src/deriva_ml/dataset/dataset_bag.py:271: in list_dataset_members
    for k, v in nested_dataset.list_dataset_members(recurse=recurse).items():
                ^^^^^^^^^^^^^^^^^^^^^^^^^^^^^^^^^^^^^^^^^^^^^^^^^^^^
src/deriva_ml/dataset/dataset_bag.py:271: in list_dataset_members
    for k, v in nested_dataset.list_dataset_members(recurse=recurse).items():
                ^^^^^^^^^^^^^^^^^^^^^^^^^^^^^^^^^^^^^^^^^^^^^^^^^^^^
src/deriva_ml/dataset/dataset_bag.py:271: in list_dataset_members
    for k, v in nested_dataset.list_dataset_members(recurse=recurse).items():
                ^^^^^^^^^^^^^^^^^^^^^^^^^^^^^^^^^^^^^^^^^^^^^^^^^^^^
src/deriva_ml/dataset/dataset_bag.py:271: in list_dataset_members
    for k, v in nested_dataset.list_dataset_members(recurse=recurse).items():
                ^^^^^^^^^^^^^^^^^^^^^^^^^^^^^^^^^^^^^^^^^^^^^^^^^^^^
src/deriva_ml/dataset/dataset_bag.py:271: in list_dataset_members
    for k, v in nested_dataset.list_dataset_members(recurse=recurse).items():
                ^^^^^^^^^^^^^^^^^^^^^^^^^^^^^^^^^^^^^^^^^^^^^^^^^^^^
src/deriva_ml/dataset/dataset_bag.py:271: in list_dataset_members
    for k, v in nested_dataset.list_dataset_members(recurse=recurse).items():
                ^^^^^^^^^^^^^^^^^^^^^^^^^^^^^^^^^^^^^^^^^^^^^^^^^^^^
src/deriva_ml/dataset/dataset_bag.py:271: in list_dataset_members
    for k, v in nested_dataset.list_dataset_members(recurse=recurse).items():
                ^^^^^^^^^^^^^^^^^^^^^^^^^^^^^^^^^^^^^^^^^^^^^^^^^^^^
src/deriva_ml/dataset/dataset_bag.py:271: in list_dataset_members
    for k, v in nested_dataset.list_dataset_members(recurse=recurse).items():
                ^^^^^^^^^^^^^^^^^^^^^^^^^^^^^^^^^^^^^^^^^^^^^^^^^^^^
src/deriva_ml/dataset/dataset_bag.py:271: in list_dataset_members
    for k, v in nested_dataset.list_dataset_members(recurse=recurse).items():
                ^^^^^^^^^^^^^^^^^^^^^^^^^^^^^^^^^^^^^^^^^^^^^^^^^^^^
src/deriva_ml/dataset/dataset_bag.py:271: in list_dataset_members
    for k, v in nested_dataset.list_dataset_members(recurse=recurse).items():
                ^^^^^^^^^^^^^^^^^^^^^^^^^^^^^^^^^^^^^^^^^^^^^^^^^^^^
src/deriva_ml/dataset/dataset_bag.py:271: in list_dataset_members
    for k, v in nested_dataset.list_dataset_members(recurse=recurse).items():
                ^^^^^^^^^^^^^^^^^^^^^^^^^^^^^^^^^^^^^^^^^^^^^^^^^^^^
src/deriva_ml/dataset/dataset_bag.py:271: in list_dataset_members
    for k, v in nested_dataset.list_dataset_members(recurse=recurse).items():
                ^^^^^^^^^^^^^^^^^^^^^^^^^^^^^^^^^^^^^^^^^^^^^^^^^^^^
src/deriva_ml/dataset/dataset_bag.py:271: in list_dataset_members
    for k, v in nested_dataset.list_dataset_members(recurse=recurse).items():
                ^^^^^^^^^^^^^^^^^^^^^^^^^^^^^^^^^^^^^^^^^^^^^^^^^^^^
src/deriva_ml/dataset/dataset_bag.py:271: in list_dataset_members
    for k, v in nested_dataset.list_dataset_members(recurse=recurse).items():
                ^^^^^^^^^^^^^^^^^^^^^^^^^^^^^^^^^^^^^^^^^^^^^^^^^^^^
src/deriva_ml/dataset/dataset_bag.py:271: in list_dataset_members
    for k, v in nested_dataset.list_dataset_members(recurse=recurse).items():
                ^^^^^^^^^^^^^^^^^^^^^^^^^^^^^^^^^^^^^^^^^^^^^^^^^^^^
src/deriva_ml/dataset/dataset_bag.py:271: in list_dataset_members
    for k, v in nested_dataset.list_dataset_members(recurse=recurse).items():
                ^^^^^^^^^^^^^^^^^^^^^^^^^^^^^^^^^^^^^^^^^^^^^^^^^^^^
src/deriva_ml/dataset/dataset_bag.py:271: in list_dataset_members
    for k, v in nested_dataset.list_dataset_members(recurse=recurse).items():
                ^^^^^^^^^^^^^^^^^^^^^^^^^^^^^^^^^^^^^^^^^^^^^^^^^^^^
src/deriva_ml/dataset/dataset_bag.py:271: in list_dataset_members
    for k, v in nested_dataset.list_dataset_members(recurse=recurse).items():
                ^^^^^^^^^^^^^^^^^^^^^^^^^^^^^^^^^^^^^^^^^^^^^^^^^^^^
src/deriva_ml/dataset/dataset_bag.py:271: in list_dataset_members
    for k, v in nested_dataset.list_dataset_members(recurse=recurse).items():
                ^^^^^^^^^^^^^^^^^^^^^^^^^^^^^^^^^^^^^^^^^^^^^^^^^^^^
src/deriva_ml/dataset/dataset_bag.py:271: in list_dataset_members
    for k, v in nested_dataset.list_dataset_members(recurse=recurse).items():
                ^^^^^^^^^^^^^^^^^^^^^^^^^^^^^^^^^^^^^^^^^^^^^^^^^^^^
src/deriva_ml/dataset/dataset_bag.py:271: in list_dataset_members
    for k, v in nested_dataset.list_dataset_members(recurse=recurse).items():
                ^^^^^^^^^^^^^^^^^^^^^^^^^^^^^^^^^^^^^^^^^^^^^^^^^^^^
src/deriva_ml/dataset/dataset_bag.py:271: in list_dataset_members
    for k, v in nested_dataset.list_dataset_members(recurse=recurse).items():
                ^^^^^^^^^^^^^^^^^^^^^^^^^^^^^^^^^^^^^^^^^^^^^^^^^^^^
src/deriva_ml/dataset/dataset_bag.py:271: in list_dataset_members
    for k, v in nested_dataset.list_dataset_members(recurse=recurse).items():
                ^^^^^^^^^^^^^^^^^^^^^^^^^^^^^^^^^^^^^^^^^^^^^^^^^^^^
src/deriva_ml/dataset/dataset_bag.py:271: in list_dataset_members
    for k, v in nested_dataset.list_dataset_members(recurse=recurse).items():
                ^^^^^^^^^^^^^^^^^^^^^^^^^^^^^^^^^^^^^^^^^^^^^^^^^^^^
src/deriva_ml/dataset/dataset_bag.py:271: in list_dataset_members
    for k, v in nested_dataset.list_dataset_members(recurse=recurse).items():
                ^^^^^^^^^^^^^^^^^^^^^^^^^^^^^^^^^^^^^^^^^^^^^^^^^^^^
src/deriva_ml/dataset/dataset_bag.py:271: in list_dataset_members
    for k, v in nested_dataset.list_dataset_members(recurse=recurse).items():
                ^^^^^^^^^^^^^^^^^^^^^^^^^^^^^^^^^^^^^^^^^^^^^^^^^^^^
src/deriva_ml/dataset/dataset_bag.py:271: in list_dataset_members
    for k, v in nested_dataset.list_dataset_members(recurse=recurse).items():
                ^^^^^^^^^^^^^^^^^^^^^^^^^^^^^^^^^^^^^^^^^^^^^^^^^^^^
src/deriva_ml/dataset/dataset_bag.py:271: in list_dataset_members
    for k, v in nested_dataset.list_dataset_members(recurse=recurse).items():
                ^^^^^^^^^^^^^^^^^^^^^^^^^^^^^^^^^^^^^^^^^^^^^^^^^^^^
src/deriva_ml/dataset/dataset_bag.py:271: in list_dataset_members
    for k, v in nested_dataset.list_dataset_members(recurse=recurse).items():
                ^^^^^^^^^^^^^^^^^^^^^^^^^^^^^^^^^^^^^^^^^^^^^^^^^^^^
src/deriva_ml/dataset/dataset_bag.py:271: in list_dataset_members
    for k, v in nested_dataset.list_dataset_members(recurse=recurse).items():
                ^^^^^^^^^^^^^^^^^^^^^^^^^^^^^^^^^^^^^^^^^^^^^^^^^^^^
src/deriva_ml/dataset/dataset_bag.py:271: in list_dataset_members
    for k, v in nested_dataset.list_dataset_members(recurse=recurse).items():
                ^^^^^^^^^^^^^^^^^^^^^^^^^^^^^^^^^^^^^^^^^^^^^^^^^^^^
src/deriva_ml/dataset/dataset_bag.py:271: in list_dataset_members
    for k, v in nested_dataset.list_dataset_members(recurse=recurse).items():
                ^^^^^^^^^^^^^^^^^^^^^^^^^^^^^^^^^^^^^^^^^^^^^^^^^^^^
src/deriva_ml/dataset/dataset_bag.py:271: in list_dataset_members
    for k, v in nested_dataset.list_dataset_members(recurse=recurse).items():
                ^^^^^^^^^^^^^^^^^^^^^^^^^^^^^^^^^^^^^^^^^^^^^^^^^^^^
src/deriva_ml/dataset/dataset_bag.py:271: in list_dataset_members
    for k, v in nested_dataset.list_dataset_members(recurse=recurse).items():
                ^^^^^^^^^^^^^^^^^^^^^^^^^^^^^^^^^^^^^^^^^^^^^^^^^^^^
src/deriva_ml/dataset/dataset_bag.py:271: in list_dataset_members
    for k, v in nested_dataset.list_dataset_members(recurse=recurse).items():
                ^^^^^^^^^^^^^^^^^^^^^^^^^^^^^^^^^^^^^^^^^^^^^^^^^^^^
src/deriva_ml/dataset/dataset_bag.py:271: in list_dataset_members
    for k, v in nested_dataset.list_dataset_members(recurse=recurse).items():
                ^^^^^^^^^^^^^^^^^^^^^^^^^^^^^^^^^^^^^^^^^^^^^^^^^^^^
src/deriva_ml/dataset/dataset_bag.py:271: in list_dataset_members
    for k, v in nested_dataset.list_dataset_members(recurse=recurse).items():
                ^^^^^^^^^^^^^^^^^^^^^^^^^^^^^^^^^^^^^^^^^^^^^^^^^^^^
src/deriva_ml/dataset/dataset_bag.py:271: in list_dataset_members
    for k, v in nested_dataset.list_dataset_members(recurse=recurse).items():
                ^^^^^^^^^^^^^^^^^^^^^^^^^^^^^^^^^^^^^^^^^^^^^^^^^^^^
src/deriva_ml/dataset/dataset_bag.py:271: in list_dataset_members
    for k, v in nested_dataset.list_dataset_members(recurse=recurse).items():
                ^^^^^^^^^^^^^^^^^^^^^^^^^^^^^^^^^^^^^^^^^^^^^^^^^^^^
src/deriva_ml/dataset/dataset_bag.py:271: in list_dataset_members
    for k, v in nested_dataset.list_dataset_members(recurse=recurse).items():
                ^^^^^^^^^^^^^^^^^^^^^^^^^^^^^^^^^^^^^^^^^^^^^^^^^^^^
src/deriva_ml/dataset/dataset_bag.py:271: in list_dataset_members
    for k, v in nested_dataset.list_dataset_members(recurse=recurse).items():
                ^^^^^^^^^^^^^^^^^^^^^^^^^^^^^^^^^^^^^^^^^^^^^^^^^^^^
src/deriva_ml/dataset/dataset_bag.py:271: in list_dataset_members
    for k, v in nested_dataset.list_dataset_members(recurse=recurse).items():
                ^^^^^^^^^^^^^^^^^^^^^^^^^^^^^^^^^^^^^^^^^^^^^^^^^^^^
src/deriva_ml/dataset/dataset_bag.py:271: in list_dataset_members
    for k, v in nested_dataset.list_dataset_members(recurse=recurse).items():
                ^^^^^^^^^^^^^^^^^^^^^^^^^^^^^^^^^^^^^^^^^^^^^^^^^^^^
src/deriva_ml/dataset/dataset_bag.py:271: in list_dataset_members
    for k, v in nested_dataset.list_dataset_members(recurse=recurse).items():
                ^^^^^^^^^^^^^^^^^^^^^^^^^^^^^^^^^^^^^^^^^^^^^^^^^^^^
src/deriva_ml/dataset/dataset_bag.py:271: in list_dataset_members
    for k, v in nested_dataset.list_dataset_members(recurse=recurse).items():
                ^^^^^^^^^^^^^^^^^^^^^^^^^^^^^^^^^^^^^^^^^^^^^^^^^^^^
src/deriva_ml/dataset/dataset_bag.py:271: in list_dataset_members
    for k, v in nested_dataset.list_dataset_members(recurse=recurse).items():
                ^^^^^^^^^^^^^^^^^^^^^^^^^^^^^^^^^^^^^^^^^^^^^^^^^^^^
src/deriva_ml/dataset/dataset_bag.py:271: in list_dataset_members
    for k, v in nested_dataset.list_dataset_members(recurse=recurse).items():
                ^^^^^^^^^^^^^^^^^^^^^^^^^^^^^^^^^^^^^^^^^^^^^^^^^^^^
src/deriva_ml/dataset/dataset_bag.py:271: in list_dataset_members
    for k, v in nested_dataset.list_dataset_members(recurse=recurse).items():
                ^^^^^^^^^^^^^^^^^^^^^^^^^^^^^^^^^^^^^^^^^^^^^^^^^^^^
src/deriva_ml/dataset/dataset_bag.py:271: in list_dataset_members
    for k, v in nested_dataset.list_dataset_members(recurse=recurse).items():
                ^^^^^^^^^^^^^^^^^^^^^^^^^^^^^^^^^^^^^^^^^^^^^^^^^^^^
src/deriva_ml/dataset/dataset_bag.py:271: in list_dataset_members
    for k, v in nested_dataset.list_dataset_members(recurse=recurse).items():
                ^^^^^^^^^^^^^^^^^^^^^^^^^^^^^^^^^^^^^^^^^^^^^^^^^^^^
src/deriva_ml/dataset/dataset_bag.py:271: in list_dataset_members
    for k, v in nested_dataset.list_dataset_members(recurse=recurse).items():
                ^^^^^^^^^^^^^^^^^^^^^^^^^^^^^^^^^^^^^^^^^^^^^^^^^^^^
src/deriva_ml/dataset/dataset_bag.py:271: in list_dataset_members
    for k, v in nested_dataset.list_dataset_members(recurse=recurse).items():
                ^^^^^^^^^^^^^^^^^^^^^^^^^^^^^^^^^^^^^^^^^^^^^^^^^^^^
src/deriva_ml/dataset/dataset_bag.py:271: in list_dataset_members
    for k, v in nested_dataset.list_dataset_members(recurse=recurse).items():
                ^^^^^^^^^^^^^^^^^^^^^^^^^^^^^^^^^^^^^^^^^^^^^^^^^^^^
src/deriva_ml/dataset/dataset_bag.py:271: in list_dataset_members
    for k, v in nested_dataset.list_dataset_members(recurse=recurse).items():
                ^^^^^^^^^^^^^^^^^^^^^^^^^^^^^^^^^^^^^^^^^^^^^^^^^^^^
src/deriva_ml/dataset/dataset_bag.py:271: in list_dataset_members
    for k, v in nested_dataset.list_dataset_members(recurse=recurse).items():
                ^^^^^^^^^^^^^^^^^^^^^^^^^^^^^^^^^^^^^^^^^^^^^^^^^^^^
src/deriva_ml/dataset/dataset_bag.py:271: in list_dataset_members
    for k, v in nested_dataset.list_dataset_members(recurse=recurse).items():
                ^^^^^^^^^^^^^^^^^^^^^^^^^^^^^^^^^^^^^^^^^^^^^^^^^^^^
src/deriva_ml/dataset/dataset_bag.py:271: in list_dataset_members
    for k, v in nested_dataset.list_dataset_members(recurse=recurse).items():
                ^^^^^^^^^^^^^^^^^^^^^^^^^^^^^^^^^^^^^^^^^^^^^^^^^^^^
src/deriva_ml/dataset/dataset_bag.py:271: in list_dataset_members
    for k, v in nested_dataset.list_dataset_members(recurse=recurse).items():
                ^^^^^^^^^^^^^^^^^^^^^^^^^^^^^^^^^^^^^^^^^^^^^^^^^^^^
src/deriva_ml/dataset/dataset_bag.py:271: in list_dataset_members
    for k, v in nested_dataset.list_dataset_members(recurse=recurse).items():
                ^^^^^^^^^^^^^^^^^^^^^^^^^^^^^^^^^^^^^^^^^^^^^^^^^^^^
src/deriva_ml/dataset/dataset_bag.py:271: in list_dataset_members
    for k, v in nested_dataset.list_dataset_members(recurse=recurse).items():
                ^^^^^^^^^^^^^^^^^^^^^^^^^^^^^^^^^^^^^^^^^^^^^^^^^^^^
src/deriva_ml/dataset/dataset_bag.py:271: in list_dataset_members
    for k, v in nested_dataset.list_dataset_members(recurse=recurse).items():
                ^^^^^^^^^^^^^^^^^^^^^^^^^^^^^^^^^^^^^^^^^^^^^^^^^^^^
src/deriva_ml/dataset/dataset_bag.py:271: in list_dataset_members
    for k, v in nested_dataset.list_dataset_members(recurse=recurse).items():
                ^^^^^^^^^^^^^^^^^^^^^^^^^^^^^^^^^^^^^^^^^^^^^^^^^^^^
src/deriva_ml/dataset/dataset_bag.py:271: in list_dataset_members
    for k, v in nested_dataset.list_dataset_members(recurse=recurse).items():
                ^^^^^^^^^^^^^^^^^^^^^^^^^^^^^^^^^^^^^^^^^^^^^^^^^^^^
src/deriva_ml/dataset/dataset_bag.py:271: in list_dataset_members
    for k, v in nested_dataset.list_dataset_members(recurse=recurse).items():
                ^^^^^^^^^^^^^^^^^^^^^^^^^^^^^^^^^^^^^^^^^^^^^^^^^^^^
src/deriva_ml/dataset/dataset_bag.py:271: in list_dataset_members
    for k, v in nested_dataset.list_dataset_members(recurse=recurse).items():
                ^^^^^^^^^^^^^^^^^^^^^^^^^^^^^^^^^^^^^^^^^^^^^^^^^^^^
src/deriva_ml/dataset/dataset_bag.py:271: in list_dataset_members
    for k, v in nested_dataset.list_dataset_members(recurse=recurse).items():
                ^^^^^^^^^^^^^^^^^^^^^^^^^^^^^^^^^^^^^^^^^^^^^^^^^^^^
src/deriva_ml/dataset/dataset_bag.py:271: in list_dataset_members
    for k, v in nested_dataset.list_dataset_members(recurse=recurse).items():
                ^^^^^^^^^^^^^^^^^^^^^^^^^^^^^^^^^^^^^^^^^^^^^^^^^^^^
src/deriva_ml/dataset/dataset_bag.py:271: in list_dataset_members
    for k, v in nested_dataset.list_dataset_members(recurse=recurse).items():
                ^^^^^^^^^^^^^^^^^^^^^^^^^^^^^^^^^^^^^^^^^^^^^^^^^^^^
src/deriva_ml/dataset/dataset_bag.py:271: in list_dataset_members
    for k, v in nested_dataset.list_dataset_members(recurse=recurse).items():
                ^^^^^^^^^^^^^^^^^^^^^^^^^^^^^^^^^^^^^^^^^^^^^^^^^^^^
src/deriva_ml/dataset/dataset_bag.py:271: in list_dataset_members
    for k, v in nested_dataset.list_dataset_members(recurse=recurse).items():
                ^^^^^^^^^^^^^^^^^^^^^^^^^^^^^^^^^^^^^^^^^^^^^^^^^^^^
src/deriva_ml/dataset/dataset_bag.py:271: in list_dataset_members
    for k, v in nested_dataset.list_dataset_members(recurse=recurse).items():
                ^^^^^^^^^^^^^^^^^^^^^^^^^^^^^^^^^^^^^^^^^^^^^^^^^^^^
src/deriva_ml/dataset/dataset_bag.py:271: in list_dataset_members
    for k, v in nested_dataset.list_dataset_members(recurse=recurse).items():
                ^^^^^^^^^^^^^^^^^^^^^^^^^^^^^^^^^^^^^^^^^^^^^^^^^^^^
src/deriva_ml/dataset/dataset_bag.py:271: in list_dataset_members
    for k, v in nested_dataset.list_dataset_members(recurse=recurse).items():
                ^^^^^^^^^^^^^^^^^^^^^^^^^^^^^^^^^^^^^^^^^^^^^^^^^^^^
src/deriva_ml/dataset/dataset_bag.py:271: in list_dataset_members
    for k, v in nested_dataset.list_dataset_members(recurse=recurse).items():
                ^^^^^^^^^^^^^^^^^^^^^^^^^^^^^^^^^^^^^^^^^^^^^^^^^^^^
src/deriva_ml/dataset/dataset_bag.py:271: in list_dataset_members
    for k, v in nested_dataset.list_dataset_members(recurse=recurse).items():
                ^^^^^^^^^^^^^^^^^^^^^^^^^^^^^^^^^^^^^^^^^^^^^^^^^^^^
src/deriva_ml/dataset/dataset_bag.py:271: in list_dataset_members
    for k, v in nested_dataset.list_dataset_members(recurse=recurse).items():
                ^^^^^^^^^^^^^^^^^^^^^^^^^^^^^^^^^^^^^^^^^^^^^^^^^^^^
src/deriva_ml/dataset/dataset_bag.py:271: in list_dataset_members
    for k, v in nested_dataset.list_dataset_members(recurse=recurse).items():
                ^^^^^^^^^^^^^^^^^^^^^^^^^^^^^^^^^^^^^^^^^^^^^^^^^^^^
src/deriva_ml/dataset/dataset_bag.py:271: in list_dataset_members
    for k, v in nested_dataset.list_dataset_members(recurse=recurse).items():
                ^^^^^^^^^^^^^^^^^^^^^^^^^^^^^^^^^^^^^^^^^^^^^^^^^^^^
src/deriva_ml/dataset/dataset_bag.py:271: in list_dataset_members
    for k, v in nested_dataset.list_dataset_members(recurse=recurse).items():
                ^^^^^^^^^^^^^^^^^^^^^^^^^^^^^^^^^^^^^^^^^^^^^^^^^^^^
src/deriva_ml/dataset/dataset_bag.py:271: in list_dataset_members
    for k, v in nested_dataset.list_dataset_members(recurse=recurse).items():
                ^^^^^^^^^^^^^^^^^^^^^^^^^^^^^^^^^^^^^^^^^^^^^^^^^^^^
src/deriva_ml/dataset/dataset_bag.py:271: in list_dataset_members
    for k, v in nested_dataset.list_dataset_members(recurse=recurse).items():
                ^^^^^^^^^^^^^^^^^^^^^^^^^^^^^^^^^^^^^^^^^^^^^^^^^^^^
src/deriva_ml/dataset/dataset_bag.py:271: in list_dataset_members
    for k, v in nested_dataset.list_dataset_members(recurse=recurse).items():
                ^^^^^^^^^^^^^^^^^^^^^^^^^^^^^^^^^^^^^^^^^^^^^^^^^^^^
src/deriva_ml/dataset/dataset_bag.py:271: in list_dataset_members
    for k, v in nested_dataset.list_dataset_members(recurse=recurse).items():
                ^^^^^^^^^^^^^^^^^^^^^^^^^^^^^^^^^^^^^^^^^^^^^^^^^^^^
src/deriva_ml/dataset/dataset_bag.py:271: in list_dataset_members
    for k, v in nested_dataset.list_dataset_members(recurse=recurse).items():
                ^^^^^^^^^^^^^^^^^^^^^^^^^^^^^^^^^^^^^^^^^^^^^^^^^^^^
src/deriva_ml/dataset/dataset_bag.py:271: in list_dataset_members
    for k, v in nested_dataset.list_dataset_members(recurse=recurse).items():
                ^^^^^^^^^^^^^^^^^^^^^^^^^^^^^^^^^^^^^^^^^^^^^^^^^^^^
src/deriva_ml/dataset/dataset_bag.py:271: in list_dataset_members
    for k, v in nested_dataset.list_dataset_members(recurse=recurse).items():
                ^^^^^^^^^^^^^^^^^^^^^^^^^^^^^^^^^^^^^^^^^^^^^^^^^^^^
src/deriva_ml/dataset/dataset_bag.py:271: in list_dataset_members
    for k, v in nested_dataset.list_dataset_members(recurse=recurse).items():
                ^^^^^^^^^^^^^^^^^^^^^^^^^^^^^^^^^^^^^^^^^^^^^^^^^^^^
src/deriva_ml/dataset/dataset_bag.py:271: in list_dataset_members
    for k, v in nested_dataset.list_dataset_members(recurse=recurse).items():
                ^^^^^^^^^^^^^^^^^^^^^^^^^^^^^^^^^^^^^^^^^^^^^^^^^^^^
src/deriva_ml/dataset/dataset_bag.py:271: in list_dataset_members
    for k, v in nested_dataset.list_dataset_members(recurse=recurse).items():
                ^^^^^^^^^^^^^^^^^^^^^^^^^^^^^^^^^^^^^^^^^^^^^^^^^^^^
src/deriva_ml/dataset/dataset_bag.py:271: in list_dataset_members
    for k, v in nested_dataset.list_dataset_members(recurse=recurse).items():
                ^^^^^^^^^^^^^^^^^^^^^^^^^^^^^^^^^^^^^^^^^^^^^^^^^^^^
src/deriva_ml/dataset/dataset_bag.py:271: in list_dataset_members
    for k, v in nested_dataset.list_dataset_members(recurse=recurse).items():
                ^^^^^^^^^^^^^^^^^^^^^^^^^^^^^^^^^^^^^^^^^^^^^^^^^^^^
src/deriva_ml/dataset/dataset_bag.py:271: in list_dataset_members
    for k, v in nested_dataset.list_dataset_members(recurse=recurse).items():
                ^^^^^^^^^^^^^^^^^^^^^^^^^^^^^^^^^^^^^^^^^^^^^^^^^^^^
src/deriva_ml/dataset/dataset_bag.py:271: in list_dataset_members
    for k, v in nested_dataset.list_dataset_members(recurse=recurse).items():
                ^^^^^^^^^^^^^^^^^^^^^^^^^^^^^^^^^^^^^^^^^^^^^^^^^^^^
src/deriva_ml/dataset/dataset_bag.py:271: in list_dataset_members
    for k, v in nested_dataset.list_dataset_members(recurse=recurse).items():
                ^^^^^^^^^^^^^^^^^^^^^^^^^^^^^^^^^^^^^^^^^^^^^^^^^^^^
src/deriva_ml/dataset/dataset_bag.py:271: in list_dataset_members
    for k, v in nested_dataset.list_dataset_members(recurse=recurse).items():
                ^^^^^^^^^^^^^^^^^^^^^^^^^^^^^^^^^^^^^^^^^^^^^^^^^^^^
src/deriva_ml/dataset/dataset_bag.py:271: in list_dataset_members
    for k, v in nested_dataset.list_dataset_members(recurse=recurse).items():
                ^^^^^^^^^^^^^^^^^^^^^^^^^^^^^^^^^^^^^^^^^^^^^^^^^^^^
src/deriva_ml/dataset/dataset_bag.py:271: in list_dataset_members
    for k, v in nested_dataset.list_dataset_members(recurse=recurse).items():
                ^^^^^^^^^^^^^^^^^^^^^^^^^^^^^^^^^^^^^^^^^^^^^^^^^^^^
src/deriva_ml/dataset/dataset_bag.py:271: in list_dataset_members
    for k, v in nested_dataset.list_dataset_members(recurse=recurse).items():
                ^^^^^^^^^^^^^^^^^^^^^^^^^^^^^^^^^^^^^^^^^^^^^^^^^^^^
src/deriva_ml/dataset/dataset_bag.py:271: in list_dataset_members
    for k, v in nested_dataset.list_dataset_members(recurse=recurse).items():
                ^^^^^^^^^^^^^^^^^^^^^^^^^^^^^^^^^^^^^^^^^^^^^^^^^^^^
src/deriva_ml/dataset/dataset_bag.py:271: in list_dataset_members
    for k, v in nested_dataset.list_dataset_members(recurse=recurse).items():
                ^^^^^^^^^^^^^^^^^^^^^^^^^^^^^^^^^^^^^^^^^^^^^^^^^^^^
src/deriva_ml/dataset/dataset_bag.py:271: in list_dataset_members
    for k, v in nested_dataset.list_dataset_members(recurse=recurse).items():
                ^^^^^^^^^^^^^^^^^^^^^^^^^^^^^^^^^^^^^^^^^^^^^^^^^^^^
src/deriva_ml/dataset/dataset_bag.py:271: in list_dataset_members
    for k, v in nested_dataset.list_dataset_members(recurse=recurse).items():
                ^^^^^^^^^^^^^^^^^^^^^^^^^^^^^^^^^^^^^^^^^^^^^^^^^^^^
src/deriva_ml/dataset/dataset_bag.py:271: in list_dataset_members
    for k, v in nested_dataset.list_dataset_members(recurse=recurse).items():
                ^^^^^^^^^^^^^^^^^^^^^^^^^^^^^^^^^^^^^^^^^^^^^^^^^^^^
src/deriva_ml/dataset/dataset_bag.py:271: in list_dataset_members
    for k, v in nested_dataset.list_dataset_members(recurse=recurse).items():
                ^^^^^^^^^^^^^^^^^^^^^^^^^^^^^^^^^^^^^^^^^^^^^^^^^^^^
src/deriva_ml/dataset/dataset_bag.py:271: in list_dataset_members
    for k, v in nested_dataset.list_dataset_members(recurse=recurse).items():
                ^^^^^^^^^^^^^^^^^^^^^^^^^^^^^^^^^^^^^^^^^^^^^^^^^^^^
src/deriva_ml/dataset/dataset_bag.py:271: in list_dataset_members
    for k, v in nested_dataset.list_dataset_members(recurse=recurse).items():
                ^^^^^^^^^^^^^^^^^^^^^^^^^^^^^^^^^^^^^^^^^^^^^^^^^^^^
src/deriva_ml/dataset/dataset_bag.py:271: in list_dataset_members
    for k, v in nested_dataset.list_dataset_members(recurse=recurse).items():
                ^^^^^^^^^^^^^^^^^^^^^^^^^^^^^^^^^^^^^^^^^^^^^^^^^^^^
src/deriva_ml/dataset/dataset_bag.py:271: in list_dataset_members
    for k, v in nested_dataset.list_dataset_members(recurse=recurse).items():
                ^^^^^^^^^^^^^^^^^^^^^^^^^^^^^^^^^^^^^^^^^^^^^^^^^^^^
src/deriva_ml/dataset/dataset_bag.py:271: in list_dataset_members
    for k, v in nested_dataset.list_dataset_members(recurse=recurse).items():
                ^^^^^^^^^^^^^^^^^^^^^^^^^^^^^^^^^^^^^^^^^^^^^^^^^^^^
src/deriva_ml/dataset/dataset_bag.py:271: in list_dataset_members
    for k, v in nested_dataset.list_dataset_members(recurse=recurse).items():
                ^^^^^^^^^^^^^^^^^^^^^^^^^^^^^^^^^^^^^^^^^^^^^^^^^^^^
src/deriva_ml/dataset/dataset_bag.py:271: in list_dataset_members
    for k, v in nested_dataset.list_dataset_members(recurse=recurse).items():
                ^^^^^^^^^^^^^^^^^^^^^^^^^^^^^^^^^^^^^^^^^^^^^^^^^^^^
src/deriva_ml/dataset/dataset_bag.py:271: in list_dataset_members
    for k, v in nested_dataset.list_dataset_members(recurse=recurse).items():
                ^^^^^^^^^^^^^^^^^^^^^^^^^^^^^^^^^^^^^^^^^^^^^^^^^^^^
src/deriva_ml/dataset/dataset_bag.py:271: in list_dataset_members
    for k, v in nested_dataset.list_dataset_members(recurse=recurse).items():
                ^^^^^^^^^^^^^^^^^^^^^^^^^^^^^^^^^^^^^^^^^^^^^^^^^^^^
src/deriva_ml/dataset/dataset_bag.py:271: in list_dataset_members
    for k, v in nested_dataset.list_dataset_members(recurse=recurse).items():
                ^^^^^^^^^^^^^^^^^^^^^^^^^^^^^^^^^^^^^^^^^^^^^^^^^^^^
src/deriva_ml/dataset/dataset_bag.py:271: in list_dataset_members
    for k, v in nested_dataset.list_dataset_members(recurse=recurse).items():
                ^^^^^^^^^^^^^^^^^^^^^^^^^^^^^^^^^^^^^^^^^^^^^^^^^^^^
src/deriva_ml/dataset/dataset_bag.py:271: in list_dataset_members
    for k, v in nested_dataset.list_dataset_members(recurse=recurse).items():
                ^^^^^^^^^^^^^^^^^^^^^^^^^^^^^^^^^^^^^^^^^^^^^^^^^^^^
src/deriva_ml/dataset/dataset_bag.py:271: in list_dataset_members
    for k, v in nested_dataset.list_dataset_members(recurse=recurse).items():
                ^^^^^^^^^^^^^^^^^^^^^^^^^^^^^^^^^^^^^^^^^^^^^^^^^^^^
src/deriva_ml/dataset/dataset_bag.py:271: in list_dataset_members
    for k, v in nested_dataset.list_dataset_members(recurse=recurse).items():
                ^^^^^^^^^^^^^^^^^^^^^^^^^^^^^^^^^^^^^^^^^^^^^^^^^^^^
src/deriva_ml/dataset/dataset_bag.py:271: in list_dataset_members
    for k, v in nested_dataset.list_dataset_members(recurse=recurse).items():
                ^^^^^^^^^^^^^^^^^^^^^^^^^^^^^^^^^^^^^^^^^^^^^^^^^^^^
src/deriva_ml/dataset/dataset_bag.py:271: in list_dataset_members
    for k, v in nested_dataset.list_dataset_members(recurse=recurse).items():
                ^^^^^^^^^^^^^^^^^^^^^^^^^^^^^^^^^^^^^^^^^^^^^^^^^^^^
src/deriva_ml/dataset/dataset_bag.py:271: in list_dataset_members
    for k, v in nested_dataset.list_dataset_members(recurse=recurse).items():
                ^^^^^^^^^^^^^^^^^^^^^^^^^^^^^^^^^^^^^^^^^^^^^^^^^^^^
src/deriva_ml/dataset/dataset_bag.py:271: in list_dataset_members
    for k, v in nested_dataset.list_dataset_members(recurse=recurse).items():
                ^^^^^^^^^^^^^^^^^^^^^^^^^^^^^^^^^^^^^^^^^^^^^^^^^^^^
src/deriva_ml/dataset/dataset_bag.py:271: in list_dataset_members
    for k, v in nested_dataset.list_dataset_members(recurse=recurse).items():
                ^^^^^^^^^^^^^^^^^^^^^^^^^^^^^^^^^^^^^^^^^^^^^^^^^^^^
src/deriva_ml/dataset/dataset_bag.py:271: in list_dataset_members
    for k, v in nested_dataset.list_dataset_members(recurse=recurse).items():
                ^^^^^^^^^^^^^^^^^^^^^^^^^^^^^^^^^^^^^^^^^^^^^^^^^^^^
src/deriva_ml/dataset/dataset_bag.py:271: in list_dataset_members
    for k, v in nested_dataset.list_dataset_members(recurse=recurse).items():
                ^^^^^^^^^^^^^^^^^^^^^^^^^^^^^^^^^^^^^^^^^^^^^^^^^^^^
src/deriva_ml/dataset/dataset_bag.py:271: in list_dataset_members
    for k, v in nested_dataset.list_dataset_members(recurse=recurse).items():
                ^^^^^^^^^^^^^^^^^^^^^^^^^^^^^^^^^^^^^^^^^^^^^^^^^^^^
src/deriva_ml/dataset/dataset_bag.py:271: in list_dataset_members
    for k, v in nested_dataset.list_dataset_members(recurse=recurse).items():
                ^^^^^^^^^^^^^^^^^^^^^^^^^^^^^^^^^^^^^^^^^^^^^^^^^^^^
src/deriva_ml/dataset/dataset_bag.py:271: in list_dataset_members
    for k, v in nested_dataset.list_dataset_members(recurse=recurse).items():
                ^^^^^^^^^^^^^^^^^^^^^^^^^^^^^^^^^^^^^^^^^^^^^^^^^^^^
src/deriva_ml/dataset/dataset_bag.py:271: in list_dataset_members
    for k, v in nested_dataset.list_dataset_members(recurse=recurse).items():
                ^^^^^^^^^^^^^^^^^^^^^^^^^^^^^^^^^^^^^^^^^^^^^^^^^^^^
src/deriva_ml/dataset/dataset_bag.py:271: in list_dataset_members
    for k, v in nested_dataset.list_dataset_members(recurse=recurse).items():
                ^^^^^^^^^^^^^^^^^^^^^^^^^^^^^^^^^^^^^^^^^^^^^^^^^^^^
src/deriva_ml/dataset/dataset_bag.py:271: in list_dataset_members
    for k, v in nested_dataset.list_dataset_members(recurse=recurse).items():
                ^^^^^^^^^^^^^^^^^^^^^^^^^^^^^^^^^^^^^^^^^^^^^^^^^^^^
src/deriva_ml/dataset/dataset_bag.py:271: in list_dataset_members
    for k, v in nested_dataset.list_dataset_members(recurse=recurse).items():
                ^^^^^^^^^^^^^^^^^^^^^^^^^^^^^^^^^^^^^^^^^^^^^^^^^^^^
src/deriva_ml/dataset/dataset_bag.py:271: in list_dataset_members
    for k, v in nested_dataset.list_dataset_members(recurse=recurse).items():
                ^^^^^^^^^^^^^^^^^^^^^^^^^^^^^^^^^^^^^^^^^^^^^^^^^^^^
src/deriva_ml/dataset/dataset_bag.py:271: in list_dataset_members
    for k, v in nested_dataset.list_dataset_members(recurse=recurse).items():
                ^^^^^^^^^^^^^^^^^^^^^^^^^^^^^^^^^^^^^^^^^^^^^^^^^^^^
src/deriva_ml/dataset/dataset_bag.py:271: in list_dataset_members
    for k, v in nested_dataset.list_dataset_members(recurse=recurse).items():
                ^^^^^^^^^^^^^^^^^^^^^^^^^^^^^^^^^^^^^^^^^^^^^^^^^^^^
src/deriva_ml/dataset/dataset_bag.py:271: in list_dataset_members
    for k, v in nested_dataset.list_dataset_members(recurse=recurse).items():
                ^^^^^^^^^^^^^^^^^^^^^^^^^^^^^^^^^^^^^^^^^^^^^^^^^^^^
src/deriva_ml/dataset/dataset_bag.py:271: in list_dataset_members
    for k, v in nested_dataset.list_dataset_members(recurse=recurse).items():
                ^^^^^^^^^^^^^^^^^^^^^^^^^^^^^^^^^^^^^^^^^^^^^^^^^^^^
src/deriva_ml/dataset/dataset_bag.py:271: in list_dataset_members
    for k, v in nested_dataset.list_dataset_members(recurse=recurse).items():
                ^^^^^^^^^^^^^^^^^^^^^^^^^^^^^^^^^^^^^^^^^^^^^^^^^^^^
src/deriva_ml/dataset/dataset_bag.py:271: in list_dataset_members
    for k, v in nested_dataset.list_dataset_members(recurse=recurse).items():
                ^^^^^^^^^^^^^^^^^^^^^^^^^^^^^^^^^^^^^^^^^^^^^^^^^^^^
src/deriva_ml/dataset/dataset_bag.py:271: in list_dataset_members
    for k, v in nested_dataset.list_dataset_members(recurse=recurse).items():
                ^^^^^^^^^^^^^^^^^^^^^^^^^^^^^^^^^^^^^^^^^^^^^^^^^^^^
src/deriva_ml/dataset/dataset_bag.py:271: in list_dataset_members
    for k, v in nested_dataset.list_dataset_members(recurse=recurse).items():
                ^^^^^^^^^^^^^^^^^^^^^^^^^^^^^^^^^^^^^^^^^^^^^^^^^^^^
src/deriva_ml/dataset/dataset_bag.py:271: in list_dataset_members
    for k, v in nested_dataset.list_dataset_members(recurse=recurse).items():
                ^^^^^^^^^^^^^^^^^^^^^^^^^^^^^^^^^^^^^^^^^^^^^^^^^^^^
src/deriva_ml/dataset/dataset_bag.py:271: in list_dataset_members
    for k, v in nested_dataset.list_dataset_members(recurse=recurse).items():
                ^^^^^^^^^^^^^^^^^^^^^^^^^^^^^^^^^^^^^^^^^^^^^^^^^^^^
src/deriva_ml/dataset/dataset_bag.py:271: in list_dataset_members
    for k, v in nested_dataset.list_dataset_members(recurse=recurse).items():
                ^^^^^^^^^^^^^^^^^^^^^^^^^^^^^^^^^^^^^^^^^^^^^^^^^^^^
src/deriva_ml/dataset/dataset_bag.py:271: in list_dataset_members
    for k, v in nested_dataset.list_dataset_members(recurse=recurse).items():
                ^^^^^^^^^^^^^^^^^^^^^^^^^^^^^^^^^^^^^^^^^^^^^^^^^^^^
src/deriva_ml/dataset/dataset_bag.py:271: in list_dataset_members
    for k, v in nested_dataset.list_dataset_members(recurse=recurse).items():
                ^^^^^^^^^^^^^^^^^^^^^^^^^^^^^^^^^^^^^^^^^^^^^^^^^^^^
src/deriva_ml/dataset/dataset_bag.py:271: in list_dataset_members
    for k, v in nested_dataset.list_dataset_members(recurse=recurse).items():
                ^^^^^^^^^^^^^^^^^^^^^^^^^^^^^^^^^^^^^^^^^^^^^^^^^^^^
src/deriva_ml/dataset/dataset_bag.py:271: in list_dataset_members
    for k, v in nested_dataset.list_dataset_members(recurse=recurse).items():
                ^^^^^^^^^^^^^^^^^^^^^^^^^^^^^^^^^^^^^^^^^^^^^^^^^^^^
src/deriva_ml/dataset/dataset_bag.py:271: in list_dataset_members
    for k, v in nested_dataset.list_dataset_members(recurse=recurse).items():
                ^^^^^^^^^^^^^^^^^^^^^^^^^^^^^^^^^^^^^^^^^^^^^^^^^^^^
src/deriva_ml/dataset/dataset_bag.py:271: in list_dataset_members
    for k, v in nested_dataset.list_dataset_members(recurse=recurse).items():
                ^^^^^^^^^^^^^^^^^^^^^^^^^^^^^^^^^^^^^^^^^^^^^^^^^^^^
src/deriva_ml/dataset/dataset_bag.py:271: in list_dataset_members
    for k, v in nested_dataset.list_dataset_members(recurse=recurse).items():
                ^^^^^^^^^^^^^^^^^^^^^^^^^^^^^^^^^^^^^^^^^^^^^^^^^^^^
src/deriva_ml/dataset/dataset_bag.py:271: in list_dataset_members
    for k, v in nested_dataset.list_dataset_members(recurse=recurse).items():
                ^^^^^^^^^^^^^^^^^^^^^^^^^^^^^^^^^^^^^^^^^^^^^^^^^^^^
src/deriva_ml/dataset/dataset_bag.py:271: in list_dataset_members
    for k, v in nested_dataset.list_dataset_members(recurse=recurse).items():
                ^^^^^^^^^^^^^^^^^^^^^^^^^^^^^^^^^^^^^^^^^^^^^^^^^^^^
src/deriva_ml/dataset/dataset_bag.py:271: in list_dataset_members
    for k, v in nested_dataset.list_dataset_members(recurse=recurse).items():
                ^^^^^^^^^^^^^^^^^^^^^^^^^^^^^^^^^^^^^^^^^^^^^^^^^^^^
src/deriva_ml/dataset/dataset_bag.py:271: in list_dataset_members
    for k, v in nested_dataset.list_dataset_members(recurse=recurse).items():
                ^^^^^^^^^^^^^^^^^^^^^^^^^^^^^^^^^^^^^^^^^^^^^^^^^^^^
src/deriva_ml/dataset/dataset_bag.py:271: in list_dataset_members
    for k, v in nested_dataset.list_dataset_members(recurse=recurse).items():
                ^^^^^^^^^^^^^^^^^^^^^^^^^^^^^^^^^^^^^^^^^^^^^^^^^^^^
src/deriva_ml/dataset/dataset_bag.py:271: in list_dataset_members
    for k, v in nested_dataset.list_dataset_members(recurse=recurse).items():
                ^^^^^^^^^^^^^^^^^^^^^^^^^^^^^^^^^^^^^^^^^^^^^^^^^^^^
src/deriva_ml/dataset/dataset_bag.py:271: in list_dataset_members
    for k, v in nested_dataset.list_dataset_members(recurse=recurse).items():
                ^^^^^^^^^^^^^^^^^^^^^^^^^^^^^^^^^^^^^^^^^^^^^^^^^^^^
src/deriva_ml/dataset/dataset_bag.py:271: in list_dataset_members
    for k, v in nested_dataset.list_dataset_members(recurse=recurse).items():
                ^^^^^^^^^^^^^^^^^^^^^^^^^^^^^^^^^^^^^^^^^^^^^^^^^^^^
src/deriva_ml/dataset/dataset_bag.py:271: in list_dataset_members
    for k, v in nested_dataset.list_dataset_members(recurse=recurse).items():
                ^^^^^^^^^^^^^^^^^^^^^^^^^^^^^^^^^^^^^^^^^^^^^^^^^^^^
src/deriva_ml/dataset/dataset_bag.py:271: in list_dataset_members
    for k, v in nested_dataset.list_dataset_members(recurse=recurse).items():
                ^^^^^^^^^^^^^^^^^^^^^^^^^^^^^^^^^^^^^^^^^^^^^^^^^^^^
src/deriva_ml/dataset/dataset_bag.py:271: in list_dataset_members
    for k, v in nested_dataset.list_dataset_members(recurse=recurse).items():
                ^^^^^^^^^^^^^^^^^^^^^^^^^^^^^^^^^^^^^^^^^^^^^^^^^^^^
src/deriva_ml/dataset/dataset_bag.py:271: in list_dataset_members
    for k, v in nested_dataset.list_dataset_members(recurse=recurse).items():
                ^^^^^^^^^^^^^^^^^^^^^^^^^^^^^^^^^^^^^^^^^^^^^^^^^^^^
src/deriva_ml/dataset/dataset_bag.py:271: in list_dataset_members
    for k, v in nested_dataset.list_dataset_members(recurse=recurse).items():
                ^^^^^^^^^^^^^^^^^^^^^^^^^^^^^^^^^^^^^^^^^^^^^^^^^^^^
src/deriva_ml/dataset/dataset_bag.py:271: in list_dataset_members
    for k, v in nested_dataset.list_dataset_members(recurse=recurse).items():
                ^^^^^^^^^^^^^^^^^^^^^^^^^^^^^^^^^^^^^^^^^^^^^^^^^^^^
src/deriva_ml/dataset/dataset_bag.py:271: in list_dataset_members
    for k, v in nested_dataset.list_dataset_members(recurse=recurse).items():
                ^^^^^^^^^^^^^^^^^^^^^^^^^^^^^^^^^^^^^^^^^^^^^^^^^^^^
src/deriva_ml/dataset/dataset_bag.py:271: in list_dataset_members
    for k, v in nested_dataset.list_dataset_members(recurse=recurse).items():
                ^^^^^^^^^^^^^^^^^^^^^^^^^^^^^^^^^^^^^^^^^^^^^^^^^^^^
src/deriva_ml/dataset/dataset_bag.py:271: in list_dataset_members
    for k, v in nested_dataset.list_dataset_members(recurse=recurse).items():
                ^^^^^^^^^^^^^^^^^^^^^^^^^^^^^^^^^^^^^^^^^^^^^^^^^^^^
src/deriva_ml/dataset/dataset_bag.py:271: in list_dataset_members
    for k, v in nested_dataset.list_dataset_members(recurse=recurse).items():
                ^^^^^^^^^^^^^^^^^^^^^^^^^^^^^^^^^^^^^^^^^^^^^^^^^^^^
src/deriva_ml/dataset/dataset_bag.py:271: in list_dataset_members
    for k, v in nested_dataset.list_dataset_members(recurse=recurse).items():
                ^^^^^^^^^^^^^^^^^^^^^^^^^^^^^^^^^^^^^^^^^^^^^^^^^^^^
src/deriva_ml/dataset/dataset_bag.py:271: in list_dataset_members
    for k, v in nested_dataset.list_dataset_members(recurse=recurse).items():
                ^^^^^^^^^^^^^^^^^^^^^^^^^^^^^^^^^^^^^^^^^^^^^^^^^^^^
src/deriva_ml/dataset/dataset_bag.py:271: in list_dataset_members
    for k, v in nested_dataset.list_dataset_members(recurse=recurse).items():
                ^^^^^^^^^^^^^^^^^^^^^^^^^^^^^^^^^^^^^^^^^^^^^^^^^^^^
src/deriva_ml/dataset/dataset_bag.py:271: in list_dataset_members
    for k, v in nested_dataset.list_dataset_members(recurse=recurse).items():
                ^^^^^^^^^^^^^^^^^^^^^^^^^^^^^^^^^^^^^^^^^^^^^^^^^^^^
src/deriva_ml/dataset/dataset_bag.py:271: in list_dataset_members
    for k, v in nested_dataset.list_dataset_members(recurse=recurse).items():
                ^^^^^^^^^^^^^^^^^^^^^^^^^^^^^^^^^^^^^^^^^^^^^^^^^^^^
src/deriva_ml/dataset/dataset_bag.py:271: in list_dataset_members
    for k, v in nested_dataset.list_dataset_members(recurse=recurse).items():
                ^^^^^^^^^^^^^^^^^^^^^^^^^^^^^^^^^^^^^^^^^^^^^^^^^^^^
src/deriva_ml/dataset/dataset_bag.py:271: in list_dataset_members
    for k, v in nested_dataset.list_dataset_members(recurse=recurse).items():
                ^^^^^^^^^^^^^^^^^^^^^^^^^^^^^^^^^^^^^^^^^^^^^^^^^^^^
src/deriva_ml/dataset/dataset_bag.py:271: in list_dataset_members
    for k, v in nested_dataset.list_dataset_members(recurse=recurse).items():
                ^^^^^^^^^^^^^^^^^^^^^^^^^^^^^^^^^^^^^^^^^^^^^^^^^^^^
src/deriva_ml/dataset/dataset_bag.py:271: in list_dataset_members
    for k, v in nested_dataset.list_dataset_members(recurse=recurse).items():
                ^^^^^^^^^^^^^^^^^^^^^^^^^^^^^^^^^^^^^^^^^^^^^^^^^^^^
src/deriva_ml/dataset/dataset_bag.py:271: in list_dataset_members
    for k, v in nested_dataset.list_dataset_members(recurse=recurse).items():
                ^^^^^^^^^^^^^^^^^^^^^^^^^^^^^^^^^^^^^^^^^^^^^^^^^^^^
src/deriva_ml/dataset/dataset_bag.py:271: in list_dataset_members
    for k, v in nested_dataset.list_dataset_members(recurse=recurse).items():
                ^^^^^^^^^^^^^^^^^^^^^^^^^^^^^^^^^^^^^^^^^^^^^^^^^^^^
src/deriva_ml/dataset/dataset_bag.py:271: in list_dataset_members
    for k, v in nested_dataset.list_dataset_members(recurse=recurse).items():
                ^^^^^^^^^^^^^^^^^^^^^^^^^^^^^^^^^^^^^^^^^^^^^^^^^^^^
src/deriva_ml/dataset/dataset_bag.py:271: in list_dataset_members
    for k, v in nested_dataset.list_dataset_members(recurse=recurse).items():
                ^^^^^^^^^^^^^^^^^^^^^^^^^^^^^^^^^^^^^^^^^^^^^^^^^^^^
src/deriva_ml/dataset/dataset_bag.py:271: in list_dataset_members
    for k, v in nested_dataset.list_dataset_members(recurse=recurse).items():
                ^^^^^^^^^^^^^^^^^^^^^^^^^^^^^^^^^^^^^^^^^^^^^^^^^^^^
src/deriva_ml/dataset/dataset_bag.py:271: in list_dataset_members
    for k, v in nested_dataset.list_dataset_members(recurse=recurse).items():
                ^^^^^^^^^^^^^^^^^^^^^^^^^^^^^^^^^^^^^^^^^^^^^^^^^^^^
src/deriva_ml/dataset/dataset_bag.py:271: in list_dataset_members
    for k, v in nested_dataset.list_dataset_members(recurse=recurse).items():
                ^^^^^^^^^^^^^^^^^^^^^^^^^^^^^^^^^^^^^^^^^^^^^^^^^^^^
src/deriva_ml/dataset/dataset_bag.py:271: in list_dataset_members
    for k, v in nested_dataset.list_dataset_members(recurse=recurse).items():
                ^^^^^^^^^^^^^^^^^^^^^^^^^^^^^^^^^^^^^^^^^^^^^^^^^^^^
src/deriva_ml/dataset/dataset_bag.py:271: in list_dataset_members
    for k, v in nested_dataset.list_dataset_members(recurse=recurse).items():
                ^^^^^^^^^^^^^^^^^^^^^^^^^^^^^^^^^^^^^^^^^^^^^^^^^^^^
src/deriva_ml/dataset/dataset_bag.py:271: in list_dataset_members
    for k, v in nested_dataset.list_dataset_members(recurse=recurse).items():
                ^^^^^^^^^^^^^^^^^^^^^^^^^^^^^^^^^^^^^^^^^^^^^^^^^^^^
src/deriva_ml/dataset/dataset_bag.py:271: in list_dataset_members
    for k, v in nested_dataset.list_dataset_members(recurse=recurse).items():
                ^^^^^^^^^^^^^^^^^^^^^^^^^^^^^^^^^^^^^^^^^^^^^^^^^^^^
src/deriva_ml/dataset/dataset_bag.py:271: in list_dataset_members
    for k, v in nested_dataset.list_dataset_members(recurse=recurse).items():
                ^^^^^^^^^^^^^^^^^^^^^^^^^^^^^^^^^^^^^^^^^^^^^^^^^^^^
src/deriva_ml/dataset/dataset_bag.py:271: in list_dataset_members
    for k, v in nested_dataset.list_dataset_members(recurse=recurse).items():
                ^^^^^^^^^^^^^^^^^^^^^^^^^^^^^^^^^^^^^^^^^^^^^^^^^^^^
src/deriva_ml/dataset/dataset_bag.py:271: in list_dataset_members
    for k, v in nested_dataset.list_dataset_members(recurse=recurse).items():
                ^^^^^^^^^^^^^^^^^^^^^^^^^^^^^^^^^^^^^^^^^^^^^^^^^^^^
src/deriva_ml/dataset/dataset_bag.py:271: in list_dataset_members
    for k, v in nested_dataset.list_dataset_members(recurse=recurse).items():
                ^^^^^^^^^^^^^^^^^^^^^^^^^^^^^^^^^^^^^^^^^^^^^^^^^^^^
src/deriva_ml/dataset/dataset_bag.py:271: in list_dataset_members
    for k, v in nested_dataset.list_dataset_members(recurse=recurse).items():
                ^^^^^^^^^^^^^^^^^^^^^^^^^^^^^^^^^^^^^^^^^^^^^^^^^^^^
src/deriva_ml/dataset/dataset_bag.py:271: in list_dataset_members
    for k, v in nested_dataset.list_dataset_members(recurse=recurse).items():
                ^^^^^^^^^^^^^^^^^^^^^^^^^^^^^^^^^^^^^^^^^^^^^^^^^^^^
src/deriva_ml/dataset/dataset_bag.py:271: in list_dataset_members
    for k, v in nested_dataset.list_dataset_members(recurse=recurse).items():
                ^^^^^^^^^^^^^^^^^^^^^^^^^^^^^^^^^^^^^^^^^^^^^^^^^^^^
src/deriva_ml/dataset/dataset_bag.py:271: in list_dataset_members
    for k, v in nested_dataset.list_dataset_members(recurse=recurse).items():
                ^^^^^^^^^^^^^^^^^^^^^^^^^^^^^^^^^^^^^^^^^^^^^^^^^^^^
src/deriva_ml/dataset/dataset_bag.py:271: in list_dataset_members
    for k, v in nested_dataset.list_dataset_members(recurse=recurse).items():
                ^^^^^^^^^^^^^^^^^^^^^^^^^^^^^^^^^^^^^^^^^^^^^^^^^^^^
src/deriva_ml/dataset/dataset_bag.py:271: in list_dataset_members
    for k, v in nested_dataset.list_dataset_members(recurse=recurse).items():
                ^^^^^^^^^^^^^^^^^^^^^^^^^^^^^^^^^^^^^^^^^^^^^^^^^^^^
src/deriva_ml/dataset/dataset_bag.py:271: in list_dataset_members
    for k, v in nested_dataset.list_dataset_members(recurse=recurse).items():
                ^^^^^^^^^^^^^^^^^^^^^^^^^^^^^^^^^^^^^^^^^^^^^^^^^^^^
src/deriva_ml/dataset/dataset_bag.py:271: in list_dataset_members
    for k, v in nested_dataset.list_dataset_members(recurse=recurse).items():
                ^^^^^^^^^^^^^^^^^^^^^^^^^^^^^^^^^^^^^^^^^^^^^^^^^^^^
src/deriva_ml/dataset/dataset_bag.py:271: in list_dataset_members
    for k, v in nested_dataset.list_dataset_members(recurse=recurse).items():
                ^^^^^^^^^^^^^^^^^^^^^^^^^^^^^^^^^^^^^^^^^^^^^^^^^^^^
src/deriva_ml/dataset/dataset_bag.py:271: in list_dataset_members
    for k, v in nested_dataset.list_dataset_members(recurse=recurse).items():
                ^^^^^^^^^^^^^^^^^^^^^^^^^^^^^^^^^^^^^^^^^^^^^^^^^^^^
src/deriva_ml/dataset/dataset_bag.py:271: in list_dataset_members
    for k, v in nested_dataset.list_dataset_members(recurse=recurse).items():
                ^^^^^^^^^^^^^^^^^^^^^^^^^^^^^^^^^^^^^^^^^^^^^^^^^^^^
src/deriva_ml/dataset/dataset_bag.py:271: in list_dataset_members
    for k, v in nested_dataset.list_dataset_members(recurse=recurse).items():
                ^^^^^^^^^^^^^^^^^^^^^^^^^^^^^^^^^^^^^^^^^^^^^^^^^^^^
src/deriva_ml/dataset/dataset_bag.py:271: in list_dataset_members
    for k, v in nested_dataset.list_dataset_members(recurse=recurse).items():
                ^^^^^^^^^^^^^^^^^^^^^^^^^^^^^^^^^^^^^^^^^^^^^^^^^^^^
src/deriva_ml/dataset/dataset_bag.py:271: in list_dataset_members
    for k, v in nested_dataset.list_dataset_members(recurse=recurse).items():
                ^^^^^^^^^^^^^^^^^^^^^^^^^^^^^^^^^^^^^^^^^^^^^^^^^^^^
src/deriva_ml/dataset/dataset_bag.py:271: in list_dataset_members
    for k, v in nested_dataset.list_dataset_members(recurse=recurse).items():
                ^^^^^^^^^^^^^^^^^^^^^^^^^^^^^^^^^^^^^^^^^^^^^^^^^^^^
src/deriva_ml/dataset/dataset_bag.py:271: in list_dataset_members
    for k, v in nested_dataset.list_dataset_members(recurse=recurse).items():
                ^^^^^^^^^^^^^^^^^^^^^^^^^^^^^^^^^^^^^^^^^^^^^^^^^^^^
src/deriva_ml/dataset/dataset_bag.py:271: in list_dataset_members
    for k, v in nested_dataset.list_dataset_members(recurse=recurse).items():
                ^^^^^^^^^^^^^^^^^^^^^^^^^^^^^^^^^^^^^^^^^^^^^^^^^^^^
src/deriva_ml/dataset/dataset_bag.py:271: in list_dataset_members
    for k, v in nested_dataset.list_dataset_members(recurse=recurse).items():
                ^^^^^^^^^^^^^^^^^^^^^^^^^^^^^^^^^^^^^^^^^^^^^^^^^^^^
src/deriva_ml/dataset/dataset_bag.py:271: in list_dataset_members
    for k, v in nested_dataset.list_dataset_members(recurse=recurse).items():
                ^^^^^^^^^^^^^^^^^^^^^^^^^^^^^^^^^^^^^^^^^^^^^^^^^^^^
src/deriva_ml/dataset/dataset_bag.py:271: in list_dataset_members
    for k, v in nested_dataset.list_dataset_members(recurse=recurse).items():
                ^^^^^^^^^^^^^^^^^^^^^^^^^^^^^^^^^^^^^^^^^^^^^^^^^^^^
src/deriva_ml/dataset/dataset_bag.py:271: in list_dataset_members
    for k, v in nested_dataset.list_dataset_members(recurse=recurse).items():
                ^^^^^^^^^^^^^^^^^^^^^^^^^^^^^^^^^^^^^^^^^^^^^^^^^^^^
src/deriva_ml/dataset/dataset_bag.py:271: in list_dataset_members
    for k, v in nested_dataset.list_dataset_members(recurse=recurse).items():
                ^^^^^^^^^^^^^^^^^^^^^^^^^^^^^^^^^^^^^^^^^^^^^^^^^^^^
src/deriva_ml/dataset/dataset_bag.py:271: in list_dataset_members
    for k, v in nested_dataset.list_dataset_members(recurse=recurse).items():
                ^^^^^^^^^^^^^^^^^^^^^^^^^^^^^^^^^^^^^^^^^^^^^^^^^^^^
src/deriva_ml/dataset/dataset_bag.py:271: in list_dataset_members
    for k, v in nested_dataset.list_dataset_members(recurse=recurse).items():
                ^^^^^^^^^^^^^^^^^^^^^^^^^^^^^^^^^^^^^^^^^^^^^^^^^^^^
src/deriva_ml/dataset/dataset_bag.py:271: in list_dataset_members
    for k, v in nested_dataset.list_dataset_members(recurse=recurse).items():
                ^^^^^^^^^^^^^^^^^^^^^^^^^^^^^^^^^^^^^^^^^^^^^^^^^^^^
src/deriva_ml/dataset/dataset_bag.py:271: in list_dataset_members
    for k, v in nested_dataset.list_dataset_members(recurse=recurse).items():
                ^^^^^^^^^^^^^^^^^^^^^^^^^^^^^^^^^^^^^^^^^^^^^^^^^^^^
src/deriva_ml/dataset/dataset_bag.py:271: in list_dataset_members
    for k, v in nested_dataset.list_dataset_members(recurse=recurse).items():
                ^^^^^^^^^^^^^^^^^^^^^^^^^^^^^^^^^^^^^^^^^^^^^^^^^^^^
src/deriva_ml/dataset/dataset_bag.py:271: in list_dataset_members
    for k, v in nested_dataset.list_dataset_members(recurse=recurse).items():
                ^^^^^^^^^^^^^^^^^^^^^^^^^^^^^^^^^^^^^^^^^^^^^^^^^^^^
src/deriva_ml/dataset/dataset_bag.py:271: in list_dataset_members
    for k, v in nested_dataset.list_dataset_members(recurse=recurse).items():
                ^^^^^^^^^^^^^^^^^^^^^^^^^^^^^^^^^^^^^^^^^^^^^^^^^^^^
src/deriva_ml/dataset/dataset_bag.py:271: in list_dataset_members
    for k, v in nested_dataset.list_dataset_members(recurse=recurse).items():
                ^^^^^^^^^^^^^^^^^^^^^^^^^^^^^^^^^^^^^^^^^^^^^^^^^^^^
src/deriva_ml/dataset/dataset_bag.py:271: in list_dataset_members
    for k, v in nested_dataset.list_dataset_members(recurse=recurse).items():
                ^^^^^^^^^^^^^^^^^^^^^^^^^^^^^^^^^^^^^^^^^^^^^^^^^^^^
src/deriva_ml/dataset/dataset_bag.py:271: in list_dataset_members
    for k, v in nested_dataset.list_dataset_members(recurse=recurse).items():
                ^^^^^^^^^^^^^^^^^^^^^^^^^^^^^^^^^^^^^^^^^^^^^^^^^^^^
src/deriva_ml/dataset/dataset_bag.py:271: in list_dataset_members
    for k, v in nested_dataset.list_dataset_members(recurse=recurse).items():
                ^^^^^^^^^^^^^^^^^^^^^^^^^^^^^^^^^^^^^^^^^^^^^^^^^^^^
src/deriva_ml/dataset/dataset_bag.py:271: in list_dataset_members
    for k, v in nested_dataset.list_dataset_members(recurse=recurse).items():
                ^^^^^^^^^^^^^^^^^^^^^^^^^^^^^^^^^^^^^^^^^^^^^^^^^^^^
src/deriva_ml/dataset/dataset_bag.py:271: in list_dataset_members
    for k, v in nested_dataset.list_dataset_members(recurse=recurse).items():
                ^^^^^^^^^^^^^^^^^^^^^^^^^^^^^^^^^^^^^^^^^^^^^^^^^^^^
src/deriva_ml/dataset/dataset_bag.py:271: in list_dataset_members
    for k, v in nested_dataset.list_dataset_members(recurse=recurse).items():
                ^^^^^^^^^^^^^^^^^^^^^^^^^^^^^^^^^^^^^^^^^^^^^^^^^^^^
src/deriva_ml/dataset/dataset_bag.py:271: in list_dataset_members
    for k, v in nested_dataset.list_dataset_members(recurse=recurse).items():
                ^^^^^^^^^^^^^^^^^^^^^^^^^^^^^^^^^^^^^^^^^^^^^^^^^^^^
src/deriva_ml/dataset/dataset_bag.py:271: in list_dataset_members
    for k, v in nested_dataset.list_dataset_members(recurse=recurse).items():
                ^^^^^^^^^^^^^^^^^^^^^^^^^^^^^^^^^^^^^^^^^^^^^^^^^^^^
src/deriva_ml/dataset/dataset_bag.py:271: in list_dataset_members
    for k, v in nested_dataset.list_dataset_members(recurse=recurse).items():
                ^^^^^^^^^^^^^^^^^^^^^^^^^^^^^^^^^^^^^^^^^^^^^^^^^^^^
src/deriva_ml/dataset/dataset_bag.py:271: in list_dataset_members
    for k, v in nested_dataset.list_dataset_members(recurse=recurse).items():
                ^^^^^^^^^^^^^^^^^^^^^^^^^^^^^^^^^^^^^^^^^^^^^^^^^^^^
src/deriva_ml/dataset/dataset_bag.py:271: in list_dataset_members
    for k, v in nested_dataset.list_dataset_members(recurse=recurse).items():
                ^^^^^^^^^^^^^^^^^^^^^^^^^^^^^^^^^^^^^^^^^^^^^^^^^^^^
src/deriva_ml/dataset/dataset_bag.py:271: in list_dataset_members
    for k, v in nested_dataset.list_dataset_members(recurse=recurse).items():
                ^^^^^^^^^^^^^^^^^^^^^^^^^^^^^^^^^^^^^^^^^^^^^^^^^^^^
src/deriva_ml/dataset/dataset_bag.py:271: in list_dataset_members
    for k, v in nested_dataset.list_dataset_members(recurse=recurse).items():
                ^^^^^^^^^^^^^^^^^^^^^^^^^^^^^^^^^^^^^^^^^^^^^^^^^^^^
src/deriva_ml/dataset/dataset_bag.py:271: in list_dataset_members
    for k, v in nested_dataset.list_dataset_members(recurse=recurse).items():
                ^^^^^^^^^^^^^^^^^^^^^^^^^^^^^^^^^^^^^^^^^^^^^^^^^^^^
src/deriva_ml/dataset/dataset_bag.py:271: in list_dataset_members
    for k, v in nested_dataset.list_dataset_members(recurse=recurse).items():
                ^^^^^^^^^^^^^^^^^^^^^^^^^^^^^^^^^^^^^^^^^^^^^^^^^^^^
src/deriva_ml/dataset/dataset_bag.py:271: in list_dataset_members
    for k, v in nested_dataset.list_dataset_members(recurse=recurse).items():
                ^^^^^^^^^^^^^^^^^^^^^^^^^^^^^^^^^^^^^^^^^^^^^^^^^^^^
src/deriva_ml/dataset/dataset_bag.py:271: in list_dataset_members
    for k, v in nested_dataset.list_dataset_members(recurse=recurse).items():
                ^^^^^^^^^^^^^^^^^^^^^^^^^^^^^^^^^^^^^^^^^^^^^^^^^^^^
src/deriva_ml/dataset/dataset_bag.py:271: in list_dataset_members
    for k, v in nested_dataset.list_dataset_members(recurse=recurse).items():
                ^^^^^^^^^^^^^^^^^^^^^^^^^^^^^^^^^^^^^^^^^^^^^^^^^^^^
src/deriva_ml/dataset/dataset_bag.py:271: in list_dataset_members
    for k, v in nested_dataset.list_dataset_members(recurse=recurse).items():
                ^^^^^^^^^^^^^^^^^^^^^^^^^^^^^^^^^^^^^^^^^^^^^^^^^^^^
src/deriva_ml/dataset/dataset_bag.py:271: in list_dataset_members
    for k, v in nested_dataset.list_dataset_members(recurse=recurse).items():
                ^^^^^^^^^^^^^^^^^^^^^^^^^^^^^^^^^^^^^^^^^^^^^^^^^^^^
src/deriva_ml/dataset/dataset_bag.py:271: in list_dataset_members
    for k, v in nested_dataset.list_dataset_members(recurse=recurse).items():
                ^^^^^^^^^^^^^^^^^^^^^^^^^^^^^^^^^^^^^^^^^^^^^^^^^^^^
src/deriva_ml/dataset/dataset_bag.py:271: in list_dataset_members
    for k, v in nested_dataset.list_dataset_members(recurse=recurse).items():
                ^^^^^^^^^^^^^^^^^^^^^^^^^^^^^^^^^^^^^^^^^^^^^^^^^^^^
src/deriva_ml/dataset/dataset_bag.py:271: in list_dataset_members
    for k, v in nested_dataset.list_dataset_members(recurse=recurse).items():
                ^^^^^^^^^^^^^^^^^^^^^^^^^^^^^^^^^^^^^^^^^^^^^^^^^^^^
src/deriva_ml/dataset/dataset_bag.py:271: in list_dataset_members
    for k, v in nested_dataset.list_dataset_members(recurse=recurse).items():
                ^^^^^^^^^^^^^^^^^^^^^^^^^^^^^^^^^^^^^^^^^^^^^^^^^^^^
src/deriva_ml/dataset/dataset_bag.py:271: in list_dataset_members
    for k, v in nested_dataset.list_dataset_members(recurse=recurse).items():
                ^^^^^^^^^^^^^^^^^^^^^^^^^^^^^^^^^^^^^^^^^^^^^^^^^^^^
src/deriva_ml/dataset/dataset_bag.py:271: in list_dataset_members
    for k, v in nested_dataset.list_dataset_members(recurse=recurse).items():
                ^^^^^^^^^^^^^^^^^^^^^^^^^^^^^^^^^^^^^^^^^^^^^^^^^^^^
src/deriva_ml/dataset/dataset_bag.py:271: in list_dataset_members
    for k, v in nested_dataset.list_dataset_members(recurse=recurse).items():
                ^^^^^^^^^^^^^^^^^^^^^^^^^^^^^^^^^^^^^^^^^^^^^^^^^^^^
src/deriva_ml/dataset/dataset_bag.py:271: in list_dataset_members
    for k, v in nested_dataset.list_dataset_members(recurse=recurse).items():
                ^^^^^^^^^^^^^^^^^^^^^^^^^^^^^^^^^^^^^^^^^^^^^^^^^^^^
src/deriva_ml/dataset/dataset_bag.py:271: in list_dataset_members
    for k, v in nested_dataset.list_dataset_members(recurse=recurse).items():
                ^^^^^^^^^^^^^^^^^^^^^^^^^^^^^^^^^^^^^^^^^^^^^^^^^^^^
src/deriva_ml/dataset/dataset_bag.py:271: in list_dataset_members
    for k, v in nested_dataset.list_dataset_members(recurse=recurse).items():
                ^^^^^^^^^^^^^^^^^^^^^^^^^^^^^^^^^^^^^^^^^^^^^^^^^^^^
src/deriva_ml/dataset/dataset_bag.py:271: in list_dataset_members
    for k, v in nested_dataset.list_dataset_members(recurse=recurse).items():
                ^^^^^^^^^^^^^^^^^^^^^^^^^^^^^^^^^^^^^^^^^^^^^^^^^^^^
src/deriva_ml/dataset/dataset_bag.py:271: in list_dataset_members
    for k, v in nested_dataset.list_dataset_members(recurse=recurse).items():
                ^^^^^^^^^^^^^^^^^^^^^^^^^^^^^^^^^^^^^^^^^^^^^^^^^^^^
src/deriva_ml/dataset/dataset_bag.py:271: in list_dataset_members
    for k, v in nested_dataset.list_dataset_members(recurse=recurse).items():
                ^^^^^^^^^^^^^^^^^^^^^^^^^^^^^^^^^^^^^^^^^^^^^^^^^^^^
src/deriva_ml/dataset/dataset_bag.py:271: in list_dataset_members
    for k, v in nested_dataset.list_dataset_members(recurse=recurse).items():
                ^^^^^^^^^^^^^^^^^^^^^^^^^^^^^^^^^^^^^^^^^^^^^^^^^^^^
src/deriva_ml/dataset/dataset_bag.py:271: in list_dataset_members
    for k, v in nested_dataset.list_dataset_members(recurse=recurse).items():
                ^^^^^^^^^^^^^^^^^^^^^^^^^^^^^^^^^^^^^^^^^^^^^^^^^^^^
src/deriva_ml/dataset/dataset_bag.py:271: in list_dataset_members
    for k, v in nested_dataset.list_dataset_members(recurse=recurse).items():
                ^^^^^^^^^^^^^^^^^^^^^^^^^^^^^^^^^^^^^^^^^^^^^^^^^^^^
src/deriva_ml/dataset/dataset_bag.py:271: in list_dataset_members
    for k, v in nested_dataset.list_dataset_members(recurse=recurse).items():
                ^^^^^^^^^^^^^^^^^^^^^^^^^^^^^^^^^^^^^^^^^^^^^^^^^^^^
src/deriva_ml/dataset/dataset_bag.py:271: in list_dataset_members
    for k, v in nested_dataset.list_dataset_members(recurse=recurse).items():
                ^^^^^^^^^^^^^^^^^^^^^^^^^^^^^^^^^^^^^^^^^^^^^^^^^^^^
src/deriva_ml/dataset/dataset_bag.py:271: in list_dataset_members
    for k, v in nested_dataset.list_dataset_members(recurse=recurse).items():
                ^^^^^^^^^^^^^^^^^^^^^^^^^^^^^^^^^^^^^^^^^^^^^^^^^^^^
src/deriva_ml/dataset/dataset_bag.py:271: in list_dataset_members
    for k, v in nested_dataset.list_dataset_members(recurse=recurse).items():
                ^^^^^^^^^^^^^^^^^^^^^^^^^^^^^^^^^^^^^^^^^^^^^^^^^^^^
src/deriva_ml/dataset/dataset_bag.py:271: in list_dataset_members
    for k, v in nested_dataset.list_dataset_members(recurse=recurse).items():
                ^^^^^^^^^^^^^^^^^^^^^^^^^^^^^^^^^^^^^^^^^^^^^^^^^^^^
src/deriva_ml/dataset/dataset_bag.py:271: in list_dataset_members
    for k, v in nested_dataset.list_dataset_members(recurse=recurse).items():
                ^^^^^^^^^^^^^^^^^^^^^^^^^^^^^^^^^^^^^^^^^^^^^^^^^^^^
src/deriva_ml/dataset/dataset_bag.py:271: in list_dataset_members
    for k, v in nested_dataset.list_dataset_members(recurse=recurse).items():
                ^^^^^^^^^^^^^^^^^^^^^^^^^^^^^^^^^^^^^^^^^^^^^^^^^^^^
src/deriva_ml/dataset/dataset_bag.py:271: in list_dataset_members
    for k, v in nested_dataset.list_dataset_members(recurse=recurse).items():
                ^^^^^^^^^^^^^^^^^^^^^^^^^^^^^^^^^^^^^^^^^^^^^^^^^^^^
src/deriva_ml/dataset/dataset_bag.py:271: in list_dataset_members
    for k, v in nested_dataset.list_dataset_members(recurse=recurse).items():
                ^^^^^^^^^^^^^^^^^^^^^^^^^^^^^^^^^^^^^^^^^^^^^^^^^^^^
src/deriva_ml/dataset/dataset_bag.py:271: in list_dataset_members
    for k, v in nested_dataset.list_dataset_members(recurse=recurse).items():
                ^^^^^^^^^^^^^^^^^^^^^^^^^^^^^^^^^^^^^^^^^^^^^^^^^^^^
src/deriva_ml/dataset/dataset_bag.py:271: in list_dataset_members
    for k, v in nested_dataset.list_dataset_members(recurse=recurse).items():
                ^^^^^^^^^^^^^^^^^^^^^^^^^^^^^^^^^^^^^^^^^^^^^^^^^^^^
src/deriva_ml/dataset/dataset_bag.py:271: in list_dataset_members
    for k, v in nested_dataset.list_dataset_members(recurse=recurse).items():
                ^^^^^^^^^^^^^^^^^^^^^^^^^^^^^^^^^^^^^^^^^^^^^^^^^^^^
src/deriva_ml/dataset/dataset_bag.py:271: in list_dataset_members
    for k, v in nested_dataset.list_dataset_members(recurse=recurse).items():
                ^^^^^^^^^^^^^^^^^^^^^^^^^^^^^^^^^^^^^^^^^^^^^^^^^^^^
src/deriva_ml/dataset/dataset_bag.py:271: in list_dataset_members
    for k, v in nested_dataset.list_dataset_members(recurse=recurse).items():
                ^^^^^^^^^^^^^^^^^^^^^^^^^^^^^^^^^^^^^^^^^^^^^^^^^^^^
src/deriva_ml/dataset/dataset_bag.py:271: in list_dataset_members
    for k, v in nested_dataset.list_dataset_members(recurse=recurse).items():
                ^^^^^^^^^^^^^^^^^^^^^^^^^^^^^^^^^^^^^^^^^^^^^^^^^^^^
src/deriva_ml/dataset/dataset_bag.py:271: in list_dataset_members
    for k, v in nested_dataset.list_dataset_members(recurse=recurse).items():
                ^^^^^^^^^^^^^^^^^^^^^^^^^^^^^^^^^^^^^^^^^^^^^^^^^^^^
src/deriva_ml/dataset/dataset_bag.py:271: in list_dataset_members
    for k, v in nested_dataset.list_dataset_members(recurse=recurse).items():
                ^^^^^^^^^^^^^^^^^^^^^^^^^^^^^^^^^^^^^^^^^^^^^^^^^^^^
src/deriva_ml/dataset/dataset_bag.py:271: in list_dataset_members
    for k, v in nested_dataset.list_dataset_members(recurse=recurse).items():
                ^^^^^^^^^^^^^^^^^^^^^^^^^^^^^^^^^^^^^^^^^^^^^^^^^^^^
src/deriva_ml/dataset/dataset_bag.py:271: in list_dataset_members
    for k, v in nested_dataset.list_dataset_members(recurse=recurse).items():
                ^^^^^^^^^^^^^^^^^^^^^^^^^^^^^^^^^^^^^^^^^^^^^^^^^^^^
src/deriva_ml/dataset/dataset_bag.py:271: in list_dataset_members
    for k, v in nested_dataset.list_dataset_members(recurse=recurse).items():
                ^^^^^^^^^^^^^^^^^^^^^^^^^^^^^^^^^^^^^^^^^^^^^^^^^^^^
src/deriva_ml/dataset/dataset_bag.py:271: in list_dataset_members
    for k, v in nested_dataset.list_dataset_members(recurse=recurse).items():
                ^^^^^^^^^^^^^^^^^^^^^^^^^^^^^^^^^^^^^^^^^^^^^^^^^^^^
src/deriva_ml/dataset/dataset_bag.py:271: in list_dataset_members
    for k, v in nested_dataset.list_dataset_members(recurse=recurse).items():
                ^^^^^^^^^^^^^^^^^^^^^^^^^^^^^^^^^^^^^^^^^^^^^^^^^^^^
src/deriva_ml/dataset/dataset_bag.py:271: in list_dataset_members
    for k, v in nested_dataset.list_dataset_members(recurse=recurse).items():
                ^^^^^^^^^^^^^^^^^^^^^^^^^^^^^^^^^^^^^^^^^^^^^^^^^^^^
src/deriva_ml/dataset/dataset_bag.py:271: in list_dataset_members
    for k, v in nested_dataset.list_dataset_members(recurse=recurse).items():
                ^^^^^^^^^^^^^^^^^^^^^^^^^^^^^^^^^^^^^^^^^^^^^^^^^^^^
src/deriva_ml/dataset/dataset_bag.py:271: in list_dataset_members
    for k, v in nested_dataset.list_dataset_members(recurse=recurse).items():
                ^^^^^^^^^^^^^^^^^^^^^^^^^^^^^^^^^^^^^^^^^^^^^^^^^^^^
src/deriva_ml/dataset/dataset_bag.py:271: in list_dataset_members
    for k, v in nested_dataset.list_dataset_members(recurse=recurse).items():
                ^^^^^^^^^^^^^^^^^^^^^^^^^^^^^^^^^^^^^^^^^^^^^^^^^^^^
src/deriva_ml/dataset/dataset_bag.py:271: in list_dataset_members
    for k, v in nested_dataset.list_dataset_members(recurse=recurse).items():
                ^^^^^^^^^^^^^^^^^^^^^^^^^^^^^^^^^^^^^^^^^^^^^^^^^^^^
src/deriva_ml/dataset/dataset_bag.py:271: in list_dataset_members
    for k, v in nested_dataset.list_dataset_members(recurse=recurse).items():
                ^^^^^^^^^^^^^^^^^^^^^^^^^^^^^^^^^^^^^^^^^^^^^^^^^^^^
src/deriva_ml/dataset/dataset_bag.py:271: in list_dataset_members
    for k, v in nested_dataset.list_dataset_members(recurse=recurse).items():
                ^^^^^^^^^^^^^^^^^^^^^^^^^^^^^^^^^^^^^^^^^^^^^^^^^^^^
src/deriva_ml/dataset/dataset_bag.py:271: in list_dataset_members
    for k, v in nested_dataset.list_dataset_members(recurse=recurse).items():
                ^^^^^^^^^^^^^^^^^^^^^^^^^^^^^^^^^^^^^^^^^^^^^^^^^^^^
src/deriva_ml/dataset/dataset_bag.py:271: in list_dataset_members
    for k, v in nested_dataset.list_dataset_members(recurse=recurse).items():
                ^^^^^^^^^^^^^^^^^^^^^^^^^^^^^^^^^^^^^^^^^^^^^^^^^^^^
src/deriva_ml/dataset/dataset_bag.py:271: in list_dataset_members
    for k, v in nested_dataset.list_dataset_members(recurse=recurse).items():
                ^^^^^^^^^^^^^^^^^^^^^^^^^^^^^^^^^^^^^^^^^^^^^^^^^^^^
src/deriva_ml/dataset/dataset_bag.py:271: in list_dataset_members
    for k, v in nested_dataset.list_dataset_members(recurse=recurse).items():
                ^^^^^^^^^^^^^^^^^^^^^^^^^^^^^^^^^^^^^^^^^^^^^^^^^^^^
src/deriva_ml/dataset/dataset_bag.py:271: in list_dataset_members
    for k, v in nested_dataset.list_dataset_members(recurse=recurse).items():
                ^^^^^^^^^^^^^^^^^^^^^^^^^^^^^^^^^^^^^^^^^^^^^^^^^^^^
src/deriva_ml/dataset/dataset_bag.py:271: in list_dataset_members
    for k, v in nested_dataset.list_dataset_members(recurse=recurse).items():
                ^^^^^^^^^^^^^^^^^^^^^^^^^^^^^^^^^^^^^^^^^^^^^^^^^^^^
src/deriva_ml/dataset/dataset_bag.py:271: in list_dataset_members
    for k, v in nested_dataset.list_dataset_members(recurse=recurse).items():
                ^^^^^^^^^^^^^^^^^^^^^^^^^^^^^^^^^^^^^^^^^^^^^^^^^^^^
src/deriva_ml/dataset/dataset_bag.py:271: in list_dataset_members
    for k, v in nested_dataset.list_dataset_members(recurse=recurse).items():
                ^^^^^^^^^^^^^^^^^^^^^^^^^^^^^^^^^^^^^^^^^^^^^^^^^^^^
src/deriva_ml/dataset/dataset_bag.py:271: in list_dataset_members
    for k, v in nested_dataset.list_dataset_members(recurse=recurse).items():
                ^^^^^^^^^^^^^^^^^^^^^^^^^^^^^^^^^^^^^^^^^^^^^^^^^^^^
src/deriva_ml/dataset/dataset_bag.py:271: in list_dataset_members
    for k, v in nested_dataset.list_dataset_members(recurse=recurse).items():
                ^^^^^^^^^^^^^^^^^^^^^^^^^^^^^^^^^^^^^^^^^^^^^^^^^^^^
src/deriva_ml/dataset/dataset_bag.py:271: in list_dataset_members
    for k, v in nested_dataset.list_dataset_members(recurse=recurse).items():
                ^^^^^^^^^^^^^^^^^^^^^^^^^^^^^^^^^^^^^^^^^^^^^^^^^^^^
src/deriva_ml/dataset/dataset_bag.py:271: in list_dataset_members
    for k, v in nested_dataset.list_dataset_members(recurse=recurse).items():
                ^^^^^^^^^^^^^^^^^^^^^^^^^^^^^^^^^^^^^^^^^^^^^^^^^^^^
src/deriva_ml/dataset/dataset_bag.py:271: in list_dataset_members
    for k, v in nested_dataset.list_dataset_members(recurse=recurse).items():
                ^^^^^^^^^^^^^^^^^^^^^^^^^^^^^^^^^^^^^^^^^^^^^^^^^^^^
src/deriva_ml/dataset/dataset_bag.py:271: in list_dataset_members
    for k, v in nested_dataset.list_dataset_members(recurse=recurse).items():
                ^^^^^^^^^^^^^^^^^^^^^^^^^^^^^^^^^^^^^^^^^^^^^^^^^^^^
src/deriva_ml/dataset/dataset_bag.py:271: in list_dataset_members
    for k, v in nested_dataset.list_dataset_members(recurse=recurse).items():
                ^^^^^^^^^^^^^^^^^^^^^^^^^^^^^^^^^^^^^^^^^^^^^^^^^^^^
src/deriva_ml/dataset/dataset_bag.py:271: in list_dataset_members
    for k, v in nested_dataset.list_dataset_members(recurse=recurse).items():
                ^^^^^^^^^^^^^^^^^^^^^^^^^^^^^^^^^^^^^^^^^^^^^^^^^^^^
src/deriva_ml/dataset/dataset_bag.py:271: in list_dataset_members
    for k, v in nested_dataset.list_dataset_members(recurse=recurse).items():
                ^^^^^^^^^^^^^^^^^^^^^^^^^^^^^^^^^^^^^^^^^^^^^^^^^^^^
src/deriva_ml/dataset/dataset_bag.py:271: in list_dataset_members
    for k, v in nested_dataset.list_dataset_members(recurse=recurse).items():
                ^^^^^^^^^^^^^^^^^^^^^^^^^^^^^^^^^^^^^^^^^^^^^^^^^^^^
src/deriva_ml/dataset/dataset_bag.py:271: in list_dataset_members
    for k, v in nested_dataset.list_dataset_members(recurse=recurse).items():
                ^^^^^^^^^^^^^^^^^^^^^^^^^^^^^^^^^^^^^^^^^^^^^^^^^^^^
src/deriva_ml/dataset/dataset_bag.py:271: in list_dataset_members
    for k, v in nested_dataset.list_dataset_members(recurse=recurse).items():
                ^^^^^^^^^^^^^^^^^^^^^^^^^^^^^^^^^^^^^^^^^^^^^^^^^^^^
src/deriva_ml/dataset/dataset_bag.py:271: in list_dataset_members
    for k, v in nested_dataset.list_dataset_members(recurse=recurse).items():
                ^^^^^^^^^^^^^^^^^^^^^^^^^^^^^^^^^^^^^^^^^^^^^^^^^^^^
src/deriva_ml/dataset/dataset_bag.py:271: in list_dataset_members
    for k, v in nested_dataset.list_dataset_members(recurse=recurse).items():
                ^^^^^^^^^^^^^^^^^^^^^^^^^^^^^^^^^^^^^^^^^^^^^^^^^^^^
src/deriva_ml/dataset/dataset_bag.py:271: in list_dataset_members
    for k, v in nested_dataset.list_dataset_members(recurse=recurse).items():
                ^^^^^^^^^^^^^^^^^^^^^^^^^^^^^^^^^^^^^^^^^^^^^^^^^^^^
src/deriva_ml/dataset/dataset_bag.py:271: in list_dataset_members
    for k, v in nested_dataset.list_dataset_members(recurse=recurse).items():
                ^^^^^^^^^^^^^^^^^^^^^^^^^^^^^^^^^^^^^^^^^^^^^^^^^^^^
src/deriva_ml/dataset/dataset_bag.py:271: in list_dataset_members
    for k, v in nested_dataset.list_dataset_members(recurse=recurse).items():
                ^^^^^^^^^^^^^^^^^^^^^^^^^^^^^^^^^^^^^^^^^^^^^^^^^^^^
src/deriva_ml/dataset/dataset_bag.py:271: in list_dataset_members
    for k, v in nested_dataset.list_dataset_members(recurse=recurse).items():
                ^^^^^^^^^^^^^^^^^^^^^^^^^^^^^^^^^^^^^^^^^^^^^^^^^^^^
src/deriva_ml/dataset/dataset_bag.py:271: in list_dataset_members
    for k, v in nested_dataset.list_dataset_members(recurse=recurse).items():
                ^^^^^^^^^^^^^^^^^^^^^^^^^^^^^^^^^^^^^^^^^^^^^^^^^^^^
src/deriva_ml/dataset/dataset_bag.py:271: in list_dataset_members
    for k, v in nested_dataset.list_dataset_members(recurse=recurse).items():
                ^^^^^^^^^^^^^^^^^^^^^^^^^^^^^^^^^^^^^^^^^^^^^^^^^^^^
src/deriva_ml/dataset/dataset_bag.py:271: in list_dataset_members
    for k, v in nested_dataset.list_dataset_members(recurse=recurse).items():
                ^^^^^^^^^^^^^^^^^^^^^^^^^^^^^^^^^^^^^^^^^^^^^^^^^^^^
src/deriva_ml/dataset/dataset_bag.py:271: in list_dataset_members
    for k, v in nested_dataset.list_dataset_members(recurse=recurse).items():
                ^^^^^^^^^^^^^^^^^^^^^^^^^^^^^^^^^^^^^^^^^^^^^^^^^^^^
src/deriva_ml/dataset/dataset_bag.py:271: in list_dataset_members
    for k, v in nested_dataset.list_dataset_members(recurse=recurse).items():
                ^^^^^^^^^^^^^^^^^^^^^^^^^^^^^^^^^^^^^^^^^^^^^^^^^^^^
src/deriva_ml/dataset/dataset_bag.py:271: in list_dataset_members
    for k, v in nested_dataset.list_dataset_members(recurse=recurse).items():
                ^^^^^^^^^^^^^^^^^^^^^^^^^^^^^^^^^^^^^^^^^^^^^^^^^^^^
src/deriva_ml/dataset/dataset_bag.py:271: in list_dataset_members
    for k, v in nested_dataset.list_dataset_members(recurse=recurse).items():
                ^^^^^^^^^^^^^^^^^^^^^^^^^^^^^^^^^^^^^^^^^^^^^^^^^^^^
src/deriva_ml/dataset/dataset_bag.py:271: in list_dataset_members
    for k, v in nested_dataset.list_dataset_members(recurse=recurse).items():
                ^^^^^^^^^^^^^^^^^^^^^^^^^^^^^^^^^^^^^^^^^^^^^^^^^^^^
src/deriva_ml/dataset/dataset_bag.py:271: in list_dataset_members
    for k, v in nested_dataset.list_dataset_members(recurse=recurse).items():
                ^^^^^^^^^^^^^^^^^^^^^^^^^^^^^^^^^^^^^^^^^^^^^^^^^^^^
src/deriva_ml/dataset/dataset_bag.py:271: in list_dataset_members
    for k, v in nested_dataset.list_dataset_members(recurse=recurse).items():
                ^^^^^^^^^^^^^^^^^^^^^^^^^^^^^^^^^^^^^^^^^^^^^^^^^^^^
src/deriva_ml/dataset/dataset_bag.py:271: in list_dataset_members
    for k, v in nested_dataset.list_dataset_members(recurse=recurse).items():
                ^^^^^^^^^^^^^^^^^^^^^^^^^^^^^^^^^^^^^^^^^^^^^^^^^^^^
src/deriva_ml/dataset/dataset_bag.py:271: in list_dataset_members
    for k, v in nested_dataset.list_dataset_members(recurse=recurse).items():
                ^^^^^^^^^^^^^^^^^^^^^^^^^^^^^^^^^^^^^^^^^^^^^^^^^^^^
src/deriva_ml/dataset/dataset_bag.py:271: in list_dataset_members
    for k, v in nested_dataset.list_dataset_members(recurse=recurse).items():
                ^^^^^^^^^^^^^^^^^^^^^^^^^^^^^^^^^^^^^^^^^^^^^^^^^^^^
src/deriva_ml/dataset/dataset_bag.py:271: in list_dataset_members
    for k, v in nested_dataset.list_dataset_members(recurse=recurse).items():
                ^^^^^^^^^^^^^^^^^^^^^^^^^^^^^^^^^^^^^^^^^^^^^^^^^^^^
src/deriva_ml/dataset/dataset_bag.py:271: in list_dataset_members
    for k, v in nested_dataset.list_dataset_members(recurse=recurse).items():
                ^^^^^^^^^^^^^^^^^^^^^^^^^^^^^^^^^^^^^^^^^^^^^^^^^^^^
src/deriva_ml/dataset/dataset_bag.py:271: in list_dataset_members
    for k, v in nested_dataset.list_dataset_members(recurse=recurse).items():
                ^^^^^^^^^^^^^^^^^^^^^^^^^^^^^^^^^^^^^^^^^^^^^^^^^^^^
src/deriva_ml/dataset/dataset_bag.py:271: in list_dataset_members
    for k, v in nested_dataset.list_dataset_members(recurse=recurse).items():
                ^^^^^^^^^^^^^^^^^^^^^^^^^^^^^^^^^^^^^^^^^^^^^^^^^^^^
src/deriva_ml/dataset/dataset_bag.py:271: in list_dataset_members
    for k, v in nested_dataset.list_dataset_members(recurse=recurse).items():
                ^^^^^^^^^^^^^^^^^^^^^^^^^^^^^^^^^^^^^^^^^^^^^^^^^^^^
src/deriva_ml/dataset/dataset_bag.py:271: in list_dataset_members
    for k, v in nested_dataset.list_dataset_members(recurse=recurse).items():
                ^^^^^^^^^^^^^^^^^^^^^^^^^^^^^^^^^^^^^^^^^^^^^^^^^^^^
src/deriva_ml/dataset/dataset_bag.py:271: in list_dataset_members
    for k, v in nested_dataset.list_dataset_members(recurse=recurse).items():
                ^^^^^^^^^^^^^^^^^^^^^^^^^^^^^^^^^^^^^^^^^^^^^^^^^^^^
src/deriva_ml/dataset/dataset_bag.py:271: in list_dataset_members
    for k, v in nested_dataset.list_dataset_members(recurse=recurse).items():
                ^^^^^^^^^^^^^^^^^^^^^^^^^^^^^^^^^^^^^^^^^^^^^^^^^^^^
src/deriva_ml/dataset/dataset_bag.py:271: in list_dataset_members
    for k, v in nested_dataset.list_dataset_members(recurse=recurse).items():
                ^^^^^^^^^^^^^^^^^^^^^^^^^^^^^^^^^^^^^^^^^^^^^^^^^^^^
src/deriva_ml/dataset/dataset_bag.py:271: in list_dataset_members
    for k, v in nested_dataset.list_dataset_members(recurse=recurse).items():
                ^^^^^^^^^^^^^^^^^^^^^^^^^^^^^^^^^^^^^^^^^^^^^^^^^^^^
src/deriva_ml/dataset/dataset_bag.py:271: in list_dataset_members
    for k, v in nested_dataset.list_dataset_members(recurse=recurse).items():
                ^^^^^^^^^^^^^^^^^^^^^^^^^^^^^^^^^^^^^^^^^^^^^^^^^^^^
src/deriva_ml/dataset/dataset_bag.py:271: in list_dataset_members
    for k, v in nested_dataset.list_dataset_members(recurse=recurse).items():
                ^^^^^^^^^^^^^^^^^^^^^^^^^^^^^^^^^^^^^^^^^^^^^^^^^^^^
src/deriva_ml/dataset/dataset_bag.py:271: in list_dataset_members
    for k, v in nested_dataset.list_dataset_members(recurse=recurse).items():
                ^^^^^^^^^^^^^^^^^^^^^^^^^^^^^^^^^^^^^^^^^^^^^^^^^^^^
src/deriva_ml/dataset/dataset_bag.py:271: in list_dataset_members
    for k, v in nested_dataset.list_dataset_members(recurse=recurse).items():
                ^^^^^^^^^^^^^^^^^^^^^^^^^^^^^^^^^^^^^^^^^^^^^^^^^^^^
src/deriva_ml/dataset/dataset_bag.py:271: in list_dataset_members
    for k, v in nested_dataset.list_dataset_members(recurse=recurse).items():
                ^^^^^^^^^^^^^^^^^^^^^^^^^^^^^^^^^^^^^^^^^^^^^^^^^^^^
src/deriva_ml/dataset/dataset_bag.py:271: in list_dataset_members
    for k, v in nested_dataset.list_dataset_members(recurse=recurse).items():
                ^^^^^^^^^^^^^^^^^^^^^^^^^^^^^^^^^^^^^^^^^^^^^^^^^^^^
src/deriva_ml/dataset/dataset_bag.py:271: in list_dataset_members
    for k, v in nested_dataset.list_dataset_members(recurse=recurse).items():
                ^^^^^^^^^^^^^^^^^^^^^^^^^^^^^^^^^^^^^^^^^^^^^^^^^^^^
src/deriva_ml/dataset/dataset_bag.py:271: in list_dataset_members
    for k, v in nested_dataset.list_dataset_members(recurse=recurse).items():
                ^^^^^^^^^^^^^^^^^^^^^^^^^^^^^^^^^^^^^^^^^^^^^^^^^^^^
src/deriva_ml/dataset/dataset_bag.py:271: in list_dataset_members
    for k, v in nested_dataset.list_dataset_members(recurse=recurse).items():
                ^^^^^^^^^^^^^^^^^^^^^^^^^^^^^^^^^^^^^^^^^^^^^^^^^^^^
src/deriva_ml/dataset/dataset_bag.py:271: in list_dataset_members
    for k, v in nested_dataset.list_dataset_members(recurse=recurse).items():
                ^^^^^^^^^^^^^^^^^^^^^^^^^^^^^^^^^^^^^^^^^^^^^^^^^^^^
src/deriva_ml/dataset/dataset_bag.py:271: in list_dataset_members
    for k, v in nested_dataset.list_dataset_members(recurse=recurse).items():
                ^^^^^^^^^^^^^^^^^^^^^^^^^^^^^^^^^^^^^^^^^^^^^^^^^^^^
src/deriva_ml/dataset/dataset_bag.py:271: in list_dataset_members
    for k, v in nested_dataset.list_dataset_members(recurse=recurse).items():
                ^^^^^^^^^^^^^^^^^^^^^^^^^^^^^^^^^^^^^^^^^^^^^^^^^^^^
src/deriva_ml/dataset/dataset_bag.py:271: in list_dataset_members
    for k, v in nested_dataset.list_dataset_members(recurse=recurse).items():
                ^^^^^^^^^^^^^^^^^^^^^^^^^^^^^^^^^^^^^^^^^^^^^^^^^^^^
src/deriva_ml/dataset/dataset_bag.py:271: in list_dataset_members
    for k, v in nested_dataset.list_dataset_members(recurse=recurse).items():
                ^^^^^^^^^^^^^^^^^^^^^^^^^^^^^^^^^^^^^^^^^^^^^^^^^^^^
src/deriva_ml/dataset/dataset_bag.py:271: in list_dataset_members
    for k, v in nested_dataset.list_dataset_members(recurse=recurse).items():
                ^^^^^^^^^^^^^^^^^^^^^^^^^^^^^^^^^^^^^^^^^^^^^^^^^^^^
src/deriva_ml/dataset/dataset_bag.py:271: in list_dataset_members
    for k, v in nested_dataset.list_dataset_members(recurse=recurse).items():
                ^^^^^^^^^^^^^^^^^^^^^^^^^^^^^^^^^^^^^^^^^^^^^^^^^^^^
src/deriva_ml/dataset/dataset_bag.py:271: in list_dataset_members
    for k, v in nested_dataset.list_dataset_members(recurse=recurse).items():
                ^^^^^^^^^^^^^^^^^^^^^^^^^^^^^^^^^^^^^^^^^^^^^^^^^^^^
src/deriva_ml/dataset/dataset_bag.py:271: in list_dataset_members
    for k, v in nested_dataset.list_dataset_members(recurse=recurse).items():
                ^^^^^^^^^^^^^^^^^^^^^^^^^^^^^^^^^^^^^^^^^^^^^^^^^^^^
src/deriva_ml/dataset/dataset_bag.py:271: in list_dataset_members
    for k, v in nested_dataset.list_dataset_members(recurse=recurse).items():
                ^^^^^^^^^^^^^^^^^^^^^^^^^^^^^^^^^^^^^^^^^^^^^^^^^^^^
src/deriva_ml/dataset/dataset_bag.py:271: in list_dataset_members
    for k, v in nested_dataset.list_dataset_members(recurse=recurse).items():
                ^^^^^^^^^^^^^^^^^^^^^^^^^^^^^^^^^^^^^^^^^^^^^^^^^^^^
src/deriva_ml/dataset/dataset_bag.py:271: in list_dataset_members
    for k, v in nested_dataset.list_dataset_members(recurse=recurse).items():
                ^^^^^^^^^^^^^^^^^^^^^^^^^^^^^^^^^^^^^^^^^^^^^^^^^^^^
src/deriva_ml/dataset/dataset_bag.py:271: in list_dataset_members
    for k, v in nested_dataset.list_dataset_members(recurse=recurse).items():
                ^^^^^^^^^^^^^^^^^^^^^^^^^^^^^^^^^^^^^^^^^^^^^^^^^^^^
src/deriva_ml/dataset/dataset_bag.py:271: in list_dataset_members
    for k, v in nested_dataset.list_dataset_members(recurse=recurse).items():
                ^^^^^^^^^^^^^^^^^^^^^^^^^^^^^^^^^^^^^^^^^^^^^^^^^^^^
src/deriva_ml/dataset/dataset_bag.py:271: in list_dataset_members
    for k, v in nested_dataset.list_dataset_members(recurse=recurse).items():
                ^^^^^^^^^^^^^^^^^^^^^^^^^^^^^^^^^^^^^^^^^^^^^^^^^^^^
src/deriva_ml/dataset/dataset_bag.py:271: in list_dataset_members
    for k, v in nested_dataset.list_dataset_members(recurse=recurse).items():
                ^^^^^^^^^^^^^^^^^^^^^^^^^^^^^^^^^^^^^^^^^^^^^^^^^^^^
src/deriva_ml/dataset/dataset_bag.py:271: in list_dataset_members
    for k, v in nested_dataset.list_dataset_members(recurse=recurse).items():
                ^^^^^^^^^^^^^^^^^^^^^^^^^^^^^^^^^^^^^^^^^^^^^^^^^^^^
src/deriva_ml/dataset/dataset_bag.py:271: in list_dataset_members
    for k, v in nested_dataset.list_dataset_members(recurse=recurse).items():
                ^^^^^^^^^^^^^^^^^^^^^^^^^^^^^^^^^^^^^^^^^^^^^^^^^^^^
src/deriva_ml/dataset/dataset_bag.py:271: in list_dataset_members
    for k, v in nested_dataset.list_dataset_members(recurse=recurse).items():
                ^^^^^^^^^^^^^^^^^^^^^^^^^^^^^^^^^^^^^^^^^^^^^^^^^^^^
src/deriva_ml/dataset/dataset_bag.py:271: in list_dataset_members
    for k, v in nested_dataset.list_dataset_members(recurse=recurse).items():
                ^^^^^^^^^^^^^^^^^^^^^^^^^^^^^^^^^^^^^^^^^^^^^^^^^^^^
src/deriva_ml/dataset/dataset_bag.py:271: in list_dataset_members
    for k, v in nested_dataset.list_dataset_members(recurse=recurse).items():
                ^^^^^^^^^^^^^^^^^^^^^^^^^^^^^^^^^^^^^^^^^^^^^^^^^^^^
src/deriva_ml/dataset/dataset_bag.py:271: in list_dataset_members
    for k, v in nested_dataset.list_dataset_members(recurse=recurse).items():
                ^^^^^^^^^^^^^^^^^^^^^^^^^^^^^^^^^^^^^^^^^^^^^^^^^^^^
src/deriva_ml/dataset/dataset_bag.py:271: in list_dataset_members
    for k, v in nested_dataset.list_dataset_members(recurse=recurse).items():
                ^^^^^^^^^^^^^^^^^^^^^^^^^^^^^^^^^^^^^^^^^^^^^^^^^^^^
src/deriva_ml/dataset/dataset_bag.py:271: in list_dataset_members
    for k, v in nested_dataset.list_dataset_members(recurse=recurse).items():
                ^^^^^^^^^^^^^^^^^^^^^^^^^^^^^^^^^^^^^^^^^^^^^^^^^^^^
src/deriva_ml/dataset/dataset_bag.py:271: in list_dataset_members
    for k, v in nested_dataset.list_dataset_members(recurse=recurse).items():
                ^^^^^^^^^^^^^^^^^^^^^^^^^^^^^^^^^^^^^^^^^^^^^^^^^^^^
src/deriva_ml/dataset/dataset_bag.py:271: in list_dataset_members
    for k, v in nested_dataset.list_dataset_members(recurse=recurse).items():
                ^^^^^^^^^^^^^^^^^^^^^^^^^^^^^^^^^^^^^^^^^^^^^^^^^^^^
src/deriva_ml/dataset/dataset_bag.py:271: in list_dataset_members
    for k, v in nested_dataset.list_dataset_members(recurse=recurse).items():
                ^^^^^^^^^^^^^^^^^^^^^^^^^^^^^^^^^^^^^^^^^^^^^^^^^^^^
src/deriva_ml/dataset/dataset_bag.py:271: in list_dataset_members
    for k, v in nested_dataset.list_dataset_members(recurse=recurse).items():
                ^^^^^^^^^^^^^^^^^^^^^^^^^^^^^^^^^^^^^^^^^^^^^^^^^^^^
src/deriva_ml/dataset/dataset_bag.py:271: in list_dataset_members
    for k, v in nested_dataset.list_dataset_members(recurse=recurse).items():
                ^^^^^^^^^^^^^^^^^^^^^^^^^^^^^^^^^^^^^^^^^^^^^^^^^^^^
src/deriva_ml/dataset/dataset_bag.py:271: in list_dataset_members
    for k, v in nested_dataset.list_dataset_members(recurse=recurse).items():
                ^^^^^^^^^^^^^^^^^^^^^^^^^^^^^^^^^^^^^^^^^^^^^^^^^^^^
src/deriva_ml/dataset/dataset_bag.py:271: in list_dataset_members
    for k, v in nested_dataset.list_dataset_members(recurse=recurse).items():
                ^^^^^^^^^^^^^^^^^^^^^^^^^^^^^^^^^^^^^^^^^^^^^^^^^^^^
src/deriva_ml/dataset/dataset_bag.py:271: in list_dataset_members
    for k, v in nested_dataset.list_dataset_members(recurse=recurse).items():
                ^^^^^^^^^^^^^^^^^^^^^^^^^^^^^^^^^^^^^^^^^^^^^^^^^^^^
src/deriva_ml/dataset/dataset_bag.py:271: in list_dataset_members
    for k, v in nested_dataset.list_dataset_members(recurse=recurse).items():
                ^^^^^^^^^^^^^^^^^^^^^^^^^^^^^^^^^^^^^^^^^^^^^^^^^^^^
src/deriva_ml/dataset/dataset_bag.py:271: in list_dataset_members
    for k, v in nested_dataset.list_dataset_members(recurse=recurse).items():
                ^^^^^^^^^^^^^^^^^^^^^^^^^^^^^^^^^^^^^^^^^^^^^^^^^^^^
src/deriva_ml/dataset/dataset_bag.py:271: in list_dataset_members
    for k, v in nested_dataset.list_dataset_members(recurse=recurse).items():
                ^^^^^^^^^^^^^^^^^^^^^^^^^^^^^^^^^^^^^^^^^^^^^^^^^^^^
src/deriva_ml/dataset/dataset_bag.py:271: in list_dataset_members
    for k, v in nested_dataset.list_dataset_members(recurse=recurse).items():
                ^^^^^^^^^^^^^^^^^^^^^^^^^^^^^^^^^^^^^^^^^^^^^^^^^^^^
src/deriva_ml/dataset/dataset_bag.py:271: in list_dataset_members
    for k, v in nested_dataset.list_dataset_members(recurse=recurse).items():
                ^^^^^^^^^^^^^^^^^^^^^^^^^^^^^^^^^^^^^^^^^^^^^^^^^^^^
src/deriva_ml/dataset/dataset_bag.py:271: in list_dataset_members
    for k, v in nested_dataset.list_dataset_members(recurse=recurse).items():
                ^^^^^^^^^^^^^^^^^^^^^^^^^^^^^^^^^^^^^^^^^^^^^^^^^^^^
src/deriva_ml/dataset/dataset_bag.py:271: in list_dataset_members
    for k, v in nested_dataset.list_dataset_members(recurse=recurse).items():
                ^^^^^^^^^^^^^^^^^^^^^^^^^^^^^^^^^^^^^^^^^^^^^^^^^^^^
src/deriva_ml/dataset/dataset_bag.py:271: in list_dataset_members
    for k, v in nested_dataset.list_dataset_members(recurse=recurse).items():
                ^^^^^^^^^^^^^^^^^^^^^^^^^^^^^^^^^^^^^^^^^^^^^^^^^^^^
src/deriva_ml/dataset/dataset_bag.py:271: in list_dataset_members
    for k, v in nested_dataset.list_dataset_members(recurse=recurse).items():
                ^^^^^^^^^^^^^^^^^^^^^^^^^^^^^^^^^^^^^^^^^^^^^^^^^^^^
src/deriva_ml/dataset/dataset_bag.py:271: in list_dataset_members
    for k, v in nested_dataset.list_dataset_members(recurse=recurse).items():
                ^^^^^^^^^^^^^^^^^^^^^^^^^^^^^^^^^^^^^^^^^^^^^^^^^^^^
src/deriva_ml/dataset/dataset_bag.py:271: in list_dataset_members
    for k, v in nested_dataset.list_dataset_members(recurse=recurse).items():
                ^^^^^^^^^^^^^^^^^^^^^^^^^^^^^^^^^^^^^^^^^^^^^^^^^^^^
src/deriva_ml/dataset/dataset_bag.py:271: in list_dataset_members
    for k, v in nested_dataset.list_dataset_members(recurse=recurse).items():
                ^^^^^^^^^^^^^^^^^^^^^^^^^^^^^^^^^^^^^^^^^^^^^^^^^^^^
src/deriva_ml/dataset/dataset_bag.py:271: in list_dataset_members
    for k, v in nested_dataset.list_dataset_members(recurse=recurse).items():
                ^^^^^^^^^^^^^^^^^^^^^^^^^^^^^^^^^^^^^^^^^^^^^^^^^^^^
src/deriva_ml/dataset/dataset_bag.py:271: in list_dataset_members
    for k, v in nested_dataset.list_dataset_members(recurse=recurse).items():
                ^^^^^^^^^^^^^^^^^^^^^^^^^^^^^^^^^^^^^^^^^^^^^^^^^^^^
src/deriva_ml/dataset/dataset_bag.py:271: in list_dataset_members
    for k, v in nested_dataset.list_dataset_members(recurse=recurse).items():
                ^^^^^^^^^^^^^^^^^^^^^^^^^^^^^^^^^^^^^^^^^^^^^^^^^^^^
src/deriva_ml/dataset/dataset_bag.py:271: in list_dataset_members
    for k, v in nested_dataset.list_dataset_members(recurse=recurse).items():
                ^^^^^^^^^^^^^^^^^^^^^^^^^^^^^^^^^^^^^^^^^^^^^^^^^^^^
src/deriva_ml/dataset/dataset_bag.py:271: in list_dataset_members
    for k, v in nested_dataset.list_dataset_members(recurse=recurse).items():
                ^^^^^^^^^^^^^^^^^^^^^^^^^^^^^^^^^^^^^^^^^^^^^^^^^^^^
src/deriva_ml/dataset/dataset_bag.py:271: in list_dataset_members
    for k, v in nested_dataset.list_dataset_members(recurse=recurse).items():
                ^^^^^^^^^^^^^^^^^^^^^^^^^^^^^^^^^^^^^^^^^^^^^^^^^^^^
src/deriva_ml/dataset/dataset_bag.py:271: in list_dataset_members
    for k, v in nested_dataset.list_dataset_members(recurse=recurse).items():
                ^^^^^^^^^^^^^^^^^^^^^^^^^^^^^^^^^^^^^^^^^^^^^^^^^^^^
src/deriva_ml/dataset/dataset_bag.py:271: in list_dataset_members
    for k, v in nested_dataset.list_dataset_members(recurse=recurse).items():
                ^^^^^^^^^^^^^^^^^^^^^^^^^^^^^^^^^^^^^^^^^^^^^^^^^^^^
src/deriva_ml/dataset/dataset_bag.py:271: in list_dataset_members
    for k, v in nested_dataset.list_dataset_members(recurse=recurse).items():
                ^^^^^^^^^^^^^^^^^^^^^^^^^^^^^^^^^^^^^^^^^^^^^^^^^^^^
src/deriva_ml/dataset/dataset_bag.py:271: in list_dataset_members
    for k, v in nested_dataset.list_dataset_members(recurse=recurse).items():
                ^^^^^^^^^^^^^^^^^^^^^^^^^^^^^^^^^^^^^^^^^^^^^^^^^^^^
src/deriva_ml/dataset/dataset_bag.py:271: in list_dataset_members
    for k, v in nested_dataset.list_dataset_members(recurse=recurse).items():
                ^^^^^^^^^^^^^^^^^^^^^^^^^^^^^^^^^^^^^^^^^^^^^^^^^^^^
src/deriva_ml/dataset/dataset_bag.py:271: in list_dataset_members
    for k, v in nested_dataset.list_dataset_members(recurse=recurse).items():
                ^^^^^^^^^^^^^^^^^^^^^^^^^^^^^^^^^^^^^^^^^^^^^^^^^^^^
src/deriva_ml/dataset/dataset_bag.py:271: in list_dataset_members
    for k, v in nested_dataset.list_dataset_members(recurse=recurse).items():
                ^^^^^^^^^^^^^^^^^^^^^^^^^^^^^^^^^^^^^^^^^^^^^^^^^^^^
src/deriva_ml/dataset/dataset_bag.py:271: in list_dataset_members
    for k, v in nested_dataset.list_dataset_members(recurse=recurse).items():
                ^^^^^^^^^^^^^^^^^^^^^^^^^^^^^^^^^^^^^^^^^^^^^^^^^^^^
src/deriva_ml/dataset/dataset_bag.py:271: in list_dataset_members
    for k, v in nested_dataset.list_dataset_members(recurse=recurse).items():
                ^^^^^^^^^^^^^^^^^^^^^^^^^^^^^^^^^^^^^^^^^^^^^^^^^^^^
src/deriva_ml/dataset/dataset_bag.py:271: in list_dataset_members
    for k, v in nested_dataset.list_dataset_members(recurse=recurse).items():
                ^^^^^^^^^^^^^^^^^^^^^^^^^^^^^^^^^^^^^^^^^^^^^^^^^^^^
src/deriva_ml/dataset/dataset_bag.py:271: in list_dataset_members
    for k, v in nested_dataset.list_dataset_members(recurse=recurse).items():
                ^^^^^^^^^^^^^^^^^^^^^^^^^^^^^^^^^^^^^^^^^^^^^^^^^^^^
src/deriva_ml/dataset/dataset_bag.py:271: in list_dataset_members
    for k, v in nested_dataset.list_dataset_members(recurse=recurse).items():
                ^^^^^^^^^^^^^^^^^^^^^^^^^^^^^^^^^^^^^^^^^^^^^^^^^^^^
src/deriva_ml/dataset/dataset_bag.py:271: in list_dataset_members
    for k, v in nested_dataset.list_dataset_members(recurse=recurse).items():
                ^^^^^^^^^^^^^^^^^^^^^^^^^^^^^^^^^^^^^^^^^^^^^^^^^^^^
src/deriva_ml/dataset/dataset_bag.py:271: in list_dataset_members
    for k, v in nested_dataset.list_dataset_members(recurse=recurse).items():
                ^^^^^^^^^^^^^^^^^^^^^^^^^^^^^^^^^^^^^^^^^^^^^^^^^^^^
src/deriva_ml/dataset/dataset_bag.py:271: in list_dataset_members
    for k, v in nested_dataset.list_dataset_members(recurse=recurse).items():
                ^^^^^^^^^^^^^^^^^^^^^^^^^^^^^^^^^^^^^^^^^^^^^^^^^^^^
src/deriva_ml/dataset/dataset_bag.py:271: in list_dataset_members
    for k, v in nested_dataset.list_dataset_members(recurse=recurse).items():
                ^^^^^^^^^^^^^^^^^^^^^^^^^^^^^^^^^^^^^^^^^^^^^^^^^^^^
src/deriva_ml/dataset/dataset_bag.py:271: in list_dataset_members
    for k, v in nested_dataset.list_dataset_members(recurse=recurse).items():
                ^^^^^^^^^^^^^^^^^^^^^^^^^^^^^^^^^^^^^^^^^^^^^^^^^^^^
src/deriva_ml/dataset/dataset_bag.py:271: in list_dataset_members
    for k, v in nested_dataset.list_dataset_members(recurse=recurse).items():
                ^^^^^^^^^^^^^^^^^^^^^^^^^^^^^^^^^^^^^^^^^^^^^^^^^^^^
src/deriva_ml/dataset/dataset_bag.py:271: in list_dataset_members
    for k, v in nested_dataset.list_dataset_members(recurse=recurse).items():
                ^^^^^^^^^^^^^^^^^^^^^^^^^^^^^^^^^^^^^^^^^^^^^^^^^^^^
src/deriva_ml/dataset/dataset_bag.py:271: in list_dataset_members
    for k, v in nested_dataset.list_dataset_members(recurse=recurse).items():
                ^^^^^^^^^^^^^^^^^^^^^^^^^^^^^^^^^^^^^^^^^^^^^^^^^^^^
src/deriva_ml/dataset/dataset_bag.py:271: in list_dataset_members
    for k, v in nested_dataset.list_dataset_members(recurse=recurse).items():
                ^^^^^^^^^^^^^^^^^^^^^^^^^^^^^^^^^^^^^^^^^^^^^^^^^^^^
src/deriva_ml/dataset/dataset_bag.py:271: in list_dataset_members
    for k, v in nested_dataset.list_dataset_members(recurse=recurse).items():
                ^^^^^^^^^^^^^^^^^^^^^^^^^^^^^^^^^^^^^^^^^^^^^^^^^^^^
src/deriva_ml/dataset/dataset_bag.py:271: in list_dataset_members
    for k, v in nested_dataset.list_dataset_members(recurse=recurse).items():
                ^^^^^^^^^^^^^^^^^^^^^^^^^^^^^^^^^^^^^^^^^^^^^^^^^^^^
src/deriva_ml/dataset/dataset_bag.py:271: in list_dataset_members
    for k, v in nested_dataset.list_dataset_members(recurse=recurse).items():
                ^^^^^^^^^^^^^^^^^^^^^^^^^^^^^^^^^^^^^^^^^^^^^^^^^^^^
src/deriva_ml/dataset/dataset_bag.py:271: in list_dataset_members
    for k, v in nested_dataset.list_dataset_members(recurse=recurse).items():
                ^^^^^^^^^^^^^^^^^^^^^^^^^^^^^^^^^^^^^^^^^^^^^^^^^^^^
src/deriva_ml/dataset/dataset_bag.py:271: in list_dataset_members
    for k, v in nested_dataset.list_dataset_members(recurse=recurse).items():
                ^^^^^^^^^^^^^^^^^^^^^^^^^^^^^^^^^^^^^^^^^^^^^^^^^^^^
src/deriva_ml/dataset/dataset_bag.py:271: in list_dataset_members
    for k, v in nested_dataset.list_dataset_members(recurse=recurse).items():
                ^^^^^^^^^^^^^^^^^^^^^^^^^^^^^^^^^^^^^^^^^^^^^^^^^^^^
src/deriva_ml/dataset/dataset_bag.py:271: in list_dataset_members
    for k, v in nested_dataset.list_dataset_members(recurse=recurse).items():
                ^^^^^^^^^^^^^^^^^^^^^^^^^^^^^^^^^^^^^^^^^^^^^^^^^^^^
src/deriva_ml/dataset/dataset_bag.py:271: in list_dataset_members
    for k, v in nested_dataset.list_dataset_members(recurse=recurse).items():
                ^^^^^^^^^^^^^^^^^^^^^^^^^^^^^^^^^^^^^^^^^^^^^^^^^^^^
src/deriva_ml/dataset/dataset_bag.py:271: in list_dataset_members
    for k, v in nested_dataset.list_dataset_members(recurse=recurse).items():
                ^^^^^^^^^^^^^^^^^^^^^^^^^^^^^^^^^^^^^^^^^^^^^^^^^^^^
src/deriva_ml/dataset/dataset_bag.py:271: in list_dataset_members
    for k, v in nested_dataset.list_dataset_members(recurse=recurse).items():
                ^^^^^^^^^^^^^^^^^^^^^^^^^^^^^^^^^^^^^^^^^^^^^^^^^^^^
src/deriva_ml/dataset/dataset_bag.py:271: in list_dataset_members
    for k, v in nested_dataset.list_dataset_members(recurse=recurse).items():
                ^^^^^^^^^^^^^^^^^^^^^^^^^^^^^^^^^^^^^^^^^^^^^^^^^^^^
src/deriva_ml/dataset/dataset_bag.py:271: in list_dataset_members
    for k, v in nested_dataset.list_dataset_members(recurse=recurse).items():
                ^^^^^^^^^^^^^^^^^^^^^^^^^^^^^^^^^^^^^^^^^^^^^^^^^^^^
src/deriva_ml/dataset/dataset_bag.py:271: in list_dataset_members
    for k, v in nested_dataset.list_dataset_members(recurse=recurse).items():
                ^^^^^^^^^^^^^^^^^^^^^^^^^^^^^^^^^^^^^^^^^^^^^^^^^^^^
src/deriva_ml/dataset/dataset_bag.py:271: in list_dataset_members
    for k, v in nested_dataset.list_dataset_members(recurse=recurse).items():
                ^^^^^^^^^^^^^^^^^^^^^^^^^^^^^^^^^^^^^^^^^^^^^^^^^^^^
src/deriva_ml/dataset/dataset_bag.py:271: in list_dataset_members
    for k, v in nested_dataset.list_dataset_members(recurse=recurse).items():
                ^^^^^^^^^^^^^^^^^^^^^^^^^^^^^^^^^^^^^^^^^^^^^^^^^^^^
src/deriva_ml/dataset/dataset_bag.py:271: in list_dataset_members
    for k, v in nested_dataset.list_dataset_members(recurse=recurse).items():
                ^^^^^^^^^^^^^^^^^^^^^^^^^^^^^^^^^^^^^^^^^^^^^^^^^^^^
src/deriva_ml/dataset/dataset_bag.py:271: in list_dataset_members
    for k, v in nested_dataset.list_dataset_members(recurse=recurse).items():
                ^^^^^^^^^^^^^^^^^^^^^^^^^^^^^^^^^^^^^^^^^^^^^^^^^^^^
src/deriva_ml/dataset/dataset_bag.py:271: in list_dataset_members
    for k, v in nested_dataset.list_dataset_members(recurse=recurse).items():
                ^^^^^^^^^^^^^^^^^^^^^^^^^^^^^^^^^^^^^^^^^^^^^^^^^^^^
src/deriva_ml/dataset/dataset_bag.py:271: in list_dataset_members
    for k, v in nested_dataset.list_dataset_members(recurse=recurse).items():
                ^^^^^^^^^^^^^^^^^^^^^^^^^^^^^^^^^^^^^^^^^^^^^^^^^^^^
src/deriva_ml/dataset/dataset_bag.py:271: in list_dataset_members
    for k, v in nested_dataset.list_dataset_members(recurse=recurse).items():
                ^^^^^^^^^^^^^^^^^^^^^^^^^^^^^^^^^^^^^^^^^^^^^^^^^^^^
src/deriva_ml/dataset/dataset_bag.py:271: in list_dataset_members
    for k, v in nested_dataset.list_dataset_members(recurse=recurse).items():
                ^^^^^^^^^^^^^^^^^^^^^^^^^^^^^^^^^^^^^^^^^^^^^^^^^^^^
src/deriva_ml/dataset/dataset_bag.py:271: in list_dataset_members
    for k, v in nested_dataset.list_dataset_members(recurse=recurse).items():
                ^^^^^^^^^^^^^^^^^^^^^^^^^^^^^^^^^^^^^^^^^^^^^^^^^^^^
src/deriva_ml/dataset/dataset_bag.py:271: in list_dataset_members
    for k, v in nested_dataset.list_dataset_members(recurse=recurse).items():
                ^^^^^^^^^^^^^^^^^^^^^^^^^^^^^^^^^^^^^^^^^^^^^^^^^^^^
src/deriva_ml/dataset/dataset_bag.py:271: in list_dataset_members
    for k, v in nested_dataset.list_dataset_members(recurse=recurse).items():
                ^^^^^^^^^^^^^^^^^^^^^^^^^^^^^^^^^^^^^^^^^^^^^^^^^^^^
src/deriva_ml/dataset/dataset_bag.py:271: in list_dataset_members
    for k, v in nested_dataset.list_dataset_members(recurse=recurse).items():
                ^^^^^^^^^^^^^^^^^^^^^^^^^^^^^^^^^^^^^^^^^^^^^^^^^^^^
src/deriva_ml/dataset/dataset_bag.py:271: in list_dataset_members
    for k, v in nested_dataset.list_dataset_members(recurse=recurse).items():
                ^^^^^^^^^^^^^^^^^^^^^^^^^^^^^^^^^^^^^^^^^^^^^^^^^^^^
src/deriva_ml/dataset/dataset_bag.py:271: in list_dataset_members
    for k, v in nested_dataset.list_dataset_members(recurse=recurse).items():
                ^^^^^^^^^^^^^^^^^^^^^^^^^^^^^^^^^^^^^^^^^^^^^^^^^^^^
src/deriva_ml/dataset/dataset_bag.py:271: in list_dataset_members
    for k, v in nested_dataset.list_dataset_members(recurse=recurse).items():
                ^^^^^^^^^^^^^^^^^^^^^^^^^^^^^^^^^^^^^^^^^^^^^^^^^^^^
src/deriva_ml/dataset/dataset_bag.py:271: in list_dataset_members
    for k, v in nested_dataset.list_dataset_members(recurse=recurse).items():
                ^^^^^^^^^^^^^^^^^^^^^^^^^^^^^^^^^^^^^^^^^^^^^^^^^^^^
src/deriva_ml/dataset/dataset_bag.py:271: in list_dataset_members
    for k, v in nested_dataset.list_dataset_members(recurse=recurse).items():
                ^^^^^^^^^^^^^^^^^^^^^^^^^^^^^^^^^^^^^^^^^^^^^^^^^^^^
src/deriva_ml/dataset/dataset_bag.py:271: in list_dataset_members
    for k, v in nested_dataset.list_dataset_members(recurse=recurse).items():
                ^^^^^^^^^^^^^^^^^^^^^^^^^^^^^^^^^^^^^^^^^^^^^^^^^^^^
src/deriva_ml/dataset/dataset_bag.py:271: in list_dataset_members
    for k, v in nested_dataset.list_dataset_members(recurse=recurse).items():
                ^^^^^^^^^^^^^^^^^^^^^^^^^^^^^^^^^^^^^^^^^^^^^^^^^^^^
src/deriva_ml/dataset/dataset_bag.py:271: in list_dataset_members
    for k, v in nested_dataset.list_dataset_members(recurse=recurse).items():
                ^^^^^^^^^^^^^^^^^^^^^^^^^^^^^^^^^^^^^^^^^^^^^^^^^^^^
src/deriva_ml/dataset/dataset_bag.py:271: in list_dataset_members
    for k, v in nested_dataset.list_dataset_members(recurse=recurse).items():
                ^^^^^^^^^^^^^^^^^^^^^^^^^^^^^^^^^^^^^^^^^^^^^^^^^^^^
src/deriva_ml/dataset/dataset_bag.py:271: in list_dataset_members
    for k, v in nested_dataset.list_dataset_members(recurse=recurse).items():
                ^^^^^^^^^^^^^^^^^^^^^^^^^^^^^^^^^^^^^^^^^^^^^^^^^^^^
src/deriva_ml/dataset/dataset_bag.py:271: in list_dataset_members
    for k, v in nested_dataset.list_dataset_members(recurse=recurse).items():
                ^^^^^^^^^^^^^^^^^^^^^^^^^^^^^^^^^^^^^^^^^^^^^^^^^^^^
src/deriva_ml/dataset/dataset_bag.py:271: in list_dataset_members
    for k, v in nested_dataset.list_dataset_members(recurse=recurse).items():
                ^^^^^^^^^^^^^^^^^^^^^^^^^^^^^^^^^^^^^^^^^^^^^^^^^^^^
src/deriva_ml/dataset/dataset_bag.py:271: in list_dataset_members
    for k, v in nested_dataset.list_dataset_members(recurse=recurse).items():
                ^^^^^^^^^^^^^^^^^^^^^^^^^^^^^^^^^^^^^^^^^^^^^^^^^^^^
src/deriva_ml/dataset/dataset_bag.py:271: in list_dataset_members
    for k, v in nested_dataset.list_dataset_members(recurse=recurse).items():
                ^^^^^^^^^^^^^^^^^^^^^^^^^^^^^^^^^^^^^^^^^^^^^^^^^^^^
src/deriva_ml/dataset/dataset_bag.py:271: in list_dataset_members
    for k, v in nested_dataset.list_dataset_members(recurse=recurse).items():
                ^^^^^^^^^^^^^^^^^^^^^^^^^^^^^^^^^^^^^^^^^^^^^^^^^^^^
src/deriva_ml/dataset/dataset_bag.py:271: in list_dataset_members
    for k, v in nested_dataset.list_dataset_members(recurse=recurse).items():
                ^^^^^^^^^^^^^^^^^^^^^^^^^^^^^^^^^^^^^^^^^^^^^^^^^^^^
src/deriva_ml/dataset/dataset_bag.py:271: in list_dataset_members
    for k, v in nested_dataset.list_dataset_members(recurse=recurse).items():
                ^^^^^^^^^^^^^^^^^^^^^^^^^^^^^^^^^^^^^^^^^^^^^^^^^^^^
src/deriva_ml/dataset/dataset_bag.py:271: in list_dataset_members
    for k, v in nested_dataset.list_dataset_members(recurse=recurse).items():
                ^^^^^^^^^^^^^^^^^^^^^^^^^^^^^^^^^^^^^^^^^^^^^^^^^^^^
src/deriva_ml/dataset/dataset_bag.py:271: in list_dataset_members
    for k, v in nested_dataset.list_dataset_members(recurse=recurse).items():
                ^^^^^^^^^^^^^^^^^^^^^^^^^^^^^^^^^^^^^^^^^^^^^^^^^^^^
src/deriva_ml/dataset/dataset_bag.py:271: in list_dataset_members
    for k, v in nested_dataset.list_dataset_members(recurse=recurse).items():
                ^^^^^^^^^^^^^^^^^^^^^^^^^^^^^^^^^^^^^^^^^^^^^^^^^^^^
src/deriva_ml/dataset/dataset_bag.py:271: in list_dataset_members
    for k, v in nested_dataset.list_dataset_members(recurse=recurse).items():
                ^^^^^^^^^^^^^^^^^^^^^^^^^^^^^^^^^^^^^^^^^^^^^^^^^^^^
src/deriva_ml/dataset/dataset_bag.py:271: in list_dataset_members
    for k, v in nested_dataset.list_dataset_members(recurse=recurse).items():
                ^^^^^^^^^^^^^^^^^^^^^^^^^^^^^^^^^^^^^^^^^^^^^^^^^^^^
src/deriva_ml/dataset/dataset_bag.py:271: in list_dataset_members
    for k, v in nested_dataset.list_dataset_members(recurse=recurse).items():
                ^^^^^^^^^^^^^^^^^^^^^^^^^^^^^^^^^^^^^^^^^^^^^^^^^^^^
src/deriva_ml/dataset/dataset_bag.py:271: in list_dataset_members
    for k, v in nested_dataset.list_dataset_members(recurse=recurse).items():
                ^^^^^^^^^^^^^^^^^^^^^^^^^^^^^^^^^^^^^^^^^^^^^^^^^^^^
src/deriva_ml/dataset/dataset_bag.py:271: in list_dataset_members
    for k, v in nested_dataset.list_dataset_members(recurse=recurse).items():
                ^^^^^^^^^^^^^^^^^^^^^^^^^^^^^^^^^^^^^^^^^^^^^^^^^^^^
src/deriva_ml/dataset/dataset_bag.py:271: in list_dataset_members
    for k, v in nested_dataset.list_dataset_members(recurse=recurse).items():
                ^^^^^^^^^^^^^^^^^^^^^^^^^^^^^^^^^^^^^^^^^^^^^^^^^^^^
src/deriva_ml/dataset/dataset_bag.py:271: in list_dataset_members
    for k, v in nested_dataset.list_dataset_members(recurse=recurse).items():
                ^^^^^^^^^^^^^^^^^^^^^^^^^^^^^^^^^^^^^^^^^^^^^^^^^^^^
src/deriva_ml/dataset/dataset_bag.py:271: in list_dataset_members
    for k, v in nested_dataset.list_dataset_members(recurse=recurse).items():
                ^^^^^^^^^^^^^^^^^^^^^^^^^^^^^^^^^^^^^^^^^^^^^^^^^^^^
src/deriva_ml/dataset/dataset_bag.py:271: in list_dataset_members
    for k, v in nested_dataset.list_dataset_members(recurse=recurse).items():
                ^^^^^^^^^^^^^^^^^^^^^^^^^^^^^^^^^^^^^^^^^^^^^^^^^^^^
src/deriva_ml/dataset/dataset_bag.py:271: in list_dataset_members
    for k, v in nested_dataset.list_dataset_members(recurse=recurse).items():
                ^^^^^^^^^^^^^^^^^^^^^^^^^^^^^^^^^^^^^^^^^^^^^^^^^^^^
src/deriva_ml/dataset/dataset_bag.py:271: in list_dataset_members
    for k, v in nested_dataset.list_dataset_members(recurse=recurse).items():
                ^^^^^^^^^^^^^^^^^^^^^^^^^^^^^^^^^^^^^^^^^^^^^^^^^^^^
src/deriva_ml/dataset/dataset_bag.py:271: in list_dataset_members
    for k, v in nested_dataset.list_dataset_members(recurse=recurse).items():
                ^^^^^^^^^^^^^^^^^^^^^^^^^^^^^^^^^^^^^^^^^^^^^^^^^^^^
src/deriva_ml/dataset/dataset_bag.py:271: in list_dataset_members
    for k, v in nested_dataset.list_dataset_members(recurse=recurse).items():
                ^^^^^^^^^^^^^^^^^^^^^^^^^^^^^^^^^^^^^^^^^^^^^^^^^^^^
src/deriva_ml/dataset/dataset_bag.py:271: in list_dataset_members
    for k, v in nested_dataset.list_dataset_members(recurse=recurse).items():
                ^^^^^^^^^^^^^^^^^^^^^^^^^^^^^^^^^^^^^^^^^^^^^^^^^^^^
src/deriva_ml/dataset/dataset_bag.py:271: in list_dataset_members
    for k, v in nested_dataset.list_dataset_members(recurse=recurse).items():
                ^^^^^^^^^^^^^^^^^^^^^^^^^^^^^^^^^^^^^^^^^^^^^^^^^^^^
src/deriva_ml/dataset/dataset_bag.py:271: in list_dataset_members
    for k, v in nested_dataset.list_dataset_members(recurse=recurse).items():
                ^^^^^^^^^^^^^^^^^^^^^^^^^^^^^^^^^^^^^^^^^^^^^^^^^^^^
src/deriva_ml/dataset/dataset_bag.py:271: in list_dataset_members
    for k, v in nested_dataset.list_dataset_members(recurse=recurse).items():
                ^^^^^^^^^^^^^^^^^^^^^^^^^^^^^^^^^^^^^^^^^^^^^^^^^^^^
src/deriva_ml/dataset/dataset_bag.py:271: in list_dataset_members
    for k, v in nested_dataset.list_dataset_members(recurse=recurse).items():
                ^^^^^^^^^^^^^^^^^^^^^^^^^^^^^^^^^^^^^^^^^^^^^^^^^^^^
src/deriva_ml/dataset/dataset_bag.py:271: in list_dataset_members
    for k, v in nested_dataset.list_dataset_members(recurse=recurse).items():
                ^^^^^^^^^^^^^^^^^^^^^^^^^^^^^^^^^^^^^^^^^^^^^^^^^^^^
src/deriva_ml/dataset/dataset_bag.py:271: in list_dataset_members
    for k, v in nested_dataset.list_dataset_members(recurse=recurse).items():
                ^^^^^^^^^^^^^^^^^^^^^^^^^^^^^^^^^^^^^^^^^^^^^^^^^^^^
src/deriva_ml/dataset/dataset_bag.py:271: in list_dataset_members
    for k, v in nested_dataset.list_dataset_members(recurse=recurse).items():
                ^^^^^^^^^^^^^^^^^^^^^^^^^^^^^^^^^^^^^^^^^^^^^^^^^^^^
src/deriva_ml/dataset/dataset_bag.py:271: in list_dataset_members
    for k, v in nested_dataset.list_dataset_members(recurse=recurse).items():
                ^^^^^^^^^^^^^^^^^^^^^^^^^^^^^^^^^^^^^^^^^^^^^^^^^^^^
src/deriva_ml/dataset/dataset_bag.py:271: in list_dataset_members
    for k, v in nested_dataset.list_dataset_members(recurse=recurse).items():
                ^^^^^^^^^^^^^^^^^^^^^^^^^^^^^^^^^^^^^^^^^^^^^^^^^^^^
src/deriva_ml/dataset/dataset_bag.py:271: in list_dataset_members
    for k, v in nested_dataset.list_dataset_members(recurse=recurse).items():
                ^^^^^^^^^^^^^^^^^^^^^^^^^^^^^^^^^^^^^^^^^^^^^^^^^^^^
src/deriva_ml/dataset/dataset_bag.py:271: in list_dataset_members
    for k, v in nested_dataset.list_dataset_members(recurse=recurse).items():
                ^^^^^^^^^^^^^^^^^^^^^^^^^^^^^^^^^^^^^^^^^^^^^^^^^^^^
src/deriva_ml/dataset/dataset_bag.py:271: in list_dataset_members
    for k, v in nested_dataset.list_dataset_members(recurse=recurse).items():
                ^^^^^^^^^^^^^^^^^^^^^^^^^^^^^^^^^^^^^^^^^^^^^^^^^^^^
src/deriva_ml/dataset/dataset_bag.py:271: in list_dataset_members
    for k, v in nested_dataset.list_dataset_members(recurse=recurse).items():
                ^^^^^^^^^^^^^^^^^^^^^^^^^^^^^^^^^^^^^^^^^^^^^^^^^^^^
src/deriva_ml/dataset/dataset_bag.py:271: in list_dataset_members
    for k, v in nested_dataset.list_dataset_members(recurse=recurse).items():
                ^^^^^^^^^^^^^^^^^^^^^^^^^^^^^^^^^^^^^^^^^^^^^^^^^^^^
src/deriva_ml/dataset/dataset_bag.py:271: in list_dataset_members
    for k, v in nested_dataset.list_dataset_members(recurse=recurse).items():
                ^^^^^^^^^^^^^^^^^^^^^^^^^^^^^^^^^^^^^^^^^^^^^^^^^^^^
src/deriva_ml/dataset/dataset_bag.py:271: in list_dataset_members
    for k, v in nested_dataset.list_dataset_members(recurse=recurse).items():
                ^^^^^^^^^^^^^^^^^^^^^^^^^^^^^^^^^^^^^^^^^^^^^^^^^^^^
src/deriva_ml/dataset/dataset_bag.py:271: in list_dataset_members
    for k, v in nested_dataset.list_dataset_members(recurse=recurse).items():
                ^^^^^^^^^^^^^^^^^^^^^^^^^^^^^^^^^^^^^^^^^^^^^^^^^^^^
src/deriva_ml/dataset/dataset_bag.py:271: in list_dataset_members
    for k, v in nested_dataset.list_dataset_members(recurse=recurse).items():
                ^^^^^^^^^^^^^^^^^^^^^^^^^^^^^^^^^^^^^^^^^^^^^^^^^^^^
src/deriva_ml/dataset/dataset_bag.py:271: in list_dataset_members
    for k, v in nested_dataset.list_dataset_members(recurse=recurse).items():
                ^^^^^^^^^^^^^^^^^^^^^^^^^^^^^^^^^^^^^^^^^^^^^^^^^^^^
src/deriva_ml/dataset/dataset_bag.py:271: in list_dataset_members
    for k, v in nested_dataset.list_dataset_members(recurse=recurse).items():
                ^^^^^^^^^^^^^^^^^^^^^^^^^^^^^^^^^^^^^^^^^^^^^^^^^^^^
src/deriva_ml/dataset/dataset_bag.py:271: in list_dataset_members
    for k, v in nested_dataset.list_dataset_members(recurse=recurse).items():
                ^^^^^^^^^^^^^^^^^^^^^^^^^^^^^^^^^^^^^^^^^^^^^^^^^^^^
src/deriva_ml/dataset/dataset_bag.py:271: in list_dataset_members
    for k, v in nested_dataset.list_dataset_members(recurse=recurse).items():
                ^^^^^^^^^^^^^^^^^^^^^^^^^^^^^^^^^^^^^^^^^^^^^^^^^^^^
src/deriva_ml/dataset/dataset_bag.py:271: in list_dataset_members
    for k, v in nested_dataset.list_dataset_members(recurse=recurse).items():
                ^^^^^^^^^^^^^^^^^^^^^^^^^^^^^^^^^^^^^^^^^^^^^^^^^^^^
src/deriva_ml/dataset/dataset_bag.py:271: in list_dataset_members
    for k, v in nested_dataset.list_dataset_members(recurse=recurse).items():
                ^^^^^^^^^^^^^^^^^^^^^^^^^^^^^^^^^^^^^^^^^^^^^^^^^^^^
src/deriva_ml/dataset/dataset_bag.py:271: in list_dataset_members
    for k, v in nested_dataset.list_dataset_members(recurse=recurse).items():
                ^^^^^^^^^^^^^^^^^^^^^^^^^^^^^^^^^^^^^^^^^^^^^^^^^^^^
src/deriva_ml/dataset/dataset_bag.py:271: in list_dataset_members
    for k, v in nested_dataset.list_dataset_members(recurse=recurse).items():
                ^^^^^^^^^^^^^^^^^^^^^^^^^^^^^^^^^^^^^^^^^^^^^^^^^^^^
src/deriva_ml/dataset/dataset_bag.py:271: in list_dataset_members
    for k, v in nested_dataset.list_dataset_members(recurse=recurse).items():
                ^^^^^^^^^^^^^^^^^^^^^^^^^^^^^^^^^^^^^^^^^^^^^^^^^^^^
src/deriva_ml/dataset/dataset_bag.py:271: in list_dataset_members
    for k, v in nested_dataset.list_dataset_members(recurse=recurse).items():
                ^^^^^^^^^^^^^^^^^^^^^^^^^^^^^^^^^^^^^^^^^^^^^^^^^^^^
src/deriva_ml/dataset/dataset_bag.py:271: in list_dataset_members
    for k, v in nested_dataset.list_dataset_members(recurse=recurse).items():
                ^^^^^^^^^^^^^^^^^^^^^^^^^^^^^^^^^^^^^^^^^^^^^^^^^^^^
src/deriva_ml/dataset/dataset_bag.py:271: in list_dataset_members
    for k, v in nested_dataset.list_dataset_members(recurse=recurse).items():
                ^^^^^^^^^^^^^^^^^^^^^^^^^^^^^^^^^^^^^^^^^^^^^^^^^^^^
src/deriva_ml/dataset/dataset_bag.py:271: in list_dataset_members
    for k, v in nested_dataset.list_dataset_members(recurse=recurse).items():
                ^^^^^^^^^^^^^^^^^^^^^^^^^^^^^^^^^^^^^^^^^^^^^^^^^^^^
src/deriva_ml/dataset/dataset_bag.py:271: in list_dataset_members
    for k, v in nested_dataset.list_dataset_members(recurse=recurse).items():
                ^^^^^^^^^^^^^^^^^^^^^^^^^^^^^^^^^^^^^^^^^^^^^^^^^^^^
src/deriva_ml/dataset/dataset_bag.py:271: in list_dataset_members
    for k, v in nested_dataset.list_dataset_members(recurse=recurse).items():
                ^^^^^^^^^^^^^^^^^^^^^^^^^^^^^^^^^^^^^^^^^^^^^^^^^^^^
src/deriva_ml/dataset/dataset_bag.py:271: in list_dataset_members
    for k, v in nested_dataset.list_dataset_members(recurse=recurse).items():
                ^^^^^^^^^^^^^^^^^^^^^^^^^^^^^^^^^^^^^^^^^^^^^^^^^^^^
src/deriva_ml/dataset/dataset_bag.py:271: in list_dataset_members
    for k, v in nested_dataset.list_dataset_members(recurse=recurse).items():
                ^^^^^^^^^^^^^^^^^^^^^^^^^^^^^^^^^^^^^^^^^^^^^^^^^^^^
src/deriva_ml/dataset/dataset_bag.py:271: in list_dataset_members
    for k, v in nested_dataset.list_dataset_members(recurse=recurse).items():
                ^^^^^^^^^^^^^^^^^^^^^^^^^^^^^^^^^^^^^^^^^^^^^^^^^^^^
src/deriva_ml/dataset/dataset_bag.py:271: in list_dataset_members
    for k, v in nested_dataset.list_dataset_members(recurse=recurse).items():
                ^^^^^^^^^^^^^^^^^^^^^^^^^^^^^^^^^^^^^^^^^^^^^^^^^^^^
src/deriva_ml/dataset/dataset_bag.py:271: in list_dataset_members
    for k, v in nested_dataset.list_dataset_members(recurse=recurse).items():
                ^^^^^^^^^^^^^^^^^^^^^^^^^^^^^^^^^^^^^^^^^^^^^^^^^^^^
src/deriva_ml/dataset/dataset_bag.py:271: in list_dataset_members
    for k, v in nested_dataset.list_dataset_members(recurse=recurse).items():
                ^^^^^^^^^^^^^^^^^^^^^^^^^^^^^^^^^^^^^^^^^^^^^^^^^^^^
src/deriva_ml/dataset/dataset_bag.py:271: in list_dataset_members
    for k, v in nested_dataset.list_dataset_members(recurse=recurse).items():
                ^^^^^^^^^^^^^^^^^^^^^^^^^^^^^^^^^^^^^^^^^^^^^^^^^^^^
src/deriva_ml/dataset/dataset_bag.py:271: in list_dataset_members
    for k, v in nested_dataset.list_dataset_members(recurse=recurse).items():
                ^^^^^^^^^^^^^^^^^^^^^^^^^^^^^^^^^^^^^^^^^^^^^^^^^^^^
src/deriva_ml/dataset/dataset_bag.py:271: in list_dataset_members
    for k, v in nested_dataset.list_dataset_members(recurse=recurse).items():
                ^^^^^^^^^^^^^^^^^^^^^^^^^^^^^^^^^^^^^^^^^^^^^^^^^^^^
src/deriva_ml/dataset/dataset_bag.py:271: in list_dataset_members
    for k, v in nested_dataset.list_dataset_members(recurse=recurse).items():
                ^^^^^^^^^^^^^^^^^^^^^^^^^^^^^^^^^^^^^^^^^^^^^^^^^^^^
src/deriva_ml/dataset/dataset_bag.py:271: in list_dataset_members
    for k, v in nested_dataset.list_dataset_members(recurse=recurse).items():
                ^^^^^^^^^^^^^^^^^^^^^^^^^^^^^^^^^^^^^^^^^^^^^^^^^^^^
src/deriva_ml/dataset/dataset_bag.py:271: in list_dataset_members
    for k, v in nested_dataset.list_dataset_members(recurse=recurse).items():
                ^^^^^^^^^^^^^^^^^^^^^^^^^^^^^^^^^^^^^^^^^^^^^^^^^^^^
src/deriva_ml/dataset/dataset_bag.py:271: in list_dataset_members
    for k, v in nested_dataset.list_dataset_members(recurse=recurse).items():
                ^^^^^^^^^^^^^^^^^^^^^^^^^^^^^^^^^^^^^^^^^^^^^^^^^^^^
src/deriva_ml/dataset/dataset_bag.py:271: in list_dataset_members
    for k, v in nested_dataset.list_dataset_members(recurse=recurse).items():
                ^^^^^^^^^^^^^^^^^^^^^^^^^^^^^^^^^^^^^^^^^^^^^^^^^^^^
src/deriva_ml/dataset/dataset_bag.py:271: in list_dataset_members
    for k, v in nested_dataset.list_dataset_members(recurse=recurse).items():
                ^^^^^^^^^^^^^^^^^^^^^^^^^^^^^^^^^^^^^^^^^^^^^^^^^^^^
src/deriva_ml/dataset/dataset_bag.py:271: in list_dataset_members
    for k, v in nested_dataset.list_dataset_members(recurse=recurse).items():
                ^^^^^^^^^^^^^^^^^^^^^^^^^^^^^^^^^^^^^^^^^^^^^^^^^^^^
src/deriva_ml/dataset/dataset_bag.py:271: in list_dataset_members
    for k, v in nested_dataset.list_dataset_members(recurse=recurse).items():
                ^^^^^^^^^^^^^^^^^^^^^^^^^^^^^^^^^^^^^^^^^^^^^^^^^^^^
src/deriva_ml/dataset/dataset_bag.py:271: in list_dataset_members
    for k, v in nested_dataset.list_dataset_members(recurse=recurse).items():
                ^^^^^^^^^^^^^^^^^^^^^^^^^^^^^^^^^^^^^^^^^^^^^^^^^^^^
src/deriva_ml/dataset/dataset_bag.py:271: in list_dataset_members
    for k, v in nested_dataset.list_dataset_members(recurse=recurse).items():
                ^^^^^^^^^^^^^^^^^^^^^^^^^^^^^^^^^^^^^^^^^^^^^^^^^^^^
src/deriva_ml/dataset/dataset_bag.py:271: in list_dataset_members
    for k, v in nested_dataset.list_dataset_members(recurse=recurse).items():
                ^^^^^^^^^^^^^^^^^^^^^^^^^^^^^^^^^^^^^^^^^^^^^^^^^^^^
src/deriva_ml/dataset/dataset_bag.py:271: in list_dataset_members
    for k, v in nested_dataset.list_dataset_members(recurse=recurse).items():
                ^^^^^^^^^^^^^^^^^^^^^^^^^^^^^^^^^^^^^^^^^^^^^^^^^^^^
src/deriva_ml/dataset/dataset_bag.py:271: in list_dataset_members
    for k, v in nested_dataset.list_dataset_members(recurse=recurse).items():
                ^^^^^^^^^^^^^^^^^^^^^^^^^^^^^^^^^^^^^^^^^^^^^^^^^^^^
src/deriva_ml/dataset/dataset_bag.py:271: in list_dataset_members
    for k, v in nested_dataset.list_dataset_members(recurse=recurse).items():
                ^^^^^^^^^^^^^^^^^^^^^^^^^^^^^^^^^^^^^^^^^^^^^^^^^^^^
src/deriva_ml/dataset/dataset_bag.py:271: in list_dataset_members
    for k, v in nested_dataset.list_dataset_members(recurse=recurse).items():
                ^^^^^^^^^^^^^^^^^^^^^^^^^^^^^^^^^^^^^^^^^^^^^^^^^^^^
src/deriva_ml/dataset/dataset_bag.py:271: in list_dataset_members
    for k, v in nested_dataset.list_dataset_members(recurse=recurse).items():
                ^^^^^^^^^^^^^^^^^^^^^^^^^^^^^^^^^^^^^^^^^^^^^^^^^^^^
src/deriva_ml/dataset/dataset_bag.py:271: in list_dataset_members
    for k, v in nested_dataset.list_dataset_members(recurse=recurse).items():
                ^^^^^^^^^^^^^^^^^^^^^^^^^^^^^^^^^^^^^^^^^^^^^^^^^^^^
src/deriva_ml/dataset/dataset_bag.py:271: in list_dataset_members
    for k, v in nested_dataset.list_dataset_members(recurse=recurse).items():
                ^^^^^^^^^^^^^^^^^^^^^^^^^^^^^^^^^^^^^^^^^^^^^^^^^^^^
src/deriva_ml/dataset/dataset_bag.py:271: in list_dataset_members
    for k, v in nested_dataset.list_dataset_members(recurse=recurse).items():
                ^^^^^^^^^^^^^^^^^^^^^^^^^^^^^^^^^^^^^^^^^^^^^^^^^^^^
src/deriva_ml/dataset/dataset_bag.py:271: in list_dataset_members
    for k, v in nested_dataset.list_dataset_members(recurse=recurse).items():
                ^^^^^^^^^^^^^^^^^^^^^^^^^^^^^^^^^^^^^^^^^^^^^^^^^^^^
src/deriva_ml/dataset/dataset_bag.py:271: in list_dataset_members
    for k, v in nested_dataset.list_dataset_members(recurse=recurse).items():
                ^^^^^^^^^^^^^^^^^^^^^^^^^^^^^^^^^^^^^^^^^^^^^^^^^^^^
src/deriva_ml/dataset/dataset_bag.py:271: in list_dataset_members
    for k, v in nested_dataset.list_dataset_members(recurse=recurse).items():
                ^^^^^^^^^^^^^^^^^^^^^^^^^^^^^^^^^^^^^^^^^^^^^^^^^^^^
src/deriva_ml/dataset/dataset_bag.py:271: in list_dataset_members
    for k, v in nested_dataset.list_dataset_members(recurse=recurse).items():
                ^^^^^^^^^^^^^^^^^^^^^^^^^^^^^^^^^^^^^^^^^^^^^^^^^^^^
src/deriva_ml/dataset/dataset_bag.py:271: in list_dataset_members
    for k, v in nested_dataset.list_dataset_members(recurse=recurse).items():
                ^^^^^^^^^^^^^^^^^^^^^^^^^^^^^^^^^^^^^^^^^^^^^^^^^^^^
src/deriva_ml/dataset/dataset_bag.py:271: in list_dataset_members
    for k, v in nested_dataset.list_dataset_members(recurse=recurse).items():
                ^^^^^^^^^^^^^^^^^^^^^^^^^^^^^^^^^^^^^^^^^^^^^^^^^^^^
src/deriva_ml/dataset/dataset_bag.py:271: in list_dataset_members
    for k, v in nested_dataset.list_dataset_members(recurse=recurse).items():
                ^^^^^^^^^^^^^^^^^^^^^^^^^^^^^^^^^^^^^^^^^^^^^^^^^^^^
src/deriva_ml/dataset/dataset_bag.py:271: in list_dataset_members
    for k, v in nested_dataset.list_dataset_members(recurse=recurse).items():
                ^^^^^^^^^^^^^^^^^^^^^^^^^^^^^^^^^^^^^^^^^^^^^^^^^^^^
src/deriva_ml/dataset/dataset_bag.py:271: in list_dataset_members
    for k, v in nested_dataset.list_dataset_members(recurse=recurse).items():
                ^^^^^^^^^^^^^^^^^^^^^^^^^^^^^^^^^^^^^^^^^^^^^^^^^^^^
src/deriva_ml/dataset/dataset_bag.py:271: in list_dataset_members
    for k, v in nested_dataset.list_dataset_members(recurse=recurse).items():
                ^^^^^^^^^^^^^^^^^^^^^^^^^^^^^^^^^^^^^^^^^^^^^^^^^^^^
src/deriva_ml/dataset/dataset_bag.py:271: in list_dataset_members
    for k, v in nested_dataset.list_dataset_members(recurse=recurse).items():
                ^^^^^^^^^^^^^^^^^^^^^^^^^^^^^^^^^^^^^^^^^^^^^^^^^^^^
src/deriva_ml/dataset/dataset_bag.py:271: in list_dataset_members
    for k, v in nested_dataset.list_dataset_members(recurse=recurse).items():
                ^^^^^^^^^^^^^^^^^^^^^^^^^^^^^^^^^^^^^^^^^^^^^^^^^^^^
src/deriva_ml/dataset/dataset_bag.py:271: in list_dataset_members
    for k, v in nested_dataset.list_dataset_members(recurse=recurse).items():
                ^^^^^^^^^^^^^^^^^^^^^^^^^^^^^^^^^^^^^^^^^^^^^^^^^^^^
src/deriva_ml/dataset/dataset_bag.py:271: in list_dataset_members
    for k, v in nested_dataset.list_dataset_members(recurse=recurse).items():
                ^^^^^^^^^^^^^^^^^^^^^^^^^^^^^^^^^^^^^^^^^^^^^^^^^^^^
src/deriva_ml/dataset/dataset_bag.py:271: in list_dataset_members
    for k, v in nested_dataset.list_dataset_members(recurse=recurse).items():
                ^^^^^^^^^^^^^^^^^^^^^^^^^^^^^^^^^^^^^^^^^^^^^^^^^^^^
src/deriva_ml/dataset/dataset_bag.py:271: in list_dataset_members
    for k, v in nested_dataset.list_dataset_members(recurse=recurse).items():
                ^^^^^^^^^^^^^^^^^^^^^^^^^^^^^^^^^^^^^^^^^^^^^^^^^^^^
src/deriva_ml/dataset/dataset_bag.py:271: in list_dataset_members
    for k, v in nested_dataset.list_dataset_members(recurse=recurse).items():
                ^^^^^^^^^^^^^^^^^^^^^^^^^^^^^^^^^^^^^^^^^^^^^^^^^^^^
src/deriva_ml/dataset/dataset_bag.py:271: in list_dataset_members
    for k, v in nested_dataset.list_dataset_members(recurse=recurse).items():
                ^^^^^^^^^^^^^^^^^^^^^^^^^^^^^^^^^^^^^^^^^^^^^^^^^^^^
src/deriva_ml/dataset/dataset_bag.py:271: in list_dataset_members
    for k, v in nested_dataset.list_dataset_members(recurse=recurse).items():
                ^^^^^^^^^^^^^^^^^^^^^^^^^^^^^^^^^^^^^^^^^^^^^^^^^^^^
src/deriva_ml/dataset/dataset_bag.py:271: in list_dataset_members
    for k, v in nested_dataset.list_dataset_members(recurse=recurse).items():
                ^^^^^^^^^^^^^^^^^^^^^^^^^^^^^^^^^^^^^^^^^^^^^^^^^^^^
src/deriva_ml/dataset/dataset_bag.py:271: in list_dataset_members
    for k, v in nested_dataset.list_dataset_members(recurse=recurse).items():
                ^^^^^^^^^^^^^^^^^^^^^^^^^^^^^^^^^^^^^^^^^^^^^^^^^^^^
src/deriva_ml/dataset/dataset_bag.py:271: in list_dataset_members
    for k, v in nested_dataset.list_dataset_members(recurse=recurse).items():
                ^^^^^^^^^^^^^^^^^^^^^^^^^^^^^^^^^^^^^^^^^^^^^^^^^^^^
src/deriva_ml/dataset/dataset_bag.py:271: in list_dataset_members
    for k, v in nested_dataset.list_dataset_members(recurse=recurse).items():
                ^^^^^^^^^^^^^^^^^^^^^^^^^^^^^^^^^^^^^^^^^^^^^^^^^^^^
src/deriva_ml/dataset/dataset_bag.py:271: in list_dataset_members
    for k, v in nested_dataset.list_dataset_members(recurse=recurse).items():
                ^^^^^^^^^^^^^^^^^^^^^^^^^^^^^^^^^^^^^^^^^^^^^^^^^^^^
src/deriva_ml/dataset/dataset_bag.py:271: in list_dataset_members
    for k, v in nested_dataset.list_dataset_members(recurse=recurse).items():
                ^^^^^^^^^^^^^^^^^^^^^^^^^^^^^^^^^^^^^^^^^^^^^^^^^^^^
src/deriva_ml/dataset/dataset_bag.py:271: in list_dataset_members
    for k, v in nested_dataset.list_dataset_members(recurse=recurse).items():
                ^^^^^^^^^^^^^^^^^^^^^^^^^^^^^^^^^^^^^^^^^^^^^^^^^^^^
src/deriva_ml/dataset/dataset_bag.py:271: in list_dataset_members
    for k, v in nested_dataset.list_dataset_members(recurse=recurse).items():
                ^^^^^^^^^^^^^^^^^^^^^^^^^^^^^^^^^^^^^^^^^^^^^^^^^^^^
src/deriva_ml/dataset/dataset_bag.py:271: in list_dataset_members
    for k, v in nested_dataset.list_dataset_members(recurse=recurse).items():
                ^^^^^^^^^^^^^^^^^^^^^^^^^^^^^^^^^^^^^^^^^^^^^^^^^^^^
src/deriva_ml/dataset/dataset_bag.py:271: in list_dataset_members
    for k, v in nested_dataset.list_dataset_members(recurse=recurse).items():
                ^^^^^^^^^^^^^^^^^^^^^^^^^^^^^^^^^^^^^^^^^^^^^^^^^^^^
src/deriva_ml/dataset/dataset_bag.py:271: in list_dataset_members
    for k, v in nested_dataset.list_dataset_members(recurse=recurse).items():
                ^^^^^^^^^^^^^^^^^^^^^^^^^^^^^^^^^^^^^^^^^^^^^^^^^^^^
src/deriva_ml/dataset/dataset_bag.py:271: in list_dataset_members
    for k, v in nested_dataset.list_dataset_members(recurse=recurse).items():
                ^^^^^^^^^^^^^^^^^^^^^^^^^^^^^^^^^^^^^^^^^^^^^^^^^^^^
src/deriva_ml/dataset/dataset_bag.py:271: in list_dataset_members
    for k, v in nested_dataset.list_dataset_members(recurse=recurse).items():
                ^^^^^^^^^^^^^^^^^^^^^^^^^^^^^^^^^^^^^^^^^^^^^^^^^^^^
src/deriva_ml/dataset/dataset_bag.py:271: in list_dataset_members
    for k, v in nested_dataset.list_dataset_members(recurse=recurse).items():
                ^^^^^^^^^^^^^^^^^^^^^^^^^^^^^^^^^^^^^^^^^^^^^^^^^^^^
src/deriva_ml/dataset/dataset_bag.py:271: in list_dataset_members
    for k, v in nested_dataset.list_dataset_members(recurse=recurse).items():
                ^^^^^^^^^^^^^^^^^^^^^^^^^^^^^^^^^^^^^^^^^^^^^^^^^^^^
src/deriva_ml/dataset/dataset_bag.py:271: in list_dataset_members
    for k, v in nested_dataset.list_dataset_members(recurse=recurse).items():
                ^^^^^^^^^^^^^^^^^^^^^^^^^^^^^^^^^^^^^^^^^^^^^^^^^^^^
src/deriva_ml/dataset/dataset_bag.py:271: in list_dataset_members
    for k, v in nested_dataset.list_dataset_members(recurse=recurse).items():
                ^^^^^^^^^^^^^^^^^^^^^^^^^^^^^^^^^^^^^^^^^^^^^^^^^^^^
src/deriva_ml/dataset/dataset_bag.py:271: in list_dataset_members
    for k, v in nested_dataset.list_dataset_members(recurse=recurse).items():
                ^^^^^^^^^^^^^^^^^^^^^^^^^^^^^^^^^^^^^^^^^^^^^^^^^^^^
src/deriva_ml/dataset/dataset_bag.py:271: in list_dataset_members
    for k, v in nested_dataset.list_dataset_members(recurse=recurse).items():
                ^^^^^^^^^^^^^^^^^^^^^^^^^^^^^^^^^^^^^^^^^^^^^^^^^^^^
src/deriva_ml/dataset/dataset_bag.py:271: in list_dataset_members
    for k, v in nested_dataset.list_dataset_members(recurse=recurse).items():
                ^^^^^^^^^^^^^^^^^^^^^^^^^^^^^^^^^^^^^^^^^^^^^^^^^^^^
src/deriva_ml/dataset/dataset_bag.py:271: in list_dataset_members
    for k, v in nested_dataset.list_dataset_members(recurse=recurse).items():
                ^^^^^^^^^^^^^^^^^^^^^^^^^^^^^^^^^^^^^^^^^^^^^^^^^^^^
src/deriva_ml/dataset/dataset_bag.py:271: in list_dataset_members
    for k, v in nested_dataset.list_dataset_members(recurse=recurse).items():
                ^^^^^^^^^^^^^^^^^^^^^^^^^^^^^^^^^^^^^^^^^^^^^^^^^^^^
src/deriva_ml/dataset/dataset_bag.py:271: in list_dataset_members
    for k, v in nested_dataset.list_dataset_members(recurse=recurse).items():
                ^^^^^^^^^^^^^^^^^^^^^^^^^^^^^^^^^^^^^^^^^^^^^^^^^^^^
src/deriva_ml/dataset/dataset_bag.py:271: in list_dataset_members
    for k, v in nested_dataset.list_dataset_members(recurse=recurse).items():
                ^^^^^^^^^^^^^^^^^^^^^^^^^^^^^^^^^^^^^^^^^^^^^^^^^^^^
src/deriva_ml/dataset/dataset_bag.py:271: in list_dataset_members
    for k, v in nested_dataset.list_dataset_members(recurse=recurse).items():
                ^^^^^^^^^^^^^^^^^^^^^^^^^^^^^^^^^^^^^^^^^^^^^^^^^^^^
src/deriva_ml/dataset/dataset_bag.py:271: in list_dataset_members
    for k, v in nested_dataset.list_dataset_members(recurse=recurse).items():
                ^^^^^^^^^^^^^^^^^^^^^^^^^^^^^^^^^^^^^^^^^^^^^^^^^^^^
src/deriva_ml/dataset/dataset_bag.py:271: in list_dataset_members
    for k, v in nested_dataset.list_dataset_members(recurse=recurse).items():
                ^^^^^^^^^^^^^^^^^^^^^^^^^^^^^^^^^^^^^^^^^^^^^^^^^^^^
src/deriva_ml/dataset/dataset_bag.py:271: in list_dataset_members
    for k, v in nested_dataset.list_dataset_members(recurse=recurse).items():
                ^^^^^^^^^^^^^^^^^^^^^^^^^^^^^^^^^^^^^^^^^^^^^^^^^^^^
src/deriva_ml/dataset/dataset_bag.py:271: in list_dataset_members
    for k, v in nested_dataset.list_dataset_members(recurse=recurse).items():
                ^^^^^^^^^^^^^^^^^^^^^^^^^^^^^^^^^^^^^^^^^^^^^^^^^^^^
src/deriva_ml/dataset/dataset_bag.py:271: in list_dataset_members
    for k, v in nested_dataset.list_dataset_members(recurse=recurse).items():
                ^^^^^^^^^^^^^^^^^^^^^^^^^^^^^^^^^^^^^^^^^^^^^^^^^^^^
src/deriva_ml/dataset/dataset_bag.py:271: in list_dataset_members
    for k, v in nested_dataset.list_dataset_members(recurse=recurse).items():
                ^^^^^^^^^^^^^^^^^^^^^^^^^^^^^^^^^^^^^^^^^^^^^^^^^^^^
src/deriva_ml/dataset/dataset_bag.py:271: in list_dataset_members
    for k, v in nested_dataset.list_dataset_members(recurse=recurse).items():
                ^^^^^^^^^^^^^^^^^^^^^^^^^^^^^^^^^^^^^^^^^^^^^^^^^^^^
src/deriva_ml/dataset/dataset_bag.py:271: in list_dataset_members
    for k, v in nested_dataset.list_dataset_members(recurse=recurse).items():
                ^^^^^^^^^^^^^^^^^^^^^^^^^^^^^^^^^^^^^^^^^^^^^^^^^^^^
src/deriva_ml/dataset/dataset_bag.py:271: in list_dataset_members
    for k, v in nested_dataset.list_dataset_members(recurse=recurse).items():
                ^^^^^^^^^^^^^^^^^^^^^^^^^^^^^^^^^^^^^^^^^^^^^^^^^^^^
src/deriva_ml/dataset/dataset_bag.py:271: in list_dataset_members
    for k, v in nested_dataset.list_dataset_members(recurse=recurse).items():
                ^^^^^^^^^^^^^^^^^^^^^^^^^^^^^^^^^^^^^^^^^^^^^^^^^^^^
src/deriva_ml/dataset/dataset_bag.py:271: in list_dataset_members
    for k, v in nested_dataset.list_dataset_members(recurse=recurse).items():
                ^^^^^^^^^^^^^^^^^^^^^^^^^^^^^^^^^^^^^^^^^^^^^^^^^^^^
src/deriva_ml/dataset/dataset_bag.py:271: in list_dataset_members
    for k, v in nested_dataset.list_dataset_members(recurse=recurse).items():
                ^^^^^^^^^^^^^^^^^^^^^^^^^^^^^^^^^^^^^^^^^^^^^^^^^^^^
src/deriva_ml/dataset/dataset_bag.py:271: in list_dataset_members
    for k, v in nested_dataset.list_dataset_members(recurse=recurse).items():
                ^^^^^^^^^^^^^^^^^^^^^^^^^^^^^^^^^^^^^^^^^^^^^^^^^^^^
src/deriva_ml/dataset/dataset_bag.py:271: in list_dataset_members
    for k, v in nested_dataset.list_dataset_members(recurse=recurse).items():
                ^^^^^^^^^^^^^^^^^^^^^^^^^^^^^^^^^^^^^^^^^^^^^^^^^^^^
src/deriva_ml/dataset/dataset_bag.py:271: in list_dataset_members
    for k, v in nested_dataset.list_dataset_members(recurse=recurse).items():
                ^^^^^^^^^^^^^^^^^^^^^^^^^^^^^^^^^^^^^^^^^^^^^^^^^^^^
src/deriva_ml/dataset/dataset_bag.py:271: in list_dataset_members
    for k, v in nested_dataset.list_dataset_members(recurse=recurse).items():
                ^^^^^^^^^^^^^^^^^^^^^^^^^^^^^^^^^^^^^^^^^^^^^^^^^^^^
src/deriva_ml/dataset/dataset_bag.py:271: in list_dataset_members
    for k, v in nested_dataset.list_dataset_members(recurse=recurse).items():
                ^^^^^^^^^^^^^^^^^^^^^^^^^^^^^^^^^^^^^^^^^^^^^^^^^^^^
src/deriva_ml/dataset/dataset_bag.py:271: in list_dataset_members
    for k, v in nested_dataset.list_dataset_members(recurse=recurse).items():
                ^^^^^^^^^^^^^^^^^^^^^^^^^^^^^^^^^^^^^^^^^^^^^^^^^^^^
src/deriva_ml/dataset/dataset_bag.py:271: in list_dataset_members
    for k, v in nested_dataset.list_dataset_members(recurse=recurse).items():
                ^^^^^^^^^^^^^^^^^^^^^^^^^^^^^^^^^^^^^^^^^^^^^^^^^^^^
src/deriva_ml/dataset/dataset_bag.py:271: in list_dataset_members
    for k, v in nested_dataset.list_dataset_members(recurse=recurse).items():
                ^^^^^^^^^^^^^^^^^^^^^^^^^^^^^^^^^^^^^^^^^^^^^^^^^^^^
src/deriva_ml/dataset/dataset_bag.py:271: in list_dataset_members
    for k, v in nested_dataset.list_dataset_members(recurse=recurse).items():
                ^^^^^^^^^^^^^^^^^^^^^^^^^^^^^^^^^^^^^^^^^^^^^^^^^^^^
src/deriva_ml/dataset/dataset_bag.py:271: in list_dataset_members
    for k, v in nested_dataset.list_dataset_members(recurse=recurse).items():
                ^^^^^^^^^^^^^^^^^^^^^^^^^^^^^^^^^^^^^^^^^^^^^^^^^^^^
src/deriva_ml/dataset/dataset_bag.py:271: in list_dataset_members
    for k, v in nested_dataset.list_dataset_members(recurse=recurse).items():
                ^^^^^^^^^^^^^^^^^^^^^^^^^^^^^^^^^^^^^^^^^^^^^^^^^^^^
src/deriva_ml/dataset/dataset_bag.py:271: in list_dataset_members
    for k, v in nested_dataset.list_dataset_members(recurse=recurse).items():
                ^^^^^^^^^^^^^^^^^^^^^^^^^^^^^^^^^^^^^^^^^^^^^^^^^^^^
src/deriva_ml/dataset/dataset_bag.py:271: in list_dataset_members
    for k, v in nested_dataset.list_dataset_members(recurse=recurse).items():
                ^^^^^^^^^^^^^^^^^^^^^^^^^^^^^^^^^^^^^^^^^^^^^^^^^^^^
src/deriva_ml/dataset/dataset_bag.py:271: in list_dataset_members
    for k, v in nested_dataset.list_dataset_members(recurse=recurse).items():
                ^^^^^^^^^^^^^^^^^^^^^^^^^^^^^^^^^^^^^^^^^^^^^^^^^^^^
src/deriva_ml/dataset/dataset_bag.py:271: in list_dataset_members
    for k, v in nested_dataset.list_dataset_members(recurse=recurse).items():
                ^^^^^^^^^^^^^^^^^^^^^^^^^^^^^^^^^^^^^^^^^^^^^^^^^^^^
src/deriva_ml/dataset/dataset_bag.py:271: in list_dataset_members
    for k, v in nested_dataset.list_dataset_members(recurse=recurse).items():
                ^^^^^^^^^^^^^^^^^^^^^^^^^^^^^^^^^^^^^^^^^^^^^^^^^^^^
src/deriva_ml/dataset/dataset_bag.py:271: in list_dataset_members
    for k, v in nested_dataset.list_dataset_members(recurse=recurse).items():
                ^^^^^^^^^^^^^^^^^^^^^^^^^^^^^^^^^^^^^^^^^^^^^^^^^^^^
src/deriva_ml/dataset/dataset_bag.py:271: in list_dataset_members
    for k, v in nested_dataset.list_dataset_members(recurse=recurse).items():
                ^^^^^^^^^^^^^^^^^^^^^^^^^^^^^^^^^^^^^^^^^^^^^^^^^^^^
src/deriva_ml/dataset/dataset_bag.py:271: in list_dataset_members
    for k, v in nested_dataset.list_dataset_members(recurse=recurse).items():
                ^^^^^^^^^^^^^^^^^^^^^^^^^^^^^^^^^^^^^^^^^^^^^^^^^^^^
src/deriva_ml/dataset/dataset_bag.py:271: in list_dataset_members
    for k, v in nested_dataset.list_dataset_members(recurse=recurse).items():
                ^^^^^^^^^^^^^^^^^^^^^^^^^^^^^^^^^^^^^^^^^^^^^^^^^^^^
src/deriva_ml/dataset/dataset_bag.py:271: in list_dataset_members
    for k, v in nested_dataset.list_dataset_members(recurse=recurse).items():
                ^^^^^^^^^^^^^^^^^^^^^^^^^^^^^^^^^^^^^^^^^^^^^^^^^^^^
src/deriva_ml/dataset/dataset_bag.py:271: in list_dataset_members
    for k, v in nested_dataset.list_dataset_members(recurse=recurse).items():
                ^^^^^^^^^^^^^^^^^^^^^^^^^^^^^^^^^^^^^^^^^^^^^^^^^^^^
src/deriva_ml/dataset/dataset_bag.py:271: in list_dataset_members
    for k, v in nested_dataset.list_dataset_members(recurse=recurse).items():
                ^^^^^^^^^^^^^^^^^^^^^^^^^^^^^^^^^^^^^^^^^^^^^^^^^^^^
src/deriva_ml/dataset/dataset_bag.py:271: in list_dataset_members
    for k, v in nested_dataset.list_dataset_members(recurse=recurse).items():
                ^^^^^^^^^^^^^^^^^^^^^^^^^^^^^^^^^^^^^^^^^^^^^^^^^^^^
src/deriva_ml/dataset/dataset_bag.py:271: in list_dataset_members
    for k, v in nested_dataset.list_dataset_members(recurse=recurse).items():
                ^^^^^^^^^^^^^^^^^^^^^^^^^^^^^^^^^^^^^^^^^^^^^^^^^^^^
src/deriva_ml/dataset/dataset_bag.py:271: in list_dataset_members
    for k, v in nested_dataset.list_dataset_members(recurse=recurse).items():
                ^^^^^^^^^^^^^^^^^^^^^^^^^^^^^^^^^^^^^^^^^^^^^^^^^^^^
src/deriva_ml/dataset/dataset_bag.py:271: in list_dataset_members
    for k, v in nested_dataset.list_dataset_members(recurse=recurse).items():
                ^^^^^^^^^^^^^^^^^^^^^^^^^^^^^^^^^^^^^^^^^^^^^^^^^^^^
src/deriva_ml/dataset/dataset_bag.py:271: in list_dataset_members
    for k, v in nested_dataset.list_dataset_members(recurse=recurse).items():
                ^^^^^^^^^^^^^^^^^^^^^^^^^^^^^^^^^^^^^^^^^^^^^^^^^^^^
src/deriva_ml/dataset/dataset_bag.py:271: in list_dataset_members
    for k, v in nested_dataset.list_dataset_members(recurse=recurse).items():
                ^^^^^^^^^^^^^^^^^^^^^^^^^^^^^^^^^^^^^^^^^^^^^^^^^^^^
src/deriva_ml/dataset/dataset_bag.py:271: in list_dataset_members
    for k, v in nested_dataset.list_dataset_members(recurse=recurse).items():
                ^^^^^^^^^^^^^^^^^^^^^^^^^^^^^^^^^^^^^^^^^^^^^^^^^^^^
src/deriva_ml/dataset/dataset_bag.py:271: in list_dataset_members
    for k, v in nested_dataset.list_dataset_members(recurse=recurse).items():
                ^^^^^^^^^^^^^^^^^^^^^^^^^^^^^^^^^^^^^^^^^^^^^^^^^^^^
src/deriva_ml/dataset/dataset_bag.py:271: in list_dataset_members
    for k, v in nested_dataset.list_dataset_members(recurse=recurse).items():
                ^^^^^^^^^^^^^^^^^^^^^^^^^^^^^^^^^^^^^^^^^^^^^^^^^^^^
src/deriva_ml/dataset/dataset_bag.py:271: in list_dataset_members
    for k, v in nested_dataset.list_dataset_members(recurse=recurse).items():
                ^^^^^^^^^^^^^^^^^^^^^^^^^^^^^^^^^^^^^^^^^^^^^^^^^^^^
src/deriva_ml/dataset/dataset_bag.py:271: in list_dataset_members
    for k, v in nested_dataset.list_dataset_members(recurse=recurse).items():
                ^^^^^^^^^^^^^^^^^^^^^^^^^^^^^^^^^^^^^^^^^^^^^^^^^^^^
src/deriva_ml/dataset/dataset_bag.py:271: in list_dataset_members
    for k, v in nested_dataset.list_dataset_members(recurse=recurse).items():
                ^^^^^^^^^^^^^^^^^^^^^^^^^^^^^^^^^^^^^^^^^^^^^^^^^^^^
src/deriva_ml/dataset/dataset_bag.py:271: in list_dataset_members
    for k, v in nested_dataset.list_dataset_members(recurse=recurse).items():
                ^^^^^^^^^^^^^^^^^^^^^^^^^^^^^^^^^^^^^^^^^^^^^^^^^^^^
src/deriva_ml/dataset/dataset_bag.py:271: in list_dataset_members
    for k, v in nested_dataset.list_dataset_members(recurse=recurse).items():
                ^^^^^^^^^^^^^^^^^^^^^^^^^^^^^^^^^^^^^^^^^^^^^^^^^^^^
src/deriva_ml/dataset/dataset_bag.py:271: in list_dataset_members
    for k, v in nested_dataset.list_dataset_members(recurse=recurse).items():
                ^^^^^^^^^^^^^^^^^^^^^^^^^^^^^^^^^^^^^^^^^^^^^^^^^^^^
src/deriva_ml/dataset/dataset_bag.py:271: in list_dataset_members
    for k, v in nested_dataset.list_dataset_members(recurse=recurse).items():
                ^^^^^^^^^^^^^^^^^^^^^^^^^^^^^^^^^^^^^^^^^^^^^^^^^^^^
src/deriva_ml/dataset/dataset_bag.py:271: in list_dataset_members
    for k, v in nested_dataset.list_dataset_members(recurse=recurse).items():
                ^^^^^^^^^^^^^^^^^^^^^^^^^^^^^^^^^^^^^^^^^^^^^^^^^^^^
src/deriva_ml/dataset/dataset_bag.py:271: in list_dataset_members
    for k, v in nested_dataset.list_dataset_members(recurse=recurse).items():
                ^^^^^^^^^^^^^^^^^^^^^^^^^^^^^^^^^^^^^^^^^^^^^^^^^^^^
src/deriva_ml/dataset/dataset_bag.py:271: in list_dataset_members
    for k, v in nested_dataset.list_dataset_members(recurse=recurse).items():
                ^^^^^^^^^^^^^^^^^^^^^^^^^^^^^^^^^^^^^^^^^^^^^^^^^^^^
src/deriva_ml/dataset/dataset_bag.py:271: in list_dataset_members
    for k, v in nested_dataset.list_dataset_members(recurse=recurse).items():
                ^^^^^^^^^^^^^^^^^^^^^^^^^^^^^^^^^^^^^^^^^^^^^^^^^^^^
src/deriva_ml/dataset/dataset_bag.py:271: in list_dataset_members
    for k, v in nested_dataset.list_dataset_members(recurse=recurse).items():
                ^^^^^^^^^^^^^^^^^^^^^^^^^^^^^^^^^^^^^^^^^^^^^^^^^^^^
src/deriva_ml/dataset/dataset_bag.py:271: in list_dataset_members
    for k, v in nested_dataset.list_dataset_members(recurse=recurse).items():
                ^^^^^^^^^^^^^^^^^^^^^^^^^^^^^^^^^^^^^^^^^^^^^^^^^^^^
src/deriva_ml/dataset/dataset_bag.py:271: in list_dataset_members
    for k, v in nested_dataset.list_dataset_members(recurse=recurse).items():
                ^^^^^^^^^^^^^^^^^^^^^^^^^^^^^^^^^^^^^^^^^^^^^^^^^^^^
src/deriva_ml/dataset/dataset_bag.py:271: in list_dataset_members
    for k, v in nested_dataset.list_dataset_members(recurse=recurse).items():
                ^^^^^^^^^^^^^^^^^^^^^^^^^^^^^^^^^^^^^^^^^^^^^^^^^^^^
src/deriva_ml/dataset/dataset_bag.py:271: in list_dataset_members
    for k, v in nested_dataset.list_dataset_members(recurse=recurse).items():
                ^^^^^^^^^^^^^^^^^^^^^^^^^^^^^^^^^^^^^^^^^^^^^^^^^^^^
src/deriva_ml/dataset/dataset_bag.py:271: in list_dataset_members
    for k, v in nested_dataset.list_dataset_members(recurse=recurse).items():
                ^^^^^^^^^^^^^^^^^^^^^^^^^^^^^^^^^^^^^^^^^^^^^^^^^^^^
src/deriva_ml/dataset/dataset_bag.py:271: in list_dataset_members
    for k, v in nested_dataset.list_dataset_members(recurse=recurse).items():
                ^^^^^^^^^^^^^^^^^^^^^^^^^^^^^^^^^^^^^^^^^^^^^^^^^^^^
src/deriva_ml/dataset/dataset_bag.py:271: in list_dataset_members
    for k, v in nested_dataset.list_dataset_members(recurse=recurse).items():
                ^^^^^^^^^^^^^^^^^^^^^^^^^^^^^^^^^^^^^^^^^^^^^^^^^^^^
src/deriva_ml/dataset/dataset_bag.py:271: in list_dataset_members
    for k, v in nested_dataset.list_dataset_members(recurse=recurse).items():
                ^^^^^^^^^^^^^^^^^^^^^^^^^^^^^^^^^^^^^^^^^^^^^^^^^^^^
src/deriva_ml/dataset/dataset_bag.py:271: in list_dataset_members
    for k, v in nested_dataset.list_dataset_members(recurse=recurse).items():
                ^^^^^^^^^^^^^^^^^^^^^^^^^^^^^^^^^^^^^^^^^^^^^^^^^^^^
src/deriva_ml/dataset/dataset_bag.py:271: in list_dataset_members
    for k, v in nested_dataset.list_dataset_members(recurse=recurse).items():
                ^^^^^^^^^^^^^^^^^^^^^^^^^^^^^^^^^^^^^^^^^^^^^^^^^^^^
src/deriva_ml/dataset/dataset_bag.py:271: in list_dataset_members
    for k, v in nested_dataset.list_dataset_members(recurse=recurse).items():
                ^^^^^^^^^^^^^^^^^^^^^^^^^^^^^^^^^^^^^^^^^^^^^^^^^^^^
src/deriva_ml/dataset/dataset_bag.py:271: in list_dataset_members
    for k, v in nested_dataset.list_dataset_members(recurse=recurse).items():
                ^^^^^^^^^^^^^^^^^^^^^^^^^^^^^^^^^^^^^^^^^^^^^^^^^^^^
src/deriva_ml/dataset/dataset_bag.py:271: in list_dataset_members
    for k, v in nested_dataset.list_dataset_members(recurse=recurse).items():
                ^^^^^^^^^^^^^^^^^^^^^^^^^^^^^^^^^^^^^^^^^^^^^^^^^^^^
src/deriva_ml/dataset/dataset_bag.py:271: in list_dataset_members
    for k, v in nested_dataset.list_dataset_members(recurse=recurse).items():
                ^^^^^^^^^^^^^^^^^^^^^^^^^^^^^^^^^^^^^^^^^^^^^^^^^^^^
src/deriva_ml/dataset/dataset_bag.py:271: in list_dataset_members
    for k, v in nested_dataset.list_dataset_members(recurse=recurse).items():
                ^^^^^^^^^^^^^^^^^^^^^^^^^^^^^^^^^^^^^^^^^^^^^^^^^^^^
src/deriva_ml/dataset/dataset_bag.py:271: in list_dataset_members
    for k, v in nested_dataset.list_dataset_members(recurse=recurse).items():
                ^^^^^^^^^^^^^^^^^^^^^^^^^^^^^^^^^^^^^^^^^^^^^^^^^^^^
src/deriva_ml/dataset/dataset_bag.py:271: in list_dataset_members
    for k, v in nested_dataset.list_dataset_members(recurse=recurse).items():
                ^^^^^^^^^^^^^^^^^^^^^^^^^^^^^^^^^^^^^^^^^^^^^^^^^^^^
src/deriva_ml/dataset/dataset_bag.py:271: in list_dataset_members
    for k, v in nested_dataset.list_dataset_members(recurse=recurse).items():
                ^^^^^^^^^^^^^^^^^^^^^^^^^^^^^^^^^^^^^^^^^^^^^^^^^^^^
src/deriva_ml/dataset/dataset_bag.py:271: in list_dataset_members
    for k, v in nested_dataset.list_dataset_members(recurse=recurse).items():
                ^^^^^^^^^^^^^^^^^^^^^^^^^^^^^^^^^^^^^^^^^^^^^^^^^^^^
src/deriva_ml/dataset/dataset_bag.py:271: in list_dataset_members
    for k, v in nested_dataset.list_dataset_members(recurse=recurse).items():
                ^^^^^^^^^^^^^^^^^^^^^^^^^^^^^^^^^^^^^^^^^^^^^^^^^^^^
src/deriva_ml/dataset/dataset_bag.py:271: in list_dataset_members
    for k, v in nested_dataset.list_dataset_members(recurse=recurse).items():
                ^^^^^^^^^^^^^^^^^^^^^^^^^^^^^^^^^^^^^^^^^^^^^^^^^^^^
src/deriva_ml/dataset/dataset_bag.py:271: in list_dataset_members
    for k, v in nested_dataset.list_dataset_members(recurse=recurse).items():
                ^^^^^^^^^^^^^^^^^^^^^^^^^^^^^^^^^^^^^^^^^^^^^^^^^^^^
src/deriva_ml/dataset/dataset_bag.py:271: in list_dataset_members
    for k, v in nested_dataset.list_dataset_members(recurse=recurse).items():
                ^^^^^^^^^^^^^^^^^^^^^^^^^^^^^^^^^^^^^^^^^^^^^^^^^^^^
src/deriva_ml/dataset/dataset_bag.py:271: in list_dataset_members
    for k, v in nested_dataset.list_dataset_members(recurse=recurse).items():
                ^^^^^^^^^^^^^^^^^^^^^^^^^^^^^^^^^^^^^^^^^^^^^^^^^^^^
src/deriva_ml/dataset/dataset_bag.py:271: in list_dataset_members
    for k, v in nested_dataset.list_dataset_members(recurse=recurse).items():
                ^^^^^^^^^^^^^^^^^^^^^^^^^^^^^^^^^^^^^^^^^^^^^^^^^^^^
src/deriva_ml/dataset/dataset_bag.py:271: in list_dataset_members
    for k, v in nested_dataset.list_dataset_members(recurse=recurse).items():
                ^^^^^^^^^^^^^^^^^^^^^^^^^^^^^^^^^^^^^^^^^^^^^^^^^^^^
src/deriva_ml/dataset/dataset_bag.py:271: in list_dataset_members
    for k, v in nested_dataset.list_dataset_members(recurse=recurse).items():
                ^^^^^^^^^^^^^^^^^^^^^^^^^^^^^^^^^^^^^^^^^^^^^^^^^^^^
src/deriva_ml/dataset/dataset_bag.py:271: in list_dataset_members
    for k, v in nested_dataset.list_dataset_members(recurse=recurse).items():
                ^^^^^^^^^^^^^^^^^^^^^^^^^^^^^^^^^^^^^^^^^^^^^^^^^^^^
src/deriva_ml/dataset/dataset_bag.py:271: in list_dataset_members
    for k, v in nested_dataset.list_dataset_members(recurse=recurse).items():
                ^^^^^^^^^^^^^^^^^^^^^^^^^^^^^^^^^^^^^^^^^^^^^^^^^^^^
src/deriva_ml/dataset/dataset_bag.py:271: in list_dataset_members
    for k, v in nested_dataset.list_dataset_members(recurse=recurse).items():
                ^^^^^^^^^^^^^^^^^^^^^^^^^^^^^^^^^^^^^^^^^^^^^^^^^^^^
src/deriva_ml/dataset/dataset_bag.py:271: in list_dataset_members
    for k, v in nested_dataset.list_dataset_members(recurse=recurse).items():
                ^^^^^^^^^^^^^^^^^^^^^^^^^^^^^^^^^^^^^^^^^^^^^^^^^^^^
src/deriva_ml/dataset/dataset_bag.py:271: in list_dataset_members
    for k, v in nested_dataset.list_dataset_members(recurse=recurse).items():
                ^^^^^^^^^^^^^^^^^^^^^^^^^^^^^^^^^^^^^^^^^^^^^^^^^^^^
src/deriva_ml/dataset/dataset_bag.py:271: in list_dataset_members
    for k, v in nested_dataset.list_dataset_members(recurse=recurse).items():
                ^^^^^^^^^^^^^^^^^^^^^^^^^^^^^^^^^^^^^^^^^^^^^^^^^^^^
src/deriva_ml/dataset/dataset_bag.py:271: in list_dataset_members
    for k, v in nested_dataset.list_dataset_members(recurse=recurse).items():
                ^^^^^^^^^^^^^^^^^^^^^^^^^^^^^^^^^^^^^^^^^^^^^^^^^^^^
src/deriva_ml/dataset/dataset_bag.py:271: in list_dataset_members
    for k, v in nested_dataset.list_dataset_members(recurse=recurse).items():
                ^^^^^^^^^^^^^^^^^^^^^^^^^^^^^^^^^^^^^^^^^^^^^^^^^^^^
src/deriva_ml/dataset/dataset_bag.py:271: in list_dataset_members
    for k, v in nested_dataset.list_dataset_members(recurse=recurse).items():
                ^^^^^^^^^^^^^^^^^^^^^^^^^^^^^^^^^^^^^^^^^^^^^^^^^^^^
src/deriva_ml/dataset/dataset_bag.py:271: in list_dataset_members
    for k, v in nested_dataset.list_dataset_members(recurse=recurse).items():
                ^^^^^^^^^^^^^^^^^^^^^^^^^^^^^^^^^^^^^^^^^^^^^^^^^^^^
src/deriva_ml/dataset/dataset_bag.py:271: in list_dataset_members
    for k, v in nested_dataset.list_dataset_members(recurse=recurse).items():
                ^^^^^^^^^^^^^^^^^^^^^^^^^^^^^^^^^^^^^^^^^^^^^^^^^^^^
src/deriva_ml/dataset/dataset_bag.py:271: in list_dataset_members
    for k, v in nested_dataset.list_dataset_members(recurse=recurse).items():
                ^^^^^^^^^^^^^^^^^^^^^^^^^^^^^^^^^^^^^^^^^^^^^^^^^^^^
src/deriva_ml/dataset/dataset_bag.py:271: in list_dataset_members
    for k, v in nested_dataset.list_dataset_members(recurse=recurse).items():
                ^^^^^^^^^^^^^^^^^^^^^^^^^^^^^^^^^^^^^^^^^^^^^^^^^^^^
src/deriva_ml/dataset/dataset_bag.py:271: in list_dataset_members
    for k, v in nested_dataset.list_dataset_members(recurse=recurse).items():
                ^^^^^^^^^^^^^^^^^^^^^^^^^^^^^^^^^^^^^^^^^^^^^^^^^^^^
src/deriva_ml/dataset/dataset_bag.py:271: in list_dataset_members
    for k, v in nested_dataset.list_dataset_members(recurse=recurse).items():
                ^^^^^^^^^^^^^^^^^^^^^^^^^^^^^^^^^^^^^^^^^^^^^^^^^^^^
src/deriva_ml/dataset/dataset_bag.py:271: in list_dataset_members
    for k, v in nested_dataset.list_dataset_members(recurse=recurse).items():
                ^^^^^^^^^^^^^^^^^^^^^^^^^^^^^^^^^^^^^^^^^^^^^^^^^^^^
src/deriva_ml/dataset/dataset_bag.py:271: in list_dataset_members
    for k, v in nested_dataset.list_dataset_members(recurse=recurse).items():
                ^^^^^^^^^^^^^^^^^^^^^^^^^^^^^^^^^^^^^^^^^^^^^^^^^^^^
src/deriva_ml/dataset/dataset_bag.py:271: in list_dataset_members
    for k, v in nested_dataset.list_dataset_members(recurse=recurse).items():
                ^^^^^^^^^^^^^^^^^^^^^^^^^^^^^^^^^^^^^^^^^^^^^^^^^^^^
src/deriva_ml/dataset/dataset_bag.py:271: in list_dataset_members
    for k, v in nested_dataset.list_dataset_members(recurse=recurse).items():
                ^^^^^^^^^^^^^^^^^^^^^^^^^^^^^^^^^^^^^^^^^^^^^^^^^^^^
src/deriva_ml/dataset/dataset_bag.py:271: in list_dataset_members
    for k, v in nested_dataset.list_dataset_members(recurse=recurse).items():
                ^^^^^^^^^^^^^^^^^^^^^^^^^^^^^^^^^^^^^^^^^^^^^^^^^^^^
src/deriva_ml/dataset/dataset_bag.py:271: in list_dataset_members
    for k, v in nested_dataset.list_dataset_members(recurse=recurse).items():
                ^^^^^^^^^^^^^^^^^^^^^^^^^^^^^^^^^^^^^^^^^^^^^^^^^^^^
src/deriva_ml/dataset/dataset_bag.py:271: in list_dataset_members
    for k, v in nested_dataset.list_dataset_members(recurse=recurse).items():
                ^^^^^^^^^^^^^^^^^^^^^^^^^^^^^^^^^^^^^^^^^^^^^^^^^^^^
src/deriva_ml/dataset/dataset_bag.py:271: in list_dataset_members
    for k, v in nested_dataset.list_dataset_members(recurse=recurse).items():
                ^^^^^^^^^^^^^^^^^^^^^^^^^^^^^^^^^^^^^^^^^^^^^^^^^^^^
src/deriva_ml/dataset/dataset_bag.py:271: in list_dataset_members
    for k, v in nested_dataset.list_dataset_members(recurse=recurse).items():
                ^^^^^^^^^^^^^^^^^^^^^^^^^^^^^^^^^^^^^^^^^^^^^^^^^^^^
src/deriva_ml/dataset/dataset_bag.py:271: in list_dataset_members
    for k, v in nested_dataset.list_dataset_members(recurse=recurse).items():
                ^^^^^^^^^^^^^^^^^^^^^^^^^^^^^^^^^^^^^^^^^^^^^^^^^^^^
src/deriva_ml/dataset/dataset_bag.py:271: in list_dataset_members
    for k, v in nested_dataset.list_dataset_members(recurse=recurse).items():
                ^^^^^^^^^^^^^^^^^^^^^^^^^^^^^^^^^^^^^^^^^^^^^^^^^^^^
src/deriva_ml/dataset/dataset_bag.py:271: in list_dataset_members
    for k, v in nested_dataset.list_dataset_members(recurse=recurse).items():
                ^^^^^^^^^^^^^^^^^^^^^^^^^^^^^^^^^^^^^^^^^^^^^^^^^^^^
src/deriva_ml/dataset/dataset_bag.py:271: in list_dataset_members
    for k, v in nested_dataset.list_dataset_members(recurse=recurse).items():
                ^^^^^^^^^^^^^^^^^^^^^^^^^^^^^^^^^^^^^^^^^^^^^^^^^^^^
src/deriva_ml/dataset/dataset_bag.py:271: in list_dataset_members
    for k, v in nested_dataset.list_dataset_members(recurse=recurse).items():
                ^^^^^^^^^^^^^^^^^^^^^^^^^^^^^^^^^^^^^^^^^^^^^^^^^^^^
src/deriva_ml/dataset/dataset_bag.py:271: in list_dataset_members
    for k, v in nested_dataset.list_dataset_members(recurse=recurse).items():
                ^^^^^^^^^^^^^^^^^^^^^^^^^^^^^^^^^^^^^^^^^^^^^^^^^^^^
src/deriva_ml/dataset/dataset_bag.py:271: in list_dataset_members
    for k, v in nested_dataset.list_dataset_members(recurse=recurse).items():
                ^^^^^^^^^^^^^^^^^^^^^^^^^^^^^^^^^^^^^^^^^^^^^^^^^^^^
src/deriva_ml/dataset/dataset_bag.py:271: in list_dataset_members
    for k, v in nested_dataset.list_dataset_members(recurse=recurse).items():
                ^^^^^^^^^^^^^^^^^^^^^^^^^^^^^^^^^^^^^^^^^^^^^^^^^^^^
src/deriva_ml/dataset/dataset_bag.py:271: in list_dataset_members
    for k, v in nested_dataset.list_dataset_members(recurse=recurse).items():
                ^^^^^^^^^^^^^^^^^^^^^^^^^^^^^^^^^^^^^^^^^^^^^^^^^^^^
src/deriva_ml/dataset/dataset_bag.py:271: in list_dataset_members
    for k, v in nested_dataset.list_dataset_members(recurse=recurse).items():
                ^^^^^^^^^^^^^^^^^^^^^^^^^^^^^^^^^^^^^^^^^^^^^^^^^^^^
src/deriva_ml/dataset/dataset_bag.py:271: in list_dataset_members
    for k, v in nested_dataset.list_dataset_members(recurse=recurse).items():
                ^^^^^^^^^^^^^^^^^^^^^^^^^^^^^^^^^^^^^^^^^^^^^^^^^^^^
src/deriva_ml/dataset/dataset_bag.py:271: in list_dataset_members
    for k, v in nested_dataset.list_dataset_members(recurse=recurse).items():
                ^^^^^^^^^^^^^^^^^^^^^^^^^^^^^^^^^^^^^^^^^^^^^^^^^^^^
src/deriva_ml/dataset/dataset_bag.py:271: in list_dataset_members
    for k, v in nested_dataset.list_dataset_members(recurse=recurse).items():
                ^^^^^^^^^^^^^^^^^^^^^^^^^^^^^^^^^^^^^^^^^^^^^^^^^^^^
src/deriva_ml/dataset/dataset_bag.py:271: in list_dataset_members
    for k, v in nested_dataset.list_dataset_members(recurse=recurse).items():
                ^^^^^^^^^^^^^^^^^^^^^^^^^^^^^^^^^^^^^^^^^^^^^^^^^^^^
src/deriva_ml/dataset/dataset_bag.py:271: in list_dataset_members
    for k, v in nested_dataset.list_dataset_members(recurse=recurse).items():
                ^^^^^^^^^^^^^^^^^^^^^^^^^^^^^^^^^^^^^^^^^^^^^^^^^^^^
src/deriva_ml/dataset/dataset_bag.py:271: in list_dataset_members
    for k, v in nested_dataset.list_dataset_members(recurse=recurse).items():
                ^^^^^^^^^^^^^^^^^^^^^^^^^^^^^^^^^^^^^^^^^^^^^^^^^^^^
src/deriva_ml/dataset/dataset_bag.py:271: in list_dataset_members
    for k, v in nested_dataset.list_dataset_members(recurse=recurse).items():
                ^^^^^^^^^^^^^^^^^^^^^^^^^^^^^^^^^^^^^^^^^^^^^^^^^^^^
src/deriva_ml/dataset/dataset_bag.py:271: in list_dataset_members
    for k, v in nested_dataset.list_dataset_members(recurse=recurse).items():
                ^^^^^^^^^^^^^^^^^^^^^^^^^^^^^^^^^^^^^^^^^^^^^^^^^^^^
src/deriva_ml/dataset/dataset_bag.py:271: in list_dataset_members
    for k, v in nested_dataset.list_dataset_members(recurse=recurse).items():
                ^^^^^^^^^^^^^^^^^^^^^^^^^^^^^^^^^^^^^^^^^^^^^^^^^^^^
src/deriva_ml/dataset/dataset_bag.py:271: in list_dataset_members
    for k, v in nested_dataset.list_dataset_members(recurse=recurse).items():
                ^^^^^^^^^^^^^^^^^^^^^^^^^^^^^^^^^^^^^^^^^^^^^^^^^^^^
src/deriva_ml/dataset/dataset_bag.py:271: in list_dataset_members
    for k, v in nested_dataset.list_dataset_members(recurse=recurse).items():
                ^^^^^^^^^^^^^^^^^^^^^^^^^^^^^^^^^^^^^^^^^^^^^^^^^^^^
src/deriva_ml/dataset/dataset_bag.py:271: in list_dataset_members
    for k, v in nested_dataset.list_dataset_members(recurse=recurse).items():
                ^^^^^^^^^^^^^^^^^^^^^^^^^^^^^^^^^^^^^^^^^^^^^^^^^^^^
src/deriva_ml/dataset/dataset_bag.py:271: in list_dataset_members
    for k, v in nested_dataset.list_dataset_members(recurse=recurse).items():
                ^^^^^^^^^^^^^^^^^^^^^^^^^^^^^^^^^^^^^^^^^^^^^^^^^^^^
src/deriva_ml/dataset/dataset_bag.py:271: in list_dataset_members
    for k, v in nested_dataset.list_dataset_members(recurse=recurse).items():
                ^^^^^^^^^^^^^^^^^^^^^^^^^^^^^^^^^^^^^^^^^^^^^^^^^^^^
src/deriva_ml/dataset/dataset_bag.py:271: in list_dataset_members
    for k, v in nested_dataset.list_dataset_members(recurse=recurse).items():
                ^^^^^^^^^^^^^^^^^^^^^^^^^^^^^^^^^^^^^^^^^^^^^^^^^^^^
src/deriva_ml/dataset/dataset_bag.py:271: in list_dataset_members
    for k, v in nested_dataset.list_dataset_members(recurse=recurse).items():
                ^^^^^^^^^^^^^^^^^^^^^^^^^^^^^^^^^^^^^^^^^^^^^^^^^^^^
src/deriva_ml/dataset/dataset_bag.py:271: in list_dataset_members
    for k, v in nested_dataset.list_dataset_members(recurse=recurse).items():
                ^^^^^^^^^^^^^^^^^^^^^^^^^^^^^^^^^^^^^^^^^^^^^^^^^^^^
src/deriva_ml/dataset/dataset_bag.py:271: in list_dataset_members
    for k, v in nested_dataset.list_dataset_members(recurse=recurse).items():
                ^^^^^^^^^^^^^^^^^^^^^^^^^^^^^^^^^^^^^^^^^^^^^^^^^^^^
src/deriva_ml/dataset/dataset_bag.py:271: in list_dataset_members
    for k, v in nested_dataset.list_dataset_members(recurse=recurse).items():
                ^^^^^^^^^^^^^^^^^^^^^^^^^^^^^^^^^^^^^^^^^^^^^^^^^^^^
src/deriva_ml/dataset/dataset_bag.py:271: in list_dataset_members
    for k, v in nested_dataset.list_dataset_members(recurse=recurse).items():
                ^^^^^^^^^^^^^^^^^^^^^^^^^^^^^^^^^^^^^^^^^^^^^^^^^^^^
src/deriva_ml/dataset/dataset_bag.py:271: in list_dataset_members
    for k, v in nested_dataset.list_dataset_members(recurse=recurse).items():
                ^^^^^^^^^^^^^^^^^^^^^^^^^^^^^^^^^^^^^^^^^^^^^^^^^^^^
src/deriva_ml/dataset/dataset_bag.py:271: in list_dataset_members
    for k, v in nested_dataset.list_dataset_members(recurse=recurse).items():
                ^^^^^^^^^^^^^^^^^^^^^^^^^^^^^^^^^^^^^^^^^^^^^^^^^^^^
src/deriva_ml/dataset/dataset_bag.py:271: in list_dataset_members
    for k, v in nested_dataset.list_dataset_members(recurse=recurse).items():
                ^^^^^^^^^^^^^^^^^^^^^^^^^^^^^^^^^^^^^^^^^^^^^^^^^^^^
src/deriva_ml/dataset/dataset_bag.py:271: in list_dataset_members
    for k, v in nested_dataset.list_dataset_members(recurse=recurse).items():
                ^^^^^^^^^^^^^^^^^^^^^^^^^^^^^^^^^^^^^^^^^^^^^^^^^^^^
src/deriva_ml/dataset/dataset_bag.py:271: in list_dataset_members
    for k, v in nested_dataset.list_dataset_members(recurse=recurse).items():
                ^^^^^^^^^^^^^^^^^^^^^^^^^^^^^^^^^^^^^^^^^^^^^^^^^^^^
src/deriva_ml/dataset/dataset_bag.py:271: in list_dataset_members
    for k, v in nested_dataset.list_dataset_members(recurse=recurse).items():
                ^^^^^^^^^^^^^^^^^^^^^^^^^^^^^^^^^^^^^^^^^^^^^^^^^^^^
src/deriva_ml/dataset/dataset_bag.py:271: in list_dataset_members
    for k, v in nested_dataset.list_dataset_members(recurse=recurse).items():
                ^^^^^^^^^^^^^^^^^^^^^^^^^^^^^^^^^^^^^^^^^^^^^^^^^^^^
src/deriva_ml/dataset/dataset_bag.py:271: in list_dataset_members
    for k, v in nested_dataset.list_dataset_members(recurse=recurse).items():
                ^^^^^^^^^^^^^^^^^^^^^^^^^^^^^^^^^^^^^^^^^^^^^^^^^^^^
src/deriva_ml/dataset/dataset_bag.py:271: in list_dataset_members
    for k, v in nested_dataset.list_dataset_members(recurse=recurse).items():
                ^^^^^^^^^^^^^^^^^^^^^^^^^^^^^^^^^^^^^^^^^^^^^^^^^^^^
src/deriva_ml/dataset/dataset_bag.py:271: in list_dataset_members
    for k, v in nested_dataset.list_dataset_members(recurse=recurse).items():
                ^^^^^^^^^^^^^^^^^^^^^^^^^^^^^^^^^^^^^^^^^^^^^^^^^^^^
src/deriva_ml/dataset/dataset_bag.py:271: in list_dataset_members
    for k, v in nested_dataset.list_dataset_members(recurse=recurse).items():
                ^^^^^^^^^^^^^^^^^^^^^^^^^^^^^^^^^^^^^^^^^^^^^^^^^^^^
src/deriva_ml/dataset/dataset_bag.py:271: in list_dataset_members
    for k, v in nested_dataset.list_dataset_members(recurse=recurse).items():
                ^^^^^^^^^^^^^^^^^^^^^^^^^^^^^^^^^^^^^^^^^^^^^^^^^^^^
src/deriva_ml/dataset/dataset_bag.py:271: in list_dataset_members
    for k, v in nested_dataset.list_dataset_members(recurse=recurse).items():
                ^^^^^^^^^^^^^^^^^^^^^^^^^^^^^^^^^^^^^^^^^^^^^^^^^^^^
src/deriva_ml/dataset/dataset_bag.py:271: in list_dataset_members
    for k, v in nested_dataset.list_dataset_members(recurse=recurse).items():
                ^^^^^^^^^^^^^^^^^^^^^^^^^^^^^^^^^^^^^^^^^^^^^^^^^^^^
src/deriva_ml/dataset/dataset_bag.py:271: in list_dataset_members
    for k, v in nested_dataset.list_dataset_members(recurse=recurse).items():
                ^^^^^^^^^^^^^^^^^^^^^^^^^^^^^^^^^^^^^^^^^^^^^^^^^^^^
src/deriva_ml/dataset/dataset_bag.py:271: in list_dataset_members
    for k, v in nested_dataset.list_dataset_members(recurse=recurse).items():
                ^^^^^^^^^^^^^^^^^^^^^^^^^^^^^^^^^^^^^^^^^^^^^^^^^^^^
src/deriva_ml/dataset/dataset_bag.py:271: in list_dataset_members
    for k, v in nested_dataset.list_dataset_members(recurse=recurse).items():
                ^^^^^^^^^^^^^^^^^^^^^^^^^^^^^^^^^^^^^^^^^^^^^^^^^^^^
src/deriva_ml/dataset/dataset_bag.py:271: in list_dataset_members
    for k, v in nested_dataset.list_dataset_members(recurse=recurse).items():
                ^^^^^^^^^^^^^^^^^^^^^^^^^^^^^^^^^^^^^^^^^^^^^^^^^^^^
src/deriva_ml/dataset/dataset_bag.py:271: in list_dataset_members
    for k, v in nested_dataset.list_dataset_members(recurse=recurse).items():
                ^^^^^^^^^^^^^^^^^^^^^^^^^^^^^^^^^^^^^^^^^^^^^^^^^^^^
src/deriva_ml/dataset/dataset_bag.py:271: in list_dataset_members
    for k, v in nested_dataset.list_dataset_members(recurse=recurse).items():
                ^^^^^^^^^^^^^^^^^^^^^^^^^^^^^^^^^^^^^^^^^^^^^^^^^^^^
src/deriva_ml/dataset/dataset_bag.py:271: in list_dataset_members
    for k, v in nested_dataset.list_dataset_members(recurse=recurse).items():
                ^^^^^^^^^^^^^^^^^^^^^^^^^^^^^^^^^^^^^^^^^^^^^^^^^^^^
src/deriva_ml/dataset/dataset_bag.py:271: in list_dataset_members
    for k, v in nested_dataset.list_dataset_members(recurse=recurse).items():
                ^^^^^^^^^^^^^^^^^^^^^^^^^^^^^^^^^^^^^^^^^^^^^^^^^^^^
src/deriva_ml/dataset/dataset_bag.py:271: in list_dataset_members
    for k, v in nested_dataset.list_dataset_members(recurse=recurse).items():
                ^^^^^^^^^^^^^^^^^^^^^^^^^^^^^^^^^^^^^^^^^^^^^^^^^^^^
src/deriva_ml/dataset/dataset_bag.py:271: in list_dataset_members
    for k, v in nested_dataset.list_dataset_members(recurse=recurse).items():
                ^^^^^^^^^^^^^^^^^^^^^^^^^^^^^^^^^^^^^^^^^^^^^^^^^^^^
src/deriva_ml/dataset/dataset_bag.py:271: in list_dataset_members
    for k, v in nested_dataset.list_dataset_members(recurse=recurse).items():
                ^^^^^^^^^^^^^^^^^^^^^^^^^^^^^^^^^^^^^^^^^^^^^^^^^^^^
src/deriva_ml/dataset/dataset_bag.py:271: in list_dataset_members
    for k, v in nested_dataset.list_dataset_members(recurse=recurse).items():
                ^^^^^^^^^^^^^^^^^^^^^^^^^^^^^^^^^^^^^^^^^^^^^^^^^^^^
src/deriva_ml/dataset/dataset_bag.py:271: in list_dataset_members
    for k, v in nested_dataset.list_dataset_members(recurse=recurse).items():
                ^^^^^^^^^^^^^^^^^^^^^^^^^^^^^^^^^^^^^^^^^^^^^^^^^^^^
src/deriva_ml/dataset/dataset_bag.py:271: in list_dataset_members
    for k, v in nested_dataset.list_dataset_members(recurse=recurse).items():
                ^^^^^^^^^^^^^^^^^^^^^^^^^^^^^^^^^^^^^^^^^^^^^^^^^^^^
src/deriva_ml/dataset/dataset_bag.py:271: in list_dataset_members
    for k, v in nested_dataset.list_dataset_members(recurse=recurse).items():
                ^^^^^^^^^^^^^^^^^^^^^^^^^^^^^^^^^^^^^^^^^^^^^^^^^^^^
src/deriva_ml/dataset/dataset_bag.py:271: in list_dataset_members
    for k, v in nested_dataset.list_dataset_members(recurse=recurse).items():
                ^^^^^^^^^^^^^^^^^^^^^^^^^^^^^^^^^^^^^^^^^^^^^^^^^^^^
src/deriva_ml/dataset/dataset_bag.py:271: in list_dataset_members
    for k, v in nested_dataset.list_dataset_members(recurse=recurse).items():
                ^^^^^^^^^^^^^^^^^^^^^^^^^^^^^^^^^^^^^^^^^^^^^^^^^^^^
src/deriva_ml/dataset/dataset_bag.py:271: in list_dataset_members
    for k, v in nested_dataset.list_dataset_members(recurse=recurse).items():
                ^^^^^^^^^^^^^^^^^^^^^^^^^^^^^^^^^^^^^^^^^^^^^^^^^^^^
src/deriva_ml/dataset/dataset_bag.py:271: in list_dataset_members
    for k, v in nested_dataset.list_dataset_members(recurse=recurse).items():
                ^^^^^^^^^^^^^^^^^^^^^^^^^^^^^^^^^^^^^^^^^^^^^^^^^^^^
src/deriva_ml/dataset/dataset_bag.py:271: in list_dataset_members
    for k, v in nested_dataset.list_dataset_members(recurse=recurse).items():
                ^^^^^^^^^^^^^^^^^^^^^^^^^^^^^^^^^^^^^^^^^^^^^^^^^^^^
src/deriva_ml/dataset/dataset_bag.py:271: in list_dataset_members
    for k, v in nested_dataset.list_dataset_members(recurse=recurse).items():
                ^^^^^^^^^^^^^^^^^^^^^^^^^^^^^^^^^^^^^^^^^^^^^^^^^^^^
src/deriva_ml/dataset/dataset_bag.py:271: in list_dataset_members
    for k, v in nested_dataset.list_dataset_members(recurse=recurse).items():
                ^^^^^^^^^^^^^^^^^^^^^^^^^^^^^^^^^^^^^^^^^^^^^^^^^^^^
src/deriva_ml/dataset/dataset_bag.py:271: in list_dataset_members
    for k, v in nested_dataset.list_dataset_members(recurse=recurse).items():
                ^^^^^^^^^^^^^^^^^^^^^^^^^^^^^^^^^^^^^^^^^^^^^^^^^^^^
src/deriva_ml/dataset/dataset_bag.py:271: in list_dataset_members
    for k, v in nested_dataset.list_dataset_members(recurse=recurse).items():
                ^^^^^^^^^^^^^^^^^^^^^^^^^^^^^^^^^^^^^^^^^^^^^^^^^^^^
src/deriva_ml/dataset/dataset_bag.py:271: in list_dataset_members
    for k, v in nested_dataset.list_dataset_members(recurse=recurse).items():
                ^^^^^^^^^^^^^^^^^^^^^^^^^^^^^^^^^^^^^^^^^^^^^^^^^^^^
src/deriva_ml/dataset/dataset_bag.py:271: in list_dataset_members
    for k, v in nested_dataset.list_dataset_members(recurse=recurse).items():
                ^^^^^^^^^^^^^^^^^^^^^^^^^^^^^^^^^^^^^^^^^^^^^^^^^^^^
src/deriva_ml/dataset/dataset_bag.py:271: in list_dataset_members
    for k, v in nested_dataset.list_dataset_members(recurse=recurse).items():
                ^^^^^^^^^^^^^^^^^^^^^^^^^^^^^^^^^^^^^^^^^^^^^^^^^^^^
src/deriva_ml/dataset/dataset_bag.py:271: in list_dataset_members
    for k, v in nested_dataset.list_dataset_members(recurse=recurse).items():
                ^^^^^^^^^^^^^^^^^^^^^^^^^^^^^^^^^^^^^^^^^^^^^^^^^^^^
src/deriva_ml/dataset/dataset_bag.py:271: in list_dataset_members
    for k, v in nested_dataset.list_dataset_members(recurse=recurse).items():
                ^^^^^^^^^^^^^^^^^^^^^^^^^^^^^^^^^^^^^^^^^^^^^^^^^^^^
src/deriva_ml/dataset/dataset_bag.py:271: in list_dataset_members
    for k, v in nested_dataset.list_dataset_members(recurse=recurse).items():
                ^^^^^^^^^^^^^^^^^^^^^^^^^^^^^^^^^^^^^^^^^^^^^^^^^^^^
src/deriva_ml/dataset/dataset_bag.py:271: in list_dataset_members
    for k, v in nested_dataset.list_dataset_members(recurse=recurse).items():
                ^^^^^^^^^^^^^^^^^^^^^^^^^^^^^^^^^^^^^^^^^^^^^^^^^^^^
src/deriva_ml/dataset/dataset_bag.py:271: in list_dataset_members
    for k, v in nested_dataset.list_dataset_members(recurse=recurse).items():
                ^^^^^^^^^^^^^^^^^^^^^^^^^^^^^^^^^^^^^^^^^^^^^^^^^^^^
src/deriva_ml/dataset/dataset_bag.py:271: in list_dataset_members
    for k, v in nested_dataset.list_dataset_members(recurse=recurse).items():
                ^^^^^^^^^^^^^^^^^^^^^^^^^^^^^^^^^^^^^^^^^^^^^^^^^^^^
src/deriva_ml/dataset/dataset_bag.py:271: in list_dataset_members
    for k, v in nested_dataset.list_dataset_members(recurse=recurse).items():
                ^^^^^^^^^^^^^^^^^^^^^^^^^^^^^^^^^^^^^^^^^^^^^^^^^^^^
src/deriva_ml/dataset/dataset_bag.py:271: in list_dataset_members
    for k, v in nested_dataset.list_dataset_members(recurse=recurse).items():
                ^^^^^^^^^^^^^^^^^^^^^^^^^^^^^^^^^^^^^^^^^^^^^^^^^^^^
src/deriva_ml/dataset/dataset_bag.py:271: in list_dataset_members
    for k, v in nested_dataset.list_dataset_members(recurse=recurse).items():
                ^^^^^^^^^^^^^^^^^^^^^^^^^^^^^^^^^^^^^^^^^^^^^^^^^^^^
src/deriva_ml/dataset/dataset_bag.py:271: in list_dataset_members
    for k, v in nested_dataset.list_dataset_members(recurse=recurse).items():
                ^^^^^^^^^^^^^^^^^^^^^^^^^^^^^^^^^^^^^^^^^^^^^^^^^^^^
src/deriva_ml/dataset/dataset_bag.py:271: in list_dataset_members
    for k, v in nested_dataset.list_dataset_members(recurse=recurse).items():
                ^^^^^^^^^^^^^^^^^^^^^^^^^^^^^^^^^^^^^^^^^^^^^^^^^^^^
src/deriva_ml/dataset/dataset_bag.py:271: in list_dataset_members
    for k, v in nested_dataset.list_dataset_members(recurse=recurse).items():
                ^^^^^^^^^^^^^^^^^^^^^^^^^^^^^^^^^^^^^^^^^^^^^^^^^^^^
src/deriva_ml/dataset/dataset_bag.py:271: in list_dataset_members
    for k, v in nested_dataset.list_dataset_members(recurse=recurse).items():
                ^^^^^^^^^^^^^^^^^^^^^^^^^^^^^^^^^^^^^^^^^^^^^^^^^^^^
src/deriva_ml/dataset/dataset_bag.py:271: in list_dataset_members
    for k, v in nested_dataset.list_dataset_members(recurse=recurse).items():
                ^^^^^^^^^^^^^^^^^^^^^^^^^^^^^^^^^^^^^^^^^^^^^^^^^^^^
src/deriva_ml/dataset/dataset_bag.py:271: in list_dataset_members
    for k, v in nested_dataset.list_dataset_members(recurse=recurse).items():
                ^^^^^^^^^^^^^^^^^^^^^^^^^^^^^^^^^^^^^^^^^^^^^^^^^^^^
src/deriva_ml/dataset/dataset_bag.py:271: in list_dataset_members
    for k, v in nested_dataset.list_dataset_members(recurse=recurse).items():
                ^^^^^^^^^^^^^^^^^^^^^^^^^^^^^^^^^^^^^^^^^^^^^^^^^^^^
src/deriva_ml/dataset/dataset_bag.py:271: in list_dataset_members
    for k, v in nested_dataset.list_dataset_members(recurse=recurse).items():
                ^^^^^^^^^^^^^^^^^^^^^^^^^^^^^^^^^^^^^^^^^^^^^^^^^^^^
src/deriva_ml/dataset/dataset_bag.py:271: in list_dataset_members
    for k, v in nested_dataset.list_dataset_members(recurse=recurse).items():
                ^^^^^^^^^^^^^^^^^^^^^^^^^^^^^^^^^^^^^^^^^^^^^^^^^^^^
src/deriva_ml/dataset/dataset_bag.py:271: in list_dataset_members
    for k, v in nested_dataset.list_dataset_members(recurse=recurse).items():
                ^^^^^^^^^^^^^^^^^^^^^^^^^^^^^^^^^^^^^^^^^^^^^^^^^^^^
src/deriva_ml/dataset/dataset_bag.py:271: in list_dataset_members
    for k, v in nested_dataset.list_dataset_members(recurse=recurse).items():
                ^^^^^^^^^^^^^^^^^^^^^^^^^^^^^^^^^^^^^^^^^^^^^^^^^^^^
src/deriva_ml/dataset/dataset_bag.py:271: in list_dataset_members
    for k, v in nested_dataset.list_dataset_members(recurse=recurse).items():
                ^^^^^^^^^^^^^^^^^^^^^^^^^^^^^^^^^^^^^^^^^^^^^^^^^^^^
src/deriva_ml/dataset/dataset_bag.py:271: in list_dataset_members
    for k, v in nested_dataset.list_dataset_members(recurse=recurse).items():
                ^^^^^^^^^^^^^^^^^^^^^^^^^^^^^^^^^^^^^^^^^^^^^^^^^^^^
src/deriva_ml/dataset/dataset_bag.py:271: in list_dataset_members
    for k, v in nested_dataset.list_dataset_members(recurse=recurse).items():
                ^^^^^^^^^^^^^^^^^^^^^^^^^^^^^^^^^^^^^^^^^^^^^^^^^^^^
src/deriva_ml/dataset/dataset_bag.py:271: in list_dataset_members
    for k, v in nested_dataset.list_dataset_members(recurse=recurse).items():
                ^^^^^^^^^^^^^^^^^^^^^^^^^^^^^^^^^^^^^^^^^^^^^^^^^^^^
src/deriva_ml/dataset/dataset_bag.py:271: in list_dataset_members
    for k, v in nested_dataset.list_dataset_members(recurse=recurse).items():
                ^^^^^^^^^^^^^^^^^^^^^^^^^^^^^^^^^^^^^^^^^^^^^^^^^^^^
src/deriva_ml/dataset/dataset_bag.py:271: in list_dataset_members
    for k, v in nested_dataset.list_dataset_members(recurse=recurse).items():
                ^^^^^^^^^^^^^^^^^^^^^^^^^^^^^^^^^^^^^^^^^^^^^^^^^^^^
src/deriva_ml/dataset/dataset_bag.py:271: in list_dataset_members
    for k, v in nested_dataset.list_dataset_members(recurse=recurse).items():
                ^^^^^^^^^^^^^^^^^^^^^^^^^^^^^^^^^^^^^^^^^^^^^^^^^^^^
src/deriva_ml/dataset/dataset_bag.py:271: in list_dataset_members
    for k, v in nested_dataset.list_dataset_members(recurse=recurse).items():
                ^^^^^^^^^^^^^^^^^^^^^^^^^^^^^^^^^^^^^^^^^^^^^^^^^^^^
src/deriva_ml/dataset/dataset_bag.py:271: in list_dataset_members
    for k, v in nested_dataset.list_dataset_members(recurse=recurse).items():
                ^^^^^^^^^^^^^^^^^^^^^^^^^^^^^^^^^^^^^^^^^^^^^^^^^^^^
src/deriva_ml/dataset/dataset_bag.py:271: in list_dataset_members
    for k, v in nested_dataset.list_dataset_members(recurse=recurse).items():
                ^^^^^^^^^^^^^^^^^^^^^^^^^^^^^^^^^^^^^^^^^^^^^^^^^^^^
src/deriva_ml/dataset/dataset_bag.py:271: in list_dataset_members
    for k, v in nested_dataset.list_dataset_members(recurse=recurse).items():
                ^^^^^^^^^^^^^^^^^^^^^^^^^^^^^^^^^^^^^^^^^^^^^^^^^^^^
src/deriva_ml/dataset/dataset_bag.py:271: in list_dataset_members
    for k, v in nested_dataset.list_dataset_members(recurse=recurse).items():
                ^^^^^^^^^^^^^^^^^^^^^^^^^^^^^^^^^^^^^^^^^^^^^^^^^^^^
src/deriva_ml/dataset/dataset_bag.py:271: in list_dataset_members
    for k, v in nested_dataset.list_dataset_members(recurse=recurse).items():
                ^^^^^^^^^^^^^^^^^^^^^^^^^^^^^^^^^^^^^^^^^^^^^^^^^^^^
src/deriva_ml/dataset/dataset_bag.py:271: in list_dataset_members
    for k, v in nested_dataset.list_dataset_members(recurse=recurse).items():
                ^^^^^^^^^^^^^^^^^^^^^^^^^^^^^^^^^^^^^^^^^^^^^^^^^^^^
src/deriva_ml/dataset/dataset_bag.py:271: in list_dataset_members
    for k, v in nested_dataset.list_dataset_members(recurse=recurse).items():
                ^^^^^^^^^^^^^^^^^^^^^^^^^^^^^^^^^^^^^^^^^^^^^^^^^^^^
src/deriva_ml/dataset/dataset_bag.py:271: in list_dataset_members
    for k, v in nested_dataset.list_dataset_members(recurse=recurse).items():
                ^^^^^^^^^^^^^^^^^^^^^^^^^^^^^^^^^^^^^^^^^^^^^^^^^^^^
src/deriva_ml/dataset/dataset_bag.py:271: in list_dataset_members
    for k, v in nested_dataset.list_dataset_members(recurse=recurse).items():
                ^^^^^^^^^^^^^^^^^^^^^^^^^^^^^^^^^^^^^^^^^^^^^^^^^^^^
src/deriva_ml/dataset/dataset_bag.py:271: in list_dataset_members
    for k, v in nested_dataset.list_dataset_members(recurse=recurse).items():
                ^^^^^^^^^^^^^^^^^^^^^^^^^^^^^^^^^^^^^^^^^^^^^^^^^^^^
src/deriva_ml/dataset/dataset_bag.py:271: in list_dataset_members
    for k, v in nested_dataset.list_dataset_members(recurse=recurse).items():
                ^^^^^^^^^^^^^^^^^^^^^^^^^^^^^^^^^^^^^^^^^^^^^^^^^^^^
src/deriva_ml/dataset/dataset_bag.py:271: in list_dataset_members
    for k, v in nested_dataset.list_dataset_members(recurse=recurse).items():
                ^^^^^^^^^^^^^^^^^^^^^^^^^^^^^^^^^^^^^^^^^^^^^^^^^^^^
src/deriva_ml/dataset/dataset_bag.py:271: in list_dataset_members
    for k, v in nested_dataset.list_dataset_members(recurse=recurse).items():
                ^^^^^^^^^^^^^^^^^^^^^^^^^^^^^^^^^^^^^^^^^^^^^^^^^^^^
src/deriva_ml/dataset/dataset_bag.py:271: in list_dataset_members
    for k, v in nested_dataset.list_dataset_members(recurse=recurse).items():
                ^^^^^^^^^^^^^^^^^^^^^^^^^^^^^^^^^^^^^^^^^^^^^^^^^^^^
src/deriva_ml/dataset/dataset_bag.py:271: in list_dataset_members
    for k, v in nested_dataset.list_dataset_members(recurse=recurse).items():
                ^^^^^^^^^^^^^^^^^^^^^^^^^^^^^^^^^^^^^^^^^^^^^^^^^^^^
src/deriva_ml/dataset/dataset_bag.py:271: in list_dataset_members
    for k, v in nested_dataset.list_dataset_members(recurse=recurse).items():
                ^^^^^^^^^^^^^^^^^^^^^^^^^^^^^^^^^^^^^^^^^^^^^^^^^^^^
src/deriva_ml/dataset/dataset_bag.py:271: in list_dataset_members
    for k, v in nested_dataset.list_dataset_members(recurse=recurse).items():
                ^^^^^^^^^^^^^^^^^^^^^^^^^^^^^^^^^^^^^^^^^^^^^^^^^^^^
src/deriva_ml/dataset/dataset_bag.py:271: in list_dataset_members
    for k, v in nested_dataset.list_dataset_members(recurse=recurse).items():
                ^^^^^^^^^^^^^^^^^^^^^^^^^^^^^^^^^^^^^^^^^^^^^^^^^^^^
src/deriva_ml/dataset/dataset_bag.py:271: in list_dataset_members
    for k, v in nested_dataset.list_dataset_members(recurse=recurse).items():
                ^^^^^^^^^^^^^^^^^^^^^^^^^^^^^^^^^^^^^^^^^^^^^^^^^^^^
src/deriva_ml/dataset/dataset_bag.py:271: in list_dataset_members
    for k, v in nested_dataset.list_dataset_members(recurse=recurse).items():
                ^^^^^^^^^^^^^^^^^^^^^^^^^^^^^^^^^^^^^^^^^^^^^^^^^^^^
src/deriva_ml/dataset/dataset_bag.py:271: in list_dataset_members
    for k, v in nested_dataset.list_dataset_members(recurse=recurse).items():
                ^^^^^^^^^^^^^^^^^^^^^^^^^^^^^^^^^^^^^^^^^^^^^^^^^^^^
src/deriva_ml/dataset/dataset_bag.py:271: in list_dataset_members
    for k, v in nested_dataset.list_dataset_members(recurse=recurse).items():
                ^^^^^^^^^^^^^^^^^^^^^^^^^^^^^^^^^^^^^^^^^^^^^^^^^^^^
src/deriva_ml/dataset/dataset_bag.py:271: in list_dataset_members
    for k, v in nested_dataset.list_dataset_members(recurse=recurse).items():
                ^^^^^^^^^^^^^^^^^^^^^^^^^^^^^^^^^^^^^^^^^^^^^^^^^^^^
src/deriva_ml/dataset/dataset_bag.py:271: in list_dataset_members
    for k, v in nested_dataset.list_dataset_members(recurse=recurse).items():
                ^^^^^^^^^^^^^^^^^^^^^^^^^^^^^^^^^^^^^^^^^^^^^^^^^^^^
src/deriva_ml/dataset/dataset_bag.py:271: in list_dataset_members
    for k, v in nested_dataset.list_dataset_members(recurse=recurse).items():
                ^^^^^^^^^^^^^^^^^^^^^^^^^^^^^^^^^^^^^^^^^^^^^^^^^^^^
src/deriva_ml/dataset/dataset_bag.py:271: in list_dataset_members
    for k, v in nested_dataset.list_dataset_members(recurse=recurse).items():
                ^^^^^^^^^^^^^^^^^^^^^^^^^^^^^^^^^^^^^^^^^^^^^^^^^^^^
src/deriva_ml/dataset/dataset_bag.py:271: in list_dataset_members
    for k, v in nested_dataset.list_dataset_members(recurse=recurse).items():
                ^^^^^^^^^^^^^^^^^^^^^^^^^^^^^^^^^^^^^^^^^^^^^^^^^^^^
src/deriva_ml/dataset/dataset_bag.py:271: in list_dataset_members
    for k, v in nested_dataset.list_dataset_members(recurse=recurse).items():
                ^^^^^^^^^^^^^^^^^^^^^^^^^^^^^^^^^^^^^^^^^^^^^^^^^^^^
src/deriva_ml/dataset/dataset_bag.py:271: in list_dataset_members
    for k, v in nested_dataset.list_dataset_members(recurse=recurse).items():
                ^^^^^^^^^^^^^^^^^^^^^^^^^^^^^^^^^^^^^^^^^^^^^^^^^^^^
src/deriva_ml/dataset/dataset_bag.py:271: in list_dataset_members
    for k, v in nested_dataset.list_dataset_members(recurse=recurse).items():
                ^^^^^^^^^^^^^^^^^^^^^^^^^^^^^^^^^^^^^^^^^^^^^^^^^^^^
src/deriva_ml/dataset/dataset_bag.py:271: in list_dataset_members
    for k, v in nested_dataset.list_dataset_members(recurse=recurse).items():
                ^^^^^^^^^^^^^^^^^^^^^^^^^^^^^^^^^^^^^^^^^^^^^^^^^^^^
src/deriva_ml/dataset/dataset_bag.py:271: in list_dataset_members
    for k, v in nested_dataset.list_dataset_members(recurse=recurse).items():
                ^^^^^^^^^^^^^^^^^^^^^^^^^^^^^^^^^^^^^^^^^^^^^^^^^^^^
src/deriva_ml/dataset/dataset_bag.py:271: in list_dataset_members
    for k, v in nested_dataset.list_dataset_members(recurse=recurse).items():
                ^^^^^^^^^^^^^^^^^^^^^^^^^^^^^^^^^^^^^^^^^^^^^^^^^^^^
src/deriva_ml/dataset/dataset_bag.py:271: in list_dataset_members
    for k, v in nested_dataset.list_dataset_members(recurse=recurse).items():
                ^^^^^^^^^^^^^^^^^^^^^^^^^^^^^^^^^^^^^^^^^^^^^^^^^^^^
src/deriva_ml/dataset/dataset_bag.py:271: in list_dataset_members
    for k, v in nested_dataset.list_dataset_members(recurse=recurse).items():
                ^^^^^^^^^^^^^^^^^^^^^^^^^^^^^^^^^^^^^^^^^^^^^^^^^^^^
src/deriva_ml/dataset/dataset_bag.py:271: in list_dataset_members
    for k, v in nested_dataset.list_dataset_members(recurse=recurse).items():
                ^^^^^^^^^^^^^^^^^^^^^^^^^^^^^^^^^^^^^^^^^^^^^^^^^^^^
src/deriva_ml/dataset/dataset_bag.py:271: in list_dataset_members
    for k, v in nested_dataset.list_dataset_members(recurse=recurse).items():
                ^^^^^^^^^^^^^^^^^^^^^^^^^^^^^^^^^^^^^^^^^^^^^^^^^^^^
src/deriva_ml/dataset/dataset_bag.py:271: in list_dataset_members
    for k, v in nested_dataset.list_dataset_members(recurse=recurse).items():
                ^^^^^^^^^^^^^^^^^^^^^^^^^^^^^^^^^^^^^^^^^^^^^^^^^^^^
src/deriva_ml/dataset/dataset_bag.py:271: in list_dataset_members
    for k, v in nested_dataset.list_dataset_members(recurse=recurse).items():
                ^^^^^^^^^^^^^^^^^^^^^^^^^^^^^^^^^^^^^^^^^^^^^^^^^^^^
src/deriva_ml/dataset/dataset_bag.py:271: in list_dataset_members
    for k, v in nested_dataset.list_dataset_members(recurse=recurse).items():
                ^^^^^^^^^^^^^^^^^^^^^^^^^^^^^^^^^^^^^^^^^^^^^^^^^^^^
src/deriva_ml/dataset/dataset_bag.py:271: in list_dataset_members
    for k, v in nested_dataset.list_dataset_members(recurse=recurse).items():
                ^^^^^^^^^^^^^^^^^^^^^^^^^^^^^^^^^^^^^^^^^^^^^^^^^^^^
src/deriva_ml/dataset/dataset_bag.py:271: in list_dataset_members
    for k, v in nested_dataset.list_dataset_members(recurse=recurse).items():
                ^^^^^^^^^^^^^^^^^^^^^^^^^^^^^^^^^^^^^^^^^^^^^^^^^^^^
src/deriva_ml/dataset/dataset_bag.py:271: in list_dataset_members
    for k, v in nested_dataset.list_dataset_members(recurse=recurse).items():
                ^^^^^^^^^^^^^^^^^^^^^^^^^^^^^^^^^^^^^^^^^^^^^^^^^^^^
src/deriva_ml/dataset/dataset_bag.py:271: in list_dataset_members
    for k, v in nested_dataset.list_dataset_members(recurse=recurse).items():
                ^^^^^^^^^^^^^^^^^^^^^^^^^^^^^^^^^^^^^^^^^^^^^^^^^^^^
src/deriva_ml/dataset/dataset_bag.py:271: in list_dataset_members
    for k, v in nested_dataset.list_dataset_members(recurse=recurse).items():
                ^^^^^^^^^^^^^^^^^^^^^^^^^^^^^^^^^^^^^^^^^^^^^^^^^^^^
src/deriva_ml/dataset/dataset_bag.py:271: in list_dataset_members
    for k, v in nested_dataset.list_dataset_members(recurse=recurse).items():
                ^^^^^^^^^^^^^^^^^^^^^^^^^^^^^^^^^^^^^^^^^^^^^^^^^^^^
src/deriva_ml/dataset/dataset_bag.py:271: in list_dataset_members
    for k, v in nested_dataset.list_dataset_members(recurse=recurse).items():
                ^^^^^^^^^^^^^^^^^^^^^^^^^^^^^^^^^^^^^^^^^^^^^^^^^^^^
src/deriva_ml/dataset/dataset_bag.py:271: in list_dataset_members
    for k, v in nested_dataset.list_dataset_members(recurse=recurse).items():
                ^^^^^^^^^^^^^^^^^^^^^^^^^^^^^^^^^^^^^^^^^^^^^^^^^^^^
src/deriva_ml/dataset/dataset_bag.py:271: in list_dataset_members
    for k, v in nested_dataset.list_dataset_members(recurse=recurse).items():
                ^^^^^^^^^^^^^^^^^^^^^^^^^^^^^^^^^^^^^^^^^^^^^^^^^^^^
src/deriva_ml/dataset/dataset_bag.py:271: in list_dataset_members
    for k, v in nested_dataset.list_dataset_members(recurse=recurse).items():
                ^^^^^^^^^^^^^^^^^^^^^^^^^^^^^^^^^^^^^^^^^^^^^^^^^^^^
src/deriva_ml/dataset/dataset_bag.py:271: in list_dataset_members
    for k, v in nested_dataset.list_dataset_members(recurse=recurse).items():
                ^^^^^^^^^^^^^^^^^^^^^^^^^^^^^^^^^^^^^^^^^^^^^^^^^^^^
src/deriva_ml/dataset/dataset_bag.py:271: in list_dataset_members
    for k, v in nested_dataset.list_dataset_members(recurse=recurse).items():
                ^^^^^^^^^^^^^^^^^^^^^^^^^^^^^^^^^^^^^^^^^^^^^^^^^^^^
src/deriva_ml/dataset/dataset_bag.py:271: in list_dataset_members
    for k, v in nested_dataset.list_dataset_members(recurse=recurse).items():
                ^^^^^^^^^^^^^^^^^^^^^^^^^^^^^^^^^^^^^^^^^^^^^^^^^^^^
src/deriva_ml/dataset/dataset_bag.py:271: in list_dataset_members
    for k, v in nested_dataset.list_dataset_members(recurse=recurse).items():
                ^^^^^^^^^^^^^^^^^^^^^^^^^^^^^^^^^^^^^^^^^^^^^^^^^^^^
src/deriva_ml/dataset/dataset_bag.py:271: in list_dataset_members
    for k, v in nested_dataset.list_dataset_members(recurse=recurse).items():
                ^^^^^^^^^^^^^^^^^^^^^^^^^^^^^^^^^^^^^^^^^^^^^^^^^^^^
src/deriva_ml/dataset/dataset_bag.py:271: in list_dataset_members
    for k, v in nested_dataset.list_dataset_members(recurse=recurse).items():
                ^^^^^^^^^^^^^^^^^^^^^^^^^^^^^^^^^^^^^^^^^^^^^^^^^^^^
src/deriva_ml/dataset/dataset_bag.py:271: in list_dataset_members
    for k, v in nested_dataset.list_dataset_members(recurse=recurse).items():
                ^^^^^^^^^^^^^^^^^^^^^^^^^^^^^^^^^^^^^^^^^^^^^^^^^^^^
src/deriva_ml/dataset/dataset_bag.py:271: in list_dataset_members
    for k, v in nested_dataset.list_dataset_members(recurse=recurse).items():
                ^^^^^^^^^^^^^^^^^^^^^^^^^^^^^^^^^^^^^^^^^^^^^^^^^^^^
src/deriva_ml/dataset/dataset_bag.py:271: in list_dataset_members
    for k, v in nested_dataset.list_dataset_members(recurse=recurse).items():
                ^^^^^^^^^^^^^^^^^^^^^^^^^^^^^^^^^^^^^^^^^^^^^^^^^^^^
src/deriva_ml/dataset/dataset_bag.py:271: in list_dataset_members
    for k, v in nested_dataset.list_dataset_members(recurse=recurse).items():
                ^^^^^^^^^^^^^^^^^^^^^^^^^^^^^^^^^^^^^^^^^^^^^^^^^^^^
src/deriva_ml/dataset/dataset_bag.py:271: in list_dataset_members
    for k, v in nested_dataset.list_dataset_members(recurse=recurse).items():
                ^^^^^^^^^^^^^^^^^^^^^^^^^^^^^^^^^^^^^^^^^^^^^^^^^^^^
src/deriva_ml/dataset/dataset_bag.py:271: in list_dataset_members
    for k, v in nested_dataset.list_dataset_members(recurse=recurse).items():
                ^^^^^^^^^^^^^^^^^^^^^^^^^^^^^^^^^^^^^^^^^^^^^^^^^^^^
src/deriva_ml/dataset/dataset_bag.py:271: in list_dataset_members
    for k, v in nested_dataset.list_dataset_members(recurse=recurse).items():
                ^^^^^^^^^^^^^^^^^^^^^^^^^^^^^^^^^^^^^^^^^^^^^^^^^^^^
src/deriva_ml/dataset/dataset_bag.py:271: in list_dataset_members
    for k, v in nested_dataset.list_dataset_members(recurse=recurse).items():
                ^^^^^^^^^^^^^^^^^^^^^^^^^^^^^^^^^^^^^^^^^^^^^^^^^^^^
src/deriva_ml/dataset/dataset_bag.py:271: in list_dataset_members
    for k, v in nested_dataset.list_dataset_members(recurse=recurse).items():
                ^^^^^^^^^^^^^^^^^^^^^^^^^^^^^^^^^^^^^^^^^^^^^^^^^^^^
src/deriva_ml/dataset/dataset_bag.py:271: in list_dataset_members
    for k, v in nested_dataset.list_dataset_members(recurse=recurse).items():
                ^^^^^^^^^^^^^^^^^^^^^^^^^^^^^^^^^^^^^^^^^^^^^^^^^^^^
src/deriva_ml/dataset/dataset_bag.py:271: in list_dataset_members
    for k, v in nested_dataset.list_dataset_members(recurse=recurse).items():
                ^^^^^^^^^^^^^^^^^^^^^^^^^^^^^^^^^^^^^^^^^^^^^^^^^^^^
src/deriva_ml/dataset/dataset_bag.py:271: in list_dataset_members
    for k, v in nested_dataset.list_dataset_members(recurse=recurse).items():
                ^^^^^^^^^^^^^^^^^^^^^^^^^^^^^^^^^^^^^^^^^^^^^^^^^^^^
src/deriva_ml/dataset/dataset_bag.py:271: in list_dataset_members
    for k, v in nested_dataset.list_dataset_members(recurse=recurse).items():
                ^^^^^^^^^^^^^^^^^^^^^^^^^^^^^^^^^^^^^^^^^^^^^^^^^^^^
src/deriva_ml/dataset/dataset_bag.py:271: in list_dataset_members
    for k, v in nested_dataset.list_dataset_members(recurse=recurse).items():
                ^^^^^^^^^^^^^^^^^^^^^^^^^^^^^^^^^^^^^^^^^^^^^^^^^^^^
src/deriva_ml/dataset/dataset_bag.py:271: in list_dataset_members
    for k, v in nested_dataset.list_dataset_members(recurse=recurse).items():
                ^^^^^^^^^^^^^^^^^^^^^^^^^^^^^^^^^^^^^^^^^^^^^^^^^^^^
src/deriva_ml/dataset/dataset_bag.py:271: in list_dataset_members
    for k, v in nested_dataset.list_dataset_members(recurse=recurse).items():
                ^^^^^^^^^^^^^^^^^^^^^^^^^^^^^^^^^^^^^^^^^^^^^^^^^^^^
src/deriva_ml/dataset/dataset_bag.py:271: in list_dataset_members
    for k, v in nested_dataset.list_dataset_members(recurse=recurse).items():
                ^^^^^^^^^^^^^^^^^^^^^^^^^^^^^^^^^^^^^^^^^^^^^^^^^^^^
src/deriva_ml/dataset/dataset_bag.py:271: in list_dataset_members
    for k, v in nested_dataset.list_dataset_members(recurse=recurse).items():
                ^^^^^^^^^^^^^^^^^^^^^^^^^^^^^^^^^^^^^^^^^^^^^^^^^^^^
src/deriva_ml/dataset/dataset_bag.py:271: in list_dataset_members
    for k, v in nested_dataset.list_dataset_members(recurse=recurse).items():
                ^^^^^^^^^^^^^^^^^^^^^^^^^^^^^^^^^^^^^^^^^^^^^^^^^^^^
src/deriva_ml/dataset/dataset_bag.py:271: in list_dataset_members
    for k, v in nested_dataset.list_dataset_members(recurse=recurse).items():
                ^^^^^^^^^^^^^^^^^^^^^^^^^^^^^^^^^^^^^^^^^^^^^^^^^^^^
src/deriva_ml/dataset/dataset_bag.py:271: in list_dataset_members
    for k, v in nested_dataset.list_dataset_members(recurse=recurse).items():
                ^^^^^^^^^^^^^^^^^^^^^^^^^^^^^^^^^^^^^^^^^^^^^^^^^^^^
src/deriva_ml/dataset/dataset_bag.py:271: in list_dataset_members
    for k, v in nested_dataset.list_dataset_members(recurse=recurse).items():
                ^^^^^^^^^^^^^^^^^^^^^^^^^^^^^^^^^^^^^^^^^^^^^^^^^^^^
src/deriva_ml/dataset/dataset_bag.py:271: in list_dataset_members
    for k, v in nested_dataset.list_dataset_members(recurse=recurse).items():
                ^^^^^^^^^^^^^^^^^^^^^^^^^^^^^^^^^^^^^^^^^^^^^^^^^^^^
src/deriva_ml/dataset/dataset_bag.py:271: in list_dataset_members
    for k, v in nested_dataset.list_dataset_members(recurse=recurse).items():
                ^^^^^^^^^^^^^^^^^^^^^^^^^^^^^^^^^^^^^^^^^^^^^^^^^^^^
src/deriva_ml/dataset/dataset_bag.py:271: in list_dataset_members
    for k, v in nested_dataset.list_dataset_members(recurse=recurse).items():
                ^^^^^^^^^^^^^^^^^^^^^^^^^^^^^^^^^^^^^^^^^^^^^^^^^^^^
src/deriva_ml/dataset/dataset_bag.py:271: in list_dataset_members
    for k, v in nested_dataset.list_dataset_members(recurse=recurse).items():
                ^^^^^^^^^^^^^^^^^^^^^^^^^^^^^^^^^^^^^^^^^^^^^^^^^^^^
src/deriva_ml/dataset/dataset_bag.py:271: in list_dataset_members
    for k, v in nested_dataset.list_dataset_members(recurse=recurse).items():
                ^^^^^^^^^^^^^^^^^^^^^^^^^^^^^^^^^^^^^^^^^^^^^^^^^^^^
src/deriva_ml/dataset/dataset_bag.py:271: in list_dataset_members
    for k, v in nested_dataset.list_dataset_members(recurse=recurse).items():
                ^^^^^^^^^^^^^^^^^^^^^^^^^^^^^^^^^^^^^^^^^^^^^^^^^^^^
src/deriva_ml/dataset/dataset_bag.py:271: in list_dataset_members
    for k, v in nested_dataset.list_dataset_members(recurse=recurse).items():
                ^^^^^^^^^^^^^^^^^^^^^^^^^^^^^^^^^^^^^^^^^^^^^^^^^^^^
src/deriva_ml/dataset/dataset_bag.py:271: in list_dataset_members
    for k, v in nested_dataset.list_dataset_members(recurse=recurse).items():
                ^^^^^^^^^^^^^^^^^^^^^^^^^^^^^^^^^^^^^^^^^^^^^^^^^^^^
src/deriva_ml/dataset/dataset_bag.py:271: in list_dataset_members
    for k, v in nested_dataset.list_dataset_members(recurse=recurse).items():
                ^^^^^^^^^^^^^^^^^^^^^^^^^^^^^^^^^^^^^^^^^^^^^^^^^^^^
src/deriva_ml/dataset/dataset_bag.py:271: in list_dataset_members
    for k, v in nested_dataset.list_dataset_members(recurse=recurse).items():
                ^^^^^^^^^^^^^^^^^^^^^^^^^^^^^^^^^^^^^^^^^^^^^^^^^^^^
src/deriva_ml/dataset/dataset_bag.py:271: in list_dataset_members
    for k, v in nested_dataset.list_dataset_members(recurse=recurse).items():
                ^^^^^^^^^^^^^^^^^^^^^^^^^^^^^^^^^^^^^^^^^^^^^^^^^^^^
src/deriva_ml/dataset/dataset_bag.py:271: in list_dataset_members
    for k, v in nested_dataset.list_dataset_members(recurse=recurse).items():
                ^^^^^^^^^^^^^^^^^^^^^^^^^^^^^^^^^^^^^^^^^^^^^^^^^^^^
src/deriva_ml/dataset/dataset_bag.py:271: in list_dataset_members
    for k, v in nested_dataset.list_dataset_members(recurse=recurse).items():
                ^^^^^^^^^^^^^^^^^^^^^^^^^^^^^^^^^^^^^^^^^^^^^^^^^^^^
src/deriva_ml/dataset/dataset_bag.py:271: in list_dataset_members
    for k, v in nested_dataset.list_dataset_members(recurse=recurse).items():
                ^^^^^^^^^^^^^^^^^^^^^^^^^^^^^^^^^^^^^^^^^^^^^^^^^^^^
src/deriva_ml/dataset/dataset_bag.py:271: in list_dataset_members
    for k, v in nested_dataset.list_dataset_members(recurse=recurse).items():
                ^^^^^^^^^^^^^^^^^^^^^^^^^^^^^^^^^^^^^^^^^^^^^^^^^^^^
src/deriva_ml/dataset/dataset_bag.py:271: in list_dataset_members
    for k, v in nested_dataset.list_dataset_members(recurse=recurse).items():
                ^^^^^^^^^^^^^^^^^^^^^^^^^^^^^^^^^^^^^^^^^^^^^^^^^^^^
src/deriva_ml/dataset/dataset_bag.py:271: in list_dataset_members
    for k, v in nested_dataset.list_dataset_members(recurse=recurse).items():
                ^^^^^^^^^^^^^^^^^^^^^^^^^^^^^^^^^^^^^^^^^^^^^^^^^^^^
src/deriva_ml/dataset/dataset_bag.py:271: in list_dataset_members
    for k, v in nested_dataset.list_dataset_members(recurse=recurse).items():
                ^^^^^^^^^^^^^^^^^^^^^^^^^^^^^^^^^^^^^^^^^^^^^^^^^^^^
src/deriva_ml/dataset/dataset_bag.py:271: in list_dataset_members
    for k, v in nested_dataset.list_dataset_members(recurse=recurse).items():
                ^^^^^^^^^^^^^^^^^^^^^^^^^^^^^^^^^^^^^^^^^^^^^^^^^^^^
src/deriva_ml/dataset/dataset_bag.py:271: in list_dataset_members
    for k, v in nested_dataset.list_dataset_members(recurse=recurse).items():
                ^^^^^^^^^^^^^^^^^^^^^^^^^^^^^^^^^^^^^^^^^^^^^^^^^^^^
src/deriva_ml/dataset/dataset_bag.py:271: in list_dataset_members
    for k, v in nested_dataset.list_dataset_members(recurse=recurse).items():
                ^^^^^^^^^^^^^^^^^^^^^^^^^^^^^^^^^^^^^^^^^^^^^^^^^^^^
src/deriva_ml/dataset/dataset_bag.py:271: in list_dataset_members
    for k, v in nested_dataset.list_dataset_members(recurse=recurse).items():
                ^^^^^^^^^^^^^^^^^^^^^^^^^^^^^^^^^^^^^^^^^^^^^^^^^^^^
src/deriva_ml/dataset/dataset_bag.py:271: in list_dataset_members
    for k, v in nested_dataset.list_dataset_members(recurse=recurse).items():
                ^^^^^^^^^^^^^^^^^^^^^^^^^^^^^^^^^^^^^^^^^^^^^^^^^^^^
src/deriva_ml/dataset/dataset_bag.py:271: in list_dataset_members
    for k, v in nested_dataset.list_dataset_members(recurse=recurse).items():
                ^^^^^^^^^^^^^^^^^^^^^^^^^^^^^^^^^^^^^^^^^^^^^^^^^^^^
src/deriva_ml/dataset/dataset_bag.py:271: in list_dataset_members
    for k, v in nested_dataset.list_dataset_members(recurse=recurse).items():
                ^^^^^^^^^^^^^^^^^^^^^^^^^^^^^^^^^^^^^^^^^^^^^^^^^^^^
src/deriva_ml/dataset/dataset_bag.py:271: in list_dataset_members
    for k, v in nested_dataset.list_dataset_members(recurse=recurse).items():
                ^^^^^^^^^^^^^^^^^^^^^^^^^^^^^^^^^^^^^^^^^^^^^^^^^^^^
src/deriva_ml/dataset/dataset_bag.py:271: in list_dataset_members
    for k, v in nested_dataset.list_dataset_members(recurse=recurse).items():
                ^^^^^^^^^^^^^^^^^^^^^^^^^^^^^^^^^^^^^^^^^^^^^^^^^^^^
src/deriva_ml/dataset/dataset_bag.py:271: in list_dataset_members
    for k, v in nested_dataset.list_dataset_members(recurse=recurse).items():
                ^^^^^^^^^^^^^^^^^^^^^^^^^^^^^^^^^^^^^^^^^^^^^^^^^^^^
src/deriva_ml/dataset/dataset_bag.py:271: in list_dataset_members
    for k, v in nested_dataset.list_dataset_members(recurse=recurse).items():
                ^^^^^^^^^^^^^^^^^^^^^^^^^^^^^^^^^^^^^^^^^^^^^^^^^^^^
src/deriva_ml/dataset/dataset_bag.py:271: in list_dataset_members
    for k, v in nested_dataset.list_dataset_members(recurse=recurse).items():
                ^^^^^^^^^^^^^^^^^^^^^^^^^^^^^^^^^^^^^^^^^^^^^^^^^^^^
src/deriva_ml/dataset/dataset_bag.py:271: in list_dataset_members
    for k, v in nested_dataset.list_dataset_members(recurse=recurse).items():
                ^^^^^^^^^^^^^^^^^^^^^^^^^^^^^^^^^^^^^^^^^^^^^^^^^^^^
src/deriva_ml/dataset/dataset_bag.py:271: in list_dataset_members
    for k, v in nested_dataset.list_dataset_members(recurse=recurse).items():
                ^^^^^^^^^^^^^^^^^^^^^^^^^^^^^^^^^^^^^^^^^^^^^^^^^^^^
src/deriva_ml/dataset/dataset_bag.py:271: in list_dataset_members
    for k, v in nested_dataset.list_dataset_members(recurse=recurse).items():
                ^^^^^^^^^^^^^^^^^^^^^^^^^^^^^^^^^^^^^^^^^^^^^^^^^^^^
src/deriva_ml/dataset/dataset_bag.py:271: in list_dataset_members
    for k, v in nested_dataset.list_dataset_members(recurse=recurse).items():
                ^^^^^^^^^^^^^^^^^^^^^^^^^^^^^^^^^^^^^^^^^^^^^^^^^^^^
src/deriva_ml/dataset/dataset_bag.py:271: in list_dataset_members
    for k, v in nested_dataset.list_dataset_members(recurse=recurse).items():
                ^^^^^^^^^^^^^^^^^^^^^^^^^^^^^^^^^^^^^^^^^^^^^^^^^^^^
src/deriva_ml/dataset/dataset_bag.py:271: in list_dataset_members
    for k, v in nested_dataset.list_dataset_members(recurse=recurse).items():
                ^^^^^^^^^^^^^^^^^^^^^^^^^^^^^^^^^^^^^^^^^^^^^^^^^^^^
src/deriva_ml/dataset/dataset_bag.py:271: in list_dataset_members
    for k, v in nested_dataset.list_dataset_members(recurse=recurse).items():
                ^^^^^^^^^^^^^^^^^^^^^^^^^^^^^^^^^^^^^^^^^^^^^^^^^^^^
src/deriva_ml/dataset/dataset_bag.py:271: in list_dataset_members
    for k, v in nested_dataset.list_dataset_members(recurse=recurse).items():
                ^^^^^^^^^^^^^^^^^^^^^^^^^^^^^^^^^^^^^^^^^^^^^^^^^^^^
src/deriva_ml/dataset/dataset_bag.py:271: in list_dataset_members
    for k, v in nested_dataset.list_dataset_members(recurse=recurse).items():
                ^^^^^^^^^^^^^^^^^^^^^^^^^^^^^^^^^^^^^^^^^^^^^^^^^^^^
src/deriva_ml/dataset/dataset_bag.py:271: in list_dataset_members
    for k, v in nested_dataset.list_dataset_members(recurse=recurse).items():
                ^^^^^^^^^^^^^^^^^^^^^^^^^^^^^^^^^^^^^^^^^^^^^^^^^^^^
src/deriva_ml/dataset/dataset_bag.py:271: in list_dataset_members
    for k, v in nested_dataset.list_dataset_members(recurse=recurse).items():
                ^^^^^^^^^^^^^^^^^^^^^^^^^^^^^^^^^^^^^^^^^^^^^^^^^^^^
src/deriva_ml/dataset/dataset_bag.py:271: in list_dataset_members
    for k, v in nested_dataset.list_dataset_members(recurse=recurse).items():
                ^^^^^^^^^^^^^^^^^^^^^^^^^^^^^^^^^^^^^^^^^^^^^^^^^^^^
src/deriva_ml/dataset/dataset_bag.py:271: in list_dataset_members
    for k, v in nested_dataset.list_dataset_members(recurse=recurse).items():
                ^^^^^^^^^^^^^^^^^^^^^^^^^^^^^^^^^^^^^^^^^^^^^^^^^^^^
src/deriva_ml/dataset/dataset_bag.py:271: in list_dataset_members
    for k, v in nested_dataset.list_dataset_members(recurse=recurse).items():
                ^^^^^^^^^^^^^^^^^^^^^^^^^^^^^^^^^^^^^^^^^^^^^^^^^^^^
src/deriva_ml/dataset/dataset_bag.py:271: in list_dataset_members
    for k, v in nested_dataset.list_dataset_members(recurse=recurse).items():
                ^^^^^^^^^^^^^^^^^^^^^^^^^^^^^^^^^^^^^^^^^^^^^^^^^^^^
src/deriva_ml/dataset/dataset_bag.py:271: in list_dataset_members
    for k, v in nested_dataset.list_dataset_members(recurse=recurse).items():
                ^^^^^^^^^^^^^^^^^^^^^^^^^^^^^^^^^^^^^^^^^^^^^^^^^^^^
src/deriva_ml/dataset/dataset_bag.py:271: in list_dataset_members
    for k, v in nested_dataset.list_dataset_members(recurse=recurse).items():
                ^^^^^^^^^^^^^^^^^^^^^^^^^^^^^^^^^^^^^^^^^^^^^^^^^^^^
src/deriva_ml/dataset/dataset_bag.py:271: in list_dataset_members
    for k, v in nested_dataset.list_dataset_members(recurse=recurse).items():
                ^^^^^^^^^^^^^^^^^^^^^^^^^^^^^^^^^^^^^^^^^^^^^^^^^^^^
src/deriva_ml/dataset/dataset_bag.py:271: in list_dataset_members
    for k, v in nested_dataset.list_dataset_members(recurse=recurse).items():
                ^^^^^^^^^^^^^^^^^^^^^^^^^^^^^^^^^^^^^^^^^^^^^^^^^^^^
src/deriva_ml/dataset/dataset_bag.py:271: in list_dataset_members
    for k, v in nested_dataset.list_dataset_members(recurse=recurse).items():
                ^^^^^^^^^^^^^^^^^^^^^^^^^^^^^^^^^^^^^^^^^^^^^^^^^^^^
src/deriva_ml/dataset/dataset_bag.py:271: in list_dataset_members
    for k, v in nested_dataset.list_dataset_members(recurse=recurse).items():
                ^^^^^^^^^^^^^^^^^^^^^^^^^^^^^^^^^^^^^^^^^^^^^^^^^^^^
src/deriva_ml/dataset/dataset_bag.py:271: in list_dataset_members
    for k, v in nested_dataset.list_dataset_members(recurse=recurse).items():
                ^^^^^^^^^^^^^^^^^^^^^^^^^^^^^^^^^^^^^^^^^^^^^^^^^^^^
src/deriva_ml/dataset/dataset_bag.py:271: in list_dataset_members
    for k, v in nested_dataset.list_dataset_members(recurse=recurse).items():
                ^^^^^^^^^^^^^^^^^^^^^^^^^^^^^^^^^^^^^^^^^^^^^^^^^^^^
src/deriva_ml/dataset/dataset_bag.py:271: in list_dataset_members
    for k, v in nested_dataset.list_dataset_members(recurse=recurse).items():
                ^^^^^^^^^^^^^^^^^^^^^^^^^^^^^^^^^^^^^^^^^^^^^^^^^^^^
src/deriva_ml/dataset/dataset_bag.py:271: in list_dataset_members
    for k, v in nested_dataset.list_dataset_members(recurse=recurse).items():
                ^^^^^^^^^^^^^^^^^^^^^^^^^^^^^^^^^^^^^^^^^^^^^^^^^^^^
src/deriva_ml/dataset/dataset_bag.py:271: in list_dataset_members
    for k, v in nested_dataset.list_dataset_members(recurse=recurse).items():
                ^^^^^^^^^^^^^^^^^^^^^^^^^^^^^^^^^^^^^^^^^^^^^^^^^^^^
src/deriva_ml/dataset/dataset_bag.py:271: in list_dataset_members
    for k, v in nested_dataset.list_dataset_members(recurse=recurse).items():
                ^^^^^^^^^^^^^^^^^^^^^^^^^^^^^^^^^^^^^^^^^^^^^^^^^^^^
src/deriva_ml/dataset/dataset_bag.py:271: in list_dataset_members
    for k, v in nested_dataset.list_dataset_members(recurse=recurse).items():
                ^^^^^^^^^^^^^^^^^^^^^^^^^^^^^^^^^^^^^^^^^^^^^^^^^^^^
src/deriva_ml/dataset/dataset_bag.py:271: in list_dataset_members
    for k, v in nested_dataset.list_dataset_members(recurse=recurse).items():
                ^^^^^^^^^^^^^^^^^^^^^^^^^^^^^^^^^^^^^^^^^^^^^^^^^^^^
src/deriva_ml/dataset/dataset_bag.py:271: in list_dataset_members
    for k, v in nested_dataset.list_dataset_members(recurse=recurse).items():
                ^^^^^^^^^^^^^^^^^^^^^^^^^^^^^^^^^^^^^^^^^^^^^^^^^^^^
src/deriva_ml/dataset/dataset_bag.py:271: in list_dataset_members
    for k, v in nested_dataset.list_dataset_members(recurse=recurse).items():
                ^^^^^^^^^^^^^^^^^^^^^^^^^^^^^^^^^^^^^^^^^^^^^^^^^^^^
src/deriva_ml/dataset/dataset_bag.py:271: in list_dataset_members
    for k, v in nested_dataset.list_dataset_members(recurse=recurse).items():
                ^^^^^^^^^^^^^^^^^^^^^^^^^^^^^^^^^^^^^^^^^^^^^^^^^^^^
src/deriva_ml/dataset/dataset_bag.py:271: in list_dataset_members
    for k, v in nested_dataset.list_dataset_members(recurse=recurse).items():
                ^^^^^^^^^^^^^^^^^^^^^^^^^^^^^^^^^^^^^^^^^^^^^^^^^^^^
src/deriva_ml/dataset/dataset_bag.py:271: in list_dataset_members
    for k, v in nested_dataset.list_dataset_members(recurse=recurse).items():
                ^^^^^^^^^^^^^^^^^^^^^^^^^^^^^^^^^^^^^^^^^^^^^^^^^^^^
src/deriva_ml/dataset/dataset_bag.py:271: in list_dataset_members
    for k, v in nested_dataset.list_dataset_members(recurse=recurse).items():
                ^^^^^^^^^^^^^^^^^^^^^^^^^^^^^^^^^^^^^^^^^^^^^^^^^^^^
src/deriva_ml/dataset/dataset_bag.py:271: in list_dataset_members
    for k, v in nested_dataset.list_dataset_members(recurse=recurse).items():
                ^^^^^^^^^^^^^^^^^^^^^^^^^^^^^^^^^^^^^^^^^^^^^^^^^^^^
src/deriva_ml/dataset/dataset_bag.py:271: in list_dataset_members
    for k, v in nested_dataset.list_dataset_members(recurse=recurse).items():
                ^^^^^^^^^^^^^^^^^^^^^^^^^^^^^^^^^^^^^^^^^^^^^^^^^^^^
src/deriva_ml/dataset/dataset_bag.py:271: in list_dataset_members
    for k, v in nested_dataset.list_dataset_members(recurse=recurse).items():
                ^^^^^^^^^^^^^^^^^^^^^^^^^^^^^^^^^^^^^^^^^^^^^^^^^^^^
src/deriva_ml/dataset/dataset_bag.py:271: in list_dataset_members
    for k, v in nested_dataset.list_dataset_members(recurse=recurse).items():
                ^^^^^^^^^^^^^^^^^^^^^^^^^^^^^^^^^^^^^^^^^^^^^^^^^^^^
src/deriva_ml/dataset/dataset_bag.py:271: in list_dataset_members
    for k, v in nested_dataset.list_dataset_members(recurse=recurse).items():
                ^^^^^^^^^^^^^^^^^^^^^^^^^^^^^^^^^^^^^^^^^^^^^^^^^^^^
src/deriva_ml/dataset/dataset_bag.py:271: in list_dataset_members
    for k, v in nested_dataset.list_dataset_members(recurse=recurse).items():
                ^^^^^^^^^^^^^^^^^^^^^^^^^^^^^^^^^^^^^^^^^^^^^^^^^^^^
src/deriva_ml/dataset/dataset_bag.py:271: in list_dataset_members
    for k, v in nested_dataset.list_dataset_members(recurse=recurse).items():
                ^^^^^^^^^^^^^^^^^^^^^^^^^^^^^^^^^^^^^^^^^^^^^^^^^^^^
src/deriva_ml/dataset/dataset_bag.py:271: in list_dataset_members
    for k, v in nested_dataset.list_dataset_members(recurse=recurse).items():
                ^^^^^^^^^^^^^^^^^^^^^^^^^^^^^^^^^^^^^^^^^^^^^^^^^^^^
src/deriva_ml/dataset/dataset_bag.py:271: in list_dataset_members
    for k, v in nested_dataset.list_dataset_members(recurse=recurse).items():
                ^^^^^^^^^^^^^^^^^^^^^^^^^^^^^^^^^^^^^^^^^^^^^^^^^^^^
src/deriva_ml/dataset/dataset_bag.py:271: in list_dataset_members
    for k, v in nested_dataset.list_dataset_members(recurse=recurse).items():
                ^^^^^^^^^^^^^^^^^^^^^^^^^^^^^^^^^^^^^^^^^^^^^^^^^^^^
src/deriva_ml/dataset/dataset_bag.py:271: in list_dataset_members
    for k, v in nested_dataset.list_dataset_members(recurse=recurse).items():
                ^^^^^^^^^^^^^^^^^^^^^^^^^^^^^^^^^^^^^^^^^^^^^^^^^^^^
src/deriva_ml/dataset/dataset_bag.py:271: in list_dataset_members
    for k, v in nested_dataset.list_dataset_members(recurse=recurse).items():
                ^^^^^^^^^^^^^^^^^^^^^^^^^^^^^^^^^^^^^^^^^^^^^^^^^^^^
src/deriva_ml/dataset/dataset_bag.py:271: in list_dataset_members
    for k, v in nested_dataset.list_dataset_members(recurse=recurse).items():
                ^^^^^^^^^^^^^^^^^^^^^^^^^^^^^^^^^^^^^^^^^^^^^^^^^^^^
src/deriva_ml/dataset/dataset_bag.py:271: in list_dataset_members
    for k, v in nested_dataset.list_dataset_members(recurse=recurse).items():
                ^^^^^^^^^^^^^^^^^^^^^^^^^^^^^^^^^^^^^^^^^^^^^^^^^^^^
src/deriva_ml/dataset/dataset_bag.py:271: in list_dataset_members
    for k, v in nested_dataset.list_dataset_members(recurse=recurse).items():
                ^^^^^^^^^^^^^^^^^^^^^^^^^^^^^^^^^^^^^^^^^^^^^^^^^^^^
src/deriva_ml/dataset/dataset_bag.py:271: in list_dataset_members
    for k, v in nested_dataset.list_dataset_members(recurse=recurse).items():
                ^^^^^^^^^^^^^^^^^^^^^^^^^^^^^^^^^^^^^^^^^^^^^^^^^^^^
src/deriva_ml/dataset/dataset_bag.py:271: in list_dataset_members
    for k, v in nested_dataset.list_dataset_members(recurse=recurse).items():
                ^^^^^^^^^^^^^^^^^^^^^^^^^^^^^^^^^^^^^^^^^^^^^^^^^^^^
src/deriva_ml/dataset/dataset_bag.py:271: in list_dataset_members
    for k, v in nested_dataset.list_dataset_members(recurse=recurse).items():
                ^^^^^^^^^^^^^^^^^^^^^^^^^^^^^^^^^^^^^^^^^^^^^^^^^^^^
src/deriva_ml/dataset/dataset_bag.py:271: in list_dataset_members
    for k, v in nested_dataset.list_dataset_members(recurse=recurse).items():
                ^^^^^^^^^^^^^^^^^^^^^^^^^^^^^^^^^^^^^^^^^^^^^^^^^^^^
src/deriva_ml/dataset/dataset_bag.py:271: in list_dataset_members
    for k, v in nested_dataset.list_dataset_members(recurse=recurse).items():
                ^^^^^^^^^^^^^^^^^^^^^^^^^^^^^^^^^^^^^^^^^^^^^^^^^^^^
src/deriva_ml/dataset/dataset_bag.py:271: in list_dataset_members
    for k, v in nested_dataset.list_dataset_members(recurse=recurse).items():
                ^^^^^^^^^^^^^^^^^^^^^^^^^^^^^^^^^^^^^^^^^^^^^^^^^^^^
src/deriva_ml/dataset/dataset_bag.py:271: in list_dataset_members
    for k, v in nested_dataset.list_dataset_members(recurse=recurse).items():
                ^^^^^^^^^^^^^^^^^^^^^^^^^^^^^^^^^^^^^^^^^^^^^^^^^^^^
src/deriva_ml/dataset/dataset_bag.py:271: in list_dataset_members
    for k, v in nested_dataset.list_dataset_members(recurse=recurse).items():
                ^^^^^^^^^^^^^^^^^^^^^^^^^^^^^^^^^^^^^^^^^^^^^^^^^^^^
src/deriva_ml/dataset/dataset_bag.py:271: in list_dataset_members
    for k, v in nested_dataset.list_dataset_members(recurse=recurse).items():
                ^^^^^^^^^^^^^^^^^^^^^^^^^^^^^^^^^^^^^^^^^^^^^^^^^^^^
src/deriva_ml/dataset/dataset_bag.py:271: in list_dataset_members
    for k, v in nested_dataset.list_dataset_members(recurse=recurse).items():
                ^^^^^^^^^^^^^^^^^^^^^^^^^^^^^^^^^^^^^^^^^^^^^^^^^^^^
src/deriva_ml/dataset/dataset_bag.py:271: in list_dataset_members
    for k, v in nested_dataset.list_dataset_members(recurse=recurse).items():
                ^^^^^^^^^^^^^^^^^^^^^^^^^^^^^^^^^^^^^^^^^^^^^^^^^^^^
src/deriva_ml/dataset/dataset_bag.py:271: in list_dataset_members
    for k, v in nested_dataset.list_dataset_members(recurse=recurse).items():
                ^^^^^^^^^^^^^^^^^^^^^^^^^^^^^^^^^^^^^^^^^^^^^^^^^^^^
src/deriva_ml/dataset/dataset_bag.py:271: in list_dataset_members
    for k, v in nested_dataset.list_dataset_members(recurse=recurse).items():
                ^^^^^^^^^^^^^^^^^^^^^^^^^^^^^^^^^^^^^^^^^^^^^^^^^^^^
src/deriva_ml/dataset/dataset_bag.py:271: in list_dataset_members
    for k, v in nested_dataset.list_dataset_members(recurse=recurse).items():
                ^^^^^^^^^^^^^^^^^^^^^^^^^^^^^^^^^^^^^^^^^^^^^^^^^^^^
src/deriva_ml/dataset/dataset_bag.py:271: in list_dataset_members
    for k, v in nested_dataset.list_dataset_members(recurse=recurse).items():
                ^^^^^^^^^^^^^^^^^^^^^^^^^^^^^^^^^^^^^^^^^^^^^^^^^^^^
src/deriva_ml/dataset/dataset_bag.py:271: in list_dataset_members
    for k, v in nested_dataset.list_dataset_members(recurse=recurse).items():
                ^^^^^^^^^^^^^^^^^^^^^^^^^^^^^^^^^^^^^^^^^^^^^^^^^^^^
src/deriva_ml/dataset/dataset_bag.py:271: in list_dataset_members
    for k, v in nested_dataset.list_dataset_members(recurse=recurse).items():
                ^^^^^^^^^^^^^^^^^^^^^^^^^^^^^^^^^^^^^^^^^^^^^^^^^^^^
src/deriva_ml/dataset/dataset_bag.py:271: in list_dataset_members
    for k, v in nested_dataset.list_dataset_members(recurse=recurse).items():
                ^^^^^^^^^^^^^^^^^^^^^^^^^^^^^^^^^^^^^^^^^^^^^^^^^^^^
src/deriva_ml/dataset/dataset_bag.py:271: in list_dataset_members
    for k, v in nested_dataset.list_dataset_members(recurse=recurse).items():
                ^^^^^^^^^^^^^^^^^^^^^^^^^^^^^^^^^^^^^^^^^^^^^^^^^^^^
src/deriva_ml/dataset/dataset_bag.py:271: in list_dataset_members
    for k, v in nested_dataset.list_dataset_members(recurse=recurse).items():
                ^^^^^^^^^^^^^^^^^^^^^^^^^^^^^^^^^^^^^^^^^^^^^^^^^^^^
src/deriva_ml/dataset/dataset_bag.py:271: in list_dataset_members
    for k, v in nested_dataset.list_dataset_members(recurse=recurse).items():
                ^^^^^^^^^^^^^^^^^^^^^^^^^^^^^^^^^^^^^^^^^^^^^^^^^^^^
src/deriva_ml/dataset/dataset_bag.py:271: in list_dataset_members
    for k, v in nested_dataset.list_dataset_members(recurse=recurse).items():
                ^^^^^^^^^^^^^^^^^^^^^^^^^^^^^^^^^^^^^^^^^^^^^^^^^^^^
src/deriva_ml/dataset/dataset_bag.py:271: in list_dataset_members
    for k, v in nested_dataset.list_dataset_members(recurse=recurse).items():
                ^^^^^^^^^^^^^^^^^^^^^^^^^^^^^^^^^^^^^^^^^^^^^^^^^^^^
src/deriva_ml/dataset/dataset_bag.py:271: in list_dataset_members
    for k, v in nested_dataset.list_dataset_members(recurse=recurse).items():
                ^^^^^^^^^^^^^^^^^^^^^^^^^^^^^^^^^^^^^^^^^^^^^^^^^^^^
src/deriva_ml/dataset/dataset_bag.py:271: in list_dataset_members
    for k, v in nested_dataset.list_dataset_members(recurse=recurse).items():
                ^^^^^^^^^^^^^^^^^^^^^^^^^^^^^^^^^^^^^^^^^^^^^^^^^^^^
src/deriva_ml/dataset/dataset_bag.py:271: in list_dataset_members
    for k, v in nested_dataset.list_dataset_members(recurse=recurse).items():
                ^^^^^^^^^^^^^^^^^^^^^^^^^^^^^^^^^^^^^^^^^^^^^^^^^^^^
src/deriva_ml/dataset/dataset_bag.py:271: in list_dataset_members
    for k, v in nested_dataset.list_dataset_members(recurse=recurse).items():
                ^^^^^^^^^^^^^^^^^^^^^^^^^^^^^^^^^^^^^^^^^^^^^^^^^^^^
src/deriva_ml/dataset/dataset_bag.py:271: in list_dataset_members
    for k, v in nested_dataset.list_dataset_members(recurse=recurse).items():
                ^^^^^^^^^^^^^^^^^^^^^^^^^^^^^^^^^^^^^^^^^^^^^^^^^^^^
src/deriva_ml/dataset/dataset_bag.py:271: in list_dataset_members
    for k, v in nested_dataset.list_dataset_members(recurse=recurse).items():
                ^^^^^^^^^^^^^^^^^^^^^^^^^^^^^^^^^^^^^^^^^^^^^^^^^^^^
src/deriva_ml/dataset/dataset_bag.py:271: in list_dataset_members
    for k, v in nested_dataset.list_dataset_members(recurse=recurse).items():
                ^^^^^^^^^^^^^^^^^^^^^^^^^^^^^^^^^^^^^^^^^^^^^^^^^^^^
src/deriva_ml/dataset/dataset_bag.py:271: in list_dataset_members
    for k, v in nested_dataset.list_dataset_members(recurse=recurse).items():
                ^^^^^^^^^^^^^^^^^^^^^^^^^^^^^^^^^^^^^^^^^^^^^^^^^^^^
src/deriva_ml/dataset/dataset_bag.py:271: in list_dataset_members
    for k, v in nested_dataset.list_dataset_members(recurse=recurse).items():
                ^^^^^^^^^^^^^^^^^^^^^^^^^^^^^^^^^^^^^^^^^^^^^^^^^^^^
src/deriva_ml/dataset/dataset_bag.py:271: in list_dataset_members
    for k, v in nested_dataset.list_dataset_members(recurse=recurse).items():
                ^^^^^^^^^^^^^^^^^^^^^^^^^^^^^^^^^^^^^^^^^^^^^^^^^^^^
src/deriva_ml/dataset/dataset_bag.py:271: in list_dataset_members
    for k, v in nested_dataset.list_dataset_members(recurse=recurse).items():
                ^^^^^^^^^^^^^^^^^^^^^^^^^^^^^^^^^^^^^^^^^^^^^^^^^^^^
src/deriva_ml/dataset/dataset_bag.py:271: in list_dataset_members
    for k, v in nested_dataset.list_dataset_members(recurse=recurse).items():
                ^^^^^^^^^^^^^^^^^^^^^^^^^^^^^^^^^^^^^^^^^^^^^^^^^^^^
src/deriva_ml/dataset/dataset_bag.py:271: in list_dataset_members
    for k, v in nested_dataset.list_dataset_members(recurse=recurse).items():
                ^^^^^^^^^^^^^^^^^^^^^^^^^^^^^^^^^^^^^^^^^^^^^^^^^^^^
src/deriva_ml/dataset/dataset_bag.py:271: in list_dataset_members
    for k, v in nested_dataset.list_dataset_members(recurse=recurse).items():
                ^^^^^^^^^^^^^^^^^^^^^^^^^^^^^^^^^^^^^^^^^^^^^^^^^^^^
src/deriva_ml/dataset/dataset_bag.py:271: in list_dataset_members
    for k, v in nested_dataset.list_dataset_members(recurse=recurse).items():
                ^^^^^^^^^^^^^^^^^^^^^^^^^^^^^^^^^^^^^^^^^^^^^^^^^^^^
src/deriva_ml/dataset/dataset_bag.py:271: in list_dataset_members
    for k, v in nested_dataset.list_dataset_members(recurse=recurse).items():
                ^^^^^^^^^^^^^^^^^^^^^^^^^^^^^^^^^^^^^^^^^^^^^^^^^^^^
src/deriva_ml/dataset/dataset_bag.py:271: in list_dataset_members
    for k, v in nested_dataset.list_dataset_members(recurse=recurse).items():
                ^^^^^^^^^^^^^^^^^^^^^^^^^^^^^^^^^^^^^^^^^^^^^^^^^^^^
src/deriva_ml/dataset/dataset_bag.py:271: in list_dataset_members
    for k, v in nested_dataset.list_dataset_members(recurse=recurse).items():
                ^^^^^^^^^^^^^^^^^^^^^^^^^^^^^^^^^^^^^^^^^^^^^^^^^^^^
src/deriva_ml/dataset/dataset_bag.py:271: in list_dataset_members
    for k, v in nested_dataset.list_dataset_members(recurse=recurse).items():
                ^^^^^^^^^^^^^^^^^^^^^^^^^^^^^^^^^^^^^^^^^^^^^^^^^^^^
src/deriva_ml/dataset/dataset_bag.py:271: in list_dataset_members
    for k, v in nested_dataset.list_dataset_members(recurse=recurse).items():
                ^^^^^^^^^^^^^^^^^^^^^^^^^^^^^^^^^^^^^^^^^^^^^^^^^^^^
src/deriva_ml/dataset/dataset_bag.py:271: in list_dataset_members
    for k, v in nested_dataset.list_dataset_members(recurse=recurse).items():
                ^^^^^^^^^^^^^^^^^^^^^^^^^^^^^^^^^^^^^^^^^^^^^^^^^^^^
src/deriva_ml/dataset/dataset_bag.py:271: in list_dataset_members
    for k, v in nested_dataset.list_dataset_members(recurse=recurse).items():
                ^^^^^^^^^^^^^^^^^^^^^^^^^^^^^^^^^^^^^^^^^^^^^^^^^^^^
src/deriva_ml/dataset/dataset_bag.py:271: in list_dataset_members
    for k, v in nested_dataset.list_dataset_members(recurse=recurse).items():
                ^^^^^^^^^^^^^^^^^^^^^^^^^^^^^^^^^^^^^^^^^^^^^^^^^^^^
src/deriva_ml/dataset/dataset_bag.py:271: in list_dataset_members
    for k, v in nested_dataset.list_dataset_members(recurse=recurse).items():
                ^^^^^^^^^^^^^^^^^^^^^^^^^^^^^^^^^^^^^^^^^^^^^^^^^^^^
src/deriva_ml/dataset/dataset_bag.py:271: in list_dataset_members
    for k, v in nested_dataset.list_dataset_members(recurse=recurse).items():
                ^^^^^^^^^^^^^^^^^^^^^^^^^^^^^^^^^^^^^^^^^^^^^^^^^^^^
src/deriva_ml/dataset/dataset_bag.py:271: in list_dataset_members
    for k, v in nested_dataset.list_dataset_members(recurse=recurse).items():
                ^^^^^^^^^^^^^^^^^^^^^^^^^^^^^^^^^^^^^^^^^^^^^^^^^^^^
src/deriva_ml/dataset/dataset_bag.py:271: in list_dataset_members
    for k, v in nested_dataset.list_dataset_members(recurse=recurse).items():
                ^^^^^^^^^^^^^^^^^^^^^^^^^^^^^^^^^^^^^^^^^^^^^^^^^^^^
src/deriva_ml/dataset/dataset_bag.py:271: in list_dataset_members
    for k, v in nested_dataset.list_dataset_members(recurse=recurse).items():
                ^^^^^^^^^^^^^^^^^^^^^^^^^^^^^^^^^^^^^^^^^^^^^^^^^^^^
src/deriva_ml/dataset/dataset_bag.py:271: in list_dataset_members
    for k, v in nested_dataset.list_dataset_members(recurse=recurse).items():
                ^^^^^^^^^^^^^^^^^^^^^^^^^^^^^^^^^^^^^^^^^^^^^^^^^^^^
src/deriva_ml/dataset/dataset_bag.py:271: in list_dataset_members
    for k, v in nested_dataset.list_dataset_members(recurse=recurse).items():
                ^^^^^^^^^^^^^^^^^^^^^^^^^^^^^^^^^^^^^^^^^^^^^^^^^^^^
src/deriva_ml/dataset/dataset_bag.py:271: in list_dataset_members
    for k, v in nested_dataset.list_dataset_members(recurse=recurse).items():
                ^^^^^^^^^^^^^^^^^^^^^^^^^^^^^^^^^^^^^^^^^^^^^^^^^^^^
src/deriva_ml/dataset/dataset_bag.py:271: in list_dataset_members
    for k, v in nested_dataset.list_dataset_members(recurse=recurse).items():
                ^^^^^^^^^^^^^^^^^^^^^^^^^^^^^^^^^^^^^^^^^^^^^^^^^^^^
src/deriva_ml/dataset/dataset_bag.py:271: in list_dataset_members
    for k, v in nested_dataset.list_dataset_members(recurse=recurse).items():
                ^^^^^^^^^^^^^^^^^^^^^^^^^^^^^^^^^^^^^^^^^^^^^^^^^^^^
src/deriva_ml/dataset/dataset_bag.py:271: in list_dataset_members
    for k, v in nested_dataset.list_dataset_members(recurse=recurse).items():
                ^^^^^^^^^^^^^^^^^^^^^^^^^^^^^^^^^^^^^^^^^^^^^^^^^^^^
src/deriva_ml/dataset/dataset_bag.py:271: in list_dataset_members
    for k, v in nested_dataset.list_dataset_members(recurse=recurse).items():
                ^^^^^^^^^^^^^^^^^^^^^^^^^^^^^^^^^^^^^^^^^^^^^^^^^^^^
src/deriva_ml/dataset/dataset_bag.py:271: in list_dataset_members
    for k, v in nested_dataset.list_dataset_members(recurse=recurse).items():
                ^^^^^^^^^^^^^^^^^^^^^^^^^^^^^^^^^^^^^^^^^^^^^^^^^^^^
src/deriva_ml/dataset/dataset_bag.py:271: in list_dataset_members
    for k, v in nested_dataset.list_dataset_members(recurse=recurse).items():
                ^^^^^^^^^^^^^^^^^^^^^^^^^^^^^^^^^^^^^^^^^^^^^^^^^^^^
src/deriva_ml/dataset/dataset_bag.py:271: in list_dataset_members
    for k, v in nested_dataset.list_dataset_members(recurse=recurse).items():
                ^^^^^^^^^^^^^^^^^^^^^^^^^^^^^^^^^^^^^^^^^^^^^^^^^^^^
src/deriva_ml/dataset/dataset_bag.py:271: in list_dataset_members
    for k, v in nested_dataset.list_dataset_members(recurse=recurse).items():
                ^^^^^^^^^^^^^^^^^^^^^^^^^^^^^^^^^^^^^^^^^^^^^^^^^^^^
src/deriva_ml/dataset/dataset_bag.py:271: in list_dataset_members
    for k, v in nested_dataset.list_dataset_members(recurse=recurse).items():
                ^^^^^^^^^^^^^^^^^^^^^^^^^^^^^^^^^^^^^^^^^^^^^^^^^^^^
src/deriva_ml/dataset/dataset_bag.py:271: in list_dataset_members
    for k, v in nested_dataset.list_dataset_members(recurse=recurse).items():
                ^^^^^^^^^^^^^^^^^^^^^^^^^^^^^^^^^^^^^^^^^^^^^^^^^^^^
src/deriva_ml/dataset/dataset_bag.py:271: in list_dataset_members
    for k, v in nested_dataset.list_dataset_members(recurse=recurse).items():
                ^^^^^^^^^^^^^^^^^^^^^^^^^^^^^^^^^^^^^^^^^^^^^^^^^^^^
src/deriva_ml/dataset/dataset_bag.py:271: in list_dataset_members
    for k, v in nested_dataset.list_dataset_members(recurse=recurse).items():
                ^^^^^^^^^^^^^^^^^^^^^^^^^^^^^^^^^^^^^^^^^^^^^^^^^^^^
src/deriva_ml/dataset/dataset_bag.py:271: in list_dataset_members
    for k, v in nested_dataset.list_dataset_members(recurse=recurse).items():
                ^^^^^^^^^^^^^^^^^^^^^^^^^^^^^^^^^^^^^^^^^^^^^^^^^^^^
src/deriva_ml/dataset/dataset_bag.py:271: in list_dataset_members
    for k, v in nested_dataset.list_dataset_members(recurse=recurse).items():
                ^^^^^^^^^^^^^^^^^^^^^^^^^^^^^^^^^^^^^^^^^^^^^^^^^^^^
src/deriva_ml/dataset/dataset_bag.py:271: in list_dataset_members
    for k, v in nested_dataset.list_dataset_members(recurse=recurse).items():
                ^^^^^^^^^^^^^^^^^^^^^^^^^^^^^^^^^^^^^^^^^^^^^^^^^^^^
src/deriva_ml/dataset/dataset_bag.py:271: in list_dataset_members
    for k, v in nested_dataset.list_dataset_members(recurse=recurse).items():
                ^^^^^^^^^^^^^^^^^^^^^^^^^^^^^^^^^^^^^^^^^^^^^^^^^^^^
src/deriva_ml/dataset/dataset_bag.py:271: in list_dataset_members
    for k, v in nested_dataset.list_dataset_members(recurse=recurse).items():
                ^^^^^^^^^^^^^^^^^^^^^^^^^^^^^^^^^^^^^^^^^^^^^^^^^^^^
src/deriva_ml/dataset/dataset_bag.py:271: in list_dataset_members
    for k, v in nested_dataset.list_dataset_members(recurse=recurse).items():
                ^^^^^^^^^^^^^^^^^^^^^^^^^^^^^^^^^^^^^^^^^^^^^^^^^^^^
src/deriva_ml/dataset/dataset_bag.py:271: in list_dataset_members
    for k, v in nested_dataset.list_dataset_members(recurse=recurse).items():
                ^^^^^^^^^^^^^^^^^^^^^^^^^^^^^^^^^^^^^^^^^^^^^^^^^^^^
src/deriva_ml/dataset/dataset_bag.py:271: in list_dataset_members
    for k, v in nested_dataset.list_dataset_members(recurse=recurse).items():
                ^^^^^^^^^^^^^^^^^^^^^^^^^^^^^^^^^^^^^^^^^^^^^^^^^^^^
src/deriva_ml/dataset/dataset_bag.py:271: in list_dataset_members
    for k, v in nested_dataset.list_dataset_members(recurse=recurse).items():
                ^^^^^^^^^^^^^^^^^^^^^^^^^^^^^^^^^^^^^^^^^^^^^^^^^^^^
src/deriva_ml/dataset/dataset_bag.py:271: in list_dataset_members
    for k, v in nested_dataset.list_dataset_members(recurse=recurse).items():
                ^^^^^^^^^^^^^^^^^^^^^^^^^^^^^^^^^^^^^^^^^^^^^^^^^^^^
src/deriva_ml/dataset/dataset_bag.py:271: in list_dataset_members
    for k, v in nested_dataset.list_dataset_members(recurse=recurse).items():
                ^^^^^^^^^^^^^^^^^^^^^^^^^^^^^^^^^^^^^^^^^^^^^^^^^^^^
src/deriva_ml/dataset/dataset_bag.py:271: in list_dataset_members
    for k, v in nested_dataset.list_dataset_members(recurse=recurse).items():
                ^^^^^^^^^^^^^^^^^^^^^^^^^^^^^^^^^^^^^^^^^^^^^^^^^^^^
src/deriva_ml/dataset/dataset_bag.py:271: in list_dataset_members
    for k, v in nested_dataset.list_dataset_members(recurse=recurse).items():
                ^^^^^^^^^^^^^^^^^^^^^^^^^^^^^^^^^^^^^^^^^^^^^^^^^^^^
src/deriva_ml/dataset/dataset_bag.py:271: in list_dataset_members
    for k, v in nested_dataset.list_dataset_members(recurse=recurse).items():
                ^^^^^^^^^^^^^^^^^^^^^^^^^^^^^^^^^^^^^^^^^^^^^^^^^^^^
src/deriva_ml/dataset/dataset_bag.py:271: in list_dataset_members
    for k, v in nested_dataset.list_dataset_members(recurse=recurse).items():
                ^^^^^^^^^^^^^^^^^^^^^^^^^^^^^^^^^^^^^^^^^^^^^^^^^^^^
src/deriva_ml/dataset/dataset_bag.py:271: in list_dataset_members
    for k, v in nested_dataset.list_dataset_members(recurse=recurse).items():
                ^^^^^^^^^^^^^^^^^^^^^^^^^^^^^^^^^^^^^^^^^^^^^^^^^^^^
src/deriva_ml/dataset/dataset_bag.py:271: in list_dataset_members
    for k, v in nested_dataset.list_dataset_members(recurse=recurse).items():
                ^^^^^^^^^^^^^^^^^^^^^^^^^^^^^^^^^^^^^^^^^^^^^^^^^^^^
src/deriva_ml/dataset/dataset_bag.py:271: in list_dataset_members
    for k, v in nested_dataset.list_dataset_members(recurse=recurse).items():
                ^^^^^^^^^^^^^^^^^^^^^^^^^^^^^^^^^^^^^^^^^^^^^^^^^^^^
src/deriva_ml/dataset/dataset_bag.py:271: in list_dataset_members
    for k, v in nested_dataset.list_dataset_members(recurse=recurse).items():
                ^^^^^^^^^^^^^^^^^^^^^^^^^^^^^^^^^^^^^^^^^^^^^^^^^^^^
src/deriva_ml/dataset/dataset_bag.py:271: in list_dataset_members
    for k, v in nested_dataset.list_dataset_members(recurse=recurse).items():
                ^^^^^^^^^^^^^^^^^^^^^^^^^^^^^^^^^^^^^^^^^^^^^^^^^^^^
src/deriva_ml/dataset/dataset_bag.py:271: in list_dataset_members
    for k, v in nested_dataset.list_dataset_members(recurse=recurse).items():
                ^^^^^^^^^^^^^^^^^^^^^^^^^^^^^^^^^^^^^^^^^^^^^^^^^^^^
src/deriva_ml/dataset/dataset_bag.py:271: in list_dataset_members
    for k, v in nested_dataset.list_dataset_members(recurse=recurse).items():
                ^^^^^^^^^^^^^^^^^^^^^^^^^^^^^^^^^^^^^^^^^^^^^^^^^^^^
src/deriva_ml/dataset/dataset_bag.py:271: in list_dataset_members
    for k, v in nested_dataset.list_dataset_members(recurse=recurse).items():
                ^^^^^^^^^^^^^^^^^^^^^^^^^^^^^^^^^^^^^^^^^^^^^^^^^^^^
src/deriva_ml/dataset/dataset_bag.py:271: in list_dataset_members
    for k, v in nested_dataset.list_dataset_members(recurse=recurse).items():
                ^^^^^^^^^^^^^^^^^^^^^^^^^^^^^^^^^^^^^^^^^^^^^^^^^^^^
src/deriva_ml/dataset/dataset_bag.py:271: in list_dataset_members
    for k, v in nested_dataset.list_dataset_members(recurse=recurse).items():
                ^^^^^^^^^^^^^^^^^^^^^^^^^^^^^^^^^^^^^^^^^^^^^^^^^^^^
src/deriva_ml/dataset/dataset_bag.py:271: in list_dataset_members
    for k, v in nested_dataset.list_dataset_members(recurse=recurse).items():
                ^^^^^^^^^^^^^^^^^^^^^^^^^^^^^^^^^^^^^^^^^^^^^^^^^^^^
src/deriva_ml/dataset/dataset_bag.py:271: in list_dataset_members
    for k, v in nested_dataset.list_dataset_members(recurse=recurse).items():
                ^^^^^^^^^^^^^^^^^^^^^^^^^^^^^^^^^^^^^^^^^^^^^^^^^^^^
src/deriva_ml/dataset/dataset_bag.py:271: in list_dataset_members
    for k, v in nested_dataset.list_dataset_members(recurse=recurse).items():
                ^^^^^^^^^^^^^^^^^^^^^^^^^^^^^^^^^^^^^^^^^^^^^^^^^^^^
src/deriva_ml/dataset/dataset_bag.py:271: in list_dataset_members
    for k, v in nested_dataset.list_dataset_members(recurse=recurse).items():
                ^^^^^^^^^^^^^^^^^^^^^^^^^^^^^^^^^^^^^^^^^^^^^^^^^^^^
src/deriva_ml/dataset/dataset_bag.py:271: in list_dataset_members
    for k, v in nested_dataset.list_dataset_members(recurse=recurse).items():
                ^^^^^^^^^^^^^^^^^^^^^^^^^^^^^^^^^^^^^^^^^^^^^^^^^^^^
src/deriva_ml/dataset/dataset_bag.py:271: in list_dataset_members
    for k, v in nested_dataset.list_dataset_members(recurse=recurse).items():
                ^^^^^^^^^^^^^^^^^^^^^^^^^^^^^^^^^^^^^^^^^^^^^^^^^^^^
src/deriva_ml/dataset/dataset_bag.py:271: in list_dataset_members
    for k, v in nested_dataset.list_dataset_members(recurse=recurse).items():
                ^^^^^^^^^^^^^^^^^^^^^^^^^^^^^^^^^^^^^^^^^^^^^^^^^^^^
src/deriva_ml/dataset/dataset_bag.py:271: in list_dataset_members
    for k, v in nested_dataset.list_dataset_members(recurse=recurse).items():
                ^^^^^^^^^^^^^^^^^^^^^^^^^^^^^^^^^^^^^^^^^^^^^^^^^^^^
src/deriva_ml/dataset/dataset_bag.py:271: in list_dataset_members
    for k, v in nested_dataset.list_dataset_members(recurse=recurse).items():
                ^^^^^^^^^^^^^^^^^^^^^^^^^^^^^^^^^^^^^^^^^^^^^^^^^^^^
src/deriva_ml/dataset/dataset_bag.py:271: in list_dataset_members
    for k, v in nested_dataset.list_dataset_members(recurse=recurse).items():
                ^^^^^^^^^^^^^^^^^^^^^^^^^^^^^^^^^^^^^^^^^^^^^^^^^^^^
src/deriva_ml/dataset/dataset_bag.py:271: in list_dataset_members
    for k, v in nested_dataset.list_dataset_members(recurse=recurse).items():
                ^^^^^^^^^^^^^^^^^^^^^^^^^^^^^^^^^^^^^^^^^^^^^^^^^^^^
src/deriva_ml/dataset/dataset_bag.py:271: in list_dataset_members
    for k, v in nested_dataset.list_dataset_members(recurse=recurse).items():
                ^^^^^^^^^^^^^^^^^^^^^^^^^^^^^^^^^^^^^^^^^^^^^^^^^^^^
src/deriva_ml/dataset/dataset_bag.py:271: in list_dataset_members
    for k, v in nested_dataset.list_dataset_members(recurse=recurse).items():
                ^^^^^^^^^^^^^^^^^^^^^^^^^^^^^^^^^^^^^^^^^^^^^^^^^^^^
src/deriva_ml/dataset/dataset_bag.py:271: in list_dataset_members
    for k, v in nested_dataset.list_dataset_members(recurse=recurse).items():
                ^^^^^^^^^^^^^^^^^^^^^^^^^^^^^^^^^^^^^^^^^^^^^^^^^^^^
src/deriva_ml/dataset/dataset_bag.py:271: in list_dataset_members
    for k, v in nested_dataset.list_dataset_members(recurse=recurse).items():
                ^^^^^^^^^^^^^^^^^^^^^^^^^^^^^^^^^^^^^^^^^^^^^^^^^^^^
src/deriva_ml/dataset/dataset_bag.py:271: in list_dataset_members
    for k, v in nested_dataset.list_dataset_members(recurse=recurse).items():
                ^^^^^^^^^^^^^^^^^^^^^^^^^^^^^^^^^^^^^^^^^^^^^^^^^^^^
src/deriva_ml/dataset/dataset_bag.py:271: in list_dataset_members
    for k, v in nested_dataset.list_dataset_members(recurse=recurse).items():
                ^^^^^^^^^^^^^^^^^^^^^^^^^^^^^^^^^^^^^^^^^^^^^^^^^^^^
src/deriva_ml/dataset/dataset_bag.py:271: in list_dataset_members
    for k, v in nested_dataset.list_dataset_members(recurse=recurse).items():
                ^^^^^^^^^^^^^^^^^^^^^^^^^^^^^^^^^^^^^^^^^^^^^^^^^^^^
src/deriva_ml/dataset/dataset_bag.py:271: in list_dataset_members
    for k, v in nested_dataset.list_dataset_members(recurse=recurse).items():
                ^^^^^^^^^^^^^^^^^^^^^^^^^^^^^^^^^^^^^^^^^^^^^^^^^^^^
src/deriva_ml/dataset/dataset_bag.py:271: in list_dataset_members
    for k, v in nested_dataset.list_dataset_members(recurse=recurse).items():
                ^^^^^^^^^^^^^^^^^^^^^^^^^^^^^^^^^^^^^^^^^^^^^^^^^^^^
src/deriva_ml/dataset/dataset_bag.py:271: in list_dataset_members
    for k, v in nested_dataset.list_dataset_members(recurse=recurse).items():
                ^^^^^^^^^^^^^^^^^^^^^^^^^^^^^^^^^^^^^^^^^^^^^^^^^^^^
src/deriva_ml/dataset/dataset_bag.py:271: in list_dataset_members
    for k, v in nested_dataset.list_dataset_members(recurse=recurse).items():
                ^^^^^^^^^^^^^^^^^^^^^^^^^^^^^^^^^^^^^^^^^^^^^^^^^^^^
src/deriva_ml/dataset/dataset_bag.py:271: in list_dataset_members
    for k, v in nested_dataset.list_dataset_members(recurse=recurse).items():
                ^^^^^^^^^^^^^^^^^^^^^^^^^^^^^^^^^^^^^^^^^^^^^^^^^^^^
src/deriva_ml/dataset/dataset_bag.py:271: in list_dataset_members
    for k, v in nested_dataset.list_dataset_members(recurse=recurse).items():
                ^^^^^^^^^^^^^^^^^^^^^^^^^^^^^^^^^^^^^^^^^^^^^^^^^^^^
src/deriva_ml/dataset/dataset_bag.py:271: in list_dataset_members
    for k, v in nested_dataset.list_dataset_members(recurse=recurse).items():
                ^^^^^^^^^^^^^^^^^^^^^^^^^^^^^^^^^^^^^^^^^^^^^^^^^^^^
src/deriva_ml/dataset/dataset_bag.py:271: in list_dataset_members
    for k, v in nested_dataset.list_dataset_members(recurse=recurse).items():
                ^^^^^^^^^^^^^^^^^^^^^^^^^^^^^^^^^^^^^^^^^^^^^^^^^^^^
src/deriva_ml/dataset/dataset_bag.py:271: in list_dataset_members
    for k, v in nested_dataset.list_dataset_members(recurse=recurse).items():
                ^^^^^^^^^^^^^^^^^^^^^^^^^^^^^^^^^^^^^^^^^^^^^^^^^^^^
src/deriva_ml/dataset/dataset_bag.py:271: in list_dataset_members
    for k, v in nested_dataset.list_dataset_members(recurse=recurse).items():
                ^^^^^^^^^^^^^^^^^^^^^^^^^^^^^^^^^^^^^^^^^^^^^^^^^^^^
src/deriva_ml/dataset/dataset_bag.py:271: in list_dataset_members
    for k, v in nested_dataset.list_dataset_members(recurse=recurse).items():
                ^^^^^^^^^^^^^^^^^^^^^^^^^^^^^^^^^^^^^^^^^^^^^^^^^^^^
src/deriva_ml/dataset/dataset_bag.py:271: in list_dataset_members
    for k, v in nested_dataset.list_dataset_members(recurse=recurse).items():
                ^^^^^^^^^^^^^^^^^^^^^^^^^^^^^^^^^^^^^^^^^^^^^^^^^^^^
src/deriva_ml/dataset/dataset_bag.py:271: in list_dataset_members
    for k, v in nested_dataset.list_dataset_members(recurse=recurse).items():
                ^^^^^^^^^^^^^^^^^^^^^^^^^^^^^^^^^^^^^^^^^^^^^^^^^^^^
src/deriva_ml/dataset/dataset_bag.py:271: in list_dataset_members
    for k, v in nested_dataset.list_dataset_members(recurse=recurse).items():
                ^^^^^^^^^^^^^^^^^^^^^^^^^^^^^^^^^^^^^^^^^^^^^^^^^^^^
src/deriva_ml/dataset/dataset_bag.py:271: in list_dataset_members
    for k, v in nested_dataset.list_dataset_members(recurse=recurse).items():
                ^^^^^^^^^^^^^^^^^^^^^^^^^^^^^^^^^^^^^^^^^^^^^^^^^^^^
src/deriva_ml/dataset/dataset_bag.py:271: in list_dataset_members
    for k, v in nested_dataset.list_dataset_members(recurse=recurse).items():
                ^^^^^^^^^^^^^^^^^^^^^^^^^^^^^^^^^^^^^^^^^^^^^^^^^^^^
src/deriva_ml/dataset/dataset_bag.py:271: in list_dataset_members
    for k, v in nested_dataset.list_dataset_members(recurse=recurse).items():
                ^^^^^^^^^^^^^^^^^^^^^^^^^^^^^^^^^^^^^^^^^^^^^^^^^^^^
src/deriva_ml/dataset/dataset_bag.py:271: in list_dataset_members
    for k, v in nested_dataset.list_dataset_members(recurse=recurse).items():
                ^^^^^^^^^^^^^^^^^^^^^^^^^^^^^^^^^^^^^^^^^^^^^^^^^^^^
src/deriva_ml/dataset/dataset_bag.py:271: in list_dataset_members
    for k, v in nested_dataset.list_dataset_members(recurse=recurse).items():
                ^^^^^^^^^^^^^^^^^^^^^^^^^^^^^^^^^^^^^^^^^^^^^^^^^^^^
src/deriva_ml/dataset/dataset_bag.py:271: in list_dataset_members
    for k, v in nested_dataset.list_dataset_members(recurse=recurse).items():
                ^^^^^^^^^^^^^^^^^^^^^^^^^^^^^^^^^^^^^^^^^^^^^^^^^^^^
src/deriva_ml/dataset/dataset_bag.py:271: in list_dataset_members
    for k, v in nested_dataset.list_dataset_members(recurse=recurse).items():
                ^^^^^^^^^^^^^^^^^^^^^^^^^^^^^^^^^^^^^^^^^^^^^^^^^^^^
src/deriva_ml/dataset/dataset_bag.py:271: in list_dataset_members
    for k, v in nested_dataset.list_dataset_members(recurse=recurse).items():
                ^^^^^^^^^^^^^^^^^^^^^^^^^^^^^^^^^^^^^^^^^^^^^^^^^^^^
src/deriva_ml/dataset/dataset_bag.py:271: in list_dataset_members
    for k, v in nested_dataset.list_dataset_members(recurse=recurse).items():
                ^^^^^^^^^^^^^^^^^^^^^^^^^^^^^^^^^^^^^^^^^^^^^^^^^^^^
src/deriva_ml/dataset/dataset_bag.py:271: in list_dataset_members
    for k, v in nested_dataset.list_dataset_members(recurse=recurse).items():
                ^^^^^^^^^^^^^^^^^^^^^^^^^^^^^^^^^^^^^^^^^^^^^^^^^^^^
src/deriva_ml/dataset/dataset_bag.py:271: in list_dataset_members
    for k, v in nested_dataset.list_dataset_members(recurse=recurse).items():
                ^^^^^^^^^^^^^^^^^^^^^^^^^^^^^^^^^^^^^^^^^^^^^^^^^^^^
src/deriva_ml/dataset/dataset_bag.py:271: in list_dataset_members
    for k, v in nested_dataset.list_dataset_members(recurse=recurse).items():
                ^^^^^^^^^^^^^^^^^^^^^^^^^^^^^^^^^^^^^^^^^^^^^^^^^^^^
src/deriva_ml/dataset/dataset_bag.py:271: in list_dataset_members
    for k, v in nested_dataset.list_dataset_members(recurse=recurse).items():
                ^^^^^^^^^^^^^^^^^^^^^^^^^^^^^^^^^^^^^^^^^^^^^^^^^^^^
src/deriva_ml/dataset/dataset_bag.py:271: in list_dataset_members
    for k, v in nested_dataset.list_dataset_members(recurse=recurse).items():
                ^^^^^^^^^^^^^^^^^^^^^^^^^^^^^^^^^^^^^^^^^^^^^^^^^^^^
src/deriva_ml/dataset/dataset_bag.py:271: in list_dataset_members
    for k, v in nested_dataset.list_dataset_members(recurse=recurse).items():
                ^^^^^^^^^^^^^^^^^^^^^^^^^^^^^^^^^^^^^^^^^^^^^^^^^^^^
src/deriva_ml/dataset/dataset_bag.py:271: in list_dataset_members
    for k, v in nested_dataset.list_dataset_members(recurse=recurse).items():
                ^^^^^^^^^^^^^^^^^^^^^^^^^^^^^^^^^^^^^^^^^^^^^^^^^^^^
src/deriva_ml/dataset/dataset_bag.py:271: in list_dataset_members
    for k, v in nested_dataset.list_dataset_members(recurse=recurse).items():
                ^^^^^^^^^^^^^^^^^^^^^^^^^^^^^^^^^^^^^^^^^^^^^^^^^^^^
src/deriva_ml/dataset/dataset_bag.py:271: in list_dataset_members
    for k, v in nested_dataset.list_dataset_members(recurse=recurse).items():
                ^^^^^^^^^^^^^^^^^^^^^^^^^^^^^^^^^^^^^^^^^^^^^^^^^^^^
src/deriva_ml/dataset/dataset_bag.py:271: in list_dataset_members
    for k, v in nested_dataset.list_dataset_members(recurse=recurse).items():
                ^^^^^^^^^^^^^^^^^^^^^^^^^^^^^^^^^^^^^^^^^^^^^^^^^^^^
src/deriva_ml/dataset/dataset_bag.py:271: in list_dataset_members
    for k, v in nested_dataset.list_dataset_members(recurse=recurse).items():
                ^^^^^^^^^^^^^^^^^^^^^^^^^^^^^^^^^^^^^^^^^^^^^^^^^^^^
src/deriva_ml/dataset/dataset_bag.py:271: in list_dataset_members
    for k, v in nested_dataset.list_dataset_members(recurse=recurse).items():
                ^^^^^^^^^^^^^^^^^^^^^^^^^^^^^^^^^^^^^^^^^^^^^^^^^^^^
src/deriva_ml/dataset/dataset_bag.py:271: in list_dataset_members
    for k, v in nested_dataset.list_dataset_members(recurse=recurse).items():
                ^^^^^^^^^^^^^^^^^^^^^^^^^^^^^^^^^^^^^^^^^^^^^^^^^^^^
src/deriva_ml/dataset/dataset_bag.py:271: in list_dataset_members
    for k, v in nested_dataset.list_dataset_members(recurse=recurse).items():
                ^^^^^^^^^^^^^^^^^^^^^^^^^^^^^^^^^^^^^^^^^^^^^^^^^^^^
src/deriva_ml/dataset/dataset_bag.py:271: in list_dataset_members
    for k, v in nested_dataset.list_dataset_members(recurse=recurse).items():
                ^^^^^^^^^^^^^^^^^^^^^^^^^^^^^^^^^^^^^^^^^^^^^^^^^^^^
src/deriva_ml/dataset/dataset_bag.py:271: in list_dataset_members
    for k, v in nested_dataset.list_dataset_members(recurse=recurse).items():
                ^^^^^^^^^^^^^^^^^^^^^^^^^^^^^^^^^^^^^^^^^^^^^^^^^^^^
src/deriva_ml/dataset/dataset_bag.py:271: in list_dataset_members
    for k, v in nested_dataset.list_dataset_members(recurse=recurse).items():
                ^^^^^^^^^^^^^^^^^^^^^^^^^^^^^^^^^^^^^^^^^^^^^^^^^^^^
src/deriva_ml/dataset/dataset_bag.py:271: in list_dataset_members
    for k, v in nested_dataset.list_dataset_members(recurse=recurse).items():
                ^^^^^^^^^^^^^^^^^^^^^^^^^^^^^^^^^^^^^^^^^^^^^^^^^^^^
src/deriva_ml/dataset/dataset_bag.py:271: in list_dataset_members
    for k, v in nested_dataset.list_dataset_members(recurse=recurse).items():
                ^^^^^^^^^^^^^^^^^^^^^^^^^^^^^^^^^^^^^^^^^^^^^^^^^^^^
src/deriva_ml/dataset/dataset_bag.py:271: in list_dataset_members
    for k, v in nested_dataset.list_dataset_members(recurse=recurse).items():
                ^^^^^^^^^^^^^^^^^^^^^^^^^^^^^^^^^^^^^^^^^^^^^^^^^^^^
src/deriva_ml/dataset/dataset_bag.py:271: in list_dataset_members
    for k, v in nested_dataset.list_dataset_members(recurse=recurse).items():
                ^^^^^^^^^^^^^^^^^^^^^^^^^^^^^^^^^^^^^^^^^^^^^^^^^^^^
src/deriva_ml/dataset/dataset_bag.py:271: in list_dataset_members
    for k, v in nested_dataset.list_dataset_members(recurse=recurse).items():
                ^^^^^^^^^^^^^^^^^^^^^^^^^^^^^^^^^^^^^^^^^^^^^^^^^^^^
src/deriva_ml/dataset/dataset_bag.py:271: in list_dataset_members
    for k, v in nested_dataset.list_dataset_members(recurse=recurse).items():
                ^^^^^^^^^^^^^^^^^^^^^^^^^^^^^^^^^^^^^^^^^^^^^^^^^^^^
src/deriva_ml/dataset/dataset_bag.py:271: in list_dataset_members
    for k, v in nested_dataset.list_dataset_members(recurse=recurse).items():
                ^^^^^^^^^^^^^^^^^^^^^^^^^^^^^^^^^^^^^^^^^^^^^^^^^^^^
src/deriva_ml/dataset/dataset_bag.py:271: in list_dataset_members
    for k, v in nested_dataset.list_dataset_members(recurse=recurse).items():
                ^^^^^^^^^^^^^^^^^^^^^^^^^^^^^^^^^^^^^^^^^^^^^^^^^^^^
src/deriva_ml/dataset/dataset_bag.py:271: in list_dataset_members
    for k, v in nested_dataset.list_dataset_members(recurse=recurse).items():
                ^^^^^^^^^^^^^^^^^^^^^^^^^^^^^^^^^^^^^^^^^^^^^^^^^^^^
src/deriva_ml/dataset/dataset_bag.py:271: in list_dataset_members
    for k, v in nested_dataset.list_dataset_members(recurse=recurse).items():
                ^^^^^^^^^^^^^^^^^^^^^^^^^^^^^^^^^^^^^^^^^^^^^^^^^^^^
src/deriva_ml/dataset/dataset_bag.py:271: in list_dataset_members
    for k, v in nested_dataset.list_dataset_members(recurse=recurse).items():
                ^^^^^^^^^^^^^^^^^^^^^^^^^^^^^^^^^^^^^^^^^^^^^^^^^^^^
src/deriva_ml/dataset/dataset_bag.py:271: in list_dataset_members
    for k, v in nested_dataset.list_dataset_members(recurse=recurse).items():
                ^^^^^^^^^^^^^^^^^^^^^^^^^^^^^^^^^^^^^^^^^^^^^^^^^^^^
src/deriva_ml/dataset/dataset_bag.py:271: in list_dataset_members
    for k, v in nested_dataset.list_dataset_members(recurse=recurse).items():
                ^^^^^^^^^^^^^^^^^^^^^^^^^^^^^^^^^^^^^^^^^^^^^^^^^^^^
src/deriva_ml/dataset/dataset_bag.py:271: in list_dataset_members
    for k, v in nested_dataset.list_dataset_members(recurse=recurse).items():
                ^^^^^^^^^^^^^^^^^^^^^^^^^^^^^^^^^^^^^^^^^^^^^^^^^^^^
src/deriva_ml/dataset/dataset_bag.py:271: in list_dataset_members
    for k, v in nested_dataset.list_dataset_members(recurse=recurse).items():
                ^^^^^^^^^^^^^^^^^^^^^^^^^^^^^^^^^^^^^^^^^^^^^^^^^^^^
src/deriva_ml/dataset/dataset_bag.py:271: in list_dataset_members
    for k, v in nested_dataset.list_dataset_members(recurse=recurse).items():
                ^^^^^^^^^^^^^^^^^^^^^^^^^^^^^^^^^^^^^^^^^^^^^^^^^^^^
src/deriva_ml/dataset/dataset_bag.py:271: in list_dataset_members
    for k, v in nested_dataset.list_dataset_members(recurse=recurse).items():
                ^^^^^^^^^^^^^^^^^^^^^^^^^^^^^^^^^^^^^^^^^^^^^^^^^^^^
src/deriva_ml/dataset/dataset_bag.py:271: in list_dataset_members
    for k, v in nested_dataset.list_dataset_members(recurse=recurse).items():
                ^^^^^^^^^^^^^^^^^^^^^^^^^^^^^^^^^^^^^^^^^^^^^^^^^^^^
src/deriva_ml/dataset/dataset_bag.py:271: in list_dataset_members
    for k, v in nested_dataset.list_dataset_members(recurse=recurse).items():
                ^^^^^^^^^^^^^^^^^^^^^^^^^^^^^^^^^^^^^^^^^^^^^^^^^^^^
src/deriva_ml/dataset/dataset_bag.py:271: in list_dataset_members
    for k, v in nested_dataset.list_dataset_members(recurse=recurse).items():
                ^^^^^^^^^^^^^^^^^^^^^^^^^^^^^^^^^^^^^^^^^^^^^^^^^^^^
src/deriva_ml/dataset/dataset_bag.py:271: in list_dataset_members
    for k, v in nested_dataset.list_dataset_members(recurse=recurse).items():
                ^^^^^^^^^^^^^^^^^^^^^^^^^^^^^^^^^^^^^^^^^^^^^^^^^^^^
src/deriva_ml/dataset/dataset_bag.py:271: in list_dataset_members
    for k, v in nested_dataset.list_dataset_members(recurse=recurse).items():
                ^^^^^^^^^^^^^^^^^^^^^^^^^^^^^^^^^^^^^^^^^^^^^^^^^^^^
src/deriva_ml/dataset/dataset_bag.py:271: in list_dataset_members
    for k, v in nested_dataset.list_dataset_members(recurse=recurse).items():
                ^^^^^^^^^^^^^^^^^^^^^^^^^^^^^^^^^^^^^^^^^^^^^^^^^^^^
src/deriva_ml/dataset/dataset_bag.py:271: in list_dataset_members
    for k, v in nested_dataset.list_dataset_members(recurse=recurse).items():
                ^^^^^^^^^^^^^^^^^^^^^^^^^^^^^^^^^^^^^^^^^^^^^^^^^^^^
src/deriva_ml/dataset/dataset_bag.py:271: in list_dataset_members
    for k, v in nested_dataset.list_dataset_members(recurse=recurse).items():
                ^^^^^^^^^^^^^^^^^^^^^^^^^^^^^^^^^^^^^^^^^^^^^^^^^^^^
src/deriva_ml/dataset/dataset_bag.py:271: in list_dataset_members
    for k, v in nested_dataset.list_dataset_members(recurse=recurse).items():
                ^^^^^^^^^^^^^^^^^^^^^^^^^^^^^^^^^^^^^^^^^^^^^^^^^^^^
src/deriva_ml/dataset/dataset_bag.py:271: in list_dataset_members
    for k, v in nested_dataset.list_dataset_members(recurse=recurse).items():
                ^^^^^^^^^^^^^^^^^^^^^^^^^^^^^^^^^^^^^^^^^^^^^^^^^^^^
src/deriva_ml/dataset/dataset_bag.py:271: in list_dataset_members
    for k, v in nested_dataset.list_dataset_members(recurse=recurse).items():
                ^^^^^^^^^^^^^^^^^^^^^^^^^^^^^^^^^^^^^^^^^^^^^^^^^^^^
src/deriva_ml/dataset/dataset_bag.py:271: in list_dataset_members
    for k, v in nested_dataset.list_dataset_members(recurse=recurse).items():
                ^^^^^^^^^^^^^^^^^^^^^^^^^^^^^^^^^^^^^^^^^^^^^^^^^^^^
src/deriva_ml/dataset/dataset_bag.py:271: in list_dataset_members
    for k, v in nested_dataset.list_dataset_members(recurse=recurse).items():
                ^^^^^^^^^^^^^^^^^^^^^^^^^^^^^^^^^^^^^^^^^^^^^^^^^^^^
src/deriva_ml/dataset/dataset_bag.py:271: in list_dataset_members
    for k, v in nested_dataset.list_dataset_members(recurse=recurse).items():
                ^^^^^^^^^^^^^^^^^^^^^^^^^^^^^^^^^^^^^^^^^^^^^^^^^^^^
src/deriva_ml/dataset/dataset_bag.py:271: in list_dataset_members
    for k, v in nested_dataset.list_dataset_members(recurse=recurse).items():
                ^^^^^^^^^^^^^^^^^^^^^^^^^^^^^^^^^^^^^^^^^^^^^^^^^^^^
src/deriva_ml/dataset/dataset_bag.py:271: in list_dataset_members
    for k, v in nested_dataset.list_dataset_members(recurse=recurse).items():
                ^^^^^^^^^^^^^^^^^^^^^^^^^^^^^^^^^^^^^^^^^^^^^^^^^^^^
src/deriva_ml/dataset/dataset_bag.py:271: in list_dataset_members
    for k, v in nested_dataset.list_dataset_members(recurse=recurse).items():
                ^^^^^^^^^^^^^^^^^^^^^^^^^^^^^^^^^^^^^^^^^^^^^^^^^^^^
src/deriva_ml/dataset/dataset_bag.py:271: in list_dataset_members
    for k, v in nested_dataset.list_dataset_members(recurse=recurse).items():
                ^^^^^^^^^^^^^^^^^^^^^^^^^^^^^^^^^^^^^^^^^^^^^^^^^^^^
src/deriva_ml/dataset/dataset_bag.py:271: in list_dataset_members
    for k, v in nested_dataset.list_dataset_members(recurse=recurse).items():
                ^^^^^^^^^^^^^^^^^^^^^^^^^^^^^^^^^^^^^^^^^^^^^^^^^^^^
src/deriva_ml/dataset/dataset_bag.py:271: in list_dataset_members
    for k, v in nested_dataset.list_dataset_members(recurse=recurse).items():
                ^^^^^^^^^^^^^^^^^^^^^^^^^^^^^^^^^^^^^^^^^^^^^^^^^^^^
src/deriva_ml/dataset/dataset_bag.py:271: in list_dataset_members
    for k, v in nested_dataset.list_dataset_members(recurse=recurse).items():
                ^^^^^^^^^^^^^^^^^^^^^^^^^^^^^^^^^^^^^^^^^^^^^^^^^^^^
src/deriva_ml/dataset/dataset_bag.py:271: in list_dataset_members
    for k, v in nested_dataset.list_dataset_members(recurse=recurse).items():
                ^^^^^^^^^^^^^^^^^^^^^^^^^^^^^^^^^^^^^^^^^^^^^^^^^^^^
src/deriva_ml/dataset/dataset_bag.py:271: in list_dataset_members
    for k, v in nested_dataset.list_dataset_members(recurse=recurse).items():
                ^^^^^^^^^^^^^^^^^^^^^^^^^^^^^^^^^^^^^^^^^^^^^^^^^^^^
src/deriva_ml/dataset/dataset_bag.py:271: in list_dataset_members
    for k, v in nested_dataset.list_dataset_members(recurse=recurse).items():
                ^^^^^^^^^^^^^^^^^^^^^^^^^^^^^^^^^^^^^^^^^^^^^^^^^^^^
src/deriva_ml/dataset/dataset_bag.py:271: in list_dataset_members
    for k, v in nested_dataset.list_dataset_members(recurse=recurse).items():
                ^^^^^^^^^^^^^^^^^^^^^^^^^^^^^^^^^^^^^^^^^^^^^^^^^^^^
src/deriva_ml/dataset/dataset_bag.py:271: in list_dataset_members
    for k, v in nested_dataset.list_dataset_members(recurse=recurse).items():
                ^^^^^^^^^^^^^^^^^^^^^^^^^^^^^^^^^^^^^^^^^^^^^^^^^^^^
src/deriva_ml/dataset/dataset_bag.py:271: in list_dataset_members
    for k, v in nested_dataset.list_dataset_members(recurse=recurse).items():
                ^^^^^^^^^^^^^^^^^^^^^^^^^^^^^^^^^^^^^^^^^^^^^^^^^^^^
src/deriva_ml/dataset/dataset_bag.py:271: in list_dataset_members
    for k, v in nested_dataset.list_dataset_members(recurse=recurse).items():
                ^^^^^^^^^^^^^^^^^^^^^^^^^^^^^^^^^^^^^^^^^^^^^^^^^^^^
src/deriva_ml/dataset/dataset_bag.py:271: in list_dataset_members
    for k, v in nested_dataset.list_dataset_members(recurse=recurse).items():
                ^^^^^^^^^^^^^^^^^^^^^^^^^^^^^^^^^^^^^^^^^^^^^^^^^^^^
src/deriva_ml/dataset/dataset_bag.py:271: in list_dataset_members
    for k, v in nested_dataset.list_dataset_members(recurse=recurse).items():
                ^^^^^^^^^^^^^^^^^^^^^^^^^^^^^^^^^^^^^^^^^^^^^^^^^^^^
src/deriva_ml/dataset/dataset_bag.py:271: in list_dataset_members
    for k, v in nested_dataset.list_dataset_members(recurse=recurse).items():
                ^^^^^^^^^^^^^^^^^^^^^^^^^^^^^^^^^^^^^^^^^^^^^^^^^^^^
src/deriva_ml/dataset/dataset_bag.py:271: in list_dataset_members
    for k, v in nested_dataset.list_dataset_members(recurse=recurse).items():
                ^^^^^^^^^^^^^^^^^^^^^^^^^^^^^^^^^^^^^^^^^^^^^^^^^^^^
src/deriva_ml/dataset/dataset_bag.py:271: in list_dataset_members
    for k, v in nested_dataset.list_dataset_members(recurse=recurse).items():
                ^^^^^^^^^^^^^^^^^^^^^^^^^^^^^^^^^^^^^^^^^^^^^^^^^^^^
src/deriva_ml/dataset/dataset_bag.py:271: in list_dataset_members
    for k, v in nested_dataset.list_dataset_members(recurse=recurse).items():
                ^^^^^^^^^^^^^^^^^^^^^^^^^^^^^^^^^^^^^^^^^^^^^^^^^^^^
src/deriva_ml/dataset/dataset_bag.py:271: in list_dataset_members
    for k, v in nested_dataset.list_dataset_members(recurse=recurse).items():
                ^^^^^^^^^^^^^^^^^^^^^^^^^^^^^^^^^^^^^^^^^^^^^^^^^^^^
src/deriva_ml/dataset/dataset_bag.py:271: in list_dataset_members
    for k, v in nested_dataset.list_dataset_members(recurse=recurse).items():
                ^^^^^^^^^^^^^^^^^^^^^^^^^^^^^^^^^^^^^^^^^^^^^^^^^^^^
src/deriva_ml/dataset/dataset_bag.py:271: in list_dataset_members
    for k, v in nested_dataset.list_dataset_members(recurse=recurse).items():
                ^^^^^^^^^^^^^^^^^^^^^^^^^^^^^^^^^^^^^^^^^^^^^^^^^^^^
src/deriva_ml/dataset/dataset_bag.py:271: in list_dataset_members
    for k, v in nested_dataset.list_dataset_members(recurse=recurse).items():
                ^^^^^^^^^^^^^^^^^^^^^^^^^^^^^^^^^^^^^^^^^^^^^^^^^^^^
src/deriva_ml/dataset/dataset_bag.py:271: in list_dataset_members
    for k, v in nested_dataset.list_dataset_members(recurse=recurse).items():
                ^^^^^^^^^^^^^^^^^^^^^^^^^^^^^^^^^^^^^^^^^^^^^^^^^^^^
src/deriva_ml/dataset/dataset_bag.py:271: in list_dataset_members
    for k, v in nested_dataset.list_dataset_members(recurse=recurse).items():
                ^^^^^^^^^^^^^^^^^^^^^^^^^^^^^^^^^^^^^^^^^^^^^^^^^^^^
src/deriva_ml/dataset/dataset_bag.py:271: in list_dataset_members
    for k, v in nested_dataset.list_dataset_members(recurse=recurse).items():
                ^^^^^^^^^^^^^^^^^^^^^^^^^^^^^^^^^^^^^^^^^^^^^^^^^^^^
src/deriva_ml/dataset/dataset_bag.py:271: in list_dataset_members
    for k, v in nested_dataset.list_dataset_members(recurse=recurse).items():
                ^^^^^^^^^^^^^^^^^^^^^^^^^^^^^^^^^^^^^^^^^^^^^^^^^^^^
src/deriva_ml/dataset/dataset_bag.py:271: in list_dataset_members
    for k, v in nested_dataset.list_dataset_members(recurse=recurse).items():
                ^^^^^^^^^^^^^^^^^^^^^^^^^^^^^^^^^^^^^^^^^^^^^^^^^^^^
src/deriva_ml/dataset/dataset_bag.py:271: in list_dataset_members
    for k, v in nested_dataset.list_dataset_members(recurse=recurse).items():
                ^^^^^^^^^^^^^^^^^^^^^^^^^^^^^^^^^^^^^^^^^^^^^^^^^^^^
src/deriva_ml/dataset/dataset_bag.py:271: in list_dataset_members
    for k, v in nested_dataset.list_dataset_members(recurse=recurse).items():
                ^^^^^^^^^^^^^^^^^^^^^^^^^^^^^^^^^^^^^^^^^^^^^^^^^^^^
src/deriva_ml/dataset/dataset_bag.py:271: in list_dataset_members
    for k, v in nested_dataset.list_dataset_members(recurse=recurse).items():
                ^^^^^^^^^^^^^^^^^^^^^^^^^^^^^^^^^^^^^^^^^^^^^^^^^^^^
src/deriva_ml/dataset/dataset_bag.py:271: in list_dataset_members
    for k, v in nested_dataset.list_dataset_members(recurse=recurse).items():
                ^^^^^^^^^^^^^^^^^^^^^^^^^^^^^^^^^^^^^^^^^^^^^^^^^^^^
src/deriva_ml/dataset/dataset_bag.py:271: in list_dataset_members
    for k, v in nested_dataset.list_dataset_members(recurse=recurse).items():
                ^^^^^^^^^^^^^^^^^^^^^^^^^^^^^^^^^^^^^^^^^^^^^^^^^^^^
src/deriva_ml/dataset/dataset_bag.py:271: in list_dataset_members
    for k, v in nested_dataset.list_dataset_members(recurse=recurse).items():
                ^^^^^^^^^^^^^^^^^^^^^^^^^^^^^^^^^^^^^^^^^^^^^^^^^^^^
src/deriva_ml/dataset/dataset_bag.py:271: in list_dataset_members
    for k, v in nested_dataset.list_dataset_members(recurse=recurse).items():
                ^^^^^^^^^^^^^^^^^^^^^^^^^^^^^^^^^^^^^^^^^^^^^^^^^^^^
src/deriva_ml/dataset/dataset_bag.py:271: in list_dataset_members
    for k, v in nested_dataset.list_dataset_members(recurse=recurse).items():
                ^^^^^^^^^^^^^^^^^^^^^^^^^^^^^^^^^^^^^^^^^^^^^^^^^^^^
src/deriva_ml/dataset/dataset_bag.py:271: in list_dataset_members
    for k, v in nested_dataset.list_dataset_members(recurse=recurse).items():
                ^^^^^^^^^^^^^^^^^^^^^^^^^^^^^^^^^^^^^^^^^^^^^^^^^^^^
src/deriva_ml/dataset/dataset_bag.py:271: in list_dataset_members
    for k, v in nested_dataset.list_dataset_members(recurse=recurse).items():
                ^^^^^^^^^^^^^^^^^^^^^^^^^^^^^^^^^^^^^^^^^^^^^^^^^^^^
src/deriva_ml/dataset/dataset_bag.py:271: in list_dataset_members
    for k, v in nested_dataset.list_dataset_members(recurse=recurse).items():
                ^^^^^^^^^^^^^^^^^^^^^^^^^^^^^^^^^^^^^^^^^^^^^^^^^^^^
src/deriva_ml/dataset/dataset_bag.py:271: in list_dataset_members
    for k, v in nested_dataset.list_dataset_members(recurse=recurse).items():
                ^^^^^^^^^^^^^^^^^^^^^^^^^^^^^^^^^^^^^^^^^^^^^^^^^^^^
src/deriva_ml/dataset/dataset_bag.py:271: in list_dataset_members
    for k, v in nested_dataset.list_dataset_members(recurse=recurse).items():
                ^^^^^^^^^^^^^^^^^^^^^^^^^^^^^^^^^^^^^^^^^^^^^^^^^^^^
src/deriva_ml/dataset/dataset_bag.py:271: in list_dataset_members
    for k, v in nested_dataset.list_dataset_members(recurse=recurse).items():
                ^^^^^^^^^^^^^^^^^^^^^^^^^^^^^^^^^^^^^^^^^^^^^^^^^^^^
src/deriva_ml/dataset/dataset_bag.py:271: in list_dataset_members
    for k, v in nested_dataset.list_dataset_members(recurse=recurse).items():
                ^^^^^^^^^^^^^^^^^^^^^^^^^^^^^^^^^^^^^^^^^^^^^^^^^^^^
src/deriva_ml/dataset/dataset_bag.py:271: in list_dataset_members
    for k, v in nested_dataset.list_dataset_members(recurse=recurse).items():
                ^^^^^^^^^^^^^^^^^^^^^^^^^^^^^^^^^^^^^^^^^^^^^^^^^^^^
src/deriva_ml/dataset/dataset_bag.py:271: in list_dataset_members
    for k, v in nested_dataset.list_dataset_members(recurse=recurse).items():
                ^^^^^^^^^^^^^^^^^^^^^^^^^^^^^^^^^^^^^^^^^^^^^^^^^^^^
src/deriva_ml/dataset/dataset_bag.py:271: in list_dataset_members
    for k, v in nested_dataset.list_dataset_members(recurse=recurse).items():
                ^^^^^^^^^^^^^^^^^^^^^^^^^^^^^^^^^^^^^^^^^^^^^^^^^^^^
src/deriva_ml/dataset/dataset_bag.py:271: in list_dataset_members
    for k, v in nested_dataset.list_dataset_members(recurse=recurse).items():
                ^^^^^^^^^^^^^^^^^^^^^^^^^^^^^^^^^^^^^^^^^^^^^^^^^^^^
src/deriva_ml/dataset/dataset_bag.py:271: in list_dataset_members
    for k, v in nested_dataset.list_dataset_members(recurse=recurse).items():
                ^^^^^^^^^^^^^^^^^^^^^^^^^^^^^^^^^^^^^^^^^^^^^^^^^^^^
src/deriva_ml/dataset/dataset_bag.py:271: in list_dataset_members
    for k, v in nested_dataset.list_dataset_members(recurse=recurse).items():
                ^^^^^^^^^^^^^^^^^^^^^^^^^^^^^^^^^^^^^^^^^^^^^^^^^^^^
src/deriva_ml/dataset/dataset_bag.py:271: in list_dataset_members
    for k, v in nested_dataset.list_dataset_members(recurse=recurse).items():
                ^^^^^^^^^^^^^^^^^^^^^^^^^^^^^^^^^^^^^^^^^^^^^^^^^^^^
src/deriva_ml/dataset/dataset_bag.py:271: in list_dataset_members
    for k, v in nested_dataset.list_dataset_members(recurse=recurse).items():
                ^^^^^^^^^^^^^^^^^^^^^^^^^^^^^^^^^^^^^^^^^^^^^^^^^^^^
src/deriva_ml/dataset/dataset_bag.py:271: in list_dataset_members
    for k, v in nested_dataset.list_dataset_members(recurse=recurse).items():
                ^^^^^^^^^^^^^^^^^^^^^^^^^^^^^^^^^^^^^^^^^^^^^^^^^^^^
src/deriva_ml/dataset/dataset_bag.py:271: in list_dataset_members
    for k, v in nested_dataset.list_dataset_members(recurse=recurse).items():
                ^^^^^^^^^^^^^^^^^^^^^^^^^^^^^^^^^^^^^^^^^^^^^^^^^^^^
src/deriva_ml/dataset/dataset_bag.py:271: in list_dataset_members
    for k, v in nested_dataset.list_dataset_members(recurse=recurse).items():
                ^^^^^^^^^^^^^^^^^^^^^^^^^^^^^^^^^^^^^^^^^^^^^^^^^^^^
src/deriva_ml/dataset/dataset_bag.py:271: in list_dataset_members
    for k, v in nested_dataset.list_dataset_members(recurse=recurse).items():
                ^^^^^^^^^^^^^^^^^^^^^^^^^^^^^^^^^^^^^^^^^^^^^^^^^^^^
src/deriva_ml/dataset/dataset_bag.py:271: in list_dataset_members
    for k, v in nested_dataset.list_dataset_members(recurse=recurse).items():
                ^^^^^^^^^^^^^^^^^^^^^^^^^^^^^^^^^^^^^^^^^^^^^^^^^^^^
src/deriva_ml/dataset/dataset_bag.py:271: in list_dataset_members
    for k, v in nested_dataset.list_dataset_members(recurse=recurse).items():
                ^^^^^^^^^^^^^^^^^^^^^^^^^^^^^^^^^^^^^^^^^^^^^^^^^^^^
src/deriva_ml/dataset/dataset_bag.py:271: in list_dataset_members
    for k, v in nested_dataset.list_dataset_members(recurse=recurse).items():
                ^^^^^^^^^^^^^^^^^^^^^^^^^^^^^^^^^^^^^^^^^^^^^^^^^^^^
src/deriva_ml/dataset/dataset_bag.py:271: in list_dataset_members
    for k, v in nested_dataset.list_dataset_members(recurse=recurse).items():
                ^^^^^^^^^^^^^^^^^^^^^^^^^^^^^^^^^^^^^^^^^^^^^^^^^^^^
src/deriva_ml/dataset/dataset_bag.py:271: in list_dataset_members
    for k, v in nested_dataset.list_dataset_members(recurse=recurse).items():
                ^^^^^^^^^^^^^^^^^^^^^^^^^^^^^^^^^^^^^^^^^^^^^^^^^^^^
src/deriva_ml/dataset/dataset_bag.py:271: in list_dataset_members
    for k, v in nested_dataset.list_dataset_members(recurse=recurse).items():
                ^^^^^^^^^^^^^^^^^^^^^^^^^^^^^^^^^^^^^^^^^^^^^^^^^^^^
src/deriva_ml/dataset/dataset_bag.py:271: in list_dataset_members
    for k, v in nested_dataset.list_dataset_members(recurse=recurse).items():
                ^^^^^^^^^^^^^^^^^^^^^^^^^^^^^^^^^^^^^^^^^^^^^^^^^^^^
src/deriva_ml/dataset/dataset_bag.py:271: in list_dataset_members
    for k, v in nested_dataset.list_dataset_members(recurse=recurse).items():
                ^^^^^^^^^^^^^^^^^^^^^^^^^^^^^^^^^^^^^^^^^^^^^^^^^^^^
src/deriva_ml/dataset/dataset_bag.py:271: in list_dataset_members
    for k, v in nested_dataset.list_dataset_members(recurse=recurse).items():
                ^^^^^^^^^^^^^^^^^^^^^^^^^^^^^^^^^^^^^^^^^^^^^^^^^^^^
src/deriva_ml/dataset/dataset_bag.py:271: in list_dataset_members
    for k, v in nested_dataset.list_dataset_members(recurse=recurse).items():
                ^^^^^^^^^^^^^^^^^^^^^^^^^^^^^^^^^^^^^^^^^^^^^^^^^^^^
src/deriva_ml/dataset/dataset_bag.py:271: in list_dataset_members
    for k, v in nested_dataset.list_dataset_members(recurse=recurse).items():
                ^^^^^^^^^^^^^^^^^^^^^^^^^^^^^^^^^^^^^^^^^^^^^^^^^^^^
src/deriva_ml/dataset/dataset_bag.py:271: in list_dataset_members
    for k, v in nested_dataset.list_dataset_members(recurse=recurse).items():
                ^^^^^^^^^^^^^^^^^^^^^^^^^^^^^^^^^^^^^^^^^^^^^^^^^^^^
src/deriva_ml/dataset/dataset_bag.py:271: in list_dataset_members
    for k, v in nested_dataset.list_dataset_members(recurse=recurse).items():
                ^^^^^^^^^^^^^^^^^^^^^^^^^^^^^^^^^^^^^^^^^^^^^^^^^^^^
src/deriva_ml/dataset/dataset_bag.py:271: in list_dataset_members
    for k, v in nested_dataset.list_dataset_members(recurse=recurse).items():
                ^^^^^^^^^^^^^^^^^^^^^^^^^^^^^^^^^^^^^^^^^^^^^^^^^^^^
src/deriva_ml/dataset/dataset_bag.py:271: in list_dataset_members
    for k, v in nested_dataset.list_dataset_members(recurse=recurse).items():
                ^^^^^^^^^^^^^^^^^^^^^^^^^^^^^^^^^^^^^^^^^^^^^^^^^^^^
src/deriva_ml/dataset/dataset_bag.py:271: in list_dataset_members
    for k, v in nested_dataset.list_dataset_members(recurse=recurse).items():
                ^^^^^^^^^^^^^^^^^^^^^^^^^^^^^^^^^^^^^^^^^^^^^^^^^^^^
src/deriva_ml/dataset/dataset_bag.py:271: in list_dataset_members
    for k, v in nested_dataset.list_dataset_members(recurse=recurse).items():
                ^^^^^^^^^^^^^^^^^^^^^^^^^^^^^^^^^^^^^^^^^^^^^^^^^^^^
src/deriva_ml/dataset/dataset_bag.py:271: in list_dataset_members
    for k, v in nested_dataset.list_dataset_members(recurse=recurse).items():
                ^^^^^^^^^^^^^^^^^^^^^^^^^^^^^^^^^^^^^^^^^^^^^^^^^^^^
src/deriva_ml/dataset/dataset_bag.py:271: in list_dataset_members
    for k, v in nested_dataset.list_dataset_members(recurse=recurse).items():
                ^^^^^^^^^^^^^^^^^^^^^^^^^^^^^^^^^^^^^^^^^^^^^^^^^^^^
src/deriva_ml/dataset/dataset_bag.py:271: in list_dataset_members
    for k, v in nested_dataset.list_dataset_members(recurse=recurse).items():
                ^^^^^^^^^^^^^^^^^^^^^^^^^^^^^^^^^^^^^^^^^^^^^^^^^^^^
src/deriva_ml/dataset/dataset_bag.py:271: in list_dataset_members
    for k, v in nested_dataset.list_dataset_members(recurse=recurse).items():
                ^^^^^^^^^^^^^^^^^^^^^^^^^^^^^^^^^^^^^^^^^^^^^^^^^^^^
src/deriva_ml/dataset/dataset_bag.py:271: in list_dataset_members
    for k, v in nested_dataset.list_dataset_members(recurse=recurse).items():
                ^^^^^^^^^^^^^^^^^^^^^^^^^^^^^^^^^^^^^^^^^^^^^^^^^^^^
src/deriva_ml/dataset/dataset_bag.py:271: in list_dataset_members
    for k, v in nested_dataset.list_dataset_members(recurse=recurse).items():
                ^^^^^^^^^^^^^^^^^^^^^^^^^^^^^^^^^^^^^^^^^^^^^^^^^^^^
src/deriva_ml/dataset/dataset_bag.py:271: in list_dataset_members
    for k, v in nested_dataset.list_dataset_members(recurse=recurse).items():
                ^^^^^^^^^^^^^^^^^^^^^^^^^^^^^^^^^^^^^^^^^^^^^^^^^^^^
src/deriva_ml/dataset/dataset_bag.py:271: in list_dataset_members
    for k, v in nested_dataset.list_dataset_members(recurse=recurse).items():
                ^^^^^^^^^^^^^^^^^^^^^^^^^^^^^^^^^^^^^^^^^^^^^^^^^^^^
src/deriva_ml/dataset/dataset_bag.py:271: in list_dataset_members
    for k, v in nested_dataset.list_dataset_members(recurse=recurse).items():
                ^^^^^^^^^^^^^^^^^^^^^^^^^^^^^^^^^^^^^^^^^^^^^^^^^^^^
src/deriva_ml/dataset/dataset_bag.py:271: in list_dataset_members
    for k, v in nested_dataset.list_dataset_members(recurse=recurse).items():
                ^^^^^^^^^^^^^^^^^^^^^^^^^^^^^^^^^^^^^^^^^^^^^^^^^^^^
src/deriva_ml/dataset/dataset_bag.py:271: in list_dataset_members
    for k, v in nested_dataset.list_dataset_members(recurse=recurse).items():
                ^^^^^^^^^^^^^^^^^^^^^^^^^^^^^^^^^^^^^^^^^^^^^^^^^^^^
src/deriva_ml/dataset/dataset_bag.py:271: in list_dataset_members
    for k, v in nested_dataset.list_dataset_members(recurse=recurse).items():
                ^^^^^^^^^^^^^^^^^^^^^^^^^^^^^^^^^^^^^^^^^^^^^^^^^^^^
src/deriva_ml/dataset/dataset_bag.py:271: in list_dataset_members
    for k, v in nested_dataset.list_dataset_members(recurse=recurse).items():
                ^^^^^^^^^^^^^^^^^^^^^^^^^^^^^^^^^^^^^^^^^^^^^^^^^^^^
src/deriva_ml/dataset/dataset_bag.py:271: in list_dataset_members
    for k, v in nested_dataset.list_dataset_members(recurse=recurse).items():
                ^^^^^^^^^^^^^^^^^^^^^^^^^^^^^^^^^^^^^^^^^^^^^^^^^^^^
src/deriva_ml/dataset/dataset_bag.py:271: in list_dataset_members
    for k, v in nested_dataset.list_dataset_members(recurse=recurse).items():
                ^^^^^^^^^^^^^^^^^^^^^^^^^^^^^^^^^^^^^^^^^^^^^^^^^^^^
src/deriva_ml/dataset/dataset_bag.py:271: in list_dataset_members
    for k, v in nested_dataset.list_dataset_members(recurse=recurse).items():
                ^^^^^^^^^^^^^^^^^^^^^^^^^^^^^^^^^^^^^^^^^^^^^^^^^^^^
src/deriva_ml/dataset/dataset_bag.py:271: in list_dataset_members
    for k, v in nested_dataset.list_dataset_members(recurse=recurse).items():
                ^^^^^^^^^^^^^^^^^^^^^^^^^^^^^^^^^^^^^^^^^^^^^^^^^^^^
src/deriva_ml/dataset/dataset_bag.py:271: in list_dataset_members
    for k, v in nested_dataset.list_dataset_members(recurse=recurse).items():
                ^^^^^^^^^^^^^^^^^^^^^^^^^^^^^^^^^^^^^^^^^^^^^^^^^^^^
src/deriva_ml/dataset/dataset_bag.py:271: in list_dataset_members
    for k, v in nested_dataset.list_dataset_members(recurse=recurse).items():
                ^^^^^^^^^^^^^^^^^^^^^^^^^^^^^^^^^^^^^^^^^^^^^^^^^^^^
src/deriva_ml/dataset/dataset_bag.py:271: in list_dataset_members
    for k, v in nested_dataset.list_dataset_members(recurse=recurse).items():
                ^^^^^^^^^^^^^^^^^^^^^^^^^^^^^^^^^^^^^^^^^^^^^^^^^^^^
src/deriva_ml/dataset/dataset_bag.py:271: in list_dataset_members
    for k, v in nested_dataset.list_dataset_members(recurse=recurse).items():
                ^^^^^^^^^^^^^^^^^^^^^^^^^^^^^^^^^^^^^^^^^^^^^^^^^^^^
src/deriva_ml/dataset/dataset_bag.py:271: in list_dataset_members
    for k, v in nested_dataset.list_dataset_members(recurse=recurse).items():
                ^^^^^^^^^^^^^^^^^^^^^^^^^^^^^^^^^^^^^^^^^^^^^^^^^^^^
src/deriva_ml/dataset/dataset_bag.py:271: in list_dataset_members
    for k, v in nested_dataset.list_dataset_members(recurse=recurse).items():
                ^^^^^^^^^^^^^^^^^^^^^^^^^^^^^^^^^^^^^^^^^^^^^^^^^^^^
src/deriva_ml/dataset/dataset_bag.py:271: in list_dataset_members
    for k, v in nested_dataset.list_dataset_members(recurse=recurse).items():
                ^^^^^^^^^^^^^^^^^^^^^^^^^^^^^^^^^^^^^^^^^^^^^^^^^^^^
src/deriva_ml/dataset/dataset_bag.py:271: in list_dataset_members
    for k, v in nested_dataset.list_dataset_members(recurse=recurse).items():
                ^^^^^^^^^^^^^^^^^^^^^^^^^^^^^^^^^^^^^^^^^^^^^^^^^^^^
src/deriva_ml/dataset/dataset_bag.py:271: in list_dataset_members
    for k, v in nested_dataset.list_dataset_members(recurse=recurse).items():
                ^^^^^^^^^^^^^^^^^^^^^^^^^^^^^^^^^^^^^^^^^^^^^^^^^^^^
src/deriva_ml/dataset/dataset_bag.py:271: in list_dataset_members
    for k, v in nested_dataset.list_dataset_members(recurse=recurse).items():
                ^^^^^^^^^^^^^^^^^^^^^^^^^^^^^^^^^^^^^^^^^^^^^^^^^^^^
src/deriva_ml/dataset/dataset_bag.py:271: in list_dataset_members
    for k, v in nested_dataset.list_dataset_members(recurse=recurse).items():
                ^^^^^^^^^^^^^^^^^^^^^^^^^^^^^^^^^^^^^^^^^^^^^^^^^^^^
src/deriva_ml/dataset/dataset_bag.py:271: in list_dataset_members
    for k, v in nested_dataset.list_dataset_members(recurse=recurse).items():
                ^^^^^^^^^^^^^^^^^^^^^^^^^^^^^^^^^^^^^^^^^^^^^^^^^^^^
src/deriva_ml/dataset/dataset_bag.py:271: in list_dataset_members
    for k, v in nested_dataset.list_dataset_members(recurse=recurse).items():
                ^^^^^^^^^^^^^^^^^^^^^^^^^^^^^^^^^^^^^^^^^^^^^^^^^^^^
src/deriva_ml/dataset/dataset_bag.py:271: in list_dataset_members
    for k, v in nested_dataset.list_dataset_members(recurse=recurse).items():
                ^^^^^^^^^^^^^^^^^^^^^^^^^^^^^^^^^^^^^^^^^^^^^^^^^^^^
src/deriva_ml/dataset/dataset_bag.py:271: in list_dataset_members
    for k, v in nested_dataset.list_dataset_members(recurse=recurse).items():
                ^^^^^^^^^^^^^^^^^^^^^^^^^^^^^^^^^^^^^^^^^^^^^^^^^^^^
src/deriva_ml/dataset/dataset_bag.py:271: in list_dataset_members
    for k, v in nested_dataset.list_dataset_members(recurse=recurse).items():
                ^^^^^^^^^^^^^^^^^^^^^^^^^^^^^^^^^^^^^^^^^^^^^^^^^^^^
src/deriva_ml/dataset/dataset_bag.py:271: in list_dataset_members
    for k, v in nested_dataset.list_dataset_members(recurse=recurse).items():
                ^^^^^^^^^^^^^^^^^^^^^^^^^^^^^^^^^^^^^^^^^^^^^^^^^^^^
src/deriva_ml/dataset/dataset_bag.py:271: in list_dataset_members
    for k, v in nested_dataset.list_dataset_members(recurse=recurse).items():
                ^^^^^^^^^^^^^^^^^^^^^^^^^^^^^^^^^^^^^^^^^^^^^^^^^^^^
src/deriva_ml/dataset/dataset_bag.py:271: in list_dataset_members
    for k, v in nested_dataset.list_dataset_members(recurse=recurse).items():
                ^^^^^^^^^^^^^^^^^^^^^^^^^^^^^^^^^^^^^^^^^^^^^^^^^^^^
src/deriva_ml/dataset/dataset_bag.py:271: in list_dataset_members
    for k, v in nested_dataset.list_dataset_members(recurse=recurse).items():
                ^^^^^^^^^^^^^^^^^^^^^^^^^^^^^^^^^^^^^^^^^^^^^^^^^^^^
src/deriva_ml/dataset/dataset_bag.py:271: in list_dataset_members
    for k, v in nested_dataset.list_dataset_members(recurse=recurse).items():
                ^^^^^^^^^^^^^^^^^^^^^^^^^^^^^^^^^^^^^^^^^^^^^^^^^^^^
src/deriva_ml/dataset/dataset_bag.py:271: in list_dataset_members
    for k, v in nested_dataset.list_dataset_members(recurse=recurse).items():
                ^^^^^^^^^^^^^^^^^^^^^^^^^^^^^^^^^^^^^^^^^^^^^^^^^^^^
src/deriva_ml/dataset/dataset_bag.py:271: in list_dataset_members
    for k, v in nested_dataset.list_dataset_members(recurse=recurse).items():
                ^^^^^^^^^^^^^^^^^^^^^^^^^^^^^^^^^^^^^^^^^^^^^^^^^^^^
src/deriva_ml/dataset/dataset_bag.py:271: in list_dataset_members
    for k, v in nested_dataset.list_dataset_members(recurse=recurse).items():
                ^^^^^^^^^^^^^^^^^^^^^^^^^^^^^^^^^^^^^^^^^^^^^^^^^^^^
src/deriva_ml/dataset/dataset_bag.py:271: in list_dataset_members
    for k, v in nested_dataset.list_dataset_members(recurse=recurse).items():
                ^^^^^^^^^^^^^^^^^^^^^^^^^^^^^^^^^^^^^^^^^^^^^^^^^^^^
src/deriva_ml/dataset/dataset_bag.py:271: in list_dataset_members
    for k, v in nested_dataset.list_dataset_members(recurse=recurse).items():
                ^^^^^^^^^^^^^^^^^^^^^^^^^^^^^^^^^^^^^^^^^^^^^^^^^^^^
src/deriva_ml/dataset/dataset_bag.py:271: in list_dataset_members
    for k, v in nested_dataset.list_dataset_members(recurse=recurse).items():
                ^^^^^^^^^^^^^^^^^^^^^^^^^^^^^^^^^^^^^^^^^^^^^^^^^^^^
src/deriva_ml/dataset/dataset_bag.py:271: in list_dataset_members
    for k, v in nested_dataset.list_dataset_members(recurse=recurse).items():
                ^^^^^^^^^^^^^^^^^^^^^^^^^^^^^^^^^^^^^^^^^^^^^^^^^^^^
src/deriva_ml/dataset/dataset_bag.py:271: in list_dataset_members
    for k, v in nested_dataset.list_dataset_members(recurse=recurse).items():
                ^^^^^^^^^^^^^^^^^^^^^^^^^^^^^^^^^^^^^^^^^^^^^^^^^^^^
src/deriva_ml/dataset/dataset_bag.py:271: in list_dataset_members
    for k, v in nested_dataset.list_dataset_members(recurse=recurse).items():
                ^^^^^^^^^^^^^^^^^^^^^^^^^^^^^^^^^^^^^^^^^^^^^^^^^^^^
src/deriva_ml/dataset/dataset_bag.py:271: in list_dataset_members
    for k, v in nested_dataset.list_dataset_members(recurse=recurse).items():
                ^^^^^^^^^^^^^^^^^^^^^^^^^^^^^^^^^^^^^^^^^^^^^^^^^^^^
src/deriva_ml/dataset/dataset_bag.py:271: in list_dataset_members
    for k, v in nested_dataset.list_dataset_members(recurse=recurse).items():
                ^^^^^^^^^^^^^^^^^^^^^^^^^^^^^^^^^^^^^^^^^^^^^^^^^^^^
src/deriva_ml/dataset/dataset_bag.py:271: in list_dataset_members
    for k, v in nested_dataset.list_dataset_members(recurse=recurse).items():
                ^^^^^^^^^^^^^^^^^^^^^^^^^^^^^^^^^^^^^^^^^^^^^^^^^^^^
src/deriva_ml/dataset/dataset_bag.py:271: in list_dataset_members
    for k, v in nested_dataset.list_dataset_members(recurse=recurse).items():
                ^^^^^^^^^^^^^^^^^^^^^^^^^^^^^^^^^^^^^^^^^^^^^^^^^^^^
src/deriva_ml/dataset/dataset_bag.py:271: in list_dataset_members
    for k, v in nested_dataset.list_dataset_members(recurse=recurse).items():
                ^^^^^^^^^^^^^^^^^^^^^^^^^^^^^^^^^^^^^^^^^^^^^^^^^^^^
src/deriva_ml/dataset/dataset_bag.py:271: in list_dataset_members
    for k, v in nested_dataset.list_dataset_members(recurse=recurse).items():
                ^^^^^^^^^^^^^^^^^^^^^^^^^^^^^^^^^^^^^^^^^^^^^^^^^^^^
src/deriva_ml/dataset/dataset_bag.py:271: in list_dataset_members
    for k, v in nested_dataset.list_dataset_members(recurse=recurse).items():
                ^^^^^^^^^^^^^^^^^^^^^^^^^^^^^^^^^^^^^^^^^^^^^^^^^^^^
src/deriva_ml/dataset/dataset_bag.py:271: in list_dataset_members
    for k, v in nested_dataset.list_dataset_members(recurse=recurse).items():
                ^^^^^^^^^^^^^^^^^^^^^^^^^^^^^^^^^^^^^^^^^^^^^^^^^^^^
src/deriva_ml/dataset/dataset_bag.py:271: in list_dataset_members
    for k, v in nested_dataset.list_dataset_members(recurse=recurse).items():
                ^^^^^^^^^^^^^^^^^^^^^^^^^^^^^^^^^^^^^^^^^^^^^^^^^^^^
src/deriva_ml/dataset/dataset_bag.py:271: in list_dataset_members
    for k, v in nested_dataset.list_dataset_members(recurse=recurse).items():
                ^^^^^^^^^^^^^^^^^^^^^^^^^^^^^^^^^^^^^^^^^^^^^^^^^^^^
src/deriva_ml/dataset/dataset_bag.py:271: in list_dataset_members
    for k, v in nested_dataset.list_dataset_members(recurse=recurse).items():
                ^^^^^^^^^^^^^^^^^^^^^^^^^^^^^^^^^^^^^^^^^^^^^^^^^^^^
src/deriva_ml/dataset/dataset_bag.py:271: in list_dataset_members
    for k, v in nested_dataset.list_dataset_members(recurse=recurse).items():
                ^^^^^^^^^^^^^^^^^^^^^^^^^^^^^^^^^^^^^^^^^^^^^^^^^^^^
src/deriva_ml/dataset/dataset_bag.py:271: in list_dataset_members
    for k, v in nested_dataset.list_dataset_members(recurse=recurse).items():
                ^^^^^^^^^^^^^^^^^^^^^^^^^^^^^^^^^^^^^^^^^^^^^^^^^^^^
src/deriva_ml/dataset/dataset_bag.py:271: in list_dataset_members
    for k, v in nested_dataset.list_dataset_members(recurse=recurse).items():
                ^^^^^^^^^^^^^^^^^^^^^^^^^^^^^^^^^^^^^^^^^^^^^^^^^^^^
src/deriva_ml/dataset/dataset_bag.py:271: in list_dataset_members
    for k, v in nested_dataset.list_dataset_members(recurse=recurse).items():
                ^^^^^^^^^^^^^^^^^^^^^^^^^^^^^^^^^^^^^^^^^^^^^^^^^^^^
src/deriva_ml/dataset/dataset_bag.py:271: in list_dataset_members
    for k, v in nested_dataset.list_dataset_members(recurse=recurse).items():
                ^^^^^^^^^^^^^^^^^^^^^^^^^^^^^^^^^^^^^^^^^^^^^^^^^^^^
src/deriva_ml/dataset/dataset_bag.py:271: in list_dataset_members
    for k, v in nested_dataset.list_dataset_members(recurse=recurse).items():
                ^^^^^^^^^^^^^^^^^^^^^^^^^^^^^^^^^^^^^^^^^^^^^^^^^^^^
src/deriva_ml/dataset/dataset_bag.py:271: in list_dataset_members
    for k, v in nested_dataset.list_dataset_members(recurse=recurse).items():
                ^^^^^^^^^^^^^^^^^^^^^^^^^^^^^^^^^^^^^^^^^^^^^^^^^^^^
src/deriva_ml/dataset/dataset_bag.py:271: in list_dataset_members
    for k, v in nested_dataset.list_dataset_members(recurse=recurse).items():
                ^^^^^^^^^^^^^^^^^^^^^^^^^^^^^^^^^^^^^^^^^^^^^^^^^^^^
src/deriva_ml/dataset/dataset_bag.py:271: in list_dataset_members
    for k, v in nested_dataset.list_dataset_members(recurse=recurse).items():
                ^^^^^^^^^^^^^^^^^^^^^^^^^^^^^^^^^^^^^^^^^^^^^^^^^^^^
src/deriva_ml/dataset/dataset_bag.py:271: in list_dataset_members
    for k, v in nested_dataset.list_dataset_members(recurse=recurse).items():
                ^^^^^^^^^^^^^^^^^^^^^^^^^^^^^^^^^^^^^^^^^^^^^^^^^^^^
src/deriva_ml/dataset/dataset_bag.py:271: in list_dataset_members
    for k, v in nested_dataset.list_dataset_members(recurse=recurse).items():
                ^^^^^^^^^^^^^^^^^^^^^^^^^^^^^^^^^^^^^^^^^^^^^^^^^^^^
src/deriva_ml/dataset/dataset_bag.py:271: in list_dataset_members
    for k, v in nested_dataset.list_dataset_members(recurse=recurse).items():
                ^^^^^^^^^^^^^^^^^^^^^^^^^^^^^^^^^^^^^^^^^^^^^^^^^^^^
src/deriva_ml/dataset/dataset_bag.py:271: in list_dataset_members
    for k, v in nested_dataset.list_dataset_members(recurse=recurse).items():
                ^^^^^^^^^^^^^^^^^^^^^^^^^^^^^^^^^^^^^^^^^^^^^^^^^^^^
src/deriva_ml/dataset/dataset_bag.py:271: in list_dataset_members
    for k, v in nested_dataset.list_dataset_members(recurse=recurse).items():
                ^^^^^^^^^^^^^^^^^^^^^^^^^^^^^^^^^^^^^^^^^^^^^^^^^^^^
src/deriva_ml/dataset/dataset_bag.py:271: in list_dataset_members
    for k, v in nested_dataset.list_dataset_members(recurse=recurse).items():
                ^^^^^^^^^^^^^^^^^^^^^^^^^^^^^^^^^^^^^^^^^^^^^^^^^^^^
src/deriva_ml/dataset/dataset_bag.py:271: in list_dataset_members
    for k, v in nested_dataset.list_dataset_members(recurse=recurse).items():
                ^^^^^^^^^^^^^^^^^^^^^^^^^^^^^^^^^^^^^^^^^^^^^^^^^^^^
src/deriva_ml/dataset/dataset_bag.py:271: in list_dataset_members
    for k, v in nested_dataset.list_dataset_members(recurse=recurse).items():
                ^^^^^^^^^^^^^^^^^^^^^^^^^^^^^^^^^^^^^^^^^^^^^^^^^^^^
src/deriva_ml/dataset/dataset_bag.py:271: in list_dataset_members
    for k, v in nested_dataset.list_dataset_members(recurse=recurse).items():
                ^^^^^^^^^^^^^^^^^^^^^^^^^^^^^^^^^^^^^^^^^^^^^^^^^^^^
src/deriva_ml/dataset/dataset_bag.py:271: in list_dataset_members
    for k, v in nested_dataset.list_dataset_members(recurse=recurse).items():
                ^^^^^^^^^^^^^^^^^^^^^^^^^^^^^^^^^^^^^^^^^^^^^^^^^^^^
src/deriva_ml/dataset/dataset_bag.py:271: in list_dataset_members
    for k, v in nested_dataset.list_dataset_members(recurse=recurse).items():
                ^^^^^^^^^^^^^^^^^^^^^^^^^^^^^^^^^^^^^^^^^^^^^^^^^^^^
src/deriva_ml/dataset/dataset_bag.py:271: in list_dataset_members
    for k, v in nested_dataset.list_dataset_members(recurse=recurse).items():
                ^^^^^^^^^^^^^^^^^^^^^^^^^^^^^^^^^^^^^^^^^^^^^^^^^^^^
src/deriva_ml/dataset/dataset_bag.py:271: in list_dataset_members
    for k, v in nested_dataset.list_dataset_members(recurse=recurse).items():
                ^^^^^^^^^^^^^^^^^^^^^^^^^^^^^^^^^^^^^^^^^^^^^^^^^^^^
src/deriva_ml/dataset/dataset_bag.py:271: in list_dataset_members
    for k, v in nested_dataset.list_dataset_members(recurse=recurse).items():
                ^^^^^^^^^^^^^^^^^^^^^^^^^^^^^^^^^^^^^^^^^^^^^^^^^^^^
src/deriva_ml/dataset/dataset_bag.py:271: in list_dataset_members
    for k, v in nested_dataset.list_dataset_members(recurse=recurse).items():
                ^^^^^^^^^^^^^^^^^^^^^^^^^^^^^^^^^^^^^^^^^^^^^^^^^^^^
src/deriva_ml/dataset/dataset_bag.py:271: in list_dataset_members
    for k, v in nested_dataset.list_dataset_members(recurse=recurse).items():
                ^^^^^^^^^^^^^^^^^^^^^^^^^^^^^^^^^^^^^^^^^^^^^^^^^^^^
src/deriva_ml/dataset/dataset_bag.py:271: in list_dataset_members
    for k, v in nested_dataset.list_dataset_members(recurse=recurse).items():
                ^^^^^^^^^^^^^^^^^^^^^^^^^^^^^^^^^^^^^^^^^^^^^^^^^^^^
src/deriva_ml/dataset/dataset_bag.py:271: in list_dataset_members
    for k, v in nested_dataset.list_dataset_members(recurse=recurse).items():
                ^^^^^^^^^^^^^^^^^^^^^^^^^^^^^^^^^^^^^^^^^^^^^^^^^^^^
src/deriva_ml/dataset/dataset_bag.py:271: in list_dataset_members
    for k, v in nested_dataset.list_dataset_members(recurse=recurse).items():
                ^^^^^^^^^^^^^^^^^^^^^^^^^^^^^^^^^^^^^^^^^^^^^^^^^^^^
src/deriva_ml/dataset/dataset_bag.py:271: in list_dataset_members
    for k, v in nested_dataset.list_dataset_members(recurse=recurse).items():
                ^^^^^^^^^^^^^^^^^^^^^^^^^^^^^^^^^^^^^^^^^^^^^^^^^^^^
src/deriva_ml/dataset/dataset_bag.py:271: in list_dataset_members
    for k, v in nested_dataset.list_dataset_members(recurse=recurse).items():
                ^^^^^^^^^^^^^^^^^^^^^^^^^^^^^^^^^^^^^^^^^^^^^^^^^^^^
src/deriva_ml/dataset/dataset_bag.py:271: in list_dataset_members
    for k, v in nested_dataset.list_dataset_members(recurse=recurse).items():
                ^^^^^^^^^^^^^^^^^^^^^^^^^^^^^^^^^^^^^^^^^^^^^^^^^^^^
src/deriva_ml/dataset/dataset_bag.py:271: in list_dataset_members
    for k, v in nested_dataset.list_dataset_members(recurse=recurse).items():
                ^^^^^^^^^^^^^^^^^^^^^^^^^^^^^^^^^^^^^^^^^^^^^^^^^^^^
src/deriva_ml/dataset/dataset_bag.py:271: in list_dataset_members
    for k, v in nested_dataset.list_dataset_members(recurse=recurse).items():
                ^^^^^^^^^^^^^^^^^^^^^^^^^^^^^^^^^^^^^^^^^^^^^^^^^^^^
src/deriva_ml/dataset/dataset_bag.py:271: in list_dataset_members
    for k, v in nested_dataset.list_dataset_members(recurse=recurse).items():
                ^^^^^^^^^^^^^^^^^^^^^^^^^^^^^^^^^^^^^^^^^^^^^^^^^^^^
src/deriva_ml/dataset/dataset_bag.py:271: in list_dataset_members
    for k, v in nested_dataset.list_dataset_members(recurse=recurse).items():
                ^^^^^^^^^^^^^^^^^^^^^^^^^^^^^^^^^^^^^^^^^^^^^^^^^^^^
src/deriva_ml/dataset/dataset_bag.py:271: in list_dataset_members
    for k, v in nested_dataset.list_dataset_members(recurse=recurse).items():
                ^^^^^^^^^^^^^^^^^^^^^^^^^^^^^^^^^^^^^^^^^^^^^^^^^^^^
src/deriva_ml/dataset/dataset_bag.py:271: in list_dataset_members
    for k, v in nested_dataset.list_dataset_members(recurse=recurse).items():
                ^^^^^^^^^^^^^^^^^^^^^^^^^^^^^^^^^^^^^^^^^^^^^^^^^^^^
src/deriva_ml/dataset/dataset_bag.py:271: in list_dataset_members
    for k, v in nested_dataset.list_dataset_members(recurse=recurse).items():
                ^^^^^^^^^^^^^^^^^^^^^^^^^^^^^^^^^^^^^^^^^^^^^^^^^^^^
src/deriva_ml/dataset/dataset_bag.py:271: in list_dataset_members
    for k, v in nested_dataset.list_dataset_members(recurse=recurse).items():
                ^^^^^^^^^^^^^^^^^^^^^^^^^^^^^^^^^^^^^^^^^^^^^^^^^^^^
src/deriva_ml/dataset/dataset_bag.py:271: in list_dataset_members
    for k, v in nested_dataset.list_dataset_members(recurse=recurse).items():
                ^^^^^^^^^^^^^^^^^^^^^^^^^^^^^^^^^^^^^^^^^^^^^^^^^^^^
src/deriva_ml/dataset/dataset_bag.py:271: in list_dataset_members
    for k, v in nested_dataset.list_dataset_members(recurse=recurse).items():
                ^^^^^^^^^^^^^^^^^^^^^^^^^^^^^^^^^^^^^^^^^^^^^^^^^^^^
src/deriva_ml/dataset/dataset_bag.py:271: in list_dataset_members
    for k, v in nested_dataset.list_dataset_members(recurse=recurse).items():
                ^^^^^^^^^^^^^^^^^^^^^^^^^^^^^^^^^^^^^^^^^^^^^^^^^^^^
src/deriva_ml/dataset/dataset_bag.py:271: in list_dataset_members
    for k, v in nested_dataset.list_dataset_members(recurse=recurse).items():
                ^^^^^^^^^^^^^^^^^^^^^^^^^^^^^^^^^^^^^^^^^^^^^^^^^^^^
src/deriva_ml/dataset/dataset_bag.py:271: in list_dataset_members
    for k, v in nested_dataset.list_dataset_members(recurse=recurse).items():
                ^^^^^^^^^^^^^^^^^^^^^^^^^^^^^^^^^^^^^^^^^^^^^^^^^^^^
src/deriva_ml/dataset/dataset_bag.py:271: in list_dataset_members
    for k, v in nested_dataset.list_dataset_members(recurse=recurse).items():
                ^^^^^^^^^^^^^^^^^^^^^^^^^^^^^^^^^^^^^^^^^^^^^^^^^^^^
src/deriva_ml/dataset/dataset_bag.py:271: in list_dataset_members
    for k, v in nested_dataset.list_dataset_members(recurse=recurse).items():
                ^^^^^^^^^^^^^^^^^^^^^^^^^^^^^^^^^^^^^^^^^^^^^^^^^^^^
src/deriva_ml/dataset/dataset_bag.py:271: in list_dataset_members
    for k, v in nested_dataset.list_dataset_members(recurse=recurse).items():
                ^^^^^^^^^^^^^^^^^^^^^^^^^^^^^^^^^^^^^^^^^^^^^^^^^^^^
src/deriva_ml/dataset/dataset_bag.py:271: in list_dataset_members
    for k, v in nested_dataset.list_dataset_members(recurse=recurse).items():
                ^^^^^^^^^^^^^^^^^^^^^^^^^^^^^^^^^^^^^^^^^^^^^^^^^^^^
src/deriva_ml/dataset/dataset_bag.py:271: in list_dataset_members
    for k, v in nested_dataset.list_dataset_members(recurse=recurse).items():
                ^^^^^^^^^^^^^^^^^^^^^^^^^^^^^^^^^^^^^^^^^^^^^^^^^^^^
src/deriva_ml/dataset/dataset_bag.py:271: in list_dataset_members
    for k, v in nested_dataset.list_dataset_members(recurse=recurse).items():
                ^^^^^^^^^^^^^^^^^^^^^^^^^^^^^^^^^^^^^^^^^^^^^^^^^^^^
src/deriva_ml/dataset/dataset_bag.py:271: in list_dataset_members
    for k, v in nested_dataset.list_dataset_members(recurse=recurse).items():
                ^^^^^^^^^^^^^^^^^^^^^^^^^^^^^^^^^^^^^^^^^^^^^^^^^^^^
src/deriva_ml/dataset/dataset_bag.py:271: in list_dataset_members
    for k, v in nested_dataset.list_dataset_members(recurse=recurse).items():
                ^^^^^^^^^^^^^^^^^^^^^^^^^^^^^^^^^^^^^^^^^^^^^^^^^^^^
src/deriva_ml/dataset/dataset_bag.py:271: in list_dataset_members
    for k, v in nested_dataset.list_dataset_members(recurse=recurse).items():
                ^^^^^^^^^^^^^^^^^^^^^^^^^^^^^^^^^^^^^^^^^^^^^^^^^^^^
src/deriva_ml/dataset/dataset_bag.py:271: in list_dataset_members
    for k, v in nested_dataset.list_dataset_members(recurse=recurse).items():
                ^^^^^^^^^^^^^^^^^^^^^^^^^^^^^^^^^^^^^^^^^^^^^^^^^^^^
src/deriva_ml/dataset/dataset_bag.py:271: in list_dataset_members
    for k, v in nested_dataset.list_dataset_members(recurse=recurse).items():
                ^^^^^^^^^^^^^^^^^^^^^^^^^^^^^^^^^^^^^^^^^^^^^^^^^^^^
src/deriva_ml/dataset/dataset_bag.py:271: in list_dataset_members
    for k, v in nested_dataset.list_dataset_members(recurse=recurse).items():
                ^^^^^^^^^^^^^^^^^^^^^^^^^^^^^^^^^^^^^^^^^^^^^^^^^^^^
src/deriva_ml/dataset/dataset_bag.py:271: in list_dataset_members
    for k, v in nested_dataset.list_dataset_members(recurse=recurse).items():
                ^^^^^^^^^^^^^^^^^^^^^^^^^^^^^^^^^^^^^^^^^^^^^^^^^^^^
src/deriva_ml/dataset/dataset_bag.py:271: in list_dataset_members
    for k, v in nested_dataset.list_dataset_members(recurse=recurse).items():
                ^^^^^^^^^^^^^^^^^^^^^^^^^^^^^^^^^^^^^^^^^^^^^^^^^^^^
src/deriva_ml/dataset/dataset_bag.py:271: in list_dataset_members
    for k, v in nested_dataset.list_dataset_members(recurse=recurse).items():
                ^^^^^^^^^^^^^^^^^^^^^^^^^^^^^^^^^^^^^^^^^^^^^^^^^^^^
src/deriva_ml/dataset/dataset_bag.py:271: in list_dataset_members
    for k, v in nested_dataset.list_dataset_members(recurse=recurse).items():
                ^^^^^^^^^^^^^^^^^^^^^^^^^^^^^^^^^^^^^^^^^^^^^^^^^^^^
src/deriva_ml/dataset/dataset_bag.py:271: in list_dataset_members
    for k, v in nested_dataset.list_dataset_members(recurse=recurse).items():
                ^^^^^^^^^^^^^^^^^^^^^^^^^^^^^^^^^^^^^^^^^^^^^^^^^^^^
src/deriva_ml/dataset/dataset_bag.py:271: in list_dataset_members
    for k, v in nested_dataset.list_dataset_members(recurse=recurse).items():
                ^^^^^^^^^^^^^^^^^^^^^^^^^^^^^^^^^^^^^^^^^^^^^^^^^^^^
src/deriva_ml/dataset/dataset_bag.py:271: in list_dataset_members
    for k, v in nested_dataset.list_dataset_members(recurse=recurse).items():
                ^^^^^^^^^^^^^^^^^^^^^^^^^^^^^^^^^^^^^^^^^^^^^^^^^^^^
src/deriva_ml/dataset/dataset_bag.py:271: in list_dataset_members
    for k, v in nested_dataset.list_dataset_members(recurse=recurse).items():
                ^^^^^^^^^^^^^^^^^^^^^^^^^^^^^^^^^^^^^^^^^^^^^^^^^^^^
src/deriva_ml/dataset/dataset_bag.py:271: in list_dataset_members
    for k, v in nested_dataset.list_dataset_members(recurse=recurse).items():
                ^^^^^^^^^^^^^^^^^^^^^^^^^^^^^^^^^^^^^^^^^^^^^^^^^^^^
src/deriva_ml/dataset/dataset_bag.py:271: in list_dataset_members
    for k, v in nested_dataset.list_dataset_members(recurse=recurse).items():
                ^^^^^^^^^^^^^^^^^^^^^^^^^^^^^^^^^^^^^^^^^^^^^^^^^^^^
src/deriva_ml/dataset/dataset_bag.py:271: in list_dataset_members
    for k, v in nested_dataset.list_dataset_members(recurse=recurse).items():
                ^^^^^^^^^^^^^^^^^^^^^^^^^^^^^^^^^^^^^^^^^^^^^^^^^^^^
src/deriva_ml/dataset/dataset_bag.py:271: in list_dataset_members
    for k, v in nested_dataset.list_dataset_members(recurse=recurse).items():
                ^^^^^^^^^^^^^^^^^^^^^^^^^^^^^^^^^^^^^^^^^^^^^^^^^^^^
src/deriva_ml/dataset/dataset_bag.py:271: in list_dataset_members
    for k, v in nested_dataset.list_dataset_members(recurse=recurse).items():
                ^^^^^^^^^^^^^^^^^^^^^^^^^^^^^^^^^^^^^^^^^^^^^^^^^^^^
src/deriva_ml/dataset/dataset_bag.py:271: in list_dataset_members
    for k, v in nested_dataset.list_dataset_members(recurse=recurse).items():
                ^^^^^^^^^^^^^^^^^^^^^^^^^^^^^^^^^^^^^^^^^^^^^^^^^^^^
src/deriva_ml/dataset/dataset_bag.py:271: in list_dataset_members
    for k, v in nested_dataset.list_dataset_members(recurse=recurse).items():
                ^^^^^^^^^^^^^^^^^^^^^^^^^^^^^^^^^^^^^^^^^^^^^^^^^^^^
src/deriva_ml/dataset/dataset_bag.py:271: in list_dataset_members
    for k, v in nested_dataset.list_dataset_members(recurse=recurse).items():
                ^^^^^^^^^^^^^^^^^^^^^^^^^^^^^^^^^^^^^^^^^^^^^^^^^^^^
src/deriva_ml/dataset/dataset_bag.py:271: in list_dataset_members
    for k, v in nested_dataset.list_dataset_members(recurse=recurse).items():
                ^^^^^^^^^^^^^^^^^^^^^^^^^^^^^^^^^^^^^^^^^^^^^^^^^^^^
src/deriva_ml/dataset/dataset_bag.py:271: in list_dataset_members
    for k, v in nested_dataset.list_dataset_members(recurse=recurse).items():
                ^^^^^^^^^^^^^^^^^^^^^^^^^^^^^^^^^^^^^^^^^^^^^^^^^^^^
src/deriva_ml/dataset/dataset_bag.py:271: in list_dataset_members
    for k, v in nested_dataset.list_dataset_members(recurse=recurse).items():
                ^^^^^^^^^^^^^^^^^^^^^^^^^^^^^^^^^^^^^^^^^^^^^^^^^^^^
src/deriva_ml/dataset/dataset_bag.py:271: in list_dataset_members
    for k, v in nested_dataset.list_dataset_members(recurse=recurse).items():
                ^^^^^^^^^^^^^^^^^^^^^^^^^^^^^^^^^^^^^^^^^^^^^^^^^^^^
src/deriva_ml/dataset/dataset_bag.py:271: in list_dataset_members
    for k, v in nested_dataset.list_dataset_members(recurse=recurse).items():
                ^^^^^^^^^^^^^^^^^^^^^^^^^^^^^^^^^^^^^^^^^^^^^^^^^^^^
src/deriva_ml/dataset/dataset_bag.py:271: in list_dataset_members
    for k, v in nested_dataset.list_dataset_members(recurse=recurse).items():
                ^^^^^^^^^^^^^^^^^^^^^^^^^^^^^^^^^^^^^^^^^^^^^^^^^^^^
src/deriva_ml/dataset/dataset_bag.py:271: in list_dataset_members
    for k, v in nested_dataset.list_dataset_members(recurse=recurse).items():
                ^^^^^^^^^^^^^^^^^^^^^^^^^^^^^^^^^^^^^^^^^^^^^^^^^^^^
src/deriva_ml/dataset/dataset_bag.py:271: in list_dataset_members
    for k, v in nested_dataset.list_dataset_members(recurse=recurse).items():
                ^^^^^^^^^^^^^^^^^^^^^^^^^^^^^^^^^^^^^^^^^^^^^^^^^^^^
src/deriva_ml/dataset/dataset_bag.py:271: in list_dataset_members
    for k, v in nested_dataset.list_dataset_members(recurse=recurse).items():
                ^^^^^^^^^^^^^^^^^^^^^^^^^^^^^^^^^^^^^^^^^^^^^^^^^^^^
src/deriva_ml/dataset/dataset_bag.py:271: in list_dataset_members
    for k, v in nested_dataset.list_dataset_members(recurse=recurse).items():
                ^^^^^^^^^^^^^^^^^^^^^^^^^^^^^^^^^^^^^^^^^^^^^^^^^^^^
src/deriva_ml/dataset/dataset_bag.py:271: in list_dataset_members
    for k, v in nested_dataset.list_dataset_members(recurse=recurse).items():
                ^^^^^^^^^^^^^^^^^^^^^^^^^^^^^^^^^^^^^^^^^^^^^^^^^^^^
src/deriva_ml/dataset/dataset_bag.py:271: in list_dataset_members
    for k, v in nested_dataset.list_dataset_members(recurse=recurse).items():
                ^^^^^^^^^^^^^^^^^^^^^^^^^^^^^^^^^^^^^^^^^^^^^^^^^^^^
src/deriva_ml/dataset/dataset_bag.py:271: in list_dataset_members
    for k, v in nested_dataset.list_dataset_members(recurse=recurse).items():
                ^^^^^^^^^^^^^^^^^^^^^^^^^^^^^^^^^^^^^^^^^^^^^^^^^^^^
src/deriva_ml/dataset/dataset_bag.py:271: in list_dataset_members
    for k, v in nested_dataset.list_dataset_members(recurse=recurse).items():
                ^^^^^^^^^^^^^^^^^^^^^^^^^^^^^^^^^^^^^^^^^^^^^^^^^^^^
src/deriva_ml/dataset/dataset_bag.py:271: in list_dataset_members
    for k, v in nested_dataset.list_dataset_members(recurse=recurse).items():
                ^^^^^^^^^^^^^^^^^^^^^^^^^^^^^^^^^^^^^^^^^^^^^^^^^^^^
src/deriva_ml/dataset/dataset_bag.py:271: in list_dataset_members
    for k, v in nested_dataset.list_dataset_members(recurse=recurse).items():
                ^^^^^^^^^^^^^^^^^^^^^^^^^^^^^^^^^^^^^^^^^^^^^^^^^^^^
src/deriva_ml/dataset/dataset_bag.py:271: in list_dataset_members
    for k, v in nested_dataset.list_dataset_members(recurse=recurse).items():
                ^^^^^^^^^^^^^^^^^^^^^^^^^^^^^^^^^^^^^^^^^^^^^^^^^^^^
src/deriva_ml/dataset/dataset_bag.py:271: in list_dataset_members
    for k, v in nested_dataset.list_dataset_members(recurse=recurse).items():
                ^^^^^^^^^^^^^^^^^^^^^^^^^^^^^^^^^^^^^^^^^^^^^^^^^^^^
src/deriva_ml/dataset/dataset_bag.py:271: in list_dataset_members
    for k, v in nested_dataset.list_dataset_members(recurse=recurse).items():
                ^^^^^^^^^^^^^^^^^^^^^^^^^^^^^^^^^^^^^^^^^^^^^^^^^^^^
src/deriva_ml/dataset/dataset_bag.py:271: in list_dataset_members
    for k, v in nested_dataset.list_dataset_members(recurse=recurse).items():
                ^^^^^^^^^^^^^^^^^^^^^^^^^^^^^^^^^^^^^^^^^^^^^^^^^^^^
src/deriva_ml/dataset/dataset_bag.py:271: in list_dataset_members
    for k, v in nested_dataset.list_dataset_members(recurse=recurse).items():
                ^^^^^^^^^^^^^^^^^^^^^^^^^^^^^^^^^^^^^^^^^^^^^^^^^^^^
src/deriva_ml/dataset/dataset_bag.py:271: in list_dataset_members
    for k, v in nested_dataset.list_dataset_members(recurse=recurse).items():
                ^^^^^^^^^^^^^^^^^^^^^^^^^^^^^^^^^^^^^^^^^^^^^^^^^^^^
src/deriva_ml/dataset/dataset_bag.py:271: in list_dataset_members
    for k, v in nested_dataset.list_dataset_members(recurse=recurse).items():
                ^^^^^^^^^^^^^^^^^^^^^^^^^^^^^^^^^^^^^^^^^^^^^^^^^^^^
src/deriva_ml/dataset/dataset_bag.py:271: in list_dataset_members
    for k, v in nested_dataset.list_dataset_members(recurse=recurse).items():
                ^^^^^^^^^^^^^^^^^^^^^^^^^^^^^^^^^^^^^^^^^^^^^^^^^^^^
src/deriva_ml/dataset/dataset_bag.py:271: in list_dataset_members
    for k, v in nested_dataset.list_dataset_members(recurse=recurse).items():
                ^^^^^^^^^^^^^^^^^^^^^^^^^^^^^^^^^^^^^^^^^^^^^^^^^^^^
src/deriva_ml/dataset/dataset_bag.py:271: in list_dataset_members
    for k, v in nested_dataset.list_dataset_members(recurse=recurse).items():
                ^^^^^^^^^^^^^^^^^^^^^^^^^^^^^^^^^^^^^^^^^^^^^^^^^^^^
src/deriva_ml/dataset/dataset_bag.py:271: in list_dataset_members
    for k, v in nested_dataset.list_dataset_members(recurse=recurse).items():
                ^^^^^^^^^^^^^^^^^^^^^^^^^^^^^^^^^^^^^^^^^^^^^^^^^^^^
src/deriva_ml/dataset/dataset_bag.py:271: in list_dataset_members
    for k, v in nested_dataset.list_dataset_members(recurse=recurse).items():
                ^^^^^^^^^^^^^^^^^^^^^^^^^^^^^^^^^^^^^^^^^^^^^^^^^^^^
src/deriva_ml/dataset/dataset_bag.py:271: in list_dataset_members
    for k, v in nested_dataset.list_dataset_members(recurse=recurse).items():
                ^^^^^^^^^^^^^^^^^^^^^^^^^^^^^^^^^^^^^^^^^^^^^^^^^^^^
src/deriva_ml/dataset/dataset_bag.py:271: in list_dataset_members
    for k, v in nested_dataset.list_dataset_members(recurse=recurse).items():
                ^^^^^^^^^^^^^^^^^^^^^^^^^^^^^^^^^^^^^^^^^^^^^^^^^^^^
src/deriva_ml/dataset/dataset_bag.py:271: in list_dataset_members
    for k, v in nested_dataset.list_dataset_members(recurse=recurse).items():
                ^^^^^^^^^^^^^^^^^^^^^^^^^^^^^^^^^^^^^^^^^^^^^^^^^^^^
src/deriva_ml/dataset/dataset_bag.py:271: in list_dataset_members
    for k, v in nested_dataset.list_dataset_members(recurse=recurse).items():
                ^^^^^^^^^^^^^^^^^^^^^^^^^^^^^^^^^^^^^^^^^^^^^^^^^^^^
src/deriva_ml/dataset/dataset_bag.py:271: in list_dataset_members
    for k, v in nested_dataset.list_dataset_members(recurse=recurse).items():
                ^^^^^^^^^^^^^^^^^^^^^^^^^^^^^^^^^^^^^^^^^^^^^^^^^^^^
src/deriva_ml/dataset/dataset_bag.py:271: in list_dataset_members
    for k, v in nested_dataset.list_dataset_members(recurse=recurse).items():
                ^^^^^^^^^^^^^^^^^^^^^^^^^^^^^^^^^^^^^^^^^^^^^^^^^^^^
src/deriva_ml/dataset/dataset_bag.py:271: in list_dataset_members
    for k, v in nested_dataset.list_dataset_members(recurse=recurse).items():
                ^^^^^^^^^^^^^^^^^^^^^^^^^^^^^^^^^^^^^^^^^^^^^^^^^^^^
src/deriva_ml/dataset/dataset_bag.py:271: in list_dataset_members
    for k, v in nested_dataset.list_dataset_members(recurse=recurse).items():
                ^^^^^^^^^^^^^^^^^^^^^^^^^^^^^^^^^^^^^^^^^^^^^^^^^^^^
src/deriva_ml/dataset/dataset_bag.py:271: in list_dataset_members
    for k, v in nested_dataset.list_dataset_members(recurse=recurse).items():
                ^^^^^^^^^^^^^^^^^^^^^^^^^^^^^^^^^^^^^^^^^^^^^^^^^^^^
src/deriva_ml/dataset/dataset_bag.py:271: in list_dataset_members
    for k, v in nested_dataset.list_dataset_members(recurse=recurse).items():
                ^^^^^^^^^^^^^^^^^^^^^^^^^^^^^^^^^^^^^^^^^^^^^^^^^^^^
src/deriva_ml/dataset/dataset_bag.py:271: in list_dataset_members
    for k, v in nested_dataset.list_dataset_members(recurse=recurse).items():
                ^^^^^^^^^^^^^^^^^^^^^^^^^^^^^^^^^^^^^^^^^^^^^^^^^^^^
src/deriva_ml/dataset/dataset_bag.py:271: in list_dataset_members
    for k, v in nested_dataset.list_dataset_members(recurse=recurse).items():
                ^^^^^^^^^^^^^^^^^^^^^^^^^^^^^^^^^^^^^^^^^^^^^^^^^^^^
src/deriva_ml/dataset/dataset_bag.py:271: in list_dataset_members
    for k, v in nested_dataset.list_dataset_members(recurse=recurse).items():
                ^^^^^^^^^^^^^^^^^^^^^^^^^^^^^^^^^^^^^^^^^^^^^^^^^^^^
src/deriva_ml/dataset/dataset_bag.py:271: in list_dataset_members
    for k, v in nested_dataset.list_dataset_members(recurse=recurse).items():
                ^^^^^^^^^^^^^^^^^^^^^^^^^^^^^^^^^^^^^^^^^^^^^^^^^^^^
src/deriva_ml/dataset/dataset_bag.py:271: in list_dataset_members
    for k, v in nested_dataset.list_dataset_members(recurse=recurse).items():
                ^^^^^^^^^^^^^^^^^^^^^^^^^^^^^^^^^^^^^^^^^^^^^^^^^^^^
src/deriva_ml/dataset/dataset_bag.py:271: in list_dataset_members
    for k, v in nested_dataset.list_dataset_members(recurse=recurse).items():
                ^^^^^^^^^^^^^^^^^^^^^^^^^^^^^^^^^^^^^^^^^^^^^^^^^^^^
src/deriva_ml/dataset/dataset_bag.py:271: in list_dataset_members
    for k, v in nested_dataset.list_dataset_members(recurse=recurse).items():
                ^^^^^^^^^^^^^^^^^^^^^^^^^^^^^^^^^^^^^^^^^^^^^^^^^^^^
src/deriva_ml/dataset/dataset_bag.py:271: in list_dataset_members
    for k, v in nested_dataset.list_dataset_members(recurse=recurse).items():
                ^^^^^^^^^^^^^^^^^^^^^^^^^^^^^^^^^^^^^^^^^^^^^^^^^^^^
src/deriva_ml/dataset/dataset_bag.py:271: in list_dataset_members
    for k, v in nested_dataset.list_dataset_members(recurse=recurse).items():
                ^^^^^^^^^^^^^^^^^^^^^^^^^^^^^^^^^^^^^^^^^^^^^^^^^^^^
src/deriva_ml/dataset/dataset_bag.py:271: in list_dataset_members
    for k, v in nested_dataset.list_dataset_members(recurse=recurse).items():
                ^^^^^^^^^^^^^^^^^^^^^^^^^^^^^^^^^^^^^^^^^^^^^^^^^^^^
src/deriva_ml/dataset/dataset_bag.py:271: in list_dataset_members
    for k, v in nested_dataset.list_dataset_members(recurse=recurse).items():
                ^^^^^^^^^^^^^^^^^^^^^^^^^^^^^^^^^^^^^^^^^^^^^^^^^^^^
src/deriva_ml/dataset/dataset_bag.py:271: in list_dataset_members
    for k, v in nested_dataset.list_dataset_members(recurse=recurse).items():
                ^^^^^^^^^^^^^^^^^^^^^^^^^^^^^^^^^^^^^^^^^^^^^^^^^^^^
src/deriva_ml/dataset/dataset_bag.py:271: in list_dataset_members
    for k, v in nested_dataset.list_dataset_members(recurse=recurse).items():
                ^^^^^^^^^^^^^^^^^^^^^^^^^^^^^^^^^^^^^^^^^^^^^^^^^^^^
src/deriva_ml/dataset/dataset_bag.py:271: in list_dataset_members
    for k, v in nested_dataset.list_dataset_members(recurse=recurse).items():
                ^^^^^^^^^^^^^^^^^^^^^^^^^^^^^^^^^^^^^^^^^^^^^^^^^^^^
src/deriva_ml/dataset/dataset_bag.py:271: in list_dataset_members
    for k, v in nested_dataset.list_dataset_members(recurse=recurse).items():
                ^^^^^^^^^^^^^^^^^^^^^^^^^^^^^^^^^^^^^^^^^^^^^^^^^^^^
src/deriva_ml/dataset/dataset_bag.py:271: in list_dataset_members
    for k, v in nested_dataset.list_dataset_members(recurse=recurse).items():
                ^^^^^^^^^^^^^^^^^^^^^^^^^^^^^^^^^^^^^^^^^^^^^^^^^^^^
src/deriva_ml/dataset/dataset_bag.py:271: in list_dataset_members
    for k, v in nested_dataset.list_dataset_members(recurse=recurse).items():
                ^^^^^^^^^^^^^^^^^^^^^^^^^^^^^^^^^^^^^^^^^^^^^^^^^^^^
src/deriva_ml/dataset/dataset_bag.py:271: in list_dataset_members
    for k, v in nested_dataset.list_dataset_members(recurse=recurse).items():
                ^^^^^^^^^^^^^^^^^^^^^^^^^^^^^^^^^^^^^^^^^^^^^^^^^^^^
src/deriva_ml/dataset/dataset_bag.py:271: in list_dataset_members
    for k, v in nested_dataset.list_dataset_members(recurse=recurse).items():
                ^^^^^^^^^^^^^^^^^^^^^^^^^^^^^^^^^^^^^^^^^^^^^^^^^^^^
src/deriva_ml/dataset/dataset_bag.py:271: in list_dataset_members
    for k, v in nested_dataset.list_dataset_members(recurse=recurse).items():
                ^^^^^^^^^^^^^^^^^^^^^^^^^^^^^^^^^^^^^^^^^^^^^^^^^^^^
src/deriva_ml/dataset/dataset_bag.py:271: in list_dataset_members
    for k, v in nested_dataset.list_dataset_members(recurse=recurse).items():
                ^^^^^^^^^^^^^^^^^^^^^^^^^^^^^^^^^^^^^^^^^^^^^^^^^^^^
src/deriva_ml/dataset/dataset_bag.py:271: in list_dataset_members
    for k, v in nested_dataset.list_dataset_members(recurse=recurse).items():
                ^^^^^^^^^^^^^^^^^^^^^^^^^^^^^^^^^^^^^^^^^^^^^^^^^^^^
src/deriva_ml/dataset/dataset_bag.py:271: in list_dataset_members
    for k, v in nested_dataset.list_dataset_members(recurse=recurse).items():
                ^^^^^^^^^^^^^^^^^^^^^^^^^^^^^^^^^^^^^^^^^^^^^^^^^^^^
src/deriva_ml/dataset/dataset_bag.py:271: in list_dataset_members
    for k, v in nested_dataset.list_dataset_members(recurse=recurse).items():
                ^^^^^^^^^^^^^^^^^^^^^^^^^^^^^^^^^^^^^^^^^^^^^^^^^^^^
src/deriva_ml/dataset/dataset_bag.py:271: in list_dataset_members
    for k, v in nested_dataset.list_dataset_members(recurse=recurse).items():
                ^^^^^^^^^^^^^^^^^^^^^^^^^^^^^^^^^^^^^^^^^^^^^^^^^^^^
src/deriva_ml/dataset/dataset_bag.py:271: in list_dataset_members
    for k, v in nested_dataset.list_dataset_members(recurse=recurse).items():
                ^^^^^^^^^^^^^^^^^^^^^^^^^^^^^^^^^^^^^^^^^^^^^^^^^^^^
src/deriva_ml/dataset/dataset_bag.py:271: in list_dataset_members
    for k, v in nested_dataset.list_dataset_members(recurse=recurse).items():
                ^^^^^^^^^^^^^^^^^^^^^^^^^^^^^^^^^^^^^^^^^^^^^^^^^^^^
src/deriva_ml/dataset/dataset_bag.py:271: in list_dataset_members
    for k, v in nested_dataset.list_dataset_members(recurse=recurse).items():
                ^^^^^^^^^^^^^^^^^^^^^^^^^^^^^^^^^^^^^^^^^^^^^^^^^^^^
src/deriva_ml/dataset/dataset_bag.py:271: in list_dataset_members
    for k, v in nested_dataset.list_dataset_members(recurse=recurse).items():
                ^^^^^^^^^^^^^^^^^^^^^^^^^^^^^^^^^^^^^^^^^^^^^^^^^^^^
src/deriva_ml/dataset/dataset_bag.py:271: in list_dataset_members
    for k, v in nested_dataset.list_dataset_members(recurse=recurse).items():
                ^^^^^^^^^^^^^^^^^^^^^^^^^^^^^^^^^^^^^^^^^^^^^^^^^^^^
src/deriva_ml/dataset/dataset_bag.py:271: in list_dataset_members
    for k, v in nested_dataset.list_dataset_members(recurse=recurse).items():
                ^^^^^^^^^^^^^^^^^^^^^^^^^^^^^^^^^^^^^^^^^^^^^^^^^^^^
src/deriva_ml/dataset/dataset_bag.py:271: in list_dataset_members
    for k, v in nested_dataset.list_dataset_members(recurse=recurse).items():
                ^^^^^^^^^^^^^^^^^^^^^^^^^^^^^^^^^^^^^^^^^^^^^^^^^^^^
src/deriva_ml/dataset/dataset_bag.py:271: in list_dataset_members
    for k, v in nested_dataset.list_dataset_members(recurse=recurse).items():
                ^^^^^^^^^^^^^^^^^^^^^^^^^^^^^^^^^^^^^^^^^^^^^^^^^^^^
src/deriva_ml/dataset/dataset_bag.py:271: in list_dataset_members
    for k, v in nested_dataset.list_dataset_members(recurse=recurse).items():
                ^^^^^^^^^^^^^^^^^^^^^^^^^^^^^^^^^^^^^^^^^^^^^^^^^^^^
src/deriva_ml/dataset/dataset_bag.py:271: in list_dataset_members
    for k, v in nested_dataset.list_dataset_members(recurse=recurse).items():
                ^^^^^^^^^^^^^^^^^^^^^^^^^^^^^^^^^^^^^^^^^^^^^^^^^^^^
src/deriva_ml/dataset/dataset_bag.py:271: in list_dataset_members
    for k, v in nested_dataset.list_dataset_members(recurse=recurse).items():
                ^^^^^^^^^^^^^^^^^^^^^^^^^^^^^^^^^^^^^^^^^^^^^^^^^^^^
src/deriva_ml/dataset/dataset_bag.py:271: in list_dataset_members
    for k, v in nested_dataset.list_dataset_members(recurse=recurse).items():
                ^^^^^^^^^^^^^^^^^^^^^^^^^^^^^^^^^^^^^^^^^^^^^^^^^^^^
src/deriva_ml/dataset/dataset_bag.py:271: in list_dataset_members
    for k, v in nested_dataset.list_dataset_members(recurse=recurse).items():
                ^^^^^^^^^^^^^^^^^^^^^^^^^^^^^^^^^^^^^^^^^^^^^^^^^^^^
src/deriva_ml/dataset/dataset_bag.py:271: in list_dataset_members
    for k, v in nested_dataset.list_dataset_members(recurse=recurse).items():
                ^^^^^^^^^^^^^^^^^^^^^^^^^^^^^^^^^^^^^^^^^^^^^^^^^^^^
src/deriva_ml/dataset/dataset_bag.py:271: in list_dataset_members
    for k, v in nested_dataset.list_dataset_members(recurse=recurse).items():
                ^^^^^^^^^^^^^^^^^^^^^^^^^^^^^^^^^^^^^^^^^^^^^^^^^^^^
src/deriva_ml/dataset/dataset_bag.py:271: in list_dataset_members
    for k, v in nested_dataset.list_dataset_members(recurse=recurse).items():
                ^^^^^^^^^^^^^^^^^^^^^^^^^^^^^^^^^^^^^^^^^^^^^^^^^^^^
src/deriva_ml/dataset/dataset_bag.py:271: in list_dataset_members
    for k, v in nested_dataset.list_dataset_members(recurse=recurse).items():
                ^^^^^^^^^^^^^^^^^^^^^^^^^^^^^^^^^^^^^^^^^^^^^^^^^^^^
src/deriva_ml/dataset/dataset_bag.py:271: in list_dataset_members
    for k, v in nested_dataset.list_dataset_members(recurse=recurse).items():
                ^^^^^^^^^^^^^^^^^^^^^^^^^^^^^^^^^^^^^^^^^^^^^^^^^^^^
src/deriva_ml/dataset/dataset_bag.py:271: in list_dataset_members
    for k, v in nested_dataset.list_dataset_members(recurse=recurse).items():
                ^^^^^^^^^^^^^^^^^^^^^^^^^^^^^^^^^^^^^^^^^^^^^^^^^^^^
src/deriva_ml/dataset/dataset_bag.py:271: in list_dataset_members
    for k, v in nested_dataset.list_dataset_members(recurse=recurse).items():
                ^^^^^^^^^^^^^^^^^^^^^^^^^^^^^^^^^^^^^^^^^^^^^^^^^^^^
src/deriva_ml/dataset/dataset_bag.py:271: in list_dataset_members
    for k, v in nested_dataset.list_dataset_members(recurse=recurse).items():
                ^^^^^^^^^^^^^^^^^^^^^^^^^^^^^^^^^^^^^^^^^^^^^^^^^^^^
src/deriva_ml/dataset/dataset_bag.py:271: in list_dataset_members
    for k, v in nested_dataset.list_dataset_members(recurse=recurse).items():
                ^^^^^^^^^^^^^^^^^^^^^^^^^^^^^^^^^^^^^^^^^^^^^^^^^^^^
src/deriva_ml/dataset/dataset_bag.py:271: in list_dataset_members
    for k, v in nested_dataset.list_dataset_members(recurse=recurse).items():
                ^^^^^^^^^^^^^^^^^^^^^^^^^^^^^^^^^^^^^^^^^^^^^^^^^^^^
src/deriva_ml/dataset/dataset_bag.py:271: in list_dataset_members
    for k, v in nested_dataset.list_dataset_members(recurse=recurse).items():
                ^^^^^^^^^^^^^^^^^^^^^^^^^^^^^^^^^^^^^^^^^^^^^^^^^^^^
src/deriva_ml/dataset/dataset_bag.py:271: in list_dataset_members
    for k, v in nested_dataset.list_dataset_members(recurse=recurse).items():
                ^^^^^^^^^^^^^^^^^^^^^^^^^^^^^^^^^^^^^^^^^^^^^^^^^^^^
src/deriva_ml/dataset/dataset_bag.py:271: in list_dataset_members
    for k, v in nested_dataset.list_dataset_members(recurse=recurse).items():
                ^^^^^^^^^^^^^^^^^^^^^^^^^^^^^^^^^^^^^^^^^^^^^^^^^^^^
src/deriva_ml/dataset/dataset_bag.py:271: in list_dataset_members
    for k, v in nested_dataset.list_dataset_members(recurse=recurse).items():
                ^^^^^^^^^^^^^^^^^^^^^^^^^^^^^^^^^^^^^^^^^^^^^^^^^^^^
src/deriva_ml/dataset/dataset_bag.py:271: in list_dataset_members
    for k, v in nested_dataset.list_dataset_members(recurse=recurse).items():
                ^^^^^^^^^^^^^^^^^^^^^^^^^^^^^^^^^^^^^^^^^^^^^^^^^^^^
src/deriva_ml/dataset/dataset_bag.py:271: in list_dataset_members
    for k, v in nested_dataset.list_dataset_members(recurse=recurse).items():
                ^^^^^^^^^^^^^^^^^^^^^^^^^^^^^^^^^^^^^^^^^^^^^^^^^^^^
src/deriva_ml/dataset/dataset_bag.py:271: in list_dataset_members
    for k, v in nested_dataset.list_dataset_members(recurse=recurse).items():
                ^^^^^^^^^^^^^^^^^^^^^^^^^^^^^^^^^^^^^^^^^^^^^^^^^^^^
src/deriva_ml/dataset/dataset_bag.py:271: in list_dataset_members
    for k, v in nested_dataset.list_dataset_members(recurse=recurse).items():
                ^^^^^^^^^^^^^^^^^^^^^^^^^^^^^^^^^^^^^^^^^^^^^^^^^^^^
src/deriva_ml/dataset/dataset_bag.py:271: in list_dataset_members
    for k, v in nested_dataset.list_dataset_members(recurse=recurse).items():
                ^^^^^^^^^^^^^^^^^^^^^^^^^^^^^^^^^^^^^^^^^^^^^^^^^^^^
src/deriva_ml/dataset/dataset_bag.py:271: in list_dataset_members
    for k, v in nested_dataset.list_dataset_members(recurse=recurse).items():
                ^^^^^^^^^^^^^^^^^^^^^^^^^^^^^^^^^^^^^^^^^^^^^^^^^^^^
src/deriva_ml/dataset/dataset_bag.py:271: in list_dataset_members
    for k, v in nested_dataset.list_dataset_members(recurse=recurse).items():
                ^^^^^^^^^^^^^^^^^^^^^^^^^^^^^^^^^^^^^^^^^^^^^^^^^^^^
src/deriva_ml/dataset/dataset_bag.py:271: in list_dataset_members
    for k, v in nested_dataset.list_dataset_members(recurse=recurse).items():
                ^^^^^^^^^^^^^^^^^^^^^^^^^^^^^^^^^^^^^^^^^^^^^^^^^^^^
src/deriva_ml/dataset/dataset_bag.py:271: in list_dataset_members
    for k, v in nested_dataset.list_dataset_members(recurse=recurse).items():
                ^^^^^^^^^^^^^^^^^^^^^^^^^^^^^^^^^^^^^^^^^^^^^^^^^^^^
src/deriva_ml/dataset/dataset_bag.py:271: in list_dataset_members
    for k, v in nested_dataset.list_dataset_members(recurse=recurse).items():
                ^^^^^^^^^^^^^^^^^^^^^^^^^^^^^^^^^^^^^^^^^^^^^^^^^^^^
src/deriva_ml/dataset/dataset_bag.py:271: in list_dataset_members
    for k, v in nested_dataset.list_dataset_members(recurse=recurse).items():
                ^^^^^^^^^^^^^^^^^^^^^^^^^^^^^^^^^^^^^^^^^^^^^^^^^^^^
src/deriva_ml/dataset/dataset_bag.py:271: in list_dataset_members
    for k, v in nested_dataset.list_dataset_members(recurse=recurse).items():
                ^^^^^^^^^^^^^^^^^^^^^^^^^^^^^^^^^^^^^^^^^^^^^^^^^^^^
src/deriva_ml/dataset/dataset_bag.py:271: in list_dataset_members
    for k, v in nested_dataset.list_dataset_members(recurse=recurse).items():
                ^^^^^^^^^^^^^^^^^^^^^^^^^^^^^^^^^^^^^^^^^^^^^^^^^^^^
src/deriva_ml/dataset/dataset_bag.py:271: in list_dataset_members
    for k, v in nested_dataset.list_dataset_members(recurse=recurse).items():
                ^^^^^^^^^^^^^^^^^^^^^^^^^^^^^^^^^^^^^^^^^^^^^^^^^^^^
src/deriva_ml/dataset/dataset_bag.py:271: in list_dataset_members
    for k, v in nested_dataset.list_dataset_members(recurse=recurse).items():
                ^^^^^^^^^^^^^^^^^^^^^^^^^^^^^^^^^^^^^^^^^^^^^^^^^^^^
src/deriva_ml/dataset/dataset_bag.py:271: in list_dataset_members
    for k, v in nested_dataset.list_dataset_members(recurse=recurse).items():
                ^^^^^^^^^^^^^^^^^^^^^^^^^^^^^^^^^^^^^^^^^^^^^^^^^^^^
src/deriva_ml/dataset/dataset_bag.py:271: in list_dataset_members
    for k, v in nested_dataset.list_dataset_members(recurse=recurse).items():
                ^^^^^^^^^^^^^^^^^^^^^^^^^^^^^^^^^^^^^^^^^^^^^^^^^^^^
src/deriva_ml/dataset/dataset_bag.py:271: in list_dataset_members
    for k, v in nested_dataset.list_dataset_members(recurse=recurse).items():
                ^^^^^^^^^^^^^^^^^^^^^^^^^^^^^^^^^^^^^^^^^^^^^^^^^^^^
src/deriva_ml/dataset/dataset_bag.py:271: in list_dataset_members
    for k, v in nested_dataset.list_dataset_members(recurse=recurse).items():
                ^^^^^^^^^^^^^^^^^^^^^^^^^^^^^^^^^^^^^^^^^^^^^^^^^^^^
src/deriva_ml/dataset/dataset_bag.py:271: in list_dataset_members
    for k, v in nested_dataset.list_dataset_members(recurse=recurse).items():
                ^^^^^^^^^^^^^^^^^^^^^^^^^^^^^^^^^^^^^^^^^^^^^^^^^^^^
src/deriva_ml/dataset/dataset_bag.py:271: in list_dataset_members
    for k, v in nested_dataset.list_dataset_members(recurse=recurse).items():
                ^^^^^^^^^^^^^^^^^^^^^^^^^^^^^^^^^^^^^^^^^^^^^^^^^^^^
src/deriva_ml/dataset/dataset_bag.py:271: in list_dataset_members
    for k, v in nested_dataset.list_dataset_members(recurse=recurse).items():
                ^^^^^^^^^^^^^^^^^^^^^^^^^^^^^^^^^^^^^^^^^^^^^^^^^^^^
src/deriva_ml/dataset/dataset_bag.py:271: in list_dataset_members
    for k, v in nested_dataset.list_dataset_members(recurse=recurse).items():
                ^^^^^^^^^^^^^^^^^^^^^^^^^^^^^^^^^^^^^^^^^^^^^^^^^^^^
src/deriva_ml/dataset/dataset_bag.py:271: in list_dataset_members
    for k, v in nested_dataset.list_dataset_members(recurse=recurse).items():
                ^^^^^^^^^^^^^^^^^^^^^^^^^^^^^^^^^^^^^^^^^^^^^^^^^^^^
src/deriva_ml/dataset/dataset_bag.py:271: in list_dataset_members
    for k, v in nested_dataset.list_dataset_members(recurse=recurse).items():
                ^^^^^^^^^^^^^^^^^^^^^^^^^^^^^^^^^^^^^^^^^^^^^^^^^^^^
src/deriva_ml/dataset/dataset_bag.py:271: in list_dataset_members
    for k, v in nested_dataset.list_dataset_members(recurse=recurse).items():
                ^^^^^^^^^^^^^^^^^^^^^^^^^^^^^^^^^^^^^^^^^^^^^^^^^^^^
src/deriva_ml/dataset/dataset_bag.py:271: in list_dataset_members
    for k, v in nested_dataset.list_dataset_members(recurse=recurse).items():
                ^^^^^^^^^^^^^^^^^^^^^^^^^^^^^^^^^^^^^^^^^^^^^^^^^^^^
src/deriva_ml/dataset/dataset_bag.py:271: in list_dataset_members
    for k, v in nested_dataset.list_dataset_members(recurse=recurse).items():
                ^^^^^^^^^^^^^^^^^^^^^^^^^^^^^^^^^^^^^^^^^^^^^^^^^^^^
src/deriva_ml/dataset/dataset_bag.py:271: in list_dataset_members
    for k, v in nested_dataset.list_dataset_members(recurse=recurse).items():
                ^^^^^^^^^^^^^^^^^^^^^^^^^^^^^^^^^^^^^^^^^^^^^^^^^^^^
src/deriva_ml/dataset/dataset_bag.py:271: in list_dataset_members
    for k, v in nested_dataset.list_dataset_members(recurse=recurse).items():
                ^^^^^^^^^^^^^^^^^^^^^^^^^^^^^^^^^^^^^^^^^^^^^^^^^^^^
src/deriva_ml/dataset/dataset_bag.py:271: in list_dataset_members
    for k, v in nested_dataset.list_dataset_members(recurse=recurse).items():
                ^^^^^^^^^^^^^^^^^^^^^^^^^^^^^^^^^^^^^^^^^^^^^^^^^^^^
src/deriva_ml/dataset/dataset_bag.py:271: in list_dataset_members
    for k, v in nested_dataset.list_dataset_members(recurse=recurse).items():
                ^^^^^^^^^^^^^^^^^^^^^^^^^^^^^^^^^^^^^^^^^^^^^^^^^^^^
src/deriva_ml/dataset/dataset_bag.py:271: in list_dataset_members
    for k, v in nested_dataset.list_dataset_members(recurse=recurse).items():
                ^^^^^^^^^^^^^^^^^^^^^^^^^^^^^^^^^^^^^^^^^^^^^^^^^^^^
src/deriva_ml/dataset/dataset_bag.py:271: in list_dataset_members
    for k, v in nested_dataset.list_dataset_members(recurse=recurse).items():
                ^^^^^^^^^^^^^^^^^^^^^^^^^^^^^^^^^^^^^^^^^^^^^^^^^^^^
src/deriva_ml/dataset/dataset_bag.py:271: in list_dataset_members
    for k, v in nested_dataset.list_dataset_members(recurse=recurse).items():
                ^^^^^^^^^^^^^^^^^^^^^^^^^^^^^^^^^^^^^^^^^^^^^^^^^^^^
src/deriva_ml/dataset/dataset_bag.py:271: in list_dataset_members
    for k, v in nested_dataset.list_dataset_members(recurse=recurse).items():
                ^^^^^^^^^^^^^^^^^^^^^^^^^^^^^^^^^^^^^^^^^^^^^^^^^^^^
src/deriva_ml/dataset/dataset_bag.py:271: in list_dataset_members
    for k, v in nested_dataset.list_dataset_members(recurse=recurse).items():
                ^^^^^^^^^^^^^^^^^^^^^^^^^^^^^^^^^^^^^^^^^^^^^^^^^^^^
src/deriva_ml/dataset/dataset_bag.py:271: in list_dataset_members
    for k, v in nested_dataset.list_dataset_members(recurse=recurse).items():
                ^^^^^^^^^^^^^^^^^^^^^^^^^^^^^^^^^^^^^^^^^^^^^^^^^^^^
src/deriva_ml/dataset/dataset_bag.py:271: in list_dataset_members
    for k, v in nested_dataset.list_dataset_members(recurse=recurse).items():
                ^^^^^^^^^^^^^^^^^^^^^^^^^^^^^^^^^^^^^^^^^^^^^^^^^^^^
src/deriva_ml/dataset/dataset_bag.py:271: in list_dataset_members
    for k, v in nested_dataset.list_dataset_members(recurse=recurse).items():
                ^^^^^^^^^^^^^^^^^^^^^^^^^^^^^^^^^^^^^^^^^^^^^^^^^^^^
src/deriva_ml/dataset/dataset_bag.py:271: in list_dataset_members
    for k, v in nested_dataset.list_dataset_members(recurse=recurse).items():
                ^^^^^^^^^^^^^^^^^^^^^^^^^^^^^^^^^^^^^^^^^^^^^^^^^^^^
src/deriva_ml/dataset/dataset_bag.py:271: in list_dataset_members
    for k, v in nested_dataset.list_dataset_members(recurse=recurse).items():
                ^^^^^^^^^^^^^^^^^^^^^^^^^^^^^^^^^^^^^^^^^^^^^^^^^^^^
src/deriva_ml/dataset/dataset_bag.py:271: in list_dataset_members
    for k, v in nested_dataset.list_dataset_members(recurse=recurse).items():
                ^^^^^^^^^^^^^^^^^^^^^^^^^^^^^^^^^^^^^^^^^^^^^^^^^^^^
src/deriva_ml/dataset/dataset_bag.py:271: in list_dataset_members
    for k, v in nested_dataset.list_dataset_members(recurse=recurse).items():
                ^^^^^^^^^^^^^^^^^^^^^^^^^^^^^^^^^^^^^^^^^^^^^^^^^^^^
src/deriva_ml/dataset/dataset_bag.py:271: in list_dataset_members
    for k, v in nested_dataset.list_dataset_members(recurse=recurse).items():
                ^^^^^^^^^^^^^^^^^^^^^^^^^^^^^^^^^^^^^^^^^^^^^^^^^^^^
src/deriva_ml/dataset/dataset_bag.py:271: in list_dataset_members
    for k, v in nested_dataset.list_dataset_members(recurse=recurse).items():
                ^^^^^^^^^^^^^^^^^^^^^^^^^^^^^^^^^^^^^^^^^^^^^^^^^^^^
src/deriva_ml/dataset/dataset_bag.py:271: in list_dataset_members
    for k, v in nested_dataset.list_dataset_members(recurse=recurse).items():
                ^^^^^^^^^^^^^^^^^^^^^^^^^^^^^^^^^^^^^^^^^^^^^^^^^^^^
src/deriva_ml/dataset/dataset_bag.py:271: in list_dataset_members
    for k, v in nested_dataset.list_dataset_members(recurse=recurse).items():
                ^^^^^^^^^^^^^^^^^^^^^^^^^^^^^^^^^^^^^^^^^^^^^^^^^^^^
src/deriva_ml/dataset/dataset_bag.py:271: in list_dataset_members
    for k, v in nested_dataset.list_dataset_members(recurse=recurse).items():
                ^^^^^^^^^^^^^^^^^^^^^^^^^^^^^^^^^^^^^^^^^^^^^^^^^^^^
src/deriva_ml/dataset/dataset_bag.py:271: in list_dataset_members
    for k, v in nested_dataset.list_dataset_members(recurse=recurse).items():
                ^^^^^^^^^^^^^^^^^^^^^^^^^^^^^^^^^^^^^^^^^^^^^^^^^^^^
src/deriva_ml/dataset/dataset_bag.py:271: in list_dataset_members
    for k, v in nested_dataset.list_dataset_members(recurse=recurse).items():
                ^^^^^^^^^^^^^^^^^^^^^^^^^^^^^^^^^^^^^^^^^^^^^^^^^^^^
src/deriva_ml/dataset/dataset_bag.py:271: in list_dataset_members
    for k, v in nested_dataset.list_dataset_members(recurse=recurse).items():
                ^^^^^^^^^^^^^^^^^^^^^^^^^^^^^^^^^^^^^^^^^^^^^^^^^^^^
src/deriva_ml/dataset/dataset_bag.py:271: in list_dataset_members
    for k, v in nested_dataset.list_dataset_members(recurse=recurse).items():
                ^^^^^^^^^^^^^^^^^^^^^^^^^^^^^^^^^^^^^^^^^^^^^^^^^^^^
src/deriva_ml/dataset/dataset_bag.py:271: in list_dataset_members
    for k, v in nested_dataset.list_dataset_members(recurse=recurse).items():
                ^^^^^^^^^^^^^^^^^^^^^^^^^^^^^^^^^^^^^^^^^^^^^^^^^^^^
src/deriva_ml/dataset/dataset_bag.py:271: in list_dataset_members
    for k, v in nested_dataset.list_dataset_members(recurse=recurse).items():
                ^^^^^^^^^^^^^^^^^^^^^^^^^^^^^^^^^^^^^^^^^^^^^^^^^^^^
src/deriva_ml/dataset/dataset_bag.py:271: in list_dataset_members
    for k, v in nested_dataset.list_dataset_members(recurse=recurse).items():
                ^^^^^^^^^^^^^^^^^^^^^^^^^^^^^^^^^^^^^^^^^^^^^^^^^^^^
src/deriva_ml/dataset/dataset_bag.py:271: in list_dataset_members
    for k, v in nested_dataset.list_dataset_members(recurse=recurse).items():
                ^^^^^^^^^^^^^^^^^^^^^^^^^^^^^^^^^^^^^^^^^^^^^^^^^^^^
src/deriva_ml/dataset/dataset_bag.py:271: in list_dataset_members
    for k, v in nested_dataset.list_dataset_members(recurse=recurse).items():
                ^^^^^^^^^^^^^^^^^^^^^^^^^^^^^^^^^^^^^^^^^^^^^^^^^^^^
src/deriva_ml/dataset/dataset_bag.py:271: in list_dataset_members
    for k, v in nested_dataset.list_dataset_members(recurse=recurse).items():
                ^^^^^^^^^^^^^^^^^^^^^^^^^^^^^^^^^^^^^^^^^^^^^^^^^^^^
src/deriva_ml/dataset/dataset_bag.py:271: in list_dataset_members
    for k, v in nested_dataset.list_dataset_members(recurse=recurse).items():
                ^^^^^^^^^^^^^^^^^^^^^^^^^^^^^^^^^^^^^^^^^^^^^^^^^^^^
src/deriva_ml/dataset/dataset_bag.py:271: in list_dataset_members
    for k, v in nested_dataset.list_dataset_members(recurse=recurse).items():
                ^^^^^^^^^^^^^^^^^^^^^^^^^^^^^^^^^^^^^^^^^^^^^^^^^^^^
src/deriva_ml/dataset/dataset_bag.py:271: in list_dataset_members
    for k, v in nested_dataset.list_dataset_members(recurse=recurse).items():
                ^^^^^^^^^^^^^^^^^^^^^^^^^^^^^^^^^^^^^^^^^^^^^^^^^^^^
src/deriva_ml/dataset/dataset_bag.py:271: in list_dataset_members
    for k, v in nested_dataset.list_dataset_members(recurse=recurse).items():
                ^^^^^^^^^^^^^^^^^^^^^^^^^^^^^^^^^^^^^^^^^^^^^^^^^^^^
src/deriva_ml/dataset/dataset_bag.py:271: in list_dataset_members
    for k, v in nested_dataset.list_dataset_members(recurse=recurse).items():
                ^^^^^^^^^^^^^^^^^^^^^^^^^^^^^^^^^^^^^^^^^^^^^^^^^^^^
src/deriva_ml/dataset/dataset_bag.py:271: in list_dataset_members
    for k, v in nested_dataset.list_dataset_members(recurse=recurse).items():
                ^^^^^^^^^^^^^^^^^^^^^^^^^^^^^^^^^^^^^^^^^^^^^^^^^^^^
src/deriva_ml/dataset/dataset_bag.py:271: in list_dataset_members
    for k, v in nested_dataset.list_dataset_members(recurse=recurse).items():
                ^^^^^^^^^^^^^^^^^^^^^^^^^^^^^^^^^^^^^^^^^^^^^^^^^^^^
src/deriva_ml/dataset/dataset_bag.py:271: in list_dataset_members
    for k, v in nested_dataset.list_dataset_members(recurse=recurse).items():
                ^^^^^^^^^^^^^^^^^^^^^^^^^^^^^^^^^^^^^^^^^^^^^^^^^^^^
src/deriva_ml/dataset/dataset_bag.py:271: in list_dataset_members
    for k, v in nested_dataset.list_dataset_members(recurse=recurse).items():
                ^^^^^^^^^^^^^^^^^^^^^^^^^^^^^^^^^^^^^^^^^^^^^^^^^^^^
src/deriva_ml/dataset/dataset_bag.py:271: in list_dataset_members
    for k, v in nested_dataset.list_dataset_members(recurse=recurse).items():
                ^^^^^^^^^^^^^^^^^^^^^^^^^^^^^^^^^^^^^^^^^^^^^^^^^^^^
src/deriva_ml/dataset/dataset_bag.py:271: in list_dataset_members
    for k, v in nested_dataset.list_dataset_members(recurse=recurse).items():
                ^^^^^^^^^^^^^^^^^^^^^^^^^^^^^^^^^^^^^^^^^^^^^^^^^^^^
src/deriva_ml/dataset/dataset_bag.py:271: in list_dataset_members
    for k, v in nested_dataset.list_dataset_members(recurse=recurse).items():
                ^^^^^^^^^^^^^^^^^^^^^^^^^^^^^^^^^^^^^^^^^^^^^^^^^^^^
src/deriva_ml/dataset/dataset_bag.py:271: in list_dataset_members
    for k, v in nested_dataset.list_dataset_members(recurse=recurse).items():
                ^^^^^^^^^^^^^^^^^^^^^^^^^^^^^^^^^^^^^^^^^^^^^^^^^^^^
src/deriva_ml/dataset/dataset_bag.py:271: in list_dataset_members
    for k, v in nested_dataset.list_dataset_members(recurse=recurse).items():
                ^^^^^^^^^^^^^^^^^^^^^^^^^^^^^^^^^^^^^^^^^^^^^^^^^^^^
src/deriva_ml/dataset/dataset_bag.py:271: in list_dataset_members
    for k, v in nested_dataset.list_dataset_members(recurse=recurse).items():
                ^^^^^^^^^^^^^^^^^^^^^^^^^^^^^^^^^^^^^^^^^^^^^^^^^^^^
src/deriva_ml/dataset/dataset_bag.py:271: in list_dataset_members
    for k, v in nested_dataset.list_dataset_members(recurse=recurse).items():
                ^^^^^^^^^^^^^^^^^^^^^^^^^^^^^^^^^^^^^^^^^^^^^^^^^^^^
src/deriva_ml/dataset/dataset_bag.py:271: in list_dataset_members
    for k, v in nested_dataset.list_dataset_members(recurse=recurse).items():
                ^^^^^^^^^^^^^^^^^^^^^^^^^^^^^^^^^^^^^^^^^^^^^^^^^^^^
src/deriva_ml/dataset/dataset_bag.py:271: in list_dataset_members
    for k, v in nested_dataset.list_dataset_members(recurse=recurse).items():
                ^^^^^^^^^^^^^^^^^^^^^^^^^^^^^^^^^^^^^^^^^^^^^^^^^^^^
src/deriva_ml/dataset/dataset_bag.py:271: in list_dataset_members
    for k, v in nested_dataset.list_dataset_members(recurse=recurse).items():
                ^^^^^^^^^^^^^^^^^^^^^^^^^^^^^^^^^^^^^^^^^^^^^^^^^^^^
src/deriva_ml/dataset/dataset_bag.py:271: in list_dataset_members
    for k, v in nested_dataset.list_dataset_members(recurse=recurse).items():
                ^^^^^^^^^^^^^^^^^^^^^^^^^^^^^^^^^^^^^^^^^^^^^^^^^^^^
src/deriva_ml/dataset/dataset_bag.py:271: in list_dataset_members
    for k, v in nested_dataset.list_dataset_members(recurse=recurse).items():
                ^^^^^^^^^^^^^^^^^^^^^^^^^^^^^^^^^^^^^^^^^^^^^^^^^^^^
src/deriva_ml/dataset/dataset_bag.py:271: in list_dataset_members
    for k, v in nested_dataset.list_dataset_members(recurse=recurse).items():
                ^^^^^^^^^^^^^^^^^^^^^^^^^^^^^^^^^^^^^^^^^^^^^^^^^^^^
src/deriva_ml/dataset/dataset_bag.py:271: in list_dataset_members
    for k, v in nested_dataset.list_dataset_members(recurse=recurse).items():
                ^^^^^^^^^^^^^^^^^^^^^^^^^^^^^^^^^^^^^^^^^^^^^^^^^^^^
src/deriva_ml/dataset/dataset_bag.py:271: in list_dataset_members
    for k, v in nested_dataset.list_dataset_members(recurse=recurse).items():
                ^^^^^^^^^^^^^^^^^^^^^^^^^^^^^^^^^^^^^^^^^^^^^^^^^^^^
src/deriva_ml/dataset/dataset_bag.py:271: in list_dataset_members
    for k, v in nested_dataset.list_dataset_members(recurse=recurse).items():
                ^^^^^^^^^^^^^^^^^^^^^^^^^^^^^^^^^^^^^^^^^^^^^^^^^^^^
src/deriva_ml/dataset/dataset_bag.py:271: in list_dataset_members
    for k, v in nested_dataset.list_dataset_members(recurse=recurse).items():
                ^^^^^^^^^^^^^^^^^^^^^^^^^^^^^^^^^^^^^^^^^^^^^^^^^^^^
src/deriva_ml/dataset/dataset_bag.py:271: in list_dataset_members
    for k, v in nested_dataset.list_dataset_members(recurse=recurse).items():
                ^^^^^^^^^^^^^^^^^^^^^^^^^^^^^^^^^^^^^^^^^^^^^^^^^^^^
src/deriva_ml/dataset/dataset_bag.py:271: in list_dataset_members
    for k, v in nested_dataset.list_dataset_members(recurse=recurse).items():
                ^^^^^^^^^^^^^^^^^^^^^^^^^^^^^^^^^^^^^^^^^^^^^^^^^^^^
src/deriva_ml/dataset/dataset_bag.py:271: in list_dataset_members
    for k, v in nested_dataset.list_dataset_members(recurse=recurse).items():
                ^^^^^^^^^^^^^^^^^^^^^^^^^^^^^^^^^^^^^^^^^^^^^^^^^^^^
src/deriva_ml/dataset/dataset_bag.py:271: in list_dataset_members
    for k, v in nested_dataset.list_dataset_members(recurse=recurse).items():
                ^^^^^^^^^^^^^^^^^^^^^^^^^^^^^^^^^^^^^^^^^^^^^^^^^^^^
src/deriva_ml/dataset/dataset_bag.py:271: in list_dataset_members
    for k, v in nested_dataset.list_dataset_members(recurse=recurse).items():
                ^^^^^^^^^^^^^^^^^^^^^^^^^^^^^^^^^^^^^^^^^^^^^^^^^^^^
src/deriva_ml/dataset/dataset_bag.py:271: in list_dataset_members
    for k, v in nested_dataset.list_dataset_members(recurse=recurse).items():
                ^^^^^^^^^^^^^^^^^^^^^^^^^^^^^^^^^^^^^^^^^^^^^^^^^^^^
src/deriva_ml/dataset/dataset_bag.py:271: in list_dataset_members
    for k, v in nested_dataset.list_dataset_members(recurse=recurse).items():
                ^^^^^^^^^^^^^^^^^^^^^^^^^^^^^^^^^^^^^^^^^^^^^^^^^^^^
src/deriva_ml/dataset/dataset_bag.py:271: in list_dataset_members
    for k, v in nested_dataset.list_dataset_members(recurse=recurse).items():
                ^^^^^^^^^^^^^^^^^^^^^^^^^^^^^^^^^^^^^^^^^^^^^^^^^^^^
src/deriva_ml/dataset/dataset_bag.py:271: in list_dataset_members
    for k, v in nested_dataset.list_dataset_members(recurse=recurse).items():
                ^^^^^^^^^^^^^^^^^^^^^^^^^^^^^^^^^^^^^^^^^^^^^^^^^^^^
src/deriva_ml/dataset/dataset_bag.py:271: in list_dataset_members
    for k, v in nested_dataset.list_dataset_members(recurse=recurse).items():
                ^^^^^^^^^^^^^^^^^^^^^^^^^^^^^^^^^^^^^^^^^^^^^^^^^^^^
src/deriva_ml/dataset/dataset_bag.py:271: in list_dataset_members
    for k, v in nested_dataset.list_dataset_members(recurse=recurse).items():
                ^^^^^^^^^^^^^^^^^^^^^^^^^^^^^^^^^^^^^^^^^^^^^^^^^^^^
src/deriva_ml/dataset/dataset_bag.py:271: in list_dataset_members
    for k, v in nested_dataset.list_dataset_members(recurse=recurse).items():
                ^^^^^^^^^^^^^^^^^^^^^^^^^^^^^^^^^^^^^^^^^^^^^^^^^^^^
src/deriva_ml/dataset/dataset_bag.py:271: in list_dataset_members
    for k, v in nested_dataset.list_dataset_members(recurse=recurse).items():
                ^^^^^^^^^^^^^^^^^^^^^^^^^^^^^^^^^^^^^^^^^^^^^^^^^^^^
src/deriva_ml/dataset/dataset_bag.py:271: in list_dataset_members
    for k, v in nested_dataset.list_dataset_members(recurse=recurse).items():
                ^^^^^^^^^^^^^^^^^^^^^^^^^^^^^^^^^^^^^^^^^^^^^^^^^^^^
src/deriva_ml/dataset/dataset_bag.py:271: in list_dataset_members
    for k, v in nested_dataset.list_dataset_members(recurse=recurse).items():
                ^^^^^^^^^^^^^^^^^^^^^^^^^^^^^^^^^^^^^^^^^^^^^^^^^^^^
src/deriva_ml/dataset/dataset_bag.py:271: in list_dataset_members
    for k, v in nested_dataset.list_dataset_members(recurse=recurse).items():
                ^^^^^^^^^^^^^^^^^^^^^^^^^^^^^^^^^^^^^^^^^^^^^^^^^^^^
src/deriva_ml/dataset/dataset_bag.py:271: in list_dataset_members
    for k, v in nested_dataset.list_dataset_members(recurse=recurse).items():
                ^^^^^^^^^^^^^^^^^^^^^^^^^^^^^^^^^^^^^^^^^^^^^^^^^^^^
src/deriva_ml/dataset/dataset_bag.py:271: in list_dataset_members
    for k, v in nested_dataset.list_dataset_members(recurse=recurse).items():
                ^^^^^^^^^^^^^^^^^^^^^^^^^^^^^^^^^^^^^^^^^^^^^^^^^^^^
src/deriva_ml/dataset/dataset_bag.py:271: in list_dataset_members
    for k, v in nested_dataset.list_dataset_members(recurse=recurse).items():
                ^^^^^^^^^^^^^^^^^^^^^^^^^^^^^^^^^^^^^^^^^^^^^^^^^^^^
src/deriva_ml/dataset/dataset_bag.py:271: in list_dataset_members
    for k, v in nested_dataset.list_dataset_members(recurse=recurse).items():
                ^^^^^^^^^^^^^^^^^^^^^^^^^^^^^^^^^^^^^^^^^^^^^^^^^^^^
src/deriva_ml/dataset/dataset_bag.py:271: in list_dataset_members
    for k, v in nested_dataset.list_dataset_members(recurse=recurse).items():
                ^^^^^^^^^^^^^^^^^^^^^^^^^^^^^^^^^^^^^^^^^^^^^^^^^^^^
src/deriva_ml/dataset/dataset_bag.py:271: in list_dataset_members
    for k, v in nested_dataset.list_dataset_members(recurse=recurse).items():
                ^^^^^^^^^^^^^^^^^^^^^^^^^^^^^^^^^^^^^^^^^^^^^^^^^^^^
src/deriva_ml/dataset/dataset_bag.py:271: in list_dataset_members
    for k, v in nested_dataset.list_dataset_members(recurse=recurse).items():
                ^^^^^^^^^^^^^^^^^^^^^^^^^^^^^^^^^^^^^^^^^^^^^^^^^^^^
src/deriva_ml/dataset/dataset_bag.py:271: in list_dataset_members
    for k, v in nested_dataset.list_dataset_members(recurse=recurse).items():
                ^^^^^^^^^^^^^^^^^^^^^^^^^^^^^^^^^^^^^^^^^^^^^^^^^^^^
src/deriva_ml/dataset/dataset_bag.py:271: in list_dataset_members
    for k, v in nested_dataset.list_dataset_members(recurse=recurse).items():
                ^^^^^^^^^^^^^^^^^^^^^^^^^^^^^^^^^^^^^^^^^^^^^^^^^^^^
src/deriva_ml/dataset/dataset_bag.py:271: in list_dataset_members
    for k, v in nested_dataset.list_dataset_members(recurse=recurse).items():
                ^^^^^^^^^^^^^^^^^^^^^^^^^^^^^^^^^^^^^^^^^^^^^^^^^^^^
src/deriva_ml/dataset/dataset_bag.py:271: in list_dataset_members
    for k, v in nested_dataset.list_dataset_members(recurse=recurse).items():
                ^^^^^^^^^^^^^^^^^^^^^^^^^^^^^^^^^^^^^^^^^^^^^^^^^^^^
src/deriva_ml/dataset/dataset_bag.py:271: in list_dataset_members
    for k, v in nested_dataset.list_dataset_members(recurse=recurse).items():
                ^^^^^^^^^^^^^^^^^^^^^^^^^^^^^^^^^^^^^^^^^^^^^^^^^^^^
src/deriva_ml/dataset/dataset_bag.py:271: in list_dataset_members
    for k, v in nested_dataset.list_dataset_members(recurse=recurse).items():
                ^^^^^^^^^^^^^^^^^^^^^^^^^^^^^^^^^^^^^^^^^^^^^^^^^^^^
src/deriva_ml/dataset/dataset_bag.py:271: in list_dataset_members
    for k, v in nested_dataset.list_dataset_members(recurse=recurse).items():
                ^^^^^^^^^^^^^^^^^^^^^^^^^^^^^^^^^^^^^^^^^^^^^^^^^^^^
src/deriva_ml/dataset/dataset_bag.py:271: in list_dataset_members
    for k, v in nested_dataset.list_dataset_members(recurse=recurse).items():
                ^^^^^^^^^^^^^^^^^^^^^^^^^^^^^^^^^^^^^^^^^^^^^^^^^^^^
src/deriva_ml/dataset/dataset_bag.py:271: in list_dataset_members
    for k, v in nested_dataset.list_dataset_members(recurse=recurse).items():
                ^^^^^^^^^^^^^^^^^^^^^^^^^^^^^^^^^^^^^^^^^^^^^^^^^^^^
src/deriva_ml/dataset/dataset_bag.py:271: in list_dataset_members
    for k, v in nested_dataset.list_dataset_members(recurse=recurse).items():
                ^^^^^^^^^^^^^^^^^^^^^^^^^^^^^^^^^^^^^^^^^^^^^^^^^^^^
src/deriva_ml/dataset/dataset_bag.py:271: in list_dataset_members
    for k, v in nested_dataset.list_dataset_members(recurse=recurse).items():
                ^^^^^^^^^^^^^^^^^^^^^^^^^^^^^^^^^^^^^^^^^^^^^^^^^^^^
src/deriva_ml/dataset/dataset_bag.py:271: in list_dataset_members
    for k, v in nested_dataset.list_dataset_members(recurse=recurse).items():
                ^^^^^^^^^^^^^^^^^^^^^^^^^^^^^^^^^^^^^^^^^^^^^^^^^^^^
src/deriva_ml/dataset/dataset_bag.py:271: in list_dataset_members
    for k, v in nested_dataset.list_dataset_members(recurse=recurse).items():
                ^^^^^^^^^^^^^^^^^^^^^^^^^^^^^^^^^^^^^^^^^^^^^^^^^^^^
src/deriva_ml/dataset/dataset_bag.py:271: in list_dataset_members
    for k, v in nested_dataset.list_dataset_members(recurse=recurse).items():
                ^^^^^^^^^^^^^^^^^^^^^^^^^^^^^^^^^^^^^^^^^^^^^^^^^^^^
src/deriva_ml/dataset/dataset_bag.py:271: in list_dataset_members
    for k, v in nested_dataset.list_dataset_members(recurse=recurse).items():
                ^^^^^^^^^^^^^^^^^^^^^^^^^^^^^^^^^^^^^^^^^^^^^^^^^^^^
src/deriva_ml/dataset/dataset_bag.py:271: in list_dataset_members
    for k, v in nested_dataset.list_dataset_members(recurse=recurse).items():
                ^^^^^^^^^^^^^^^^^^^^^^^^^^^^^^^^^^^^^^^^^^^^^^^^^^^^
src/deriva_ml/dataset/dataset_bag.py:271: in list_dataset_members
    for k, v in nested_dataset.list_dataset_members(recurse=recurse).items():
                ^^^^^^^^^^^^^^^^^^^^^^^^^^^^^^^^^^^^^^^^^^^^^^^^^^^^
src/deriva_ml/dataset/dataset_bag.py:271: in list_dataset_members
    for k, v in nested_dataset.list_dataset_members(recurse=recurse).items():
                ^^^^^^^^^^^^^^^^^^^^^^^^^^^^^^^^^^^^^^^^^^^^^^^^^^^^
src/deriva_ml/dataset/dataset_bag.py:271: in list_dataset_members
    for k, v in nested_dataset.list_dataset_members(recurse=recurse).items():
                ^^^^^^^^^^^^^^^^^^^^^^^^^^^^^^^^^^^^^^^^^^^^^^^^^^^^
src/deriva_ml/dataset/dataset_bag.py:271: in list_dataset_members
    for k, v in nested_dataset.list_dataset_members(recurse=recurse).items():
                ^^^^^^^^^^^^^^^^^^^^^^^^^^^^^^^^^^^^^^^^^^^^^^^^^^^^
src/deriva_ml/dataset/dataset_bag.py:271: in list_dataset_members
    for k, v in nested_dataset.list_dataset_members(recurse=recurse).items():
                ^^^^^^^^^^^^^^^^^^^^^^^^^^^^^^^^^^^^^^^^^^^^^^^^^^^^
src/deriva_ml/dataset/dataset_bag.py:271: in list_dataset_members
    for k, v in nested_dataset.list_dataset_members(recurse=recurse).items():
                ^^^^^^^^^^^^^^^^^^^^^^^^^^^^^^^^^^^^^^^^^^^^^^^^^^^^
src/deriva_ml/dataset/dataset_bag.py:271: in list_dataset_members
    for k, v in nested_dataset.list_dataset_members(recurse=recurse).items():
                ^^^^^^^^^^^^^^^^^^^^^^^^^^^^^^^^^^^^^^^^^^^^^^^^^^^^
src/deriva_ml/dataset/dataset_bag.py:271: in list_dataset_members
    for k, v in nested_dataset.list_dataset_members(recurse=recurse).items():
                ^^^^^^^^^^^^^^^^^^^^^^^^^^^^^^^^^^^^^^^^^^^^^^^^^^^^
src/deriva_ml/dataset/dataset_bag.py:271: in list_dataset_members
    for k, v in nested_dataset.list_dataset_members(recurse=recurse).items():
                ^^^^^^^^^^^^^^^^^^^^^^^^^^^^^^^^^^^^^^^^^^^^^^^^^^^^
src/deriva_ml/dataset/dataset_bag.py:271: in list_dataset_members
    for k, v in nested_dataset.list_dataset_members(recurse=recurse).items():
                ^^^^^^^^^^^^^^^^^^^^^^^^^^^^^^^^^^^^^^^^^^^^^^^^^^^^
src/deriva_ml/dataset/dataset_bag.py:271: in list_dataset_members
    for k, v in nested_dataset.list_dataset_members(recurse=recurse).items():
                ^^^^^^^^^^^^^^^^^^^^^^^^^^^^^^^^^^^^^^^^^^^^^^^^^^^^
src/deriva_ml/dataset/dataset_bag.py:271: in list_dataset_members
    for k, v in nested_dataset.list_dataset_members(recurse=recurse).items():
                ^^^^^^^^^^^^^^^^^^^^^^^^^^^^^^^^^^^^^^^^^^^^^^^^^^^^
src/deriva_ml/dataset/dataset_bag.py:271: in list_dataset_members
    for k, v in nested_dataset.list_dataset_members(recurse=recurse).items():
                ^^^^^^^^^^^^^^^^^^^^^^^^^^^^^^^^^^^^^^^^^^^^^^^^^^^^
src/deriva_ml/dataset/dataset_bag.py:271: in list_dataset_members
    for k, v in nested_dataset.list_dataset_members(recurse=recurse).items():
                ^^^^^^^^^^^^^^^^^^^^^^^^^^^^^^^^^^^^^^^^^^^^^^^^^^^^
src/deriva_ml/dataset/dataset_bag.py:271: in list_dataset_members
    for k, v in nested_dataset.list_dataset_members(recurse=recurse).items():
                ^^^^^^^^^^^^^^^^^^^^^^^^^^^^^^^^^^^^^^^^^^^^^^^^^^^^
src/deriva_ml/dataset/dataset_bag.py:271: in list_dataset_members
    for k, v in nested_dataset.list_dataset_members(recurse=recurse).items():
                ^^^^^^^^^^^^^^^^^^^^^^^^^^^^^^^^^^^^^^^^^^^^^^^^^^^^
src/deriva_ml/dataset/dataset_bag.py:271: in list_dataset_members
    for k, v in nested_dataset.list_dataset_members(recurse=recurse).items():
                ^^^^^^^^^^^^^^^^^^^^^^^^^^^^^^^^^^^^^^^^^^^^^^^^^^^^
src/deriva_ml/dataset/dataset_bag.py:271: in list_dataset_members
    for k, v in nested_dataset.list_dataset_members(recurse=recurse).items():
                ^^^^^^^^^^^^^^^^^^^^^^^^^^^^^^^^^^^^^^^^^^^^^^^^^^^^
src/deriva_ml/dataset/dataset_bag.py:271: in list_dataset_members
    for k, v in nested_dataset.list_dataset_members(recurse=recurse).items():
                ^^^^^^^^^^^^^^^^^^^^^^^^^^^^^^^^^^^^^^^^^^^^^^^^^^^^
src/deriva_ml/dataset/dataset_bag.py:271: in list_dataset_members
    for k, v in nested_dataset.list_dataset_members(recurse=recurse).items():
                ^^^^^^^^^^^^^^^^^^^^^^^^^^^^^^^^^^^^^^^^^^^^^^^^^^^^
src/deriva_ml/dataset/dataset_bag.py:271: in list_dataset_members
    for k, v in nested_dataset.list_dataset_members(recurse=recurse).items():
                ^^^^^^^^^^^^^^^^^^^^^^^^^^^^^^^^^^^^^^^^^^^^^^^^^^^^
src/deriva_ml/dataset/dataset_bag.py:271: in list_dataset_members
    for k, v in nested_dataset.list_dataset_members(recurse=recurse).items():
                ^^^^^^^^^^^^^^^^^^^^^^^^^^^^^^^^^^^^^^^^^^^^^^^^^^^^
src/deriva_ml/dataset/dataset_bag.py:271: in list_dataset_members
    for k, v in nested_dataset.list_dataset_members(recurse=recurse).items():
                ^^^^^^^^^^^^^^^^^^^^^^^^^^^^^^^^^^^^^^^^^^^^^^^^^^^^
src/deriva_ml/dataset/dataset_bag.py:271: in list_dataset_members
    for k, v in nested_dataset.list_dataset_members(recurse=recurse).items():
                ^^^^^^^^^^^^^^^^^^^^^^^^^^^^^^^^^^^^^^^^^^^^^^^^^^^^
src/deriva_ml/dataset/dataset_bag.py:270: in list_dataset_members
    nested_dataset = self.model.lookup_dataset(ds)
                     ^^^^^^^^^^^^^^^^^^^^^^^^^^^^^
src/deriva_ml/model/database.py:489: in lookup_dataset
    return [ds for ds in self.find_datasets() if ds.dataset_rid == dataset_rid][0]
                         ^^^^^^^^^^^^^^^^^^^^
src/deriva_ml/model/database.py:516: in find_datasets
    execution_rid=self._get_dataset_execution(dataset["RID"])["Execution"],
                  ^^^^^^^^^^^^^^^^^^^^^^^^^^^^^^^^^^^^^^^^^^^
src/deriva_ml/model/database.py:555: in _get_dataset_execution
    result = session.execute(cmd).mappings().one_or_none()
             ^^^^^^^^^^^^^^^^^^^^
.venv/lib/python3.13/site-packages/sqlalchemy/orm/session.py:2351: in execute
    return self._execute_internal(
.venv/lib/python3.13/site-packages/sqlalchemy/orm/session.py:2258: in _execute_internal
    result = conn.execute(
.venv/lib/python3.13/site-packages/sqlalchemy/engine/base.py:1419: in execute
    return meth(
.venv/lib/python3.13/site-packages/sqlalchemy/sql/elements.py:527: in _execute_on_connection
    return connection._execute_clauseelement(
.venv/lib/python3.13/site-packages/sqlalchemy/engine/base.py:1641: in _execute_clauseelement
    ret = self._execute_context(
.venv/lib/python3.13/site-packages/sqlalchemy/engine/base.py:1846: in _execute_context
    return self._exec_single_context(
.venv/lib/python3.13/site-packages/sqlalchemy/engine/base.py:1986: in _exec_single_context
    self._handle_dbapi_exception(
.venv/lib/python3.13/site-packages/sqlalchemy/engine/base.py:2366: in _handle_dbapi_exception
    raise exc_info[1].with_traceback(exc_info[2])
.venv/lib/python3.13/site-packages/sqlalchemy/engine/base.py:1983: in _exec_single_context
    result = context._setup_result_proxy()
             ^^^^^^^^^^^^^^^^^^^^^^^^^^^^^
.venv/lib/python3.13/site-packages/sqlalchemy/engine/default.py:1875: in _setup_result_proxy
    result = _cursor.CursorResult(self, strategy, cursor_description)
             ^^^^^^^^^^^^^^^^^^^^^^^^^^^^^^^^^^^^^^^^^^^^^^^^^^^^^^^^
.venv/lib/python3.13/site-packages/sqlalchemy/engine/cursor.py:1549: in __init__
    metadata = self._init_metadata(context, cursor_description)
               ^^^^^^^^^^^^^^^^^^^^^^^^^^^^^^^^^^^^^^^^^^^^^^^^
.venv/lib/python3.13/site-packages/sqlalchemy/engine/cursor.py:1630: in _init_metadata
    metadata = metadata._adapt_to_context(context)  # type: ignore[assignment] # noqa: E501
               ^^^^^^^^^^^^^^^^^^^^^^^^^^^^^^^^^^^
.venv/lib/python3.13/site-packages/sqlalchemy/engine/cursor.py:345: in _adapt_to_context
    invoked_statement._all_selected_columns
.venv/lib/python3.13/site-packages/sqlalchemy/util/langhelpers.py:1338: in __get__
    obj.__dict__[self.__name__] = result = self.fget(obj)
                                           ^^^^^^^^^^^^^^
.venv/lib/python3.13/site-packages/sqlalchemy/sql/selectable.py:6557: in _all_selected_columns
    return list(meth(self))
                ^^^^^^^^^^
.venv/lib/python3.13/site-packages/sqlalchemy/sql/selectable.py:5043: in all_selected_columns
    return [c for c in _select_iterables(statement._raw_columns)]
                       ^^^^^^^^^^^^^^^^^^^^^^^^^^^^^^^^^^^^^^^^^
.venv/lib/python3.13/site-packages/sqlalchemy/sql/base.py:258: in _select_iterables
    [c._select_iterable for c in elements]
     ^^^^^^^^^^^^^^^^^^
.venv/lib/python3.13/site-packages/sqlalchemy/util/langhelpers.py:1215: in __get__
    return self.fget(obj)
           ^^^^^^^^^^^^^^
_ _ _ _ _ _ _ _ _ _ _ _ _ _ _ _ _ _ _ _ _ _ _ _ _ _ _ _ _ _ _ _ _ _ _ _ _ _ _ _ 

self = Table('Dataset_Execution', MetaData(), Column('RID', String(), table=<Dataset_Execution>, primary_key=True, nullable=False, default=ScalarElementColumnDefault("_ermrest.urlb32_encode(nextval('_ermrest.rid_seq'::regclass))")), Column('RCT', String(), table=<Dataset_Execution>, nullable=False, default=ScalarElementColumnDefault('now()')), Column('RMT', String(), table=<Dataset_Execution>, nullable=False, default=ScalarElementColumnDefault('now()')), Column('RCB', String(), table=<Dataset_Execution>, default=ScalarElementColumnDefault('_ermrest.current_client()')), Column('RMB', String(), table=<Dataset_Execution>, default=ScalarElementColumnDefault('_ermrest.current_client()')), Column('Dataset', String(), ForeignKey('deriva-ml.Dataset.RID'), table=<Dataset_Execution>, nullable=False), Column('Execution', String(), ForeignKey('deriva-ml.Execution.RID'), table=<Dataset_Execution>, nullable=False), schema='deriva-ml')

    @util.ro_non_memoized_property
    def _select_iterable(self) -> _SelectIterable:
>       return (c for c in self.c if not _never_select_column(c))
                           ^^^^^^
E       RecursionError: maximum recursion depth exceeded

.venv/lib/python3.13/site-packages/sqlalchemy/sql/selectable.py:1004: RecursionError
---------------------------- Captured stdout setup -----------------------------

--- Starting test ---
🚀 Created demo catalog 429
Setting up catalog with datasets for testing... Path is /Users/carl/Repos/Projects/deriva-ml-refactor-dataset/.venv/bin/pytest
Resetting demo catalog
Resetting history...
Path is /Users/carl/Repos/Projects/deriva-ml-refactor-dataset/.venv/bin/pytest
---------------------------- Captured stderr setup -----------------------------
Traceback (most recent call last):
  File "/Users/carl/Repos/Projects/deriva-ml-refactor-dataset/.venv/bin/deriva-acl-config", line 4, in <module>
    from deriva.config.acl_config import main
  File "/Users/carl/Repos/Projects/deriva-ml-refactor-dataset/.venv/lib/python3.13/site-packages/deriva/config/acl_config.py", line 4, in <module>
    from deriva.core import ErmrestCatalog, AttrDict, ermrest_model, get_credential, __version__ as VERSION, \
        format_exception, urlquote
  File "/Users/carl/Repos/Projects/deriva-ml-refactor-dataset/.venv/lib/python3.13/site-packages/deriva/core/__init__.py", line 3, in <module>
    from deriva.core.utils.core_utils import *
  File "/Users/carl/Repos/Projects/deriva-ml-refactor-dataset/.venv/lib/python3.13/site-packages/deriva/core/utils/core_utils.py", line 15, in <module>
    from distutils import util as du_util
ModuleNotFoundError: No module named 'distutils'
------------------------------ Captured log setup ------------------------------
WARNING  deriva_ml:workflow.py:174 File /Users/carl/Repos/Projects/deriva-ml-refactor-dataset/.venv/bin/pytest has been modified since last commit. Consider commiting before executing
WARNING  deriva_ml:workflow.py:174 File /Users/carl/Repos/Projects/deriva-ml-refactor-dataset/.venv/bin/pytest has been modified since last commit. Consider commiting before executing
--------------------------- Captured stdout teardown ---------------------------
Deleting demo catalog

--- Ending test ---
______________ TestDatasetDownload.test_dataset_download_versions ______________

self = <tests.dataset.test_download.TestDatasetDownload object at 0x1138f48a0>
dataset_test = <tests.test_utils.MLDatasetCatalog object at 0x11941a250>
tmp_path = PosixPath('/private/var/folders/0k/27qzm97x3t7g3j1m6ksf_9f40000gn/T/pytest-of-carl/pytest-270/test_dataset_download_versions0')

    def test_dataset_download_versions(self, dataset_test, tmp_path):
        hostname = dataset_test.catalog.hostname
        catalog_id = dataset_test.catalog.catalog_id
        ml_instance = DerivaML(hostname, catalog_id, working_dir=tmp_path, use_minid=False)
        dataset_description = dataset_test.dataset_description
    
        current_version = dataset_description.dataset.current_version
        current_spec = DatasetSpec(rid=dataset_description.dataset.dataset_rid, version=current_version)
>       self.compare_datasets(ml_instance, dataset_test, current_spec)

tests/dataset/test_download.py:150: 
_ _ _ _ _ _ _ _ _ _ _ _ _ _ _ _ _ _ _ _ _ _ _ _ _ _ _ _ _ _ _ _ _ _ _ _ _ _ _ _ 

self = <tests.dataset.test_download.TestDatasetDownload object at 0x1138f48a0>
ml_instance = <deriva_ml.core.base.DerivaML object at 0x118e27110>
dataset = <tests.test_utils.MLDatasetCatalog object at 0x11941a250>
dataset_spec = DatasetSpec(rid='4P6', version=DatasetVersion(major=1, minor=1, patch=0), materialize=True, description='')
recurse = False

    def compare_datasets(
        self, ml_instance: DerivaML, dataset: MLDatasetCatalog, dataset_spec: DatasetSpec, recurse=False
    ):
        reference_datasets = self.list_datasets(dataset.dataset_description)
        versioned_dataset = ml_instance.lookup_dataset(dataset=dataset_spec.rid)
        bag = versioned_dataset.download_dataset_bag(version=dataset_spec.version, use_minid=False)
        # Check to see if all of the files have been downloaded.
        files = [Path(r["Filename"]) for r in bag.get_table_as_dict("Image")]
        for f in files:
            assert f.exists()
        # Check to make sure that all of the datasets are present.
        assert {r for r in bag.model.bag_rids.keys()} == {r.dataset_rid for r in reference_datasets}
    
        # Now look at each dataset to see if they line up.
        ic("checking elements")
        for ds in reference_datasets:
            dataset_bag = bag.model.lookup_dataset(ds.dataset_rid)  # Get nested bag from the dataset.
            snapshot_ds = ml_instance.lookup_dataset(dataset=ds.dataset_rid)
            catalog_elements = snapshot_ds.list_dataset_members(version=dataset_spec.version, recurse=recurse)
            del catalog_elements["File"]  # Files is not in the bag.
            bag_elements = dataset_bag.list_dataset_members(recurse=recurse)
            ic(dataset_bag, dataset_bag.description)
            ic(snapshot_ds, snapshot_ds.description)
            ic(snapshot_ds.dataset_history())
            ic(list(bag.dataset_history()))
            assert len(catalog_elements) == len(bag_elements)  # Files is not in the bag.
    
    
            for t, members in catalog_elements.items():
                bag_members = bag_elements[t]
                bag_members.sort(key=lambda x: x["RID"])
                members.sort(key=lambda x: x["RID"])
                assert len(members) == len(bag_elements[t])
                if t == "Dataset":
                    ic([ ml_instance.lookup_dataset(m["RID"]) for m in members])
                    ic([ dataset_bag.model.lookup_dataset(m["RID"]) for m in bag_members])
                for m, bm in zip(members, bag_members):
                    skip_keys = ["Description", "RMT", "RCT", "RCB", "RMB", "Filename", "Acquisition_Date",
                                 "Acquisition_Time"]
                    # For Dataset table entries, also skip Version since it can differ between
                    # the catalog snapshot and the bag
                    if t == "Dataset":
                        skip_keys.append("Version")
                    m = {k: v for k, v in m.items() if k not in skip_keys}
                    bm = {k: v for k, v in bm.items() if k not in skip_keys}
>                   assert m == bm
E                   AssertionError: assert {'RID': '4PP', 'Deleted': False} == {'RID': '4PE', 'Deleted': False}
E                     
E                     Common items:
E                     {'Deleted': False}
E                     Differing items:
E                     {'RID': '4PP'} != {'RID': '4PE'}
E                     
E                     Full diff:
E                       {
E                           'Deleted': False,
E                     -     'RID': '4PE',
E                     ?               ^
E                     +     'RID': '4PP',
E                     ?               ^
E                       }

tests/dataset/test_download.py:72: AssertionError
---------------------------- Captured stdout setup -----------------------------

--- Starting test ---
🚀 Created demo catalog 430
Setting up catalog with datasets for testing... Path is /Users/carl/Repos/Projects/deriva-ml-refactor-dataset/.venv/bin/pytest
Resetting demo catalog
Resetting history...
Path is /Users/carl/Repos/Projects/deriva-ml-refactor-dataset/.venv/bin/pytest
---------------------------- Captured stderr setup -----------------------------
Traceback (most recent call last):
  File "/Users/carl/Repos/Projects/deriva-ml-refactor-dataset/.venv/bin/deriva-acl-config", line 4, in <module>
    from deriva.config.acl_config import main
  File "/Users/carl/Repos/Projects/deriva-ml-refactor-dataset/.venv/lib/python3.13/site-packages/deriva/config/acl_config.py", line 4, in <module>
    from deriva.core import ErmrestCatalog, AttrDict, ermrest_model, get_credential, __version__ as VERSION, \
        format_exception, urlquote
  File "/Users/carl/Repos/Projects/deriva-ml-refactor-dataset/.venv/lib/python3.13/site-packages/deriva/core/__init__.py", line 3, in <module>
    from deriva.core.utils.core_utils import *
  File "/Users/carl/Repos/Projects/deriva-ml-refactor-dataset/.venv/lib/python3.13/site-packages/deriva/core/utils/core_utils.py", line 15, in <module>
    from distutils import util as du_util
ModuleNotFoundError: No module named 'distutils'
------------------------------ Captured log setup ------------------------------
WARNING  deriva_ml:workflow.py:174 File /Users/carl/Repos/Projects/deriva-ml-refactor-dataset/.venv/bin/pytest has been modified since last commit. Consider commiting before executing
WARNING  deriva_ml:workflow.py:174 File /Users/carl/Repos/Projects/deriva-ml-refactor-dataset/.venv/bin/pytest has been modified since last commit. Consider commiting before executing
----------------------------- Captured stderr call -----------------------------
[38;5;247mic[39m[38;5;245m|[39m[38;5;245m [39m[38;5;247mtest_download[39m[38;5;245m.[39m[38;5;247mpy[39m[38;5;245m:[39m[38;5;36m41[39m[38;5;245m [39m[38;5;100min[39m[38;5;245m [39m[38;5;247mcompare_datasets[39m[38;5;245m([39m[38;5;245m)[39m[38;5;245m-[39m[38;5;245m [39m[38;5;36m'[39m[38;5;36mchecking elements[39m[38;5;36m'[39m
[38;5;247mic[39m[38;5;245m|[39m[38;5;245m [39m[38;5;247mtest_download[39m[38;5;245m.[39m[38;5;247mpy[39m[38;5;245m:[39m[38;5;36m48[39m[38;5;245m [39m[38;5;100min[39m[38;5;245m [39m[38;5;247mcompare_datasets[39m[38;5;245m([39m[38;5;245m)[39m
[38;5;245m    [39m[38;5;247mdataset_bag[39m[38;5;245m:[39m[38;5;245m [39m[38;5;245m<[39m[38;5;247mderiva_ml[39m[38;5;245m.[39m[38;5;247mDataset[39m[38;5;245m [39m[38;5;32mobject[39m[38;5;245m [39m[38;5;247mat[39m[38;5;245m [39m[38;5;36m0x1175460d0[39m[38;5;245m:[39m[38;5;245m [39m[38;5;247mrid[39m[38;5;245m=[39m[38;5;36m'[39m[38;5;36m4PP[39m[38;5;36m'[39m[38;5;245m,[39m[38;5;245m [39m[38;5;247mversion[39m[38;5;245m=[39m[38;5;36m'[39m[38;5;36m1.3.0[39m[38;5;36m'[39m[38;5;245m,[39m[38;5;245m [39m[38;5;247mtypes[39m[38;5;245m=[39m[38;5;245m[[39m[38;5;245m][39m[38;5;245m>[39m
[38;5;245m    [39m[38;5;247mdataset_bag[39m[38;5;245m.[39m[38;5;247mdescription[39m[38;5;245m:[39m[38;5;245m [39m[38;5;36m'[39m[38;5;36mA dataset[39m[38;5;36m'[39m
[38;5;247mic[39m[38;5;245m|[39m[38;5;245m [39m[38;5;247mtest_download[39m[38;5;245m.[39m[38;5;247mpy[39m[38;5;245m:[39m[38;5;36m49[39m[38;5;245m [39m[38;5;100min[39m[38;5;245m [39m[38;5;247mcompare_datasets[39m[38;5;245m([39m[38;5;245m)[39m
[38;5;245m    [39m[38;5;247msnapshot_ds[39m[38;5;245m:[39m[38;5;245m [39m[38;5;245m<[39m[38;5;247mderiva_ml[39m[38;5;245m.[39m[38;5;247mDataset[39m[38;5;245m [39m[38;5;32mobject[39m[38;5;245m [39m[38;5;247mat[39m[38;5;245m [39m[38;5;36m0x118c9fd50[39m[38;5;245m:[39m[38;5;245m [39m[38;5;247mrid[39m[38;5;245m=[39m[38;5;36m'[39m[38;5;36m4PP[39m[38;5;36m'[39m[38;5;245m,[39m[38;5;245m [39m[38;5;247mversion[39m[38;5;245m=[39m[38;5;36m'[39m[38;5;36m1.3.0[39m[38;5;36m'[39m[38;5;245m,[39m[38;5;245m [39m[38;5;247mtypes[39m[38;5;245m=[39m[38;5;245m[[39m[38;5;245m][39m[38;5;245m>[39m
[38;5;245m    [39m[38;5;247msnapshot_ds[39m[38;5;245m.[39m[38;5;247mdescription[39m[38;5;245m:[39m[38;5;245m [39m[38;5;36m'[39m[38;5;36mA dataset[39m[38;5;36m'[39m
[38;5;247mic[39m[38;5;245m|[39m[38;5;245m [39m[38;5;247mtest_download[39m[38;5;245m.[39m[38;5;247mpy[39m[38;5;245m:[39m[38;5;36m50[39m[38;5;245m [39m[38;5;100min[39m[38;5;245m [39m[38;5;247mcompare_datasets[39m[38;5;245m([39m[38;5;245m)[39m
[38;5;245m    [39m[38;5;247msnapshot_ds[39m[38;5;245m.[39m[38;5;247mdataset_history[39m[38;5;245m([39m[38;5;245m)[39m[38;5;245m:[39m[38;5;245m [39m[38;5;245m[[39m[38;5;247mDatasetHistory[39m[38;5;245m([39m[38;5;247mdataset_version[39m[38;5;245m=[39m[38;5;247mDatasetVersion[39m[38;5;245m([39m[38;5;247mmajor[39m[38;5;245m=[39m[38;5;36m1[39m[38;5;245m,[39m[38;5;245m [39m[38;5;247mminor[39m[38;5;245m=[39m[38;5;36m0[39m[38;5;245m,[39m[38;5;245m [39m[38;5;247mpatch[39m[38;5;245m=[39m[38;5;36m0[39m[38;5;245m)[39m[38;5;245m,[39m[38;5;245m [39m[38;5;247mdataset_rid[39m[38;5;245m=[39m[38;5;36m'[39m[38;5;36m4PP[39m[38;5;36m'[39m[38;5;245m,[39m[38;5;245m [39m[38;5;247mversion_rid[39m[38;5;245m=[39m[38;5;36m'[39m[38;5;36m4PT[39m[38;5;36m'[39m[38;5;245m,[39m[38;5;245m [39m[38;5;247mexecution_rid[39m[38;5;245m=[39m[38;5;36m'[39m[38;5;36m4NC[39m[38;5;36m'[39m[38;5;245m,[39m[38;5;245m [39m[38;5;247mdescription[39m[38;5;245m=[39m[38;5;36m'[39m[38;5;36mInitial dataset creation.[39m[38;5;36m'[39m[38;5;245m,[39m[38;5;245m [39m[38;5;247mminid[39m[38;5;245m=[39m[38;5;100mNone[39m[38;5;245m,[39m[38;5;245m [39m[38;5;247msnapshot[39m[38;5;245m=[39m[38;5;36m'[39m[38;5;36m34F-NN4E-AVP2[39m[38;5;36m'[39m[38;5;245m)[39m[38;5;245m,[39m
[38;5;245m                                    [39m[38;5;247mDatasetHistory[39m[38;5;245m([39m[38;5;247mdataset_version[39m[38;5;245m=[39m[38;5;247mDatasetVersion[39m[38;5;245m([39m[38;5;247mmajor[39m[38;5;245m=[39m[38;5;36m1[39m[38;5;245m,[39m[38;5;245m [39m[38;5;247mminor[39m[38;5;245m=[39m[38;5;36m1[39m[38;5;245m,[39m[38;5;245m [39m[38;5;247mpatch[39m[38;5;245m=[39m[38;5;36m0[39m[38;5;245m)[39m[38;5;245m,[39m[38;5;245m [39m[38;5;247mdataset_rid[39m[38;5;245m=[39m[38;5;36m'[39m[38;5;36m4PP[39m[38;5;36m'[39m[38;5;245m,[39m[38;5;245m [39m[38;5;247mversion_rid[39m[38;5;245m=[39m[38;5;36m'[39m[38;5;36m4Q0[39m[38;5;36m'[39m[38;5;245m,[39m[38;5;245m [39m[38;5;247mexecution_rid[39m[38;5;245m=[39m[38;5;100mNone[39m[38;5;245m,[39m[38;5;245m [39m[38;5;247mdescription[39m[38;5;245m=[39m[38;5;36m'[39m[38;5;36mAdded by create_datasets[39m[38;5;36m'[39m[38;5;245m,[39m[38;5;245m [39m[38;5;247mminid[39m[38;5;245m=[39m[38;5;100mNone[39m[38;5;245m,[39m[38;5;245m [39m[38;5;247msnapshot[39m[38;5;245m=[39m[38;5;36m'[39m[38;5;36m34F-NN4E-JFYR[39m[38;5;36m'[39m[38;5;245m)[39m[38;5;245m,[39m
[38;5;245m                                    [39m[38;5;247mDatasetHistory[39m[38;5;245m([39m[38;5;247mdataset_version[39m[38;5;245m=[39m[38;5;247mDatasetVersion[39m[38;5;245m([39m[38;5;247mmajor[39m[38;5;245m=[39m[38;5;36m1[39m[38;5;245m,[39m[38;5;245m [39m[38;5;247mminor[39m[38;5;245m=[39m[38;5;36m2[39m[38;5;245m,[39m[38;5;245m [39m[38;5;247mpatch[39m[38;5;245m=[39m[38;5;36m0[39m[38;5;245m)[39m[38;5;245m,[39m[38;5;245m [39m[38;5;247mdataset_rid[39m[38;5;245m=[39m[38;5;36m'[39m[38;5;36m4PP[39m[38;5;36m'[39m[38;5;245m,[39m[38;5;245m [39m[38;5;247mversion_rid[39m[38;5;245m=[39m[38;5;36m'[39m[38;5;36m4QP[39m[38;5;36m'[39m[38;5;245m,[39m[38;5;245m [39m[38;5;247mexecution_rid[39m[38;5;245m=[39m[38;5;100mNone[39m[38;5;245m,[39m[38;5;245m [39m[38;5;247mdescription[39m[38;5;245m=[39m[38;5;36m'[39m[38;5;36mAdded by create_datasets[39m[38;5;36m'[39m[38;5;245m,[39m[38;5;245m [39m[38;5;247mminid[39m[38;5;245m=[39m[38;5;100mNone[39m[38;5;245m,[39m[38;5;245m [39m[38;5;247msnapshot[39m[38;5;245m=[39m[38;5;36m'[39m[38;5;36m34F-NN4F-H2NT[39m[38;5;36m'[39m[38;5;245m)[39m[38;5;245m,[39m
[38;5;245m                                    [39m[38;5;247mDatasetHistory[39m[38;5;245m([39m[38;5;247mdataset_version[39m[38;5;245m=[39m[38;5;247mDatasetVersion[39m[38;5;245m([39m[38;5;247mmajor[39m[38;5;245m=[39m[38;5;36m1[39m[38;5;245m,[39m[38;5;245m [39m[38;5;247mminor[39m[38;5;245m=[39m[38;5;36m3[39m[38;5;245m,[39m[38;5;245m [39m[38;5;247mpatch[39m[38;5;245m=[39m[38;5;36m0[39m[38;5;245m)[39m[38;5;245m,[39m[38;5;245m [39m[38;5;247mdataset_rid[39m[38;5;245m=[39m[38;5;36m'[39m[38;5;36m4PP[39m[38;5;36m'[39m[38;5;245m,[39m[38;5;245m [39m[38;5;247mversion_rid[39m[38;5;245m=[39m[38;5;36m'[39m[38;5;36m4SE[39m[38;5;36m'[39m[38;5;245m,[39m[38;5;245m [39m[38;5;247mexecution_rid[39m[38;5;245m=[39m[38;5;100mNone[39m[38;5;245m,[39m[38;5;245m [39m[38;5;247mdescription[39m[38;5;245m=[39m[38;5;36m'[39m[38;5;36mAdded by create_datasets[39m[38;5;36m'[39m[38;5;245m,[39m[38;5;245m [39m[38;5;247mminid[39m[38;5;245m=[39m[38;5;100mNone[39m[38;5;245m,[39m[38;5;245m [39m[38;5;247msnapshot[39m[38;5;245m=[39m[38;5;36m'[39m[38;5;36m34F-NN4K-39B8[39m[38;5;36m'[39m[38;5;245m)[39m[38;5;245m][39m
[38;5;247mic[39m[38;5;245m|[39m[38;5;245m [39m[38;5;247mtest_download[39m[38;5;245m.[39m[38;5;247mpy[39m[38;5;245m:[39m[38;5;36m51[39m[38;5;245m [39m[38;5;100min[39m[38;5;245m [39m[38;5;247mcompare_datasets[39m[38;5;245m([39m[38;5;245m)[39m
[38;5;245m    [39m[38;5;32mlist[39m[38;5;245m([39m[38;5;247mbag[39m[38;5;245m.[39m[38;5;247mdataset_history[39m[38;5;245m([39m[38;5;245m)[39m[38;5;245m)[39m[38;5;245m:[39m[38;5;245m [39m[38;5;245m[[39m[38;5;247mDatasetHistory[39m[38;5;245m([39m[38;5;247mdataset_version[39m[38;5;245m=[39m[38;5;247mDatasetVersion[39m[38;5;245m([39m[38;5;247mmajor[39m[38;5;245m=[39m[38;5;36m1[39m[38;5;245m,[39m[38;5;245m [39m[38;5;247mminor[39m[38;5;245m=[39m[38;5;36m0[39m[38;5;245m,[39m[38;5;245m [39m[38;5;247mpatch[39m[38;5;245m=[39m[38;5;36m0[39m[38;5;245m)[39m[38;5;245m,[39m[38;5;245m [39m[38;5;247mdataset_rid[39m[38;5;245m=[39m[38;5;36m'[39m[38;5;36m4P6[39m[38;5;36m'[39m[38;5;245m,[39m[38;5;245m [39m[38;5;247mversion_rid[39m[38;5;245m=[39m[38;5;36m'[39m[38;5;36m4PA[39m[38;5;36m'[39m[38;5;245m,[39m[38;5;245m [39m[38;5;247mexecution_rid[39m[38;5;245m=[39m[38;5;36m'[39m[38;5;36m4NC[39m[38;5;36m'[39m[38;5;245m,[39m[38;5;245m [39m[38;5;247mdescription[39m[38;5;245m=[39m[38;5;36m'[39m[38;5;36mInitial dataset creation.[39m[38;5;36m'[39m[38;5;245m,[39m[38;5;245m [39m[38;5;247mminid[39m[38;5;245m=[39m[38;5;36m'[39m[38;5;36m'[39m[38;5;245m,[39m[38;5;245m [39m[38;5;247msnapshot[39m[38;5;245m=[39m[38;5;36m'[39m[38;5;36m34F-NN4D-K6HC[39m[38;5;36m'[39m[38;5;245m)[39m[38;5;245m][39m
[38;5;247mic[39m[38;5;245m|[39m[38;5;245m [39m[38;5;247mtest_download[39m[38;5;245m.[39m[38;5;247mpy[39m[38;5;245m:[39m[38;5;36m61[39m[38;5;245m [39m[38;5;100min[39m[38;5;245m [39m[38;5;247mcompare_datasets[39m[38;5;245m([39m[38;5;245m)[39m
[38;5;245m    [39m[38;5;245m[[39m[38;5;245m [39m[38;5;247mml_instance[39m[38;5;245m.[39m[38;5;247mlookup_dataset[39m[38;5;245m([39m[38;5;247mm[39m[38;5;245m[[39m[38;5;36m"[39m[38;5;36mRID[39m[38;5;36m"[39m[38;5;245m][39m[38;5;245m)[39m[38;5;245m [39m[38;5;100mfor[39m[38;5;245m [39m[38;5;247mm[39m[38;5;245m [39m[38;5;100min[39m[38;5;245m [39m[38;5;247mmembers[39m[38;5;245m][39m[38;5;245m:[39m[38;5;245m [39m[38;5;245m[[39m[38;5;245m][39m
[38;5;247mic[39m[38;5;245m|[39m[38;5;245m [39m[38;5;247mtest_download[39m[38;5;245m.[39m[38;5;247mpy[39m[38;5;245m:[39m[38;5;36m62[39m[38;5;245m [39m[38;5;100min[39m[38;5;245m [39m[38;5;247mcompare_datasets[39m[38;5;245m([39m[38;5;245m)[39m
[38;5;245m    [39m[38;5;245m[[39m[38;5;245m [39m[38;5;247mdataset_bag[39m[38;5;245m.[39m[38;5;247mmodel[39m[38;5;245m.[39m[38;5;247mlookup_dataset[39m[38;5;245m([39m[38;5;247mm[39m[38;5;245m[[39m[38;5;36m"[39m[38;5;36mRID[39m[38;5;36m"[39m[38;5;245m][39m[38;5;245m)[39m[38;5;245m [39m[38;5;100mfor[39m[38;5;245m [39m[38;5;247mm[39m[38;5;245m [39m[38;5;100min[39m[38;5;245m [39m[38;5;247mbag_members[39m[38;5;245m][39m[38;5;245m:[39m[38;5;245m [39m[38;5;245m[[39m[38;5;245m][39m
[38;5;247mic[39m[38;5;245m|[39m[38;5;245m [39m[38;5;247mtest_download[39m[38;5;245m.[39m[38;5;247mpy[39m[38;5;245m:[39m[38;5;36m48[39m[38;5;245m [39m[38;5;100min[39m[38;5;245m [39m[38;5;247mcompare_datasets[39m[38;5;245m([39m[38;5;245m)[39m
[38;5;245m    [39m[38;5;247mdataset_bag[39m[38;5;245m:[39m[38;5;245m [39m[38;5;245m<[39m[38;5;247mderiva_ml[39m[38;5;245m.[39m[38;5;247mDataset[39m[38;5;245m [39m[38;5;32mobject[39m[38;5;245m [39m[38;5;247mat[39m[38;5;245m [39m[38;5;36m0x119dd34d0[39m[38;5;245m:[39m[38;5;245m [39m[38;5;247mrid[39m[38;5;245m=[39m[38;5;36m'[39m[38;5;36m4PE[39m[38;5;36m'[39m[38;5;245m,[39m[38;5;245m [39m[38;5;247mversion[39m[38;5;245m=[39m[38;5;36m'[39m[38;5;36m1.2.0[39m[38;5;36m'[39m[38;5;245m,[39m[38;5;245m [39m[38;5;247mtypes[39m[38;5;245m=[39m[38;5;245m[[39m[38;5;36m'[39m[38;5;36mTraining[39m[38;5;36m'[39m[38;5;245m][39m[38;5;245m>[39m
[38;5;245m    [39m[38;5;247mdataset_bag[39m[38;5;245m.[39m[38;5;247mdescription[39m[38;5;245m:[39m[38;5;245m [39m[38;5;36m'[39m[38;5;36mA dataset that is nested[39m[38;5;36m'[39m
[38;5;247mic[39m[38;5;245m|[39m[38;5;245m [39m[38;5;247mtest_download[39m[38;5;245m.[39m[38;5;247mpy[39m[38;5;245m:[39m[38;5;36m49[39m[38;5;245m [39m[38;5;100min[39m[38;5;245m [39m[38;5;247mcompare_datasets[39m[38;5;245m([39m[38;5;245m)[39m
[38;5;245m    [39m[38;5;247msnapshot_ds[39m[38;5;245m:[39m[38;5;245m [39m[38;5;245m<[39m[38;5;247mderiva_ml[39m[38;5;245m.[39m[38;5;247mDataset[39m[38;5;245m [39m[38;5;32mobject[39m[38;5;245m [39m[38;5;247mat[39m[38;5;245m [39m[38;5;36m0x117b71350[39m[38;5;245m:[39m[38;5;245m [39m[38;5;247mrid[39m[38;5;245m=[39m[38;5;36m'[39m[38;5;36m4PE[39m[38;5;36m'[39m[38;5;245m,[39m[38;5;245m [39m[38;5;247mversion[39m[38;5;245m=[39m[38;5;36m'[39m[38;5;36m1.2.0[39m[38;5;36m'[39m[38;5;245m,[39m[38;5;245m [39m[38;5;247mtypes[39m[38;5;245m=[39m[38;5;245m[[39m[38;5;36m'[39m[38;5;36mTraining[39m[38;5;36m'[39m[38;5;245m][39m[38;5;245m>[39m
[38;5;245m    [39m[38;5;247msnapshot_ds[39m[38;5;245m.[39m[38;5;247mdescription[39m[38;5;245m:[39m[38;5;245m [39m[38;5;36m'[39m[38;5;36mA dataset that is nested[39m[38;5;36m'[39m
[38;5;247mic[39m[38;5;245m|[39m[38;5;245m [39m[38;5;247mtest_download[39m[38;5;245m.[39m[38;5;247mpy[39m[38;5;245m:[39m[38;5;36m50[39m[38;5;245m [39m[38;5;100min[39m[38;5;245m [39m[38;5;247mcompare_datasets[39m[38;5;245m([39m[38;5;245m)[39m
[38;5;245m    [39m[38;5;247msnapshot_ds[39m[38;5;245m.[39m[38;5;247mdataset_history[39m[38;5;245m([39m[38;5;245m)[39m[38;5;245m:[39m[38;5;245m [39m[38;5;245m[[39m[38;5;247mDatasetHistory[39m[38;5;245m([39m[38;5;247mdataset_version[39m[38;5;245m=[39m[38;5;247mDatasetVersion[39m[38;5;245m([39m[38;5;247mmajor[39m[38;5;245m=[39m[38;5;36m1[39m[38;5;245m,[39m[38;5;245m [39m[38;5;247mminor[39m[38;5;245m=[39m[38;5;36m0[39m[38;5;245m,[39m[38;5;245m [39m[38;5;247mpatch[39m[38;5;245m=[39m[38;5;36m0[39m[38;5;245m)[39m[38;5;245m,[39m[38;5;245m [39m[38;5;247mdataset_rid[39m[38;5;245m=[39m[38;5;36m'[39m[38;5;36m4PE[39m[38;5;36m'[39m[38;5;245m,[39m[38;5;245m [39m[38;5;247mversion_rid[39m[38;5;245m=[39m[38;5;36m'[39m[38;5;36m4PJ[39m[38;5;36m'[39m[38;5;245m,[39m[38;5;245m [39m[38;5;247mexecution_rid[39m[38;5;245m=[39m[38;5;36m'[39m[38;5;36m4NC[39m[38;5;36m'[39m[38;5;245m,[39m[38;5;245m [39m[38;5;247mdescription[39m[38;5;245m=[39m[38;5;36m'[39m[38;5;36mInitial dataset creation.[39m[38;5;36m'[39m[38;5;245m,[39m[38;5;245m [39m[38;5;247mminid[39m[38;5;245m=[39m[38;5;100mNone[39m[38;5;245m,[39m[38;5;245m [39m[38;5;247msnapshot[39m[38;5;245m=[39m[38;5;36m'[39m[38;5;36m34F-NN4E-6BVM[39m[38;5;36m'[39m[38;5;245m)[39m[38;5;245m,[39m
[38;5;245m                                    [39m[38;5;247mDatasetHistory[39m[38;5;245m([39m[38;5;247mdataset_version[39m[38;5;245m=[39m[38;5;247mDatasetVersion[39m[38;5;245m([39m[38;5;247mmajor[39m[38;5;245m=[39m[38;5;36m1[39m[38;5;245m,[39m[38;5;245m [39m[38;5;247mminor[39m[38;5;245m=[39m[38;5;36m1[39m[38;5;245m,[39m[38;5;245m [39m[38;5;247mpatch[39m[38;5;245m=[39m[38;5;36m0[39m[38;5;245m)[39m[38;5;245m,[39m[38;5;245m [39m[38;5;247mdataset_rid[39m[38;5;245m=[39m[38;5;36m'[39m[38;5;36m4PE[39m[38;5;36m'[39m[38;5;245m,[39m[38;5;245m [39m[38;5;247mversion_rid[39m[38;5;245m=[39m[38;5;36m'[39m[38;5;36m4QT[39m[38;5;36m'[39m[38;5;245m,[39m[38;5;245m [39m[38;5;247mexecution_rid[39m[38;5;245m=[39m[38;5;100mNone[39m[38;5;245m,[39m[38;5;245m [39m[38;5;247mdescription[39m[38;5;245m=[39m[38;5;36m'[39m[38;5;36mAdded by create_datasets[39m[38;5;36m'[39m[38;5;245m,[39m[38;5;245m [39m[38;5;247mminid[39m[38;5;245m=[39m[38;5;100mNone[39m[38;5;245m,[39m[38;5;245m [39m[38;5;247msnapshot[39m[38;5;245m=[39m[38;5;36m'[39m[38;5;36m34F-NN4F-H2NT[39m[38;5;36m'[39m[38;5;245m)[39m[38;5;245m,[39m
[38;5;245m                                    [39m[38;5;247mDatasetHistory[39m[38;5;245m([39m[38;5;247mdataset_version[39m[38;5;245m=[39m[38;5;247mDatasetVersion[39m[38;5;245m([39m[38;5;247mmajor[39m[38;5;245m=[39m[38;5;36m1[39m[38;5;245m,[39m[38;5;245m [39m[38;5;247mminor[39m[38;5;245m=[39m[38;5;36m2[39m[38;5;245m,[39m[38;5;245m [39m[38;5;247mpatch[39m[38;5;245m=[39m[38;5;36m0[39m[38;5;245m)[39m[38;5;245m,[39m[38;5;245m [39m[38;5;247mdataset_rid[39m[38;5;245m=[39m[38;5;36m'[39m[38;5;36m4PE[39m[38;5;36m'[39m[38;5;245m,[39m[38;5;245m [39m[38;5;247mversion_rid[39m[38;5;245m=[39m[38;5;36m'[39m[38;5;36m4SP[39m[38;5;36m'[39m[38;5;245m,[39m[38;5;245m [39m[38;5;247mexecution_rid[39m[38;5;245m=[39m[38;5;100mNone[39m[38;5;245m,[39m[38;5;245m [39m[38;5;247mdescription[39m[38;5;245m=[39m[38;5;36m'[39m[38;5;36mAdded by create_datasets[39m[38;5;36m'[39m[38;5;245m,[39m[38;5;245m [39m[38;5;247mminid[39m[38;5;245m=[39m[38;5;100mNone[39m[38;5;245m,[39m[38;5;245m [39m[38;5;247msnapshot[39m[38;5;245m=[39m[38;5;36m'[39m[38;5;36m34F-NN4K-39B8[39m[38;5;36m'[39m[38;5;245m)[39m[38;5;245m][39m
[38;5;247mic[39m[38;5;245m|[39m[38;5;245m [39m[38;5;247mtest_download[39m[38;5;245m.[39m[38;5;247mpy[39m[38;5;245m:[39m[38;5;36m51[39m[38;5;245m [39m[38;5;100min[39m[38;5;245m [39m[38;5;247mcompare_datasets[39m[38;5;245m([39m[38;5;245m)[39m
[38;5;245m    [39m[38;5;32mlist[39m[38;5;245m([39m[38;5;247mbag[39m[38;5;245m.[39m[38;5;247mdataset_history[39m[38;5;245m([39m[38;5;245m)[39m[38;5;245m)[39m[38;5;245m:[39m[38;5;245m [39m[38;5;245m[[39m[38;5;247mDatasetHistory[39m[38;5;245m([39m[38;5;247mdataset_version[39m[38;5;245m=[39m[38;5;247mDatasetVersion[39m[38;5;245m([39m[38;5;247mmajor[39m[38;5;245m=[39m[38;5;36m1[39m[38;5;245m,[39m[38;5;245m [39m[38;5;247mminor[39m[38;5;245m=[39m[38;5;36m0[39m[38;5;245m,[39m[38;5;245m [39m[38;5;247mpatch[39m[38;5;245m=[39m[38;5;36m0[39m[38;5;245m)[39m[38;5;245m,[39m[38;5;245m [39m[38;5;247mdataset_rid[39m[38;5;245m=[39m[38;5;36m'[39m[38;5;36m4P6[39m[38;5;36m'[39m[38;5;245m,[39m[38;5;245m [39m[38;5;247mversion_rid[39m[38;5;245m=[39m[38;5;36m'[39m[38;5;36m4PA[39m[38;5;36m'[39m[38;5;245m,[39m[38;5;245m [39m[38;5;247mexecution_rid[39m[38;5;245m=[39m[38;5;36m'[39m[38;5;36m4NC[39m[38;5;36m'[39m[38;5;245m,[39m[38;5;245m [39m[38;5;247mdescription[39m[38;5;245m=[39m[38;5;36m'[39m[38;5;36mInitial dataset creation.[39m[38;5;36m'[39m[38;5;245m,[39m[38;5;245m [39m[38;5;247mminid[39m[38;5;245m=[39m[38;5;36m'[39m[38;5;36m'[39m[38;5;245m,[39m[38;5;245m [39m[38;5;247msnapshot[39m[38;5;245m=[39m[38;5;36m'[39m[38;5;36m34F-NN4D-K6HC[39m[38;5;36m'[39m[38;5;245m)[39m[38;5;245m][39m
[38;5;247mic[39m[38;5;245m|[39m[38;5;245m [39m[38;5;247mtest_download[39m[38;5;245m.[39m[38;5;247mpy[39m[38;5;245m:[39m[38;5;36m61[39m[38;5;245m [39m[38;5;100min[39m[38;5;245m [39m[38;5;247mcompare_datasets[39m[38;5;245m([39m[38;5;245m)[39m
[38;5;245m    [39m[38;5;245m[[39m[38;5;245m [39m[38;5;247mml_instance[39m[38;5;245m.[39m[38;5;247mlookup_dataset[39m[38;5;245m([39m[38;5;247mm[39m[38;5;245m[[39m[38;5;36m"[39m[38;5;36mRID[39m[38;5;36m"[39m[38;5;245m][39m[38;5;245m)[39m[38;5;245m [39m[38;5;100mfor[39m[38;5;245m [39m[38;5;247mm[39m[38;5;245m [39m[38;5;100min[39m[38;5;245m [39m[38;5;247mmembers[39m[38;5;245m][39m[38;5;245m:[39m[38;5;245m [39m[38;5;245m[[39m[38;5;245m<[39m[38;5;247mderiva_ml[39m[38;5;245m.[39m[38;5;247mDataset[39m[38;5;245m [39m[38;5;32mobject[39m[38;5;245m [39m[38;5;247mat[39m[38;5;245m [39m[38;5;36m0x1197c3ed0[39m[38;5;245m:[39m[38;5;245m [39m[38;5;247mrid[39m[38;5;245m=[39m[38;5;36m'[39m[38;5;36m4PP[39m[38;5;36m'[39m[38;5;245m,[39m[38;5;245m [39m[38;5;247mversion[39m[38;5;245m=[39m[38;5;36m'[39m[38;5;36m1.3.0[39m[38;5;36m'[39m[38;5;245m,[39m[38;5;245m [39m[38;5;247mtypes[39m[38;5;245m=[39m[38;5;245m[[39m[38;5;245m][39m[38;5;245m>[39m[38;5;245m,[39m
[38;5;245m                                                               [39m[38;5;245m<[39m[38;5;247mderiva_ml[39m[38;5;245m.[39m[38;5;247mDataset[39m[38;5;245m [39m[38;5;32mobject[39m[38;5;245m [39m[38;5;247mat[39m[38;5;245m [39m[38;5;36m0x1186053d0[39m[38;5;245m:[39m[38;5;245m [39m[38;5;247mrid[39m[38;5;245m=[39m[38;5;36m'[39m[38;5;36m4Q2[39m[38;5;36m'[39m[38;5;245m,[39m[38;5;245m [39m[38;5;247mversion[39m[38;5;245m=[39m[38;5;36m'[39m[38;5;36m1.3.0[39m[38;5;36m'[39m[38;5;245m,[39m[38;5;245m [39m[38;5;247mtypes[39m[38;5;245m=[39m[38;5;245m[[39m[38;5;245m][39m[38;5;245m>[39m[38;5;245m][39m
[38;5;247mic[39m[38;5;245m|[39m[38;5;245m [39m[38;5;247mtest_download[39m[38;5;245m.[39m[38;5;247mpy[39m[38;5;245m:[39m[38;5;36m62[39m[38;5;245m [39m[38;5;100min[39m[38;5;245m [39m[38;5;247mcompare_datasets[39m[38;5;245m([39m[38;5;245m)[39m
[38;5;245m    [39m[38;5;245m[[39m[38;5;245m [39m[38;5;247mdataset_bag[39m[38;5;245m.[39m[38;5;247mmodel[39m[38;5;245m.[39m[38;5;247mlookup_dataset[39m[38;5;245m([39m[38;5;247mm[39m[38;5;245m[[39m[38;5;36m"[39m[38;5;36mRID[39m[38;5;36m"[39m[38;5;245m][39m[38;5;245m)[39m[38;5;245m [39m[38;5;100mfor[39m[38;5;245m [39m[38;5;247mm[39m[38;5;245m [39m[38;5;100min[39m[38;5;245m [39m[38;5;247mbag_members[39m[38;5;245m][39m[38;5;245m:[39m[38;5;245m [39m[38;5;245m[[39m[38;5;245m<[39m[38;5;247mderiva_ml[39m[38;5;245m.[39m[38;5;247mDataset[39m[38;5;245m [39m[38;5;32mobject[39m[38;5;245m [39m[38;5;247mat[39m[38;5;245m [39m[38;5;36m0x11685d130[39m[38;5;245m:[39m[38;5;245m [39m[38;5;247mrid[39m[38;5;245m=[39m[38;5;36m'[39m[38;5;36m4PE[39m[38;5;36m'[39m[38;5;245m,[39m[38;5;245m [39m[38;5;247mversion[39m[38;5;245m=[39m[38;5;36m'[39m[38;5;36m1.2.0[39m[38;5;36m'[39m[38;5;245m,[39m[38;5;245m [39m[38;5;247mtypes[39m[38;5;245m=[39m[38;5;245m[[39m[38;5;36m'[39m[38;5;36mTraining[39m[38;5;36m'[39m[38;5;245m][39m[38;5;245m>[39m[38;5;245m,[39m
[38;5;245m                                                                         [39m[38;5;245m<[39m[38;5;247mderiva_ml[39m[38;5;245m.[39m[38;5;247mDataset[39m[38;5;245m [39m[38;5;32mobject[39m[38;5;245m [39m[38;5;247mat[39m[38;5;245m [39m[38;5;36m0x11685c190[39m[38;5;245m:[39m[38;5;245m [39m[38;5;247mrid[39m[38;5;245m=[39m[38;5;36m'[39m[38;5;36m4PE[39m[38;5;36m'[39m[38;5;245m,[39m[38;5;245m [39m[38;5;247mversion[39m[38;5;245m=[39m[38;5;36m'[39m[38;5;36m1.2.0[39m[38;5;36m'[39m[38;5;245m,[39m[38;5;245m [39m[38;5;247mtypes[39m[38;5;245m=[39m[38;5;245m[[39m[38;5;36m'[39m[38;5;36mTraining[39m[38;5;36m'[39m[38;5;245m][39m[38;5;245m>[39m[38;5;245m][39m
--------------------------- Captured stdout teardown ---------------------------
Deleting demo catalog

--- Ending test ---
=============================== warnings summary ===============================
src/deriva_ml/core/ermrest.py:62
  /Users/carl/Repos/Projects/deriva-ml-refactor-dataset/src/deriva_ml/core/ermrest.py:62: PydanticDeprecatedSince20: Support for class-based `config` is deprecated, use ConfigDict instead. Deprecated in Pydantic V2.0 to be removed in V3.0. See Pydantic V2 Migration Guide at https://errors.pydantic.dev/2.12/migration/
    class VocabularyTerm(BaseModel):

.venv/lib/python3.13/site-packages/hydra_zen/structured_configs/_implementations.py:2619
  /Users/carl/Repos/Projects/deriva-ml-refactor-dataset/.venv/lib/python3.13/site-packages/hydra_zen/structured_configs/_implementations.py:2619: PydanticDeprecatedSince20: The `__fields__` attribute is deprecated, use the `model_fields` class property instead. Deprecated in Pydantic V2.0 to be removed in V3.0. See Pydantic V2 Migration Guide at https://errors.pydantic.dev/2.12/migration/
    _fields = target.__fields__  # type: ignore

.venv/lib/python3.13/site-packages/fair_identifiers_client/config.py:6
  /Users/carl/Repos/Projects/deriva-ml-refactor-dataset/.venv/lib/python3.13/site-packages/fair_identifiers_client/config.py:6: DeprecationWarning: distutils Version classes are deprecated. Use packaging.version instead.
    GLOBUS_SDK_VERSION = tuple(LooseVersion(globus_sdk.__version__).version)

src/deriva_ml/feature.py:26
  /Users/carl/Repos/Projects/deriva-ml-refactor-dataset/src/deriva_ml/feature.py:26: PydanticDeprecatedSince20: Support for class-based `config` is deprecated, use ConfigDict instead. Deprecated in Pydantic V2.0 to be removed in V3.0. See Pydantic V2 Migration Guide at https://errors.pydantic.dev/2.12/migration/
    class FeatureRecord(BaseModel):

tests/dataset/test_catalog_dataset_functions.py: 3 warnings
tests/dataset/test_dataset_version.py: 2 warnings
tests/dataset/test_datasets.py: 5 warnings
tests/dataset/test_download.py: 10 warnings
  /Users/carl/Repos/Projects/deriva-ml-refactor-dataset/src/deriva_ml/execution/environment.py:123: DeprecationWarning: 'java_ver' is deprecated and slated for removal in Python 3.15
    platform_info[attr] = getattr(platform, attr)()

tests/dataset/test_download.py: 1104 warnings
  /Users/carl/Repos/Projects/deriva-ml-refactor-dataset/.venv/bin/bagit.py:1412: DeprecationWarning: 'count' is passed as positional argument
    s = re.sub(r"%0D", "\r", s, re.IGNORECASE)

tests/dataset/test_download.py: 1104 warnings
  /Users/carl/Repos/Projects/deriva-ml-refactor-dataset/.venv/bin/bagit.py:1413: DeprecationWarning: 'count' is passed as positional argument
    s = re.sub(r"%0A", "\n", s, re.IGNORECASE)

tests/dataset/test_download.py::TestDatasetDownload::test_bag_dataset_find
tests/dataset/test_download.py::TestDatasetDownload::test_dataset_download_nested
tests/dataset/test_download.py::TestDatasetDownload::test_dataset_download_recurse
tests/dataset/test_download.py::TestDatasetDownload::test_dataset_download_versions
tests/dataset/test_download.py::TestDatasetDownload::test_dataset_download_schemas
tests/dataset/test_download.py::TestDatasetDownload::test_dataset_download_schemas
  /Users/carl/Repos/Projects/deriva-ml-refactor-dataset/src/deriva_ml/model/database.py:315: SADeprecationWarning: The AutomapBase.prepare.reflect parameter is deprecated and will be removed in a future release.  Reflection is enabled when AutomapBase.prepare.autoload_with is passed.
    self.Base.prepare(

tests/dataset/test_download.py::TestDatasetDownload::test_bag_dataset_find
tests/dataset/test_download.py::TestDatasetDownload::test_dataset_download_nested
tests/dataset/test_download.py::TestDatasetDownload::test_dataset_download_recurse
tests/dataset/test_download.py::TestDatasetDownload::test_dataset_download_versions
tests/dataset/test_download.py::TestDatasetDownload::test_dataset_download_schemas
tests/dataset/test_download.py::TestDatasetDownload::test_dataset_download_schemas
  /Users/carl/Repos/Projects/deriva-ml-refactor-dataset/src/deriva_ml/model/database.py:340: SADeprecationWarning: User-placed attribute Image_Asset_Type.Asset_Type on Mapper[Image_Asset_Type(Image_Asset_Type)] is replacing an existing ORM-mapped attribute.  Behavior is not fully defined in this case.  This use is deprecated and will raise an error in a future release
    setattr(

tests/dataset/test_download.py::TestDatasetDownload::test_bag_dataset_find
tests/dataset/test_download.py::TestDatasetDownload::test_dataset_download_nested
tests/dataset/test_download.py::TestDatasetDownload::test_dataset_download_recurse
tests/dataset/test_download.py::TestDatasetDownload::test_dataset_download_versions
tests/dataset/test_download.py::TestDatasetDownload::test_dataset_download_schemas
tests/dataset/test_download.py::TestDatasetDownload::test_dataset_download_schemas
  /Users/carl/Repos/Projects/deriva-ml-refactor-dataset/src/deriva_ml/model/database.py:340: SADeprecationWarning: User-placed attribute Image_Execution.Execution on Mapper[Image_Execution(Image_Execution)] is replacing an existing ORM-mapped attribute.  Behavior is not fully defined in this case.  This use is deprecated and will raise an error in a future release
    setattr(

tests/dataset/test_download.py::TestDatasetDownload::test_bag_dataset_find
tests/dataset/test_download.py::TestDatasetDownload::test_dataset_download_nested
tests/dataset/test_download.py::TestDatasetDownload::test_dataset_download_recurse
tests/dataset/test_download.py::TestDatasetDownload::test_dataset_download_versions
tests/dataset/test_download.py::TestDatasetDownload::test_dataset_download_schemas
tests/dataset/test_download.py::TestDatasetDownload::test_dataset_download_schemas
  /Users/carl/Repos/Projects/deriva-ml-refactor-dataset/src/deriva_ml/model/database.py:340: SADeprecationWarning: User-placed attribute Image_Execution.Asset_Role on Mapper[Image_Execution(Image_Execution)] is replacing an existing ORM-mapped attribute.  Behavior is not fully defined in this case.  This use is deprecated and will raise an error in a future release
    setattr(

tests/dataset/test_download.py::TestDatasetDownload::test_bag_dataset_find
tests/dataset/test_download.py::TestDatasetDownload::test_dataset_download_nested
tests/dataset/test_download.py::TestDatasetDownload::test_dataset_download_recurse
tests/dataset/test_download.py::TestDatasetDownload::test_dataset_download_versions
tests/dataset/test_download.py::TestDatasetDownload::test_dataset_download_schemas
tests/dataset/test_download.py::TestDatasetDownload::test_dataset_download_schemas
  /Users/carl/Repos/Projects/deriva-ml-refactor-dataset/src/deriva_ml/model/database.py:340: SADeprecationWarning: User-placed attribute BoundingBox_Asset_Type.Asset_Type on Mapper[BoundingBox_Asset_Type(BoundingBox_Asset_Type)] is replacing an existing ORM-mapped attribute.  Behavior is not fully defined in this case.  This use is deprecated and will raise an error in a future release
    setattr(

tests/dataset/test_download.py::TestDatasetDownload::test_bag_dataset_find
tests/dataset/test_download.py::TestDatasetDownload::test_dataset_download_nested
tests/dataset/test_download.py::TestDatasetDownload::test_dataset_download_recurse
tests/dataset/test_download.py::TestDatasetDownload::test_dataset_download_versions
tests/dataset/test_download.py::TestDatasetDownload::test_dataset_download_schemas
tests/dataset/test_download.py::TestDatasetDownload::test_dataset_download_schemas
  /Users/carl/Repos/Projects/deriva-ml-refactor-dataset/src/deriva_ml/model/database.py:340: SADeprecationWarning: User-placed attribute BoundingBox_Execution.Execution on Mapper[BoundingBox_Execution(BoundingBox_Execution)] is replacing an existing ORM-mapped attribute.  Behavior is not fully defined in this case.  This use is deprecated and will raise an error in a future release
    setattr(

tests/dataset/test_download.py::TestDatasetDownload::test_bag_dataset_find
tests/dataset/test_download.py::TestDatasetDownload::test_dataset_download_nested
tests/dataset/test_download.py::TestDatasetDownload::test_dataset_download_recurse
tests/dataset/test_download.py::TestDatasetDownload::test_dataset_download_versions
tests/dataset/test_download.py::TestDatasetDownload::test_dataset_download_schemas
tests/dataset/test_download.py::TestDatasetDownload::test_dataset_download_schemas
  /Users/carl/Repos/Projects/deriva-ml-refactor-dataset/src/deriva_ml/model/database.py:340: SADeprecationWarning: User-placed attribute BoundingBox_Execution.Asset_Role on Mapper[BoundingBox_Execution(BoundingBox_Execution)] is replacing an existing ORM-mapped attribute.  Behavior is not fully defined in this case.  This use is deprecated and will raise an error in a future release
    setattr(

tests/dataset/test_download.py::TestDatasetDownload::test_bag_dataset_find
tests/dataset/test_download.py::TestDatasetDownload::test_dataset_download_nested
tests/dataset/test_download.py::TestDatasetDownload::test_dataset_download_recurse
tests/dataset/test_download.py::TestDatasetDownload::test_dataset_download_versions
tests/dataset/test_download.py::TestDatasetDownload::test_dataset_download_schemas
tests/dataset/test_download.py::TestDatasetDownload::test_dataset_download_schemas
  /Users/carl/Repos/Projects/deriva-ml-refactor-dataset/src/deriva_ml/model/database.py:340: SADeprecationWarning: User-placed attribute Dataset_Subject.Dataset on Mapper[Dataset_Subject(Dataset_Subject)] is replacing an existing ORM-mapped attribute.  Behavior is not fully defined in this case.  This use is deprecated and will raise an error in a future release
    setattr(

tests/dataset/test_download.py::TestDatasetDownload::test_bag_dataset_find
tests/dataset/test_download.py::TestDatasetDownload::test_dataset_download_nested
tests/dataset/test_download.py::TestDatasetDownload::test_dataset_download_recurse
tests/dataset/test_download.py::TestDatasetDownload::test_dataset_download_versions
tests/dataset/test_download.py::TestDatasetDownload::test_dataset_download_schemas
tests/dataset/test_download.py::TestDatasetDownload::test_dataset_download_schemas
  /Users/carl/Repos/Projects/deriva-ml-refactor-dataset/src/deriva_ml/model/database.py:340: SADeprecationWarning: User-placed attribute Execution_Subject_Health.Execution on Mapper[Execution_Subject_Health(Execution_Subject_Health)] is replacing an existing ORM-mapped attribute.  Behavior is not fully defined in this case.  This use is deprecated and will raise an error in a future release
    setattr(

tests/dataset/test_download.py::TestDatasetDownload::test_bag_dataset_find
tests/dataset/test_download.py::TestDatasetDownload::test_dataset_download_nested
tests/dataset/test_download.py::TestDatasetDownload::test_dataset_download_recurse
tests/dataset/test_download.py::TestDatasetDownload::test_dataset_download_versions
tests/dataset/test_download.py::TestDatasetDownload::test_dataset_download_schemas
tests/dataset/test_download.py::TestDatasetDownload::test_dataset_download_schemas
  /Users/carl/Repos/Projects/deriva-ml-refactor-dataset/src/deriva_ml/model/database.py:340: SADeprecationWarning: User-placed attribute Execution_Subject_Health.Feature_Name on Mapper[Execution_Subject_Health(Execution_Subject_Health)] is replacing an existing ORM-mapped attribute.  Behavior is not fully defined in this case.  This use is deprecated and will raise an error in a future release
    setattr(

tests/dataset/test_download.py::TestDatasetDownload::test_bag_dataset_find
tests/dataset/test_download.py::TestDatasetDownload::test_dataset_download_nested
tests/dataset/test_download.py::TestDatasetDownload::test_dataset_download_recurse
tests/dataset/test_download.py::TestDatasetDownload::test_dataset_download_versions
tests/dataset/test_download.py::TestDatasetDownload::test_dataset_download_schemas
tests/dataset/test_download.py::TestDatasetDownload::test_dataset_download_schemas
  /Users/carl/Repos/Projects/deriva-ml-refactor-dataset/src/deriva_ml/model/database.py:340: SADeprecationWarning: User-placed attribute Execution_Image_BoundingBox.Execution on Mapper[Execution_Image_BoundingBox(Execution_Image_BoundingBox)] is replacing an existing ORM-mapped attribute.  Behavior is not fully defined in this case.  This use is deprecated and will raise an error in a future release
    setattr(

tests/dataset/test_download.py::TestDatasetDownload::test_bag_dataset_find
tests/dataset/test_download.py::TestDatasetDownload::test_dataset_download_nested
tests/dataset/test_download.py::TestDatasetDownload::test_dataset_download_recurse
tests/dataset/test_download.py::TestDatasetDownload::test_dataset_download_versions
tests/dataset/test_download.py::TestDatasetDownload::test_dataset_download_schemas
tests/dataset/test_download.py::TestDatasetDownload::test_dataset_download_schemas
  /Users/carl/Repos/Projects/deriva-ml-refactor-dataset/src/deriva_ml/model/database.py:340: SADeprecationWarning: User-placed attribute Execution_Image_BoundingBox.Feature_Name on Mapper[Execution_Image_BoundingBox(Execution_Image_BoundingBox)] is replacing an existing ORM-mapped attribute.  Behavior is not fully defined in this case.  This use is deprecated and will raise an error in a future release
    setattr(

tests/dataset/test_download.py::TestDatasetDownload::test_bag_dataset_find
tests/dataset/test_download.py::TestDatasetDownload::test_dataset_download_nested
tests/dataset/test_download.py::TestDatasetDownload::test_dataset_download_recurse
tests/dataset/test_download.py::TestDatasetDownload::test_dataset_download_versions
tests/dataset/test_download.py::TestDatasetDownload::test_dataset_download_schemas
tests/dataset/test_download.py::TestDatasetDownload::test_dataset_download_schemas
  /Users/carl/Repos/Projects/deriva-ml-refactor-dataset/src/deriva_ml/model/database.py:340: SADeprecationWarning: User-placed attribute Execution_Image_Quality.Execution on Mapper[Execution_Image_Quality(Execution_Image_Quality)] is replacing an existing ORM-mapped attribute.  Behavior is not fully defined in this case.  This use is deprecated and will raise an error in a future release
    setattr(

tests/dataset/test_download.py::TestDatasetDownload::test_bag_dataset_find
tests/dataset/test_download.py::TestDatasetDownload::test_dataset_download_nested
tests/dataset/test_download.py::TestDatasetDownload::test_dataset_download_recurse
tests/dataset/test_download.py::TestDatasetDownload::test_dataset_download_versions
tests/dataset/test_download.py::TestDatasetDownload::test_dataset_download_schemas
tests/dataset/test_download.py::TestDatasetDownload::test_dataset_download_schemas
  /Users/carl/Repos/Projects/deriva-ml-refactor-dataset/src/deriva_ml/model/database.py:340: SADeprecationWarning: User-placed attribute Execution_Image_Quality.Feature_Name on Mapper[Execution_Image_Quality(Execution_Image_Quality)] is replacing an existing ORM-mapped attribute.  Behavior is not fully defined in this case.  This use is deprecated and will raise an error in a future release
    setattr(

tests/dataset/test_download.py::TestDatasetDownload::test_bag_dataset_find
tests/dataset/test_download.py::TestDatasetDownload::test_dataset_download_nested
tests/dataset/test_download.py::TestDatasetDownload::test_dataset_download_recurse
tests/dataset/test_download.py::TestDatasetDownload::test_dataset_download_versions
tests/dataset/test_download.py::TestDatasetDownload::test_dataset_download_schemas
tests/dataset/test_download.py::TestDatasetDownload::test_dataset_download_schemas
  /Users/carl/Repos/Projects/deriva-ml-refactor-dataset/src/deriva_ml/model/database.py:340: SADeprecationWarning: User-placed attribute Dataset_Image.Dataset on Mapper[Dataset_Image(Dataset_Image)] is replacing an existing ORM-mapped attribute.  Behavior is not fully defined in this case.  This use is deprecated and will raise an error in a future release
    setattr(

tests/dataset/test_download.py: 2958 warnings
  /Users/carl/Repos/Projects/deriva-ml-refactor-dataset/src/deriva_ml/dataset/dataset_bag.py:251: SADeprecationWarning: Use .persist_selectable (deprecated since: 1.3)
    element_table = inspect(element_class).mapped_table

-- Docs: https://docs.pytest.org/en/stable/how-to/capture-warnings.html
=========================== short test summary info ============================
FAILED tests/dataset/test_download.py::TestDatasetDownload::test_dataset_download_nested - AssertionError: assert {'RID': '4PM', 'Deleted': False} == {'RID': '4PC', 'Deleted': False}
  
  Common items:
  {'Deleted': False}
  Differing items:
  {'RID': '4PM'} != {'RID': '4PC'}
  
  Full diff:
    {
        'Deleted': False,
  -     'RID': '4PC',
  ?               ^
  +     'RID': '4PM',
  ?               ^
    }
FAILED tests/dataset/test_download.py::TestDatasetDownload::test_dataset_download_recurse - RecursionError: maximum recursion depth exceeded
FAILED tests/dataset/test_download.py::TestDatasetDownload::test_dataset_download_versions - AssertionError: assert {'RID': '4PP', 'Deleted': False} == {'RID': '4PE', 'Deleted': False}
  
  Common items:
  {'Deleted': False}
  Differing items:
  {'RID': '4PP'} != {'RID': '4PE'}
  
  Full diff:
    {
        'Deleted': False,
  -     'RID': '4PE',
  ?               ^
  +     'RID': '4PP',
  ?               ^
    }
=========== 3 failed, 18 passed, 5280 warnings in 365.83s (0:06:05) ============
